[0.012s][info][gc] Using G1
[16.421s][info][gc] GC(0) Pause Full (JvmtiEnv ForceGarbageCollection) 49M->5M(128M) 36.969ms
[38.289s][info][gc] GC(1) Pause Full (JvmtiEnv ForceGarbageCollection) 56M->5M(128M) 29.710ms
[59.609s][info][gc] GC(2) Pause Full (JvmtiEnv ForceGarbageCollection) 55M->5M(128M) 28.581ms
[81.095s][info][gc] GC(3) Pause Full (JvmtiEnv ForceGarbageCollection) 55M->5M(128M) 36.158ms
[102.679s][info][gc] GC(4) Pause Full (JvmtiEnv ForceGarbageCollection) 55M->5M(128M) 29.877ms
[124.017s][info][gc] GC(5) Pause Full (JvmtiEnv ForceGarbageCollection) 55M->5M(128M) 37.534ms
[145.333s][info][gc] GC(6) Pause Full (JvmtiEnv ForceGarbageCollection) 55M->4M(128M) 39.822ms
[166.590s][info][gc] GC(7) Pause Full (JvmtiEnv ForceGarbageCollection) 55M->4M(128M) 36.186ms
[187.756s][info][gc] GC(8) Pause Full (JvmtiEnv ForceGarbageCollection) 56M->4M(128M) 35.680ms
[209.029s][info][gc] GC(9) Pause Full (JvmtiEnv ForceGarbageCollection) 55M->4M(128M) 45.010ms
