[0.009s][info][gc] Using G1
[0.922s][info][gc] GC(0) Pause Young (Normal) (G1 Evacuation Pause) 8M->3M(128M) 8.417ms
[1.032s][info][gc] GC(1) Pause Young (Normal) (G1 Evacuation Pause) 8M->3M(128M) 4.465ms
[16.583s][info][gc] GC(2) Pause Young (Normal) (G1 Evacuation Pause) 79M->4M(128M) 9.373ms
[29.080s][info][gc] GC(3) Pause Young (Normal) (G1 Evacuation Pause) 78M->5M(128M) 5.608ms
[41.616s][info][gc] GC(4) Pause Young (Normal) (G1 Evacuation Pause) 78M->5M(128M) 5.261ms
[54.105s][info][gc] GC(5) Pause Young (Normal) (G1 Evacuation Pause) 79M->5M(128M) 7.394ms
[66.406s][info][gc] GC(6) Pause Young (Normal) (G1 Evacuation Pause) 79M->5M(128M) 6.027ms
[78.854s][info][gc] GC(7) Pause Young (Normal) (G1 Evacuation Pause) 79M->5M(128M) 7.545ms
[91.129s][info][gc] GC(8) Pause Young (Normal) (G1 Evacuation Pause) 79M->5M(128M) 6.420ms
