[0.005s][info][gc] Using G1
[6.701s][info][gc] GC(0) Pause Full (JvmtiEnv ForceGarbageCollection) 83M->4M(128M) 24.098ms
[11.390s][info][gc] GC(1) Pause Full (JvmtiEnv ForceGarbageCollection) 65M->4M(128M) 16.023ms
[16.126s][info][gc] GC(2) Pause Full (JvmtiEnv ForceGarbageCollection) 64M->4M(128M) 18.941ms
[20.844s][info][gc] GC(3) Pause Full (JvmtiEnv ForceGarbageCollection) 64M->4M(128M) 14.380ms
[25.483s][info][gc] GC(4) Pause Full (JvmtiEnv ForceGarbageCollection) 64M->4M(128M) 15.692ms
[30.102s][info][gc] GC(5) Pause Full (JvmtiEnv ForceGarbageCollection) 64M->4M(128M) 15.264ms
[34.656s][info][gc] GC(6) Pause Full (JvmtiEnv ForceGarbageCollection) 64M->4M(128M) 18.905ms
[39.128s][info][gc] GC(7) Pause Full (JvmtiEnv ForceGarbageCollection) 64M->4M(128M) 16.786ms
[43.736s][info][gc] GC(8) Pause Full (JvmtiEnv ForceGarbageCollection) 64M->4M(128M) 17.406ms
[48.384s][info][gc] GC(9) Pause Full (JvmtiEnv ForceGarbageCollection) 64M->4M(128M) 15.769ms
[53.143s][info][gc] GC(10) Pause Full (JvmtiEnv ForceGarbageCollection) 64M->4M(128M) 14.318ms
[57.663s][info][gc] GC(11) Pause Full (JvmtiEnv ForceGarbageCollection) 63M->4M(128M) 14.557ms
[62.089s][info][gc] GC(12) Pause Full (JvmtiEnv ForceGarbageCollection) 64M->4M(128M) 14.804ms
[66.415s][info][gc] GC(13) Pause Full (JvmtiEnv ForceGarbageCollection) 63M->4M(128M) 15.237ms
[70.896s][info][gc] GC(14) Pause Full (JvmtiEnv ForceGarbageCollection) 64M->4M(128M) 15.710ms
[75.371s][info][gc] GC(15) Pause Full (JvmtiEnv ForceGarbageCollection) 64M->4M(128M) 14.540ms
[79.946s][info][gc] GC(16) Pause Full (JvmtiEnv ForceGarbageCollection) 64M->4M(128M) 14.165ms
[84.470s][info][gc] GC(17) Pause Full (JvmtiEnv ForceGarbageCollection) 64M->4M(128M) 16.180ms
[88.780s][info][gc] GC(18) Pause Full (JvmtiEnv ForceGarbageCollection) 64M->4M(128M) 14.757ms
[93.385s][info][gc] GC(19) Pause Full (JvmtiEnv ForceGarbageCollection) 64M->4M(128M) 18.391ms
[98.039s][info][gc] GC(20) Pause Full (JvmtiEnv ForceGarbageCollection) 64M->4M(128M) 14.789ms
[102.646s][info][gc] GC(21) Pause Full (JvmtiEnv ForceGarbageCollection) 64M->4M(128M) 15.557ms
[107.218s][info][gc] GC(22) Pause Full (JvmtiEnv ForceGarbageCollection) 64M->4M(128M) 14.881ms
[111.700s][info][gc] GC(23) Pause Full (JvmtiEnv ForceGarbageCollection) 64M->4M(128M) 14.608ms
[116.198s][info][gc] GC(24) Pause Full (JvmtiEnv ForceGarbageCollection) 64M->4M(128M) 17.317ms
[120.936s][info][gc] GC(25) Pause Full (JvmtiEnv ForceGarbageCollection) 64M->4M(128M) 16.872ms
[125.722s][info][gc] GC(26) Pause Full (JvmtiEnv ForceGarbageCollection) 64M->4M(128M) 16.989ms
[130.260s][info][gc] GC(27) Pause Full (JvmtiEnv ForceGarbageCollection) 64M->4M(128M) 17.617ms
[134.979s][info][gc] GC(28) Pause Full (JvmtiEnv ForceGarbageCollection) 64M->4M(128M) 14.293ms
[139.614s][info][gc] GC(29) Pause Full (JvmtiEnv ForceGarbageCollection) 64M->4M(128M) 14.866ms
[144.144s][info][gc] GC(30) Pause Full (JvmtiEnv ForceGarbageCollection) 63M->4M(128M) 13.329ms
[148.591s][info][gc] GC(31) Pause Full (JvmtiEnv ForceGarbageCollection) 64M->4M(128M) 14.285ms
[153.072s][info][gc] GC(32) Pause Full (JvmtiEnv ForceGarbageCollection) 63M->4M(128M) 13.816ms
[157.964s][info][gc] GC(33) Pause Full (JvmtiEnv ForceGarbageCollection) 64M->4M(128M) 14.714ms
[162.464s][info][gc] GC(34) Pause Full (JvmtiEnv ForceGarbageCollection) 64M->4M(128M) 14.727ms
[166.996s][info][gc] GC(35) Pause Full (JvmtiEnv ForceGarbageCollection) 64M->4M(128M) 13.206ms
[171.717s][info][gc] GC(36) Pause Full (JvmtiEnv ForceGarbageCollection) 64M->4M(128M) 14.950ms
