[0.008s][info][gc] Using G1
[17.235s][info][gc] GC(0) Pause Full (JvmtiEnv ForceGarbageCollection) 51M->4M(128M) 32.690ms
[38.401s][info][gc] GC(1) Pause Full (JvmtiEnv ForceGarbageCollection) 55M->4M(128M) 29.938ms
[59.220s][info][gc] GC(2) Pause Full (JvmtiEnv ForceGarbageCollection) 55M->4M(128M) 29.411ms
[80.131s][info][gc] GC(3) Pause Full (JvmtiEnv ForceGarbageCollection) 56M->4M(128M) 29.170ms
[90.379s][info][gc] GC(4) Pause Full (JvmtiEnv ForceGarbageCollection) 30M->4M(128M) 30.946ms
[100.703s][info][gc] GC(5) Pause Full (JvmtiEnv ForceGarbageCollection) 30M->4M(128M) 26.703ms
[111.051s][info][gc] GC(6) Pause Full (JvmtiEnv ForceGarbageCollection) 30M->4M(128M) 25.979ms
[121.426s][info][gc] GC(7) Pause Full (JvmtiEnv ForceGarbageCollection) 30M->4M(128M) 30.802ms
[131.720s][info][gc] GC(8) Pause Full (JvmtiEnv ForceGarbageCollection) 30M->4M(128M) 23.903ms
[142.022s][info][gc] GC(9) Pause Full (JvmtiEnv ForceGarbageCollection) 30M->4M(128M) 32.411ms
[152.390s][info][gc] GC(10) Pause Full (JvmtiEnv ForceGarbageCollection) 30M->4M(128M) 25.940ms
[173.125s][info][gc] GC(11) Pause Full (JvmtiEnv ForceGarbageCollection) 55M->4M(128M) 22.753ms
[183.408s][info][gc] GC(12) Pause Full (JvmtiEnv ForceGarbageCollection) 30M->4M(128M) 22.175ms
[193.613s][info][gc] GC(13) Pause Full (JvmtiEnv ForceGarbageCollection) 30M->4M(128M) 24.860ms
[214.328s][info][gc] GC(14) Pause Full (JvmtiEnv ForceGarbageCollection) 54M->4M(128M) 19.700ms
[224.688s][info][gc] GC(15) Pause Full (JvmtiEnv ForceGarbageCollection) 30M->4M(128M) 24.302ms
[245.160s][info][gc] GC(16) Pause Full (JvmtiEnv ForceGarbageCollection) 55M->4M(128M) 24.617ms
[265.865s][info][gc] GC(17) Pause Full (JvmtiEnv ForceGarbageCollection) 55M->4M(128M) 31.827ms
[276.199s][info][gc] GC(18) Pause Full (JvmtiEnv ForceGarbageCollection) 29M->4M(128M) 26.306ms
[286.589s][info][gc] GC(19) Pause Full (JvmtiEnv ForceGarbageCollection) 29M->4M(128M) 23.831ms
[296.792s][info][gc] GC(20) Pause Full (JvmtiEnv ForceGarbageCollection) 29M->4M(128M) 30.656ms
[307.086s][info][gc] GC(21) Pause Full (JvmtiEnv ForceGarbageCollection) 29M->4M(128M) 22.202ms
[317.312s][info][gc] GC(22) Pause Full (JvmtiEnv ForceGarbageCollection) 29M->4M(128M) 24.571ms
[327.534s][info][gc] GC(23) Pause Full (JvmtiEnv ForceGarbageCollection) 29M->4M(128M) 24.288ms
[348.186s][info][gc] GC(24) Pause Full (JvmtiEnv ForceGarbageCollection) 54M->4M(128M) 21.403ms
[358.447s][info][gc] GC(25) Pause Full (JvmtiEnv ForceGarbageCollection) 30M->4M(128M) 27.042ms
[368.690s][info][gc] GC(26) Pause Full (JvmtiEnv ForceGarbageCollection) 30M->4M(128M) 23.423ms
[378.903s][info][gc] GC(27) Pause Full (JvmtiEnv ForceGarbageCollection) 30M->4M(128M) 32.288ms
[389.227s][info][gc] GC(28) Pause Full (JvmtiEnv ForceGarbageCollection) 30M->4M(128M) 26.733ms
[399.500s][info][gc] GC(29) Pause Full (JvmtiEnv ForceGarbageCollection) 30M->4M(128M) 36.830ms
[409.732s][info][gc] GC(30) Pause Full (JvmtiEnv ForceGarbageCollection) 30M->4M(128M) 22.726ms
[430.329s][info][gc] GC(31) Pause Full (JvmtiEnv ForceGarbageCollection) 55M->4M(128M) 26.109ms
[451.002s][info][gc] GC(32) Pause Full (JvmtiEnv ForceGarbageCollection) 54M->4M(128M) 28.741ms
[471.509s][info][gc] GC(33) Pause Full (JvmtiEnv ForceGarbageCollection) 55M->4M(128M) 25.178ms
[481.832s][info][gc] GC(34) Pause Full (JvmtiEnv ForceGarbageCollection) 30M->4M(128M) 31.712ms
[492.160s][info][gc] GC(35) Pause Full (JvmtiEnv ForceGarbageCollection) 30M->4M(128M) 23.433ms
[502.471s][info][gc] GC(36) Pause Full (JvmtiEnv ForceGarbageCollection) 30M->4M(128M) 26.748ms
[523.380s][info][gc] GC(37) Pause Full (JvmtiEnv ForceGarbageCollection) 55M->4M(128M) 29.845ms
[533.753s][info][gc] GC(38) Pause Full (JvmtiEnv ForceGarbageCollection) 30M->4M(128M) 26.309ms
[543.964s][info][gc] GC(39) Pause Full (JvmtiEnv ForceGarbageCollection) 30M->4M(128M) 23.722ms
[554.334s][info][gc] GC(40) Pause Full (JvmtiEnv ForceGarbageCollection) 30M->4M(128M) 25.949ms
[564.598s][info][gc] GC(41) Pause Full (JvmtiEnv ForceGarbageCollection) 30M->4M(128M) 25.517ms
[574.735s][info][gc] GC(42) Pause Full (JvmtiEnv ForceGarbageCollection) 30M->4M(128M) 26.980ms
[595.215s][info][gc] GC(43) Pause Full (JvmtiEnv ForceGarbageCollection) 55M->4M(128M) 30.598ms
[605.444s][info][gc] GC(44) Pause Full (JvmtiEnv ForceGarbageCollection) 30M->4M(128M) 25.166ms
[615.771s][info][gc] GC(45) Pause Full (JvmtiEnv ForceGarbageCollection) 30M->4M(128M) 19.990ms
[626.118s][info][gc] GC(46) Pause Full (JvmtiEnv ForceGarbageCollection) 30M->4M(128M) 22.701ms
[646.622s][info][gc] GC(47) Pause Full (JvmtiEnv ForceGarbageCollection) 55M->4M(128M) 19.665ms
[666.991s][info][gc] GC(48) Pause Full (JvmtiEnv ForceGarbageCollection) 55M->4M(128M) 26.156ms
[687.356s][info][gc] GC(49) Pause Full (JvmtiEnv ForceGarbageCollection) 55M->4M(128M) 19.874ms
[697.599s][info][gc] GC(50) Pause Full (JvmtiEnv ForceGarbageCollection) 30M->4M(128M) 25.897ms
[707.965s][info][gc] GC(51) Pause Full (JvmtiEnv ForceGarbageCollection) 30M->4M(128M) 19.716ms
[718.320s][info][gc] GC(52) Pause Full (JvmtiEnv ForceGarbageCollection) 30M->4M(128M) 18.822ms
[728.643s][info][gc] GC(53) Pause Full (JvmtiEnv ForceGarbageCollection) 30M->4M(128M) 23.755ms
[738.952s][info][gc] GC(54) Pause Full (JvmtiEnv ForceGarbageCollection) 30M->4M(128M) 31.433ms
[759.386s][info][gc] GC(55) Pause Full (JvmtiEnv ForceGarbageCollection) 55M->4M(128M) 21.398ms
[779.849s][info][gc] GC(56) Pause Full (JvmtiEnv ForceGarbageCollection) 55M->4M(128M) 26.291ms
[800.411s][info][gc] GC(57) Pause Full (JvmtiEnv ForceGarbageCollection) 55M->4M(128M) 23.324ms
[810.738s][info][gc] GC(58) Pause Full (JvmtiEnv ForceGarbageCollection) 30M->4M(128M) 22.264ms
[821.322s][info][gc] GC(59) Pause Full (JvmtiEnv ForceGarbageCollection) 30M->4M(128M) 27.419ms
[831.700s][info][gc] GC(60) Pause Full (JvmtiEnv ForceGarbageCollection) 30M->4M(128M) 19.917ms
[842.036s][info][gc] GC(61) Pause Full (JvmtiEnv ForceGarbageCollection) 30M->4M(128M) 27.979ms
[852.350s][info][gc] GC(62) Pause Full (JvmtiEnv ForceGarbageCollection) 30M->4M(128M) 26.491ms
[862.624s][info][gc] GC(63) Pause Full (JvmtiEnv ForceGarbageCollection) 30M->4M(128M) 21.244ms
[873.233s][info][gc] GC(64) Pause Full (JvmtiEnv ForceGarbageCollection) 30M->4M(128M) 21.406ms
[883.461s][info][gc] GC(65) Pause Full (JvmtiEnv ForceGarbageCollection) 30M->4M(128M) 24.319ms
[893.736s][info][gc] GC(66) Pause Full (JvmtiEnv ForceGarbageCollection) 30M->4M(128M) 20.626ms
[903.972s][info][gc] GC(67) Pause Full (JvmtiEnv ForceGarbageCollection) 30M->4M(128M) 28.168ms
[914.164s][info][gc] GC(68) Pause Full (JvmtiEnv ForceGarbageCollection) 30M->4M(128M) 20.694ms
[924.677s][info][gc] GC(69) Pause Full (JvmtiEnv ForceGarbageCollection) 30M->4M(128M) 26.055ms
[945.265s][info][gc] GC(70) Pause Full (JvmtiEnv ForceGarbageCollection) 55M->4M(128M) 24.914ms
[955.752s][info][gc] GC(71) Pause Full (JvmtiEnv ForceGarbageCollection) 30M->4M(128M) 24.366ms
[966.002s][info][gc] GC(72) Pause Full (JvmtiEnv ForceGarbageCollection) 30M->4M(128M) 26.062ms
[976.325s][info][gc] GC(73) Pause Full (JvmtiEnv ForceGarbageCollection) 30M->4M(128M) 21.196ms
[986.691s][info][gc] GC(74) Pause Full (JvmtiEnv ForceGarbageCollection) 30M->4M(128M) 19.579ms
[997.074s][info][gc] GC(75) Pause Full (JvmtiEnv ForceGarbageCollection) 30M->4M(128M) 23.076ms
[1017.745s][info][gc] GC(76) Pause Full (JvmtiEnv ForceGarbageCollection) 55M->4M(128M) 25.540ms
[1038.426s][info][gc] GC(77) Pause Full (JvmtiEnv ForceGarbageCollection) 55M->4M(128M) 26.426ms
[1048.832s][info][gc] GC(78) Pause Full (JvmtiEnv ForceGarbageCollection) 30M->4M(128M) 24.754ms
[1059.112s][info][gc] GC(79) Pause Full (JvmtiEnv ForceGarbageCollection) 30M->4M(128M) 26.008ms
[1069.472s][info][gc] GC(80) Pause Full (JvmtiEnv ForceGarbageCollection) 30M->4M(128M) 26.527ms
[1079.848s][info][gc] GC(81) Pause Full (JvmtiEnv ForceGarbageCollection) 30M->4M(128M) 25.382ms
[1090.182s][info][gc] GC(82) Pause Full (JvmtiEnv ForceGarbageCollection) 30M->4M(128M) 33.745ms
[1100.432s][info][gc] GC(83) Pause Full (JvmtiEnv ForceGarbageCollection) 30M->4M(128M) 21.707ms
[1110.611s][info][gc] GC(84) Pause Full (JvmtiEnv ForceGarbageCollection) 30M->4M(128M) 24.403ms
[1121.028s][info][gc] GC(85) Pause Full (JvmtiEnv ForceGarbageCollection) 30M->4M(128M) 24.504ms
[1131.380s][info][gc] GC(86) Pause Full (JvmtiEnv ForceGarbageCollection) 30M->4M(128M) 24.356ms
[1141.684s][info][gc] GC(87) Pause Full (JvmtiEnv ForceGarbageCollection) 30M->4M(128M) 20.501ms
[1151.991s][info][gc] GC(88) Pause Full (JvmtiEnv ForceGarbageCollection) 30M->4M(128M) 21.376ms
[1162.252s][info][gc] GC(89) Pause Full (JvmtiEnv ForceGarbageCollection) 30M->4M(128M) 24.338ms
[1172.528s][info][gc] GC(90) Pause Full (JvmtiEnv ForceGarbageCollection) 30M->4M(128M) 21.365ms
[1182.852s][info][gc] GC(91) Pause Full (JvmtiEnv ForceGarbageCollection) 30M->4M(128M) 31.010ms
[1203.632s][info][gc] GC(92) Pause Full (JvmtiEnv ForceGarbageCollection) 55M->4M(128M) 24.997ms
[1224.542s][info][gc] GC(93) Pause Full (JvmtiEnv ForceGarbageCollection) 55M->4M(128M) 26.190ms
[1234.783s][info][gc] GC(94) Pause Full (JvmtiEnv ForceGarbageCollection) 30M->4M(128M) 23.968ms
[1245.156s][info][gc] GC(95) Pause Full (JvmtiEnv ForceGarbageCollection) 30M->4M(128M) 31.915ms
[1255.462s][info][gc] GC(96) Pause Full (JvmtiEnv ForceGarbageCollection) 30M->4M(128M) 28.348ms
[1265.736s][info][gc] GC(97) Pause Full (JvmtiEnv ForceGarbageCollection) 30M->4M(128M) 27.475ms
[1276.037s][info][gc] GC(98) Pause Full (JvmtiEnv ForceGarbageCollection) 30M->4M(128M) 23.297ms
[1286.377s][info][gc] GC(99) Pause Full (JvmtiEnv ForceGarbageCollection) 30M->4M(128M) 29.381ms
[1307.095s][info][gc] GC(100) Pause Full (JvmtiEnv ForceGarbageCollection) 55M->4M(128M) 30.886ms
[1317.367s][info][gc] GC(101) Pause Full (JvmtiEnv ForceGarbageCollection) 30M->4M(128M) 22.872ms
[1327.622s][info][gc] GC(102) Pause Full (JvmtiEnv ForceGarbageCollection) 30M->4M(128M) 24.240ms
[1338.019s][info][gc] GC(103) Pause Full (JvmtiEnv ForceGarbageCollection) 30M->4M(128M) 25.808ms
[1348.350s][info][gc] GC(104) Pause Full (JvmtiEnv ForceGarbageCollection) 30M->4M(128M) 23.810ms
[1358.630s][info][gc] GC(105) Pause Full (JvmtiEnv ForceGarbageCollection) 30M->4M(128M) 19.508ms
[1369.062s][info][gc] GC(106) Pause Full (JvmtiEnv ForceGarbageCollection) 30M->4M(128M) 23.220ms
[1379.451s][info][gc] GC(107) Pause Full (JvmtiEnv ForceGarbageCollection) 30M->4M(128M) 31.258ms
[1389.742s][info][gc] GC(108) Pause Full (JvmtiEnv ForceGarbageCollection) 30M->4M(128M) 26.938ms
[1400.078s][info][gc] GC(109) Pause Full (JvmtiEnv ForceGarbageCollection) 30M->4M(128M) 26.824ms
[1410.414s][info][gc] GC(110) Pause Full (JvmtiEnv ForceGarbageCollection) 30M->4M(128M) 23.075ms
[1431.008s][info][gc] GC(111) Pause Full (JvmtiEnv ForceGarbageCollection) 55M->4M(128M) 24.893ms
[1451.729s][info][gc] GC(112) Pause Full (JvmtiEnv ForceGarbageCollection) 55M->4M(128M) 25.868ms
[1462.088s][info][gc] GC(113) Pause Full (JvmtiEnv ForceGarbageCollection) 30M->4M(128M) 23.999ms
[1472.454s][info][gc] GC(114) Pause Full (JvmtiEnv ForceGarbageCollection) 30M->4M(128M) 19.807ms
[1482.759s][info][gc] GC(115) Pause Full (JvmtiEnv ForceGarbageCollection) 30M->4M(128M) 20.138ms
[1493.139s][info][gc] GC(116) Pause Full (JvmtiEnv ForceGarbageCollection) 30M->4M(128M) 23.138ms
[1513.980s][info][gc] GC(117) Pause Full (JvmtiEnv ForceGarbageCollection) 55M->4M(128M) 24.447ms
[1524.379s][info][gc] GC(118) Pause Full (JvmtiEnv ForceGarbageCollection) 30M->4M(128M) 23.923ms
[1534.635s][info][gc] GC(119) Pause Full (JvmtiEnv ForceGarbageCollection) 30M->4M(128M) 21.819ms
[1544.964s][info][gc] GC(120) Pause Full (JvmtiEnv ForceGarbageCollection) 30M->4M(128M) 24.002ms
[1555.259s][info][gc] GC(121) Pause Full (JvmtiEnv ForceGarbageCollection) 30M->4M(128M) 24.534ms
[1565.575s][info][gc] GC(122) Pause Full (JvmtiEnv ForceGarbageCollection) 30M->4M(128M) 17.837ms
[1575.883s][info][gc] GC(123) Pause Full (JvmtiEnv ForceGarbageCollection) 30M->4M(128M) 20.638ms
[1586.298s][info][gc] GC(124) Pause Full (JvmtiEnv ForceGarbageCollection) 30M->4M(128M) 26.072ms
[1596.649s][info][gc] GC(125) Pause Full (JvmtiEnv ForceGarbageCollection) 30M->4M(128M) 23.581ms
[1606.983s][info][gc] GC(126) Pause Full (JvmtiEnv ForceGarbageCollection) 30M->4M(128M) 33.213ms
[1617.500s][info][gc] GC(127) Pause Full (JvmtiEnv ForceGarbageCollection) 30M->4M(128M) 25.591ms
[1627.823s][info][gc] GC(128) Pause Full (JvmtiEnv ForceGarbageCollection) 30M->4M(128M) 24.232ms
[1638.214s][info][gc] GC(129) Pause Full (JvmtiEnv ForceGarbageCollection) 30M->4M(128M) 23.539ms
[1658.802s][info][gc] GC(130) Pause Full (JvmtiEnv ForceGarbageCollection) 55M->4M(128M) 27.236ms
[1679.454s][info][gc] GC(131) Pause Full (JvmtiEnv ForceGarbageCollection) 55M->4M(128M) 22.676ms
[1700.056s][info][gc] GC(132) Pause Full (JvmtiEnv ForceGarbageCollection) 55M->4M(128M) 23.632ms
[1720.707s][info][gc] GC(133) Pause Full (JvmtiEnv ForceGarbageCollection) 55M->4M(128M) 21.983ms
[1731.219s][info][gc] GC(134) Pause Full (JvmtiEnv ForceGarbageCollection) 30M->4M(128M) 23.122ms
[1741.634s][info][gc] GC(135) Pause Full (JvmtiEnv ForceGarbageCollection) 30M->4M(128M) 22.553ms
[1762.454s][info][gc] GC(136) Pause Full (JvmtiEnv ForceGarbageCollection) 55M->4M(128M) 24.574ms
[1783.228s][info][gc] GC(137) Pause Full (JvmtiEnv ForceGarbageCollection) 55M->4M(128M) 26.000ms
[1804.058s][info][gc] GC(138) Pause Full (JvmtiEnv ForceGarbageCollection) 55M->4M(128M) 26.270ms
[1824.578s][info][gc] GC(139) Pause Full (JvmtiEnv ForceGarbageCollection) 55M->4M(128M) 25.994ms
[1845.145s][info][gc] GC(140) Pause Full (JvmtiEnv ForceGarbageCollection) 55M->4M(128M) 21.480ms
[1855.650s][info][gc] GC(141) Pause Full (JvmtiEnv ForceGarbageCollection) 30M->4M(128M) 23.764ms
[1865.957s][info][gc] GC(142) Pause Full (JvmtiEnv ForceGarbageCollection) 30M->4M(128M) 25.528ms
[1886.712s][info][gc] GC(143) Pause Full (JvmtiEnv ForceGarbageCollection) 55M->4M(128M) 22.362ms
[1897.071s][info][gc] GC(144) Pause Full (JvmtiEnv ForceGarbageCollection) 30M->4M(128M) 23.544ms
[1917.961s][info][gc] GC(145) Pause Full (JvmtiEnv ForceGarbageCollection) 55M->4M(128M) 25.352ms
[1928.524s][info][gc] GC(146) Pause Full (JvmtiEnv ForceGarbageCollection) 30M->4M(128M) 32.182ms
[1938.863s][info][gc] GC(147) Pause Full (JvmtiEnv ForceGarbageCollection) 30M->4M(128M) 24.919ms
[1949.279s][info][gc] GC(148) Pause Full (JvmtiEnv ForceGarbageCollection) 30M->4M(128M) 21.452ms
[1959.552s][info][gc] GC(149) Pause Full (JvmtiEnv ForceGarbageCollection) 30M->4M(128M) 22.469ms
[1969.938s][info][gc] GC(150) Pause Full (JvmtiEnv ForceGarbageCollection) 30M->4M(128M) 19.647ms
[1980.416s][info][gc] GC(151) Pause Full (JvmtiEnv ForceGarbageCollection) 30M->4M(128M) 24.761ms
[1990.900s][info][gc] GC(152) Pause Full (JvmtiEnv ForceGarbageCollection) 30M->4M(128M) 27.448ms
[2001.398s][info][gc] GC(153) Pause Full (JvmtiEnv ForceGarbageCollection) 30M->4M(128M) 24.360ms
[2022.224s][info][gc] GC(154) Pause Full (JvmtiEnv ForceGarbageCollection) 55M->4M(128M) 24.922ms
[2043.218s][info][gc] GC(155) Pause Full (JvmtiEnv ForceGarbageCollection) 55M->4M(128M) 24.051ms
[2064.036s][info][gc] GC(156) Pause Full (JvmtiEnv ForceGarbageCollection) 55M->4M(128M) 21.013ms
[2074.549s][info][gc] GC(157) Pause Full (JvmtiEnv ForceGarbageCollection) 30M->4M(128M) 23.596ms
[2084.897s][info][gc] GC(158) Pause Full (JvmtiEnv ForceGarbageCollection) 30M->4M(128M) 22.823ms
[2095.395s][info][gc] GC(159) Pause Full (JvmtiEnv ForceGarbageCollection) 30M->4M(128M) 24.037ms
[2105.804s][info][gc] GC(160) Pause Full (JvmtiEnv ForceGarbageCollection) 30M->4M(128M) 25.972ms
[2116.325s][info][gc] GC(161) Pause Full (JvmtiEnv ForceGarbageCollection) 30M->4M(128M) 25.577ms
[2126.739s][info][gc] GC(162) Pause Full (JvmtiEnv ForceGarbageCollection) 30M->4M(128M) 27.929ms
[2147.695s][info][gc] GC(163) Pause Full (JvmtiEnv ForceGarbageCollection) 55M->4M(128M) 24.822ms
[2168.535s][info][gc] GC(164) Pause Full (JvmtiEnv ForceGarbageCollection) 55M->4M(128M) 21.010ms
[2189.302s][info][gc] GC(165) Pause Full (JvmtiEnv ForceGarbageCollection) 55M->4M(128M) 23.404ms
[2210.029s][info][gc] GC(166) Pause Full (JvmtiEnv ForceGarbageCollection) 55M->4M(128M) 25.073ms
[2230.692s][info][gc] GC(167) Pause Full (JvmtiEnv ForceGarbageCollection) 55M->4M(128M) 25.517ms
[2251.567s][info][gc] GC(168) Pause Full (JvmtiEnv ForceGarbageCollection) 55M->4M(128M) 19.490ms
[2272.326s][info][gc] GC(169) Pause Full (JvmtiEnv ForceGarbageCollection) 55M->4M(128M) 23.491ms
[2282.822s][info][gc] GC(170) Pause Full (JvmtiEnv ForceGarbageCollection) 30M->4M(128M) 22.850ms
[2293.298s][info][gc] GC(171) Pause Full (JvmtiEnv ForceGarbageCollection) 30M->4M(128M) 22.514ms
[2303.726s][info][gc] GC(172) Pause Full (JvmtiEnv ForceGarbageCollection) 30M->4M(128M) 32.675ms
[2314.230s][info][gc] GC(173) Pause Full (JvmtiEnv ForceGarbageCollection) 30M->4M(128M) 23.231ms
[2335.154s][info][gc] GC(174) Pause Full (JvmtiEnv ForceGarbageCollection) 55M->4M(128M) 26.541ms
[2355.878s][info][gc] GC(175) Pause Full (JvmtiEnv ForceGarbageCollection) 55M->4M(128M) 34.127ms
[2376.785s][info][gc] GC(176) Pause Full (JvmtiEnv ForceGarbageCollection) 55M->4M(128M) 21.440ms
[2387.273s][info][gc] GC(177) Pause Full (JvmtiEnv ForceGarbageCollection) 30M->4M(128M) 23.384ms
[2397.868s][info][gc] GC(178) Pause Full (JvmtiEnv ForceGarbageCollection) 30M->4M(128M) 25.098ms
[2408.351s][info][gc] GC(179) Pause Full (JvmtiEnv ForceGarbageCollection) 30M->4M(128M) 31.050ms
[2418.884s][info][gc] GC(180) Pause Full (JvmtiEnv ForceGarbageCollection) 30M->4M(128M) 25.737ms
[2439.771s][info][gc] GC(181) Pause Full (JvmtiEnv ForceGarbageCollection) 55M->4M(128M) 24.548ms
[2450.296s][info][gc] GC(182) Pause Full (JvmtiEnv ForceGarbageCollection) 30M->4M(128M) 22.153ms
[2460.743s][info][gc] GC(183) Pause Full (JvmtiEnv ForceGarbageCollection) 30M->4M(128M) 31.304ms
[2471.165s][info][gc] GC(184) Pause Full (JvmtiEnv ForceGarbageCollection) 30M->4M(128M) 22.871ms
[2481.434s][info][gc] GC(185) Pause Full (JvmtiEnv ForceGarbageCollection) 30M->4M(128M) 22.453ms
[2491.849s][info][gc] GC(186) Pause Full (JvmtiEnv ForceGarbageCollection) 30M->4M(128M) 23.852ms
[2502.330s][info][gc] GC(187) Pause Full (JvmtiEnv ForceGarbageCollection) 30M->4M(128M) 26.998ms
[2512.806s][info][gc] GC(188) Pause Full (JvmtiEnv ForceGarbageCollection) 30M->4M(128M) 24.686ms
[2523.331s][info][gc] GC(189) Pause Full (JvmtiEnv ForceGarbageCollection) 30M->4M(128M) 27.487ms
[2533.781s][info][gc] GC(190) Pause Full (JvmtiEnv ForceGarbageCollection) 30M->4M(128M) 25.199ms
[2544.211s][info][gc] GC(191) Pause Full (JvmtiEnv ForceGarbageCollection) 30M->4M(128M) 25.215ms
[2554.578s][info][gc] GC(192) Pause Full (JvmtiEnv ForceGarbageCollection) 30M->4M(128M) 24.806ms
[2564.873s][info][gc] GC(193) Pause Full (JvmtiEnv ForceGarbageCollection) 30M->4M(128M) 21.503ms
[2575.286s][info][gc] GC(194) Pause Full (JvmtiEnv ForceGarbageCollection) 30M->4M(128M) 23.471ms
[2585.823s][info][gc] GC(195) Pause Full (JvmtiEnv ForceGarbageCollection) 30M->4M(128M) 32.782ms
[2596.300s][info][gc] GC(196) Pause Full (JvmtiEnv ForceGarbageCollection) 30M->4M(128M) 24.911ms
[2606.762s][info][gc] GC(197) Pause Full (JvmtiEnv ForceGarbageCollection) 30M->4M(128M) 26.277ms
[2617.159s][info][gc] GC(198) Pause Full (JvmtiEnv ForceGarbageCollection) 30M->4M(128M) 28.681ms
[2638.227s][info][gc] GC(199) Pause Full (JvmtiEnv ForceGarbageCollection) 55M->4M(128M) 26.522ms
[2659.102s][info][gc] GC(200) Pause Full (JvmtiEnv ForceGarbageCollection) 55M->4M(128M) 28.074ms
[2680.057s][info][gc] GC(201) Pause Full (JvmtiEnv ForceGarbageCollection) 55M->4M(128M) 22.787ms
[2701.011s][info][gc] GC(202) Pause Full (JvmtiEnv ForceGarbageCollection) 55M->4M(128M) 31.341ms
[2722.062s][info][gc] GC(203) Pause Full (JvmtiEnv ForceGarbageCollection) 55M->4M(128M) 27.173ms
[2732.574s][info][gc] GC(204) Pause Full (JvmtiEnv ForceGarbageCollection) 30M->4M(128M) 24.624ms
[2742.978s][info][gc] GC(205) Pause Full (JvmtiEnv ForceGarbageCollection) 30M->4M(128M) 23.972ms
[2763.708s][info][gc] GC(206) Pause Full (JvmtiEnv ForceGarbageCollection) 55M->4M(128M) 36.448ms
[2773.891s][info][gc] GC(207) Pause Full (JvmtiEnv ForceGarbageCollection) 30M->4M(128M) 27.953ms
[2794.391s][info][gc] GC(208) Pause Full (JvmtiEnv ForceGarbageCollection) 55M->4M(128M) 24.852ms
[2804.645s][info][gc] GC(209) Pause Full (JvmtiEnv ForceGarbageCollection) 30M->4M(128M) 22.233ms
[2814.962s][info][gc] GC(210) Pause Full (JvmtiEnv ForceGarbageCollection) 30M->4M(128M) 20.095ms
[2825.413s][info][gc] GC(211) Pause Full (JvmtiEnv ForceGarbageCollection) 30M->4M(128M) 22.698ms
[2835.750s][info][gc] GC(212) Pause Full (JvmtiEnv ForceGarbageCollection) 30M->4M(128M) 24.618ms
[2846.166s][info][gc] GC(213) Pause Full (JvmtiEnv ForceGarbageCollection) 30M->4M(128M) 25.255ms
[2856.484s][info][gc] GC(214) Pause Full (JvmtiEnv ForceGarbageCollection) 30M->4M(128M) 22.834ms
[2866.946s][info][gc] GC(215) Pause Full (JvmtiEnv ForceGarbageCollection) 30M->4M(128M) 22.760ms
[2877.424s][info][gc] GC(216) Pause Full (JvmtiEnv ForceGarbageCollection) 30M->4M(128M) 23.000ms
[2887.861s][info][gc] GC(217) Pause Full (JvmtiEnv ForceGarbageCollection) 30M->4M(128M) 25.211ms
[2908.536s][info][gc] GC(218) Pause Full (JvmtiEnv ForceGarbageCollection) 55M->4M(128M) 29.596ms
[2918.991s][info][gc] GC(219) Pause Full (JvmtiEnv ForceGarbageCollection) 30M->4M(128M) 23.295ms
[2939.897s][info][gc] GC(220) Pause Full (JvmtiEnv ForceGarbageCollection) 55M->4M(128M) 25.606ms
[2950.355s][info][gc] GC(221) Pause Full (JvmtiEnv ForceGarbageCollection) 30M->4M(128M) 21.415ms
[2960.742s][info][gc] GC(222) Pause Full (JvmtiEnv ForceGarbageCollection) 30M->4M(128M) 25.081ms
[2971.068s][info][gc] GC(223) Pause Full (JvmtiEnv ForceGarbageCollection) 30M->4M(128M) 25.211ms
[2981.491s][info][gc] GC(224) Pause Full (JvmtiEnv ForceGarbageCollection) 30M->4M(128M) 26.087ms
[2991.838s][info][gc] GC(225) Pause Full (JvmtiEnv ForceGarbageCollection) 30M->4M(128M) 27.036ms
[3002.175s][info][gc] GC(226) Pause Full (JvmtiEnv ForceGarbageCollection) 30M->4M(128M) 22.217ms
[3012.667s][info][gc] GC(227) Pause Full (JvmtiEnv ForceGarbageCollection) 30M->4M(128M) 24.733ms
[3023.031s][info][gc] GC(228) Pause Full (JvmtiEnv ForceGarbageCollection) 30M->4M(128M) 23.122ms
[3043.738s][info][gc] GC(229) Pause Full (JvmtiEnv ForceGarbageCollection) 55M->4M(128M) 27.827ms
[3054.148s][info][gc] GC(230) Pause Full (JvmtiEnv ForceGarbageCollection) 30M->4M(128M) 30.100ms
[3064.573s][info][gc] GC(231) Pause Full (JvmtiEnv ForceGarbageCollection) 30M->4M(128M) 26.712ms
[3074.940s][info][gc] GC(232) Pause Full (JvmtiEnv ForceGarbageCollection) 30M->4M(128M) 31.450ms
[3085.390s][info][gc] GC(233) Pause Full (JvmtiEnv ForceGarbageCollection) 30M->4M(128M) 26.864ms
[3095.873s][info][gc] GC(234) Pause Full (JvmtiEnv ForceGarbageCollection) 30M->4M(128M) 24.074ms
[3106.390s][info][gc] GC(235) Pause Full (JvmtiEnv ForceGarbageCollection) 30M->4M(128M) 26.406ms
[3127.129s][info][gc] GC(236) Pause Full (JvmtiEnv ForceGarbageCollection) 55M->4M(128M) 26.796ms
[3137.522s][info][gc] GC(237) Pause Full (JvmtiEnv ForceGarbageCollection) 30M->4M(128M) 20.063ms
[3148.001s][info][gc] GC(238) Pause Full (JvmtiEnv ForceGarbageCollection) 30M->4M(128M) 25.857ms
[3158.355s][info][gc] GC(239) Pause Full (JvmtiEnv ForceGarbageCollection) 30M->4M(128M) 22.781ms
[3168.660s][info][gc] GC(240) Pause Full (JvmtiEnv ForceGarbageCollection) 30M->4M(128M) 19.962ms
[3178.938s][info][gc] GC(241) Pause Full (JvmtiEnv ForceGarbageCollection) 30M->4M(128M) 20.690ms
[3189.198s][info][gc] GC(242) Pause Full (JvmtiEnv ForceGarbageCollection) 30M->4M(128M) 23.757ms
[3199.568s][info][gc] GC(243) Pause Full (JvmtiEnv ForceGarbageCollection) 30M->4M(128M) 21.509ms
[3209.919s][info][gc] GC(244) Pause Full (JvmtiEnv ForceGarbageCollection) 30M->4M(128M) 24.490ms
[3220.322s][info][gc] GC(245) Pause Full (JvmtiEnv ForceGarbageCollection) 30M->4M(128M) 26.617ms
[3230.608s][info][gc] GC(246) Pause Full (JvmtiEnv ForceGarbageCollection) 30M->4M(128M) 25.669ms
[3241.054s][info][gc] GC(247) Pause Full (JvmtiEnv ForceGarbageCollection) 30M->4M(128M) 21.401ms
[3251.525s][info][gc] GC(248) Pause Full (JvmtiEnv ForceGarbageCollection) 30M->4M(128M) 24.583ms
[3261.834s][info][gc] GC(249) Pause Full (JvmtiEnv ForceGarbageCollection) 30M->4M(128M) 21.023ms
[3272.186s][info][gc] GC(250) Pause Full (JvmtiEnv ForceGarbageCollection) 30M->4M(128M) 34.974ms
[3292.937s][info][gc] GC(251) Pause Full (JvmtiEnv ForceGarbageCollection) 55M->4M(128M) 23.776ms
[3313.722s][info][gc] GC(252) Pause Full (JvmtiEnv ForceGarbageCollection) 55M->4M(128M) 25.342ms
[3334.327s][info][gc] GC(253) Pause Full (JvmtiEnv ForceGarbageCollection) 55M->4M(128M) 26.155ms
[3355.010s][info][gc] GC(254) Pause Full (JvmtiEnv ForceGarbageCollection) 55M->4M(128M) 34.047ms
[3365.490s][info][gc] GC(255) Pause Full (JvmtiEnv ForceGarbageCollection) 30M->4M(128M) 20.905ms
[3375.876s][info][gc] GC(256) Pause Full (JvmtiEnv ForceGarbageCollection) 30M->4M(128M) 26.864ms
[3386.133s][info][gc] GC(257) Pause Full (JvmtiEnv ForceGarbageCollection) 30M->4M(128M) 23.413ms
[3396.541s][info][gc] GC(258) Pause Full (JvmtiEnv ForceGarbageCollection) 30M->4M(128M) 26.249ms
[3406.907s][info][gc] GC(259) Pause Full (JvmtiEnv ForceGarbageCollection) 30M->4M(128M) 27.885ms
[3417.418s][info][gc] GC(260) Pause Full (JvmtiEnv ForceGarbageCollection) 30M->4M(128M) 24.079ms
[3427.737s][info][gc] GC(261) Pause Full (JvmtiEnv ForceGarbageCollection) 30M->4M(128M) 19.920ms
[3438.291s][info][gc] GC(262) Pause Full (JvmtiEnv ForceGarbageCollection) 30M->4M(128M) 28.833ms
[3448.535s][info][gc] GC(263) Pause Full (JvmtiEnv ForceGarbageCollection) 30M->4M(128M) 23.531ms
[3459.004s][info][gc] GC(264) Pause Full (JvmtiEnv ForceGarbageCollection) 30M->4M(128M) 27.090ms
[3469.392s][info][gc] GC(265) Pause Full (JvmtiEnv ForceGarbageCollection) 30M->4M(128M) 31.300ms
[3479.802s][info][gc] GC(266) Pause Full (JvmtiEnv ForceGarbageCollection) 30M->4M(128M) 25.566ms
[3490.159s][info][gc] GC(267) Pause Full (JvmtiEnv ForceGarbageCollection) 30M->4M(128M) 24.537ms
[3500.500s][info][gc] GC(268) Pause Full (JvmtiEnv ForceGarbageCollection) 30M->4M(128M) 26.931ms
[3510.842s][info][gc] GC(269) Pause Full (JvmtiEnv ForceGarbageCollection) 30M->4M(128M) 24.008ms
[3521.188s][info][gc] GC(270) Pause Full (JvmtiEnv ForceGarbageCollection) 30M->4M(128M) 23.846ms
[3531.529s][info][gc] GC(271) Pause Full (JvmtiEnv ForceGarbageCollection) 30M->4M(128M) 21.602ms
[3541.858s][info][gc] GC(272) Pause Full (JvmtiEnv ForceGarbageCollection) 30M->4M(128M) 21.422ms
[3552.107s][info][gc] GC(273) Pause Full (JvmtiEnv ForceGarbageCollection) 30M->4M(128M) 27.329ms
[3562.387s][info][gc] GC(274) Pause Full (JvmtiEnv ForceGarbageCollection) 30M->4M(128M) 21.757ms
[3582.876s][info][gc] GC(275) Pause Full (JvmtiEnv ForceGarbageCollection) 55M->4M(128M) 22.604ms
[3603.498s][info][gc] GC(276) Pause Full (JvmtiEnv ForceGarbageCollection) 55M->4M(128M) 24.685ms
[3624.174s][info][gc] GC(277) Pause Full (JvmtiEnv ForceGarbageCollection) 55M->4M(128M) 20.061ms
[3634.647s][info][gc] GC(278) Pause Full (JvmtiEnv ForceGarbageCollection) 30M->4M(128M) 22.766ms
[3645.051s][info][gc] GC(279) Pause Full (JvmtiEnv ForceGarbageCollection) 30M->4M(128M) 23.586ms
[3655.409s][info][gc] GC(280) Pause Full (JvmtiEnv ForceGarbageCollection) 30M->4M(128M) 24.270ms
[3676.091s][info][gc] GC(281) Pause Full (JvmtiEnv ForceGarbageCollection) 55M->4M(128M) 25.212ms
[3686.511s][info][gc] GC(282) Pause Full (JvmtiEnv ForceGarbageCollection) 30M->4M(128M) 24.186ms
[3696.832s][info][gc] GC(283) Pause Full (JvmtiEnv ForceGarbageCollection) 30M->4M(128M) 18.050ms
[3717.542s][info][gc] GC(284) Pause Full (JvmtiEnv ForceGarbageCollection) 55M->4M(128M) 22.552ms
[3727.903s][info][gc] GC(285) Pause Full (JvmtiEnv ForceGarbageCollection) 30M->4M(128M) 24.923ms
[3738.227s][info][gc] GC(286) Pause Full (JvmtiEnv ForceGarbageCollection) 30M->4M(128M) 25.085ms
[3748.600s][info][gc] GC(287) Pause Full (JvmtiEnv ForceGarbageCollection) 30M->4M(128M) 22.596ms
[3759.077s][info][gc] GC(288) Pause Full (JvmtiEnv ForceGarbageCollection) 30M->4M(128M) 19.235ms
[3769.470s][info][gc] GC(289) Pause Full (JvmtiEnv ForceGarbageCollection) 30M->4M(128M) 20.245ms
[3790.277s][info][gc] GC(290) Pause Full (JvmtiEnv ForceGarbageCollection) 55M->4M(128M) 24.518ms
[3810.972s][info][gc] GC(291) Pause Full (JvmtiEnv ForceGarbageCollection) 55M->4M(128M) 25.022ms
[3831.682s][info][gc] GC(292) Pause Full (JvmtiEnv ForceGarbageCollection) 55M->4M(128M) 24.987ms
[3852.405s][info][gc] GC(293) Pause Full (JvmtiEnv ForceGarbageCollection) 55M->4M(128M) 27.907ms
[3873.162s][info][gc] GC(294) Pause Full (JvmtiEnv ForceGarbageCollection) 55M->4M(128M) 30.904ms
[3883.552s][info][gc] GC(295) Pause Full (JvmtiEnv ForceGarbageCollection) 30M->4M(128M) 24.151ms
[3893.986s][info][gc] GC(296) Pause Full (JvmtiEnv ForceGarbageCollection) 30M->4M(128M) 21.077ms
[3904.305s][info][gc] GC(297) Pause Full (JvmtiEnv ForceGarbageCollection) 30M->4M(128M) 23.160ms
[3914.616s][info][gc] GC(298) Pause Full (JvmtiEnv ForceGarbageCollection) 30M->4M(128M) 26.357ms
