[0.009s][info][gc] Using G1
[17.500s][info][gc] GC(0) Pause Full (JvmtiEnv ForceGarbageCollection) 51M->4M(128M) 34.483ms
[28.190s][info][gc] GC(1) Pause Full (JvmtiEnv ForceGarbageCollection) 30M->4M(128M) 31.833ms
[38.791s][info][gc] GC(2) Pause Full (JvmtiEnv ForceGarbageCollection) 31M->4M(128M) 26.452ms
[49.348s][info][gc] GC(3) Pause Full (JvmtiEnv ForceGarbageCollection) 31M->4M(128M) 27.670ms
[59.921s][info][gc] GC(4) Pause Full (JvmtiEnv ForceGarbageCollection) 31M->4M(128M) 23.458ms
[70.439s][info][gc] GC(5) Pause Full (JvmtiEnv ForceGarbageCollection) 30M->4M(128M) 28.741ms
[80.908s][info][gc] GC(6) Pause Full (JvmtiEnv ForceGarbageCollection) 31M->4M(128M) 21.682ms
[91.398s][info][gc] GC(7) Pause Full (JvmtiEnv ForceGarbageCollection) 30M->4M(128M) 27.659ms
[101.802s][info][gc] GC(8) Pause Full (JvmtiEnv ForceGarbageCollection) 31M->4M(128M) 21.731ms
[112.268s][info][gc] GC(9) Pause Full (JvmtiEnv ForceGarbageCollection) 30M->4M(128M) 24.629ms
[122.765s][info][gc] GC(10) Pause Full (JvmtiEnv ForceGarbageCollection) 30M->4M(128M) 33.715ms
[133.118s][info][gc] GC(11) Pause Full (JvmtiEnv ForceGarbageCollection) 30M->4M(128M) 26.780ms
[153.930s][info][gc] GC(12) Pause Full (JvmtiEnv ForceGarbageCollection) 56M->4M(128M) 39.309ms
[164.286s][info][gc] GC(13) Pause Full (JvmtiEnv ForceGarbageCollection) 30M->4M(128M) 28.757ms
[174.725s][info][gc] GC(14) Pause Full (JvmtiEnv ForceGarbageCollection) 30M->4M(128M) 20.395ms
[185.232s][info][gc] GC(15) Pause Full (JvmtiEnv ForceGarbageCollection) 30M->4M(128M) 23.570ms
[195.667s][info][gc] GC(16) Pause Full (JvmtiEnv ForceGarbageCollection) 30M->4M(128M) 24.393ms
[206.236s][info][gc] GC(17) Pause Full (JvmtiEnv ForceGarbageCollection) 31M->4M(128M) 32.891ms
[216.762s][info][gc] GC(18) Pause Full (JvmtiEnv ForceGarbageCollection) 30M->4M(128M) 25.094ms
[227.459s][info][gc] GC(19) Pause Full (JvmtiEnv ForceGarbageCollection) 30M->4M(128M) 27.275ms
[237.937s][info][gc] GC(20) Pause Full (JvmtiEnv ForceGarbageCollection) 30M->4M(128M) 28.178ms
[248.465s][info][gc] GC(21) Pause Full (JvmtiEnv ForceGarbageCollection) 30M->4M(128M) 23.269ms
[258.939s][info][gc] GC(22) Pause Full (JvmtiEnv ForceGarbageCollection) 30M->4M(128M) 26.912ms
[269.244s][info][gc] GC(23) Pause Full (JvmtiEnv ForceGarbageCollection) 30M->4M(128M) 27.242ms
[279.871s][info][gc] GC(24) Pause Full (JvmtiEnv ForceGarbageCollection) 30M->4M(128M) 30.445ms
[290.381s][info][gc] GC(25) Pause Full (JvmtiEnv ForceGarbageCollection) 30M->4M(128M) 22.338ms
[300.700s][info][gc] GC(26) Pause Full (JvmtiEnv ForceGarbageCollection) 29M->4M(128M) 28.581ms
[311.262s][info][gc] GC(27) Pause Full (JvmtiEnv ForceGarbageCollection) 30M->4M(128M) 33.364ms
[321.772s][info][gc] GC(28) Pause Full (JvmtiEnv ForceGarbageCollection) 29M->4M(128M) 26.354ms
[332.184s][info][gc] GC(29) Pause Full (JvmtiEnv ForceGarbageCollection) 30M->4M(128M) 22.369ms
[342.611s][info][gc] GC(30) Pause Full (JvmtiEnv ForceGarbageCollection) 30M->4M(128M) 27.198ms
[353.131s][info][gc] GC(31) Pause Full (JvmtiEnv ForceGarbageCollection) 30M->4M(128M) 25.182ms
[363.678s][info][gc] GC(32) Pause Full (JvmtiEnv ForceGarbageCollection) 30M->4M(128M) 25.990ms
[374.269s][info][gc] GC(33) Pause Full (JvmtiEnv ForceGarbageCollection) 30M->4M(128M) 24.981ms
[384.681s][info][gc] GC(34) Pause Full (JvmtiEnv ForceGarbageCollection) 30M->4M(128M) 25.207ms
[395.132s][info][gc] GC(35) Pause Full (JvmtiEnv ForceGarbageCollection) 30M->4M(128M) 25.634ms
[416.163s][info][gc] GC(36) Pause Full (JvmtiEnv ForceGarbageCollection) 56M->4M(128M) 26.257ms
[426.594s][info][gc] GC(37) Pause Full (JvmtiEnv ForceGarbageCollection) 30M->4M(128M) 24.703ms
[436.968s][info][gc] GC(38) Pause Full (JvmtiEnv ForceGarbageCollection) 30M->4M(128M) 22.586ms
[447.590s][info][gc] GC(39) Pause Full (JvmtiEnv ForceGarbageCollection) 30M->4M(128M) 18.815ms
[458.091s][info][gc] GC(40) Pause Full (JvmtiEnv ForceGarbageCollection) 30M->4M(128M) 22.074ms
[478.897s][info][gc] GC(41) Pause Full (JvmtiEnv ForceGarbageCollection) 55M->4M(128M) 21.270ms
[499.768s][info][gc] GC(42) Pause Full (JvmtiEnv ForceGarbageCollection) 56M->4M(128M) 23.495ms
[510.075s][info][gc] GC(43) Pause Full (JvmtiEnv ForceGarbageCollection) 30M->4M(128M) 22.235ms
[520.439s][info][gc] GC(44) Pause Full (JvmtiEnv ForceGarbageCollection) 30M->4M(128M) 31.263ms
[530.849s][info][gc] GC(45) Pause Full (JvmtiEnv ForceGarbageCollection) 30M->4M(128M) 34.337ms
[541.257s][info][gc] GC(46) Pause Full (JvmtiEnv ForceGarbageCollection) 29M->4M(128M) 23.984ms
[551.659s][info][gc] GC(47) Pause Full (JvmtiEnv ForceGarbageCollection) 30M->4M(128M) 25.422ms
[562.117s][info][gc] GC(48) Pause Full (JvmtiEnv ForceGarbageCollection) 30M->4M(128M) 20.644ms
[572.613s][info][gc] GC(49) Pause Full (JvmtiEnv ForceGarbageCollection) 29M->4M(128M) 26.861ms
[593.384s][info][gc] GC(50) Pause Full (JvmtiEnv ForceGarbageCollection) 54M->4M(128M) 24.900ms
[614.142s][info][gc] GC(51) Pause Full (JvmtiEnv ForceGarbageCollection) 55M->4M(128M) 29.584ms
[634.795s][info][gc] GC(52) Pause Full (JvmtiEnv ForceGarbageCollection) 55M->4M(128M) 22.312ms
[655.566s][info][gc] GC(53) Pause Full (JvmtiEnv ForceGarbageCollection) 55M->4M(128M) 24.175ms
[676.400s][info][gc] GC(54) Pause Full (JvmtiEnv ForceGarbageCollection) 55M->4M(128M) 26.682ms
[697.328s][info][gc] GC(55) Pause Full (JvmtiEnv ForceGarbageCollection) 55M->4M(128M) 20.369ms
[718.199s][info][gc] GC(56) Pause Full (JvmtiEnv ForceGarbageCollection) 55M->4M(128M) 32.061ms
[739.084s][info][gc] GC(57) Pause Full (JvmtiEnv ForceGarbageCollection) 55M->4M(128M) 23.682ms
[759.729s][info][gc] GC(58) Pause Full (JvmtiEnv ForceGarbageCollection) 55M->4M(128M) 27.833ms
[770.166s][info][gc] GC(59) Pause Full (JvmtiEnv ForceGarbageCollection) 30M->4M(128M) 21.268ms
[780.691s][info][gc] GC(60) Pause Full (JvmtiEnv ForceGarbageCollection) 30M->4M(128M) 24.866ms
[791.066s][info][gc] GC(61) Pause Full (JvmtiEnv ForceGarbageCollection) 30M->4M(128M) 26.669ms
[801.340s][info][gc] GC(62) Pause Full (JvmtiEnv ForceGarbageCollection) 30M->4M(128M) 20.873ms
[822.100s][info][gc] GC(63) Pause Full (JvmtiEnv ForceGarbageCollection) 55M->4M(128M) 23.990ms
[842.799s][info][gc] GC(64) Pause Full (JvmtiEnv ForceGarbageCollection) 55M->4M(128M) 27.230ms
[853.145s][info][gc] GC(65) Pause Full (JvmtiEnv ForceGarbageCollection) 30M->4M(128M) 34.426ms
[863.368s][info][gc] GC(66) Pause Full (JvmtiEnv ForceGarbageCollection) 30M->4M(128M) 20.250ms
[873.652s][info][gc] GC(67) Pause Full (JvmtiEnv ForceGarbageCollection) 30M->4M(128M) 22.697ms
[884.131s][info][gc] GC(68) Pause Full (JvmtiEnv ForceGarbageCollection) 30M->4M(128M) 22.836ms
[894.479s][info][gc] GC(69) Pause Full (JvmtiEnv ForceGarbageCollection) 30M->4M(128M) 20.528ms
[904.944s][info][gc] GC(70) Pause Full (JvmtiEnv ForceGarbageCollection) 30M->4M(128M) 24.725ms
[915.376s][info][gc] GC(71) Pause Full (JvmtiEnv ForceGarbageCollection) 30M->4M(128M) 23.182ms
[925.646s][info][gc] GC(72) Pause Full (JvmtiEnv ForceGarbageCollection) 30M->4M(128M) 20.993ms
[935.956s][info][gc] GC(73) Pause Full (JvmtiEnv ForceGarbageCollection) 30M->4M(128M) 23.904ms
[946.363s][info][gc] GC(74) Pause Full (JvmtiEnv ForceGarbageCollection) 30M->4M(128M) 23.380ms
[956.700s][info][gc] GC(75) Pause Full (JvmtiEnv ForceGarbageCollection) 30M->4M(128M) 20.020ms
[967.079s][info][gc] GC(76) Pause Full (JvmtiEnv ForceGarbageCollection) 30M->4M(128M) 22.049ms
[977.497s][info][gc] GC(77) Pause Full (JvmtiEnv ForceGarbageCollection) 30M->4M(128M) 21.898ms
[987.975s][info][gc] GC(78) Pause Full (JvmtiEnv ForceGarbageCollection) 30M->4M(128M) 21.044ms
[998.300s][info][gc] GC(79) Pause Full (JvmtiEnv ForceGarbageCollection) 30M->4M(128M) 27.539ms
[1008.763s][info][gc] GC(80) Pause Full (JvmtiEnv ForceGarbageCollection) 30M->4M(128M) 23.926ms
[1019.215s][info][gc] GC(81) Pause Full (JvmtiEnv ForceGarbageCollection) 30M->4M(128M) 27.933ms
[1029.528s][info][gc] GC(82) Pause Full (JvmtiEnv ForceGarbageCollection) 30M->4M(128M) 23.579ms
[1039.855s][info][gc] GC(83) Pause Full (JvmtiEnv ForceGarbageCollection) 30M->4M(128M) 17.448ms
[1050.210s][info][gc] GC(84) Pause Full (JvmtiEnv ForceGarbageCollection) 30M->4M(128M) 22.857ms
[1060.563s][info][gc] GC(85) Pause Full (JvmtiEnv ForceGarbageCollection) 30M->4M(128M) 23.473ms
[1070.790s][info][gc] GC(86) Pause Full (JvmtiEnv ForceGarbageCollection) 30M->4M(128M) 23.547ms
[1081.132s][info][gc] GC(87) Pause Full (JvmtiEnv ForceGarbageCollection) 30M->4M(128M) 24.878ms
[1091.503s][info][gc] GC(88) Pause Full (JvmtiEnv ForceGarbageCollection) 30M->4M(128M) 24.553ms
[1101.895s][info][gc] GC(89) Pause Full (JvmtiEnv ForceGarbageCollection) 30M->4M(128M) 31.704ms
[1112.123s][info][gc] GC(90) Pause Full (JvmtiEnv ForceGarbageCollection) 30M->4M(128M) 29.403ms
[1122.446s][info][gc] GC(91) Pause Full (JvmtiEnv ForceGarbageCollection) 30M->4M(128M) 22.087ms
[1132.691s][info][gc] GC(92) Pause Full (JvmtiEnv ForceGarbageCollection) 30M->4M(128M) 22.528ms
[1142.922s][info][gc] GC(93) Pause Full (JvmtiEnv ForceGarbageCollection) 30M->4M(128M) 19.722ms
[1153.160s][info][gc] GC(94) Pause Full (JvmtiEnv ForceGarbageCollection) 30M->4M(128M) 24.981ms
[1163.506s][info][gc] GC(95) Pause Full (JvmtiEnv ForceGarbageCollection) 30M->4M(128M) 26.770ms
[1183.877s][info][gc] GC(96) Pause Full (JvmtiEnv ForceGarbageCollection) 55M->4M(128M) 25.462ms
[1204.372s][info][gc] GC(97) Pause Full (JvmtiEnv ForceGarbageCollection) 55M->4M(128M) 25.621ms
[1214.620s][info][gc] GC(98) Pause Full (JvmtiEnv ForceGarbageCollection) 30M->4M(128M) 22.530ms
[1225.058s][info][gc] GC(99) Pause Full (JvmtiEnv ForceGarbageCollection) 30M->4M(128M) 21.860ms
[1235.305s][info][gc] GC(100) Pause Full (JvmtiEnv ForceGarbageCollection) 30M->4M(128M) 25.618ms
[1255.974s][info][gc] GC(101) Pause Full (JvmtiEnv ForceGarbageCollection) 55M->4M(128M) 23.193ms
[1266.437s][info][gc] GC(102) Pause Full (JvmtiEnv ForceGarbageCollection) 30M->4M(128M) 26.063ms
[1276.776s][info][gc] GC(103) Pause Full (JvmtiEnv ForceGarbageCollection) 30M->4M(128M) 32.096ms
[1287.219s][info][gc] GC(104) Pause Full (JvmtiEnv ForceGarbageCollection) 30M->4M(128M) 21.470ms
[1297.388s][info][gc] GC(105) Pause Full (JvmtiEnv ForceGarbageCollection) 30M->4M(128M) 24.877ms
[1307.689s][info][gc] GC(106) Pause Full (JvmtiEnv ForceGarbageCollection) 30M->4M(128M) 24.020ms
[1317.899s][info][gc] GC(107) Pause Full (JvmtiEnv ForceGarbageCollection) 30M->4M(128M) 23.765ms
[1328.115s][info][gc] GC(108) Pause Full (JvmtiEnv ForceGarbageCollection) 30M->4M(128M) 21.881ms
[1338.579s][info][gc] GC(109) Pause Full (JvmtiEnv ForceGarbageCollection) 30M->4M(128M) 23.696ms
[1348.859s][info][gc] GC(110) Pause Full (JvmtiEnv ForceGarbageCollection) 30M->4M(128M) 21.887ms
[1359.144s][info][gc] GC(111) Pause Full (JvmtiEnv ForceGarbageCollection) 30M->4M(128M) 25.524ms
[1369.475s][info][gc] GC(112) Pause Full (JvmtiEnv ForceGarbageCollection) 30M->4M(128M) 23.238ms
[1379.807s][info][gc] GC(113) Pause Full (JvmtiEnv ForceGarbageCollection) 30M->4M(128M) 20.972ms
[1390.202s][info][gc] GC(114) Pause Full (JvmtiEnv ForceGarbageCollection) 30M->4M(128M) 23.792ms
[1400.538s][info][gc] GC(115) Pause Full (JvmtiEnv ForceGarbageCollection) 30M->4M(128M) 20.352ms
[1410.874s][info][gc] GC(116) Pause Full (JvmtiEnv ForceGarbageCollection) 30M->4M(128M) 22.756ms
[1421.207s][info][gc] GC(117) Pause Full (JvmtiEnv ForceGarbageCollection) 30M->4M(128M) 19.932ms
[1431.431s][info][gc] GC(118) Pause Full (JvmtiEnv ForceGarbageCollection) 30M->4M(128M) 25.149ms
[1441.686s][info][gc] GC(119) Pause Full (JvmtiEnv ForceGarbageCollection) 30M->4M(128M) 26.231ms
[1452.046s][info][gc] GC(120) Pause Full (JvmtiEnv ForceGarbageCollection) 30M->4M(128M) 23.398ms
[1462.355s][info][gc] GC(121) Pause Full (JvmtiEnv ForceGarbageCollection) 30M->4M(128M) 24.921ms
[1472.711s][info][gc] GC(122) Pause Full (JvmtiEnv ForceGarbageCollection) 30M->4M(128M) 24.230ms
[1483.022s][info][gc] GC(123) Pause Full (JvmtiEnv ForceGarbageCollection) 30M->4M(128M) 31.051ms
[1503.542s][info][gc] GC(124) Pause Full (JvmtiEnv ForceGarbageCollection) 55M->4M(128M) 26.998ms
[1524.425s][info][gc] GC(125) Pause Full (JvmtiEnv ForceGarbageCollection) 55M->4M(128M) 23.223ms
[1545.088s][info][gc] GC(126) Pause Full (JvmtiEnv ForceGarbageCollection) 55M->4M(128M) 24.584ms
[1565.579s][info][gc] GC(127) Pause Full (JvmtiEnv ForceGarbageCollection) 55M->4M(128M) 24.280ms
[1586.101s][info][gc] GC(128) Pause Full (JvmtiEnv ForceGarbageCollection) 55M->4M(128M) 22.827ms
[1606.823s][info][gc] GC(129) Pause Full (JvmtiEnv ForceGarbageCollection) 55M->4M(128M) 35.471ms
[1627.621s][info][gc] GC(130) Pause Full (JvmtiEnv ForceGarbageCollection) 55M->4M(128M) 26.128ms
[1648.191s][info][gc] GC(131) Pause Full (JvmtiEnv ForceGarbageCollection) 55M->4M(128M) 24.370ms
[1658.446s][info][gc] GC(132) Pause Full (JvmtiEnv ForceGarbageCollection) 30M->4M(128M) 22.336ms
[1668.745s][info][gc] GC(133) Pause Full (JvmtiEnv ForceGarbageCollection) 30M->4M(128M) 23.730ms
[1679.020s][info][gc] GC(134) Pause Full (JvmtiEnv ForceGarbageCollection) 30M->4M(128M) 25.501ms
[1689.293s][info][gc] GC(135) Pause Full (JvmtiEnv ForceGarbageCollection) 30M->4M(128M) 23.372ms
[1699.524s][info][gc] GC(136) Pause Full (JvmtiEnv ForceGarbageCollection) 30M->4M(128M) 20.725ms
[1709.754s][info][gc] GC(137) Pause Full (JvmtiEnv ForceGarbageCollection) 30M->4M(128M) 24.452ms
[1720.019s][info][gc] GC(138) Pause Full (JvmtiEnv ForceGarbageCollection) 30M->4M(128M) 25.202ms
[1730.291s][info][gc] GC(139) Pause Full (JvmtiEnv ForceGarbageCollection) 30M->4M(128M) 35.387ms
[1740.551s][info][gc] GC(140) Pause Full (JvmtiEnv ForceGarbageCollection) 30M->4M(128M) 23.465ms
[1750.914s][info][gc] GC(141) Pause Full (JvmtiEnv ForceGarbageCollection) 30M->4M(128M) 25.025ms
[1761.173s][info][gc] GC(142) Pause Full (JvmtiEnv ForceGarbageCollection) 30M->4M(128M) 29.732ms
[1771.370s][info][gc] GC(143) Pause Full (JvmtiEnv ForceGarbageCollection) 30M->4M(128M) 24.597ms
[1781.522s][info][gc] GC(144) Pause Full (JvmtiEnv ForceGarbageCollection) 30M->4M(128M) 27.033ms
[1791.767s][info][gc] GC(145) Pause Full (JvmtiEnv ForceGarbageCollection) 30M->4M(128M) 23.478ms
[1802.016s][info][gc] GC(146) Pause Full (JvmtiEnv ForceGarbageCollection) 30M->4M(128M) 25.960ms
[1822.561s][info][gc] GC(147) Pause Full (JvmtiEnv ForceGarbageCollection) 55M->4M(128M) 24.073ms
[1843.030s][info][gc] GC(148) Pause Full (JvmtiEnv ForceGarbageCollection) 55M->4M(128M) 22.930ms
[1853.272s][info][gc] GC(149) Pause Full (JvmtiEnv ForceGarbageCollection) 30M->4M(128M) 22.764ms
[1863.559s][info][gc] GC(150) Pause Full (JvmtiEnv ForceGarbageCollection) 30M->4M(128M) 20.748ms
[1873.895s][info][gc] GC(151) Pause Full (JvmtiEnv ForceGarbageCollection) 30M->4M(128M) 20.408ms
[1884.170s][info][gc] GC(152) Pause Full (JvmtiEnv ForceGarbageCollection) 30M->4M(128M) 23.844ms
[1894.489s][info][gc] GC(153) Pause Full (JvmtiEnv ForceGarbageCollection) 30M->4M(128M) 26.824ms
[1904.794s][info][gc] GC(154) Pause Full (JvmtiEnv ForceGarbageCollection) 30M->4M(128M) 27.288ms
[1915.073s][info][gc] GC(155) Pause Full (JvmtiEnv ForceGarbageCollection) 30M->4M(128M) 22.835ms
[1925.425s][info][gc] GC(156) Pause Full (JvmtiEnv ForceGarbageCollection) 30M->4M(128M) 22.342ms
[1935.817s][info][gc] GC(157) Pause Full (JvmtiEnv ForceGarbageCollection) 30M->4M(128M) 24.273ms
[1946.045s][info][gc] GC(158) Pause Full (JvmtiEnv ForceGarbageCollection) 30M->4M(128M) 27.184ms
[1956.306s][info][gc] GC(159) Pause Full (JvmtiEnv ForceGarbageCollection) 30M->4M(128M) 25.566ms
[1966.657s][info][gc] GC(160) Pause Full (JvmtiEnv ForceGarbageCollection) 30M->4M(128M) 22.070ms
[1976.894s][info][gc] GC(161) Pause Full (JvmtiEnv ForceGarbageCollection) 30M->4M(128M) 22.724ms
[1987.157s][info][gc] GC(162) Pause Full (JvmtiEnv ForceGarbageCollection) 30M->4M(128M) 23.794ms
[1997.428s][info][gc] GC(163) Pause Full (JvmtiEnv ForceGarbageCollection) 30M->4M(128M) 24.932ms
[2007.773s][info][gc] GC(164) Pause Full (JvmtiEnv ForceGarbageCollection) 30M->4M(128M) 26.364ms
[2018.035s][info][gc] GC(165) Pause Full (JvmtiEnv ForceGarbageCollection) 30M->4M(128M) 27.700ms
[2028.261s][info][gc] GC(166) Pause Full (JvmtiEnv ForceGarbageCollection) 30M->4M(128M) 22.124ms
[2038.576s][info][gc] GC(167) Pause Full (JvmtiEnv ForceGarbageCollection) 30M->4M(128M) 22.996ms
[2048.867s][info][gc] GC(168) Pause Full (JvmtiEnv ForceGarbageCollection) 30M->4M(128M) 29.053ms
[2059.198s][info][gc] GC(169) Pause Full (JvmtiEnv ForceGarbageCollection) 30M->4M(128M) 24.238ms
[2079.673s][info][gc] GC(170) Pause Full (JvmtiEnv ForceGarbageCollection) 55M->4M(128M) 22.954ms
[2100.099s][info][gc] GC(171) Pause Full (JvmtiEnv ForceGarbageCollection) 55M->4M(128M) 24.867ms
[2110.383s][info][gc] GC(172) Pause Full (JvmtiEnv ForceGarbageCollection) 30M->4M(128M) 24.500ms
[2120.774s][info][gc] GC(173) Pause Full (JvmtiEnv ForceGarbageCollection) 30M->4M(128M) 23.591ms
[2131.141s][info][gc] GC(174) Pause Full (JvmtiEnv ForceGarbageCollection) 30M->4M(128M) 21.506ms
[2141.303s][info][gc] GC(175) Pause Full (JvmtiEnv ForceGarbageCollection) 30M->4M(128M) 21.027ms
[2151.456s][info][gc] GC(176) Pause Full (JvmtiEnv ForceGarbageCollection) 30M->4M(128M) 25.764ms
[2161.720s][info][gc] GC(177) Pause Full (JvmtiEnv ForceGarbageCollection) 30M->4M(128M) 22.316ms
[2171.967s][info][gc] GC(178) Pause Full (JvmtiEnv ForceGarbageCollection) 30M->4M(128M) 20.871ms
[2192.414s][info][gc] GC(179) Pause Full (JvmtiEnv ForceGarbageCollection) 55M->4M(128M) 21.742ms
[2202.689s][info][gc] GC(180) Pause Full (JvmtiEnv ForceGarbageCollection) 30M->4M(128M) 27.498ms
[2213.095s][info][gc] GC(181) Pause Full (JvmtiEnv ForceGarbageCollection) 30M->4M(128M) 17.664ms
[2233.743s][info][gc] GC(182) Pause Full (JvmtiEnv ForceGarbageCollection) 55M->4M(128M) 24.211ms
[2244.013s][info][gc] GC(183) Pause Full (JvmtiEnv ForceGarbageCollection) 30M->4M(128M) 21.773ms
[2254.302s][info][gc] GC(184) Pause Full (JvmtiEnv ForceGarbageCollection) 30M->4M(128M) 26.098ms
[2264.665s][info][gc] GC(185) Pause Full (JvmtiEnv ForceGarbageCollection) 30M->4M(128M) 22.440ms
[2275.036s][info][gc] GC(186) Pause Full (JvmtiEnv ForceGarbageCollection) 30M->4M(128M) 25.773ms
[2285.338s][info][gc] GC(187) Pause Full (JvmtiEnv ForceGarbageCollection) 30M->4M(128M) 27.723ms
[2295.535s][info][gc] GC(188) Pause Full (JvmtiEnv ForceGarbageCollection) 30M->4M(128M) 25.915ms
[2305.845s][info][gc] GC(189) Pause Full (JvmtiEnv ForceGarbageCollection) 30M->4M(128M) 27.713ms
[2326.312s][info][gc] GC(190) Pause Full (JvmtiEnv ForceGarbageCollection) 55M->4M(128M) 27.892ms
[2336.500s][info][gc] GC(191) Pause Full (JvmtiEnv ForceGarbageCollection) 30M->4M(128M) 25.182ms
[2356.913s][info][gc] GC(192) Pause Full (JvmtiEnv ForceGarbageCollection) 55M->4M(128M) 23.808ms
[2377.501s][info][gc] GC(193) Pause Full (JvmtiEnv ForceGarbageCollection) 55M->4M(128M) 30.497ms
[2387.786s][info][gc] GC(194) Pause Full (JvmtiEnv ForceGarbageCollection) 30M->4M(128M) 24.328ms
[2408.295s][info][gc] GC(195) Pause Full (JvmtiEnv ForceGarbageCollection) 55M->4M(128M) 21.431ms
[2418.562s][info][gc] GC(196) Pause Full (JvmtiEnv ForceGarbageCollection) 30M->4M(128M) 27.407ms
[2428.805s][info][gc] GC(197) Pause Full (JvmtiEnv ForceGarbageCollection) 30M->4M(128M) 21.246ms
[2439.168s][info][gc] GC(198) Pause Full (JvmtiEnv ForceGarbageCollection) 30M->4M(128M) 29.864ms
[2449.511s][info][gc] GC(199) Pause Full (JvmtiEnv ForceGarbageCollection) 30M->4M(128M) 32.775ms
[2459.725s][info][gc] GC(200) Pause Full (JvmtiEnv ForceGarbageCollection) 30M->4M(128M) 20.818ms
[2470.031s][info][gc] GC(201) Pause Full (JvmtiEnv ForceGarbageCollection) 30M->4M(128M) 22.061ms
[2480.305s][info][gc] GC(202) Pause Full (JvmtiEnv ForceGarbageCollection) 30M->4M(128M) 22.546ms
[2490.602s][info][gc] GC(203) Pause Full (JvmtiEnv ForceGarbageCollection) 30M->4M(128M) 25.315ms
[2500.999s][info][gc] GC(204) Pause Full (JvmtiEnv ForceGarbageCollection) 30M->4M(128M) 28.341ms
[2511.419s][info][gc] GC(205) Pause Full (JvmtiEnv ForceGarbageCollection) 30M->4M(128M) 21.268ms
[2521.570s][info][gc] GC(206) Pause Full (JvmtiEnv ForceGarbageCollection) 30M->4M(128M) 22.731ms
[2531.688s][info][gc] GC(207) Pause Full (JvmtiEnv ForceGarbageCollection) 30M->4M(128M) 24.374ms
[2542.131s][info][gc] GC(208) Pause Full (JvmtiEnv ForceGarbageCollection) 30M->4M(128M) 21.859ms
[2552.382s][info][gc] GC(209) Pause Full (JvmtiEnv ForceGarbageCollection) 30M->4M(128M) 24.553ms
[2562.455s][info][gc] GC(210) Pause Full (JvmtiEnv ForceGarbageCollection) 30M->4M(128M) 21.519ms
[2572.658s][info][gc] GC(211) Pause Full (JvmtiEnv ForceGarbageCollection) 30M->4M(128M) 22.832ms
[2582.961s][info][gc] GC(212) Pause Full (JvmtiEnv ForceGarbageCollection) 30M->4M(128M) 27.107ms
[2593.230s][info][gc] GC(213) Pause Full (JvmtiEnv ForceGarbageCollection) 30M->4M(128M) 19.294ms
[2603.460s][info][gc] GC(214) Pause Full (JvmtiEnv ForceGarbageCollection) 30M->4M(128M) 21.655ms
[2613.770s][info][gc] GC(215) Pause Full (JvmtiEnv ForceGarbageCollection) 30M->4M(128M) 24.131ms
[2624.047s][info][gc] GC(216) Pause Full (JvmtiEnv ForceGarbageCollection) 30M->4M(128M) 26.829ms
[2634.300s][info][gc] GC(217) Pause Full (JvmtiEnv ForceGarbageCollection) 30M->4M(128M) 24.201ms
[2654.925s][info][gc] GC(218) Pause Full (JvmtiEnv ForceGarbageCollection) 55M->4M(128M) 26.752ms
[2675.516s][info][gc] GC(219) Pause Full (JvmtiEnv ForceGarbageCollection) 55M->4M(128M) 19.361ms
[2685.882s][info][gc] GC(220) Pause Full (JvmtiEnv ForceGarbageCollection) 30M->4M(128M) 27.926ms
[2696.255s][info][gc] GC(221) Pause Full (JvmtiEnv ForceGarbageCollection) 30M->4M(128M) 30.411ms
[2706.491s][info][gc] GC(222) Pause Full (JvmtiEnv ForceGarbageCollection) 30M->4M(128M) 22.276ms
[2716.768s][info][gc] GC(223) Pause Full (JvmtiEnv ForceGarbageCollection) 30M->4M(128M) 22.639ms
[2737.314s][info][gc] GC(224) Pause Full (JvmtiEnv ForceGarbageCollection) 55M->4M(128M) 24.760ms
[2747.623s][info][gc] GC(225) Pause Full (JvmtiEnv ForceGarbageCollection) 30M->4M(128M) 24.688ms
[2757.938s][info][gc] GC(226) Pause Full (JvmtiEnv ForceGarbageCollection) 30M->4M(128M) 20.895ms
[2768.199s][info][gc] GC(227) Pause Full (JvmtiEnv ForceGarbageCollection) 30M->4M(128M) 28.673ms
[2778.514s][info][gc] GC(228) Pause Full (JvmtiEnv ForceGarbageCollection) 30M->4M(128M) 23.345ms
[2788.800s][info][gc] GC(229) Pause Full (JvmtiEnv ForceGarbageCollection) 30M->4M(128M) 30.126ms
[2799.097s][info][gc] GC(230) Pause Full (JvmtiEnv ForceGarbageCollection) 30M->4M(128M) 30.647ms
[2819.668s][info][gc] GC(231) Pause Full (JvmtiEnv ForceGarbageCollection) 55M->4M(128M) 27.091ms
[2840.387s][info][gc] GC(232) Pause Full (JvmtiEnv ForceGarbageCollection) 55M->4M(128M) 24.960ms
[2860.846s][info][gc] GC(233) Pause Full (JvmtiEnv ForceGarbageCollection) 55M->4M(128M) 19.196ms
[2871.211s][info][gc] GC(234) Pause Full (JvmtiEnv ForceGarbageCollection) 30M->4M(128M) 24.218ms
[2891.626s][info][gc] GC(235) Pause Full (JvmtiEnv ForceGarbageCollection) 55M->4M(128M) 20.889ms
[2901.938s][info][gc] GC(236) Pause Full (JvmtiEnv ForceGarbageCollection) 30M->4M(128M) 24.539ms
[2912.173s][info][gc] GC(237) Pause Full (JvmtiEnv ForceGarbageCollection) 30M->4M(128M) 20.439ms
[2922.498s][info][gc] GC(238) Pause Full (JvmtiEnv ForceGarbageCollection) 30M->4M(128M) 28.335ms
[2932.757s][info][gc] GC(239) Pause Full (JvmtiEnv ForceGarbageCollection) 30M->4M(128M) 18.943ms
[2943.102s][info][gc] GC(240) Pause Full (JvmtiEnv ForceGarbageCollection) 30M->4M(128M) 24.368ms
[2953.350s][info][gc] GC(241) Pause Full (JvmtiEnv ForceGarbageCollection) 30M->4M(128M) 23.874ms
[2963.558s][info][gc] GC(242) Pause Full (JvmtiEnv ForceGarbageCollection) 30M->4M(128M) 23.214ms
[2973.805s][info][gc] GC(243) Pause Full (JvmtiEnv ForceGarbageCollection) 30M->4M(128M) 24.774ms
[2994.422s][info][gc] GC(244) Pause Full (JvmtiEnv ForceGarbageCollection) 55M->4M(128M) 24.981ms
[3014.891s][info][gc] GC(245) Pause Full (JvmtiEnv ForceGarbageCollection) 55M->4M(128M) 22.726ms
[3035.378s][info][gc] GC(246) Pause Full (JvmtiEnv ForceGarbageCollection) 55M->4M(128M) 22.774ms
[3045.781s][info][gc] GC(247) Pause Full (JvmtiEnv ForceGarbageCollection) 30M->4M(128M) 26.499ms
[3056.117s][info][gc] GC(248) Pause Full (JvmtiEnv ForceGarbageCollection) 30M->4M(128M) 22.541ms
[3066.409s][info][gc] GC(249) Pause Full (JvmtiEnv ForceGarbageCollection) 30M->4M(128M) 26.595ms
[3076.735s][info][gc] GC(250) Pause Full (JvmtiEnv ForceGarbageCollection) 30M->4M(128M) 25.203ms
[3087.063s][info][gc] GC(251) Pause Full (JvmtiEnv ForceGarbageCollection) 30M->4M(128M) 26.029ms
[3107.519s][info][gc] GC(252) Pause Full (JvmtiEnv ForceGarbageCollection) 55M->4M(128M) 32.644ms
[3117.903s][info][gc] GC(253) Pause Full (JvmtiEnv ForceGarbageCollection) 30M->4M(128M) 23.182ms
[3128.201s][info][gc] GC(254) Pause Full (JvmtiEnv ForceGarbageCollection) 30M->4M(128M) 25.812ms
[3138.557s][info][gc] GC(255) Pause Full (JvmtiEnv ForceGarbageCollection) 30M->4M(128M) 23.526ms
[3159.098s][info][gc] GC(256) Pause Full (JvmtiEnv ForceGarbageCollection) 55M->4M(128M) 25.596ms
[3169.535s][info][gc] GC(257) Pause Full (JvmtiEnv ForceGarbageCollection) 30M->4M(128M) 27.558ms
[3179.959s][info][gc] GC(258) Pause Full (JvmtiEnv ForceGarbageCollection) 30M->4M(128M) 26.340ms
[3200.575s][info][gc] GC(259) Pause Full (JvmtiEnv ForceGarbageCollection) 55M->4M(128M) 25.609ms
[3221.360s][info][gc] GC(260) Pause Full (JvmtiEnv ForceGarbageCollection) 55M->4M(128M) 20.280ms
[3241.919s][info][gc] GC(261) Pause Full (JvmtiEnv ForceGarbageCollection) 55M->4M(128M) 24.169ms
[3252.284s][info][gc] GC(262) Pause Full (JvmtiEnv ForceGarbageCollection) 30M->4M(128M) 21.595ms
[3262.538s][info][gc] GC(263) Pause Full (JvmtiEnv ForceGarbageCollection) 30M->4M(128M) 23.576ms
[3272.874s][info][gc] GC(264) Pause Full (JvmtiEnv ForceGarbageCollection) 30M->4M(128M) 24.118ms
[3293.434s][info][gc] GC(265) Pause Full (JvmtiEnv ForceGarbageCollection) 55M->4M(128M) 26.457ms
[3303.883s][info][gc] GC(266) Pause Full (JvmtiEnv ForceGarbageCollection) 30M->4M(128M) 26.367ms
[3324.624s][info][gc] GC(267) Pause Full (JvmtiEnv ForceGarbageCollection) 55M->4M(128M) 29.158ms
[3345.283s][info][gc] GC(268) Pause Full (JvmtiEnv ForceGarbageCollection) 55M->4M(128M) 24.310ms
[3365.988s][info][gc] GC(269) Pause Full (JvmtiEnv ForceGarbageCollection) 55M->4M(128M) 36.078ms
[3386.730s][info][gc] GC(270) Pause Full (JvmtiEnv ForceGarbageCollection) 55M->4M(128M) 20.427ms
[3407.323s][info][gc] GC(271) Pause Full (JvmtiEnv ForceGarbageCollection) 55M->4M(128M) 26.795ms
[3417.595s][info][gc] GC(272) Pause Full (JvmtiEnv ForceGarbageCollection) 30M->4M(128M) 22.920ms
[3427.890s][info][gc] GC(273) Pause Full (JvmtiEnv ForceGarbageCollection) 30M->4M(128M) 22.687ms
[3438.186s][info][gc] GC(274) Pause Full (JvmtiEnv ForceGarbageCollection) 30M->4M(128M) 24.218ms
[3448.515s][info][gc] GC(275) Pause Full (JvmtiEnv ForceGarbageCollection) 30M->4M(128M) 26.789ms
[3458.909s][info][gc] GC(276) Pause Full (JvmtiEnv ForceGarbageCollection) 30M->4M(128M) 23.046ms
[3469.312s][info][gc] GC(277) Pause Full (JvmtiEnv ForceGarbageCollection) 30M->4M(128M) 25.200ms
[3479.536s][info][gc] GC(278) Pause Full (JvmtiEnv ForceGarbageCollection) 30M->4M(128M) 21.123ms
[3489.894s][info][gc] GC(279) Pause Full (JvmtiEnv ForceGarbageCollection) 30M->4M(128M) 23.226ms
[3500.209s][info][gc] GC(280) Pause Full (JvmtiEnv ForceGarbageCollection) 30M->4M(128M) 22.346ms
[3510.672s][info][gc] GC(281) Pause Full (JvmtiEnv ForceGarbageCollection) 30M->4M(128M) 20.825ms
[3531.156s][info][gc] GC(282) Pause Full (JvmtiEnv ForceGarbageCollection) 55M->4M(128M) 21.377ms
[3541.552s][info][gc] GC(283) Pause Full (JvmtiEnv ForceGarbageCollection) 30M->4M(128M) 22.244ms
[3551.884s][info][gc] GC(284) Pause Full (JvmtiEnv ForceGarbageCollection) 30M->4M(128M) 25.558ms
[3572.595s][info][gc] GC(285) Pause Full (JvmtiEnv ForceGarbageCollection) 55M->4M(128M) 31.489ms
[3582.856s][info][gc] GC(286) Pause Full (JvmtiEnv ForceGarbageCollection) 30M->4M(128M) 26.632ms
[3593.088s][info][gc] GC(287) Pause Full (JvmtiEnv ForceGarbageCollection) 30M->4M(128M) 23.942ms
[3603.536s][info][gc] GC(288) Pause Full (JvmtiEnv ForceGarbageCollection) 30M->4M(128M) 22.784ms
[3613.876s][info][gc] GC(289) Pause Full (JvmtiEnv ForceGarbageCollection) 30M->4M(128M) 21.633ms
[3624.103s][info][gc] GC(290) Pause Full (JvmtiEnv ForceGarbageCollection) 30M->4M(128M) 19.948ms
[3634.436s][info][gc] GC(291) Pause Full (JvmtiEnv ForceGarbageCollection) 30M->4M(128M) 22.368ms
[3644.693s][info][gc] GC(292) Pause Full (JvmtiEnv ForceGarbageCollection) 30M->4M(128M) 23.123ms
[3654.998s][info][gc] GC(293) Pause Full (JvmtiEnv ForceGarbageCollection) 30M->4M(128M) 26.248ms
[3675.636s][info][gc] GC(294) Pause Full (JvmtiEnv ForceGarbageCollection) 55M->4M(128M) 27.702ms
[3696.320s][info][gc] GC(295) Pause Full (JvmtiEnv ForceGarbageCollection) 55M->4M(128M) 26.603ms
[3717.103s][info][gc] GC(296) Pause Full (JvmtiEnv ForceGarbageCollection) 55M->4M(128M) 28.415ms
[3727.499s][info][gc] GC(297) Pause Full (JvmtiEnv ForceGarbageCollection) 30M->4M(128M) 22.036ms
[3737.887s][info][gc] GC(298) Pause Full (JvmtiEnv ForceGarbageCollection) 30M->4M(128M) 27.011ms
[3748.206s][info][gc] GC(299) Pause Full (JvmtiEnv ForceGarbageCollection) 30M->4M(128M) 24.168ms
[3758.569s][info][gc] GC(300) Pause Full (JvmtiEnv ForceGarbageCollection) 30M->4M(128M) 27.917ms
[3768.760s][info][gc] GC(301) Pause Full (JvmtiEnv ForceGarbageCollection) 30M->4M(128M) 23.982ms
[3779.071s][info][gc] GC(302) Pause Full (JvmtiEnv ForceGarbageCollection) 30M->4M(128M) 22.072ms
[3789.409s][info][gc] GC(303) Pause Full (JvmtiEnv ForceGarbageCollection) 30M->4M(128M) 25.696ms
[3799.803s][info][gc] GC(304) Pause Full (JvmtiEnv ForceGarbageCollection) 30M->4M(128M) 26.073ms
[3810.144s][info][gc] GC(305) Pause Full (JvmtiEnv ForceGarbageCollection) 30M->4M(128M) 20.124ms
[3820.296s][info][gc] GC(306) Pause Full (JvmtiEnv ForceGarbageCollection) 30M->4M(128M) 26.300ms
[3830.629s][info][gc] GC(307) Pause Full (JvmtiEnv ForceGarbageCollection) 30M->4M(128M) 27.356ms
[3841.047s][info][gc] GC(308) Pause Full (JvmtiEnv ForceGarbageCollection) 30M->4M(128M) 26.599ms
[3851.428s][info][gc] GC(309) Pause Full (JvmtiEnv ForceGarbageCollection) 30M->4M(128M) 22.217ms
[3872.159s][info][gc] GC(310) Pause Full (JvmtiEnv ForceGarbageCollection) 55M->4M(128M) 22.220ms
[3892.924s][info][gc] GC(311) Pause Full (JvmtiEnv ForceGarbageCollection) 55M->4M(128M) 27.151ms
