[0.011s][info][gc] Using G1
[1.152s][info][gc] GC(0) Pause Young (Normal) (G1 Evacuation Pause) 8M->3M(128M) 8.495ms
[1.234s][info][gc] GC(1) Pause Young (Normal) (G1 Evacuation Pause) 8M->3M(128M) 4.071ms
[33.950s][info][gc] GC(2) Pause Young (Normal) (G1 Evacuation Pause) 79M->4M(128M) 8.533ms
[64.474s][info][gc] GC(3) Pause Young (Normal) (G1 Evacuation Pause) 78M->5M(128M) 9.492ms
[94.750s][info][gc] GC(4) Pause Young (Normal) (G1 Evacuation Pause) 78M->5M(128M) 9.818ms
[125.254s][info][gc] GC(5) Pause Young (Normal) (G1 Evacuation Pause) 79M->5M(128M) 9.768ms
[155.686s][info][gc] GC(6) Pause Young (Normal) (G1 Evacuation Pause) 79M->4M(128M) 8.626ms
[186.226s][info][gc] GC(7) Pause Young (Normal) (G1 Evacuation Pause) 78M->4M(128M) 10.196ms
[216.716s][info][gc] GC(8) Pause Young (Normal) (G1 Evacuation Pause) 78M->4M(128M) 9.310ms
[247.082s][info][gc] GC(9) Pause Young (Normal) (G1 Evacuation Pause) 78M->4M(128M) 6.996ms
[277.341s][info][gc] GC(10) Pause Young (Normal) (G1 Evacuation Pause) 78M->4M(128M) 5.809ms
[307.560s][info][gc] GC(11) Pause Young (Normal) (G1 Evacuation Pause) 78M->4M(128M) 8.378ms
[337.755s][info][gc] GC(12) Pause Young (Normal) (G1 Evacuation Pause) 78M->4M(128M) 7.560ms
[367.976s][info][gc] GC(13) Pause Young (Normal) (G1 Evacuation Pause) 78M->4M(128M) 6.889ms
[398.048s][info][gc] GC(14) Pause Young (Normal) (G1 Evacuation Pause) 78M->4M(128M) 9.341ms
[427.954s][info][gc] GC(15) Pause Young (Normal) (G1 Evacuation Pause) 78M->4M(128M) 9.131ms
[458.367s][info][gc] GC(16) Pause Young (Normal) (G1 Evacuation Pause) 78M->4M(128M) 7.048ms
[488.351s][info][gc] GC(17) Pause Young (Normal) (G1 Evacuation Pause) 78M->5M(128M) 11.516ms
[518.979s][info][gc] GC(18) Pause Young (Normal) (G1 Evacuation Pause) 79M->5M(128M) 1.843ms
[549.724s][info][gc] GC(19) Pause Young (Normal) (G1 Evacuation Pause) 80M->5M(128M) 5.618ms
[580.351s][info][gc] GC(20) Pause Young (Normal) (G1 Evacuation Pause) 80M->5M(128M) 2.462ms
[610.885s][info][gc] GC(21) Pause Young (Normal) (G1 Evacuation Pause) 80M->5M(128M) 1.512ms
[641.390s][info][gc] GC(22) Pause Young (Normal) (G1 Evacuation Pause) 80M->5M(128M) 2.395ms
[671.888s][info][gc] GC(23) Pause Young (Normal) (G1 Evacuation Pause) 80M->5M(128M) 3.977ms
[702.329s][info][gc] GC(24) Pause Young (Normal) (G1 Evacuation Pause) 80M->5M(128M) 1.442ms
[732.804s][info][gc] GC(25) Pause Young (Normal) (G1 Evacuation Pause) 80M->5M(128M) 1.544ms
[762.926s][info][gc] GC(26) Pause Young (Normal) (G1 Evacuation Pause) 80M->5M(128M) 2.133ms
[793.421s][info][gc] GC(27) Pause Young (Normal) (G1 Evacuation Pause) 80M->5M(128M) 1.695ms
[823.586s][info][gc] GC(28) Pause Young (Normal) (G1 Evacuation Pause) 80M->5M(128M) 2.278ms
[853.982s][info][gc] GC(29) Pause Young (Normal) (G1 Evacuation Pause) 80M->5M(128M) 2.593ms
[884.292s][info][gc] GC(30) Pause Young (Normal) (G1 Evacuation Pause) 80M->5M(128M) 1.297ms
[914.771s][info][gc] GC(31) Pause Young (Normal) (G1 Evacuation Pause) 80M->5M(128M) 2.348ms
[945.225s][info][gc] GC(32) Pause Young (Normal) (G1 Evacuation Pause) 80M->5M(128M) 1.122ms
[975.628s][info][gc] GC(33) Pause Young (Normal) (G1 Evacuation Pause) 80M->5M(128M) 1.156ms
[1005.771s][info][gc] GC(34) Pause Young (Normal) (G1 Evacuation Pause) 80M->5M(128M) 1.286ms
[1036.134s][info][gc] GC(35) Pause Young (Normal) (G1 Evacuation Pause) 80M->5M(128M) 1.750ms
[1066.369s][info][gc] GC(36) Pause Young (Normal) (G1 Evacuation Pause) 80M->5M(128M) 1.595ms
[1096.585s][info][gc] GC(37) Pause Young (Normal) (G1 Evacuation Pause) 80M->5M(128M) 1.314ms
[1126.922s][info][gc] GC(38) Pause Young (Normal) (G1 Evacuation Pause) 80M->5M(128M) 1.265ms
[1157.300s][info][gc] GC(39) Pause Young (Normal) (G1 Evacuation Pause) 80M->5M(128M) 4.451ms
[1187.355s][info][gc] GC(40) Pause Young (Normal) (G1 Evacuation Pause) 80M->5M(128M) 2.703ms
[1217.762s][info][gc] GC(41) Pause Young (Normal) (G1 Evacuation Pause) 80M->5M(128M) 1.774ms
[1248.235s][info][gc] GC(42) Pause Young (Normal) (G1 Evacuation Pause) 80M->5M(128M) 3.325ms
[1278.578s][info][gc] GC(43) Pause Young (Normal) (G1 Evacuation Pause) 80M->5M(128M) 1.977ms
[1308.954s][info][gc] GC(44) Pause Young (Normal) (G1 Evacuation Pause) 80M->5M(128M) 2.568ms
[1339.226s][info][gc] GC(45) Pause Young (Normal) (G1 Evacuation Pause) 80M->5M(128M) 1.746ms
[1369.676s][info][gc] GC(46) Pause Young (Normal) (G1 Evacuation Pause) 80M->5M(128M) 3.548ms
[1400.187s][info][gc] GC(47) Pause Young (Normal) (G1 Evacuation Pause) 80M->5M(128M) 2.004ms
[1430.648s][info][gc] GC(48) Pause Young (Normal) (G1 Evacuation Pause) 80M->5M(128M) 3.056ms
[1461.193s][info][gc] GC(49) Pause Young (Normal) (G1 Evacuation Pause) 80M->5M(128M) 1.457ms
[1491.550s][info][gc] GC(50) Pause Young (Normal) (G1 Evacuation Pause) 80M->5M(128M) 1.940ms
[1521.948s][info][gc] GC(51) Pause Young (Normal) (G1 Evacuation Pause) 80M->5M(128M) 1.603ms
[1552.179s][info][gc] GC(52) Pause Young (Normal) (G1 Evacuation Pause) 80M->5M(128M) 1.263ms
[1582.409s][info][gc] GC(53) Pause Young (Normal) (G1 Evacuation Pause) 80M->5M(128M) 1.551ms
[1612.789s][info][gc] GC(54) Pause Young (Normal) (G1 Evacuation Pause) 80M->5M(128M) 1.849ms
[1643.242s][info][gc] GC(55) Pause Young (Normal) (G1 Evacuation Pause) 80M->5M(128M) 2.034ms
[1673.536s][info][gc] GC(56) Pause Young (Normal) (G1 Evacuation Pause) 80M->5M(128M) 1.006ms
[1703.863s][info][gc] GC(57) Pause Young (Normal) (G1 Evacuation Pause) 80M->5M(128M) 3.550ms
[1734.363s][info][gc] GC(58) Pause Young (Normal) (G1 Evacuation Pause) 80M->5M(128M) 1.350ms
[1764.639s][info][gc] GC(59) Pause Young (Normal) (G1 Evacuation Pause) 80M->5M(128M) 1.310ms
[1795.227s][info][gc] GC(60) Pause Young (Normal) (G1 Evacuation Pause) 80M->5M(128M) 1.418ms
[1825.400s][info][gc] GC(61) Pause Young (Normal) (G1 Evacuation Pause) 80M->5M(128M) 3.470ms
[1855.917s][info][gc] GC(62) Pause Young (Normal) (G1 Evacuation Pause) 80M->5M(128M) 4.264ms
[1886.178s][info][gc] GC(63) Pause Young (Normal) (G1 Evacuation Pause) 80M->5M(128M) 2.103ms
[1916.463s][info][gc] GC(64) Pause Young (Normal) (G1 Evacuation Pause) 80M->5M(128M) 1.234ms
[1946.724s][info][gc] GC(65) Pause Young (Normal) (G1 Evacuation Pause) 80M->5M(128M) 1.467ms
[1977.021s][info][gc] GC(66) Pause Young (Normal) (G1 Evacuation Pause) 80M->5M(128M) 3.896ms
[2007.409s][info][gc] GC(67) Pause Young (Normal) (G1 Evacuation Pause) 80M->5M(128M) 1.004ms
[2037.784s][info][gc] GC(68) Pause Young (Normal) (G1 Evacuation Pause) 80M->5M(128M) 1.512ms
[2068.178s][info][gc] GC(69) Pause Young (Normal) (G1 Evacuation Pause) 80M->5M(128M) 1.351ms
[2098.418s][info][gc] GC(70) Pause Young (Normal) (G1 Evacuation Pause) 80M->5M(128M) 1.791ms
[2128.898s][info][gc] GC(71) Pause Young (Normal) (G1 Evacuation Pause) 80M->5M(128M) 1.838ms
[2159.283s][info][gc] GC(72) Pause Young (Normal) (G1 Evacuation Pause) 80M->5M(128M) 1.265ms
[2189.523s][info][gc] GC(73) Pause Young (Normal) (G1 Evacuation Pause) 80M->5M(128M) 1.321ms
[2219.774s][info][gc] GC(74) Pause Young (Normal) (G1 Evacuation Pause) 80M->5M(128M) 2.006ms
[2249.905s][info][gc] GC(75) Pause Young (Normal) (G1 Evacuation Pause) 80M->5M(128M) 1.364ms
[2280.361s][info][gc] GC(76) Pause Young (Normal) (G1 Evacuation Pause) 80M->5M(128M) 0.941ms
[2310.658s][info][gc] GC(77) Pause Young (Normal) (G1 Evacuation Pause) 80M->5M(128M) 1.648ms
[2340.892s][info][gc] GC(78) Pause Young (Normal) (G1 Evacuation Pause) 80M->5M(128M) 1.002ms
[2371.036s][info][gc] GC(79) Pause Young (Normal) (G1 Evacuation Pause) 80M->5M(128M) 1.429ms
[2401.247s][info][gc] GC(80) Pause Young (Normal) (G1 Evacuation Pause) 80M->5M(128M) 1.304ms
[2431.477s][info][gc] GC(81) Pause Young (Normal) (G1 Evacuation Pause) 80M->5M(128M) 1.612ms
[2461.400s][info][gc] GC(82) Pause Young (Normal) (G1 Evacuation Pause) 80M->5M(128M) 4.331ms
[2491.552s][info][gc] GC(83) Pause Young (Normal) (G1 Evacuation Pause) 80M->5M(128M) 1.307ms
[2521.757s][info][gc] GC(84) Pause Young (Normal) (G1 Evacuation Pause) 80M->5M(128M) 1.807ms
[2552.004s][info][gc] GC(85) Pause Young (Normal) (G1 Evacuation Pause) 80M->5M(128M) 1.292ms
[2582.201s][info][gc] GC(86) Pause Young (Normal) (G1 Evacuation Pause) 80M->5M(128M) 1.421ms
[2612.374s][info][gc] GC(87) Pause Young (Normal) (G1 Evacuation Pause) 80M->5M(128M) 1.770ms
[2642.583s][info][gc] GC(88) Pause Young (Normal) (G1 Evacuation Pause) 80M->5M(128M) 1.663ms
[2672.737s][info][gc] GC(89) Pause Young (Normal) (G1 Evacuation Pause) 80M->5M(128M) 1.037ms
[2702.918s][info][gc] GC(90) Pause Young (Normal) (G1 Evacuation Pause) 80M->5M(128M) 1.765ms
[2733.284s][info][gc] GC(91) Pause Young (Normal) (G1 Evacuation Pause) 80M->5M(128M) 1.339ms
[2763.451s][info][gc] GC(92) Pause Young (Normal) (G1 Evacuation Pause) 80M->5M(128M) 3.412ms
[2793.567s][info][gc] GC(93) Pause Young (Normal) (G1 Evacuation Pause) 80M->5M(128M) 1.869ms
[2823.933s][info][gc] GC(94) Pause Young (Normal) (G1 Evacuation Pause) 80M->5M(128M) 3.920ms
[2854.188s][info][gc] GC(95) Pause Young (Normal) (G1 Evacuation Pause) 80M->5M(128M) 1.286ms
[2884.449s][info][gc] GC(96) Pause Young (Normal) (G1 Evacuation Pause) 80M->5M(128M) 1.701ms
[2914.612s][info][gc] GC(97) Pause Young (Normal) (G1 Evacuation Pause) 80M->5M(128M) 0.929ms
[2945.001s][info][gc] GC(98) Pause Young (Normal) (G1 Evacuation Pause) 80M->5M(128M) 1.074ms
[2974.979s][info][gc] GC(99) Pause Young (Normal) (G1 Evacuation Pause) 80M->5M(128M) 2.372ms
[3005.066s][info][gc] GC(100) Pause Young (Normal) (G1 Evacuation Pause) 80M->5M(128M) 1.664ms
[3035.341s][info][gc] GC(101) Pause Young (Normal) (G1 Evacuation Pause) 80M->5M(128M) 1.455ms
[3065.514s][info][gc] GC(102) Pause Young (Normal) (G1 Evacuation Pause) 80M->5M(128M) 2.285ms
[3096.142s][info][gc] GC(103) Pause Young (Normal) (G1 Evacuation Pause) 80M->5M(128M) 2.310ms
[3126.579s][info][gc] GC(104) Pause Young (Normal) (G1 Evacuation Pause) 80M->5M(128M) 2.066ms
[3157.000s][info][gc] GC(105) Pause Young (Normal) (G1 Evacuation Pause) 80M->5M(128M) 1.229ms
[3187.716s][info][gc] GC(106) Pause Young (Normal) (G1 Evacuation Pause) 80M->5M(128M) 1.515ms
[3218.448s][info][gc] GC(107) Pause Young (Normal) (G1 Evacuation Pause) 80M->5M(128M) 1.808ms
[3248.971s][info][gc] GC(108) Pause Young (Normal) (G1 Evacuation Pause) 80M->5M(128M) 2.683ms
[3279.612s][info][gc] GC(109) Pause Young (Normal) (G1 Evacuation Pause) 80M->5M(128M) 1.275ms
[3309.958s][info][gc] GC(110) Pause Young (Normal) (G1 Evacuation Pause) 80M->5M(128M) 1.836ms
[3340.453s][info][gc] GC(111) Pause Young (Normal) (G1 Evacuation Pause) 80M->5M(128M) 1.842ms
[3370.814s][info][gc] GC(112) Pause Young (Normal) (G1 Evacuation Pause) 80M->5M(128M) 1.289ms
[3401.289s][info][gc] GC(113) Pause Young (Normal) (G1 Evacuation Pause) 80M->5M(128M) 2.091ms
[3431.786s][info][gc] GC(114) Pause Young (Normal) (G1 Evacuation Pause) 80M->5M(128M) 1.664ms
[3462.131s][info][gc] GC(115) Pause Young (Normal) (G1 Evacuation Pause) 80M->5M(128M) 1.124ms
[3492.587s][info][gc] GC(116) Pause Young (Normal) (G1 Evacuation Pause) 80M->5M(128M) 1.428ms
[3522.971s][info][gc] GC(117) Pause Young (Normal) (G1 Evacuation Pause) 80M->5M(128M) 1.322ms
[3553.249s][info][gc] GC(118) Pause Young (Normal) (G1 Evacuation Pause) 80M->5M(128M) 1.416ms
[3583.701s][info][gc] GC(119) Pause Young (Normal) (G1 Evacuation Pause) 80M->5M(128M) 2.143ms
[3614.203s][info][gc] GC(120) Pause Young (Normal) (G1 Evacuation Pause) 80M->5M(128M) 3.660ms
[3644.614s][info][gc] GC(121) Pause Young (Normal) (G1 Evacuation Pause) 80M->5M(128M) 2.831ms
[3674.965s][info][gc] GC(122) Pause Young (Normal) (G1 Evacuation Pause) 80M->5M(128M) 1.415ms
[3705.249s][info][gc] GC(123) Pause Young (Normal) (G1 Evacuation Pause) 80M->5M(128M) 2.050ms
[3735.440s][info][gc] GC(124) Pause Young (Normal) (G1 Evacuation Pause) 80M->5M(128M) 1.978ms
[3765.743s][info][gc] GC(125) Pause Young (Normal) (G1 Evacuation Pause) 80M->5M(128M) 1.159ms
[3796.005s][info][gc] GC(126) Pause Young (Normal) (G1 Evacuation Pause) 80M->5M(128M) 3.003ms
[3826.381s][info][gc] GC(127) Pause Young (Normal) (G1 Evacuation Pause) 80M->5M(128M) 2.081ms
[3856.790s][info][gc] GC(128) Pause Young (Normal) (G1 Evacuation Pause) 80M->5M(128M) 1.275ms
[3887.178s][info][gc] GC(129) Pause Young (Normal) (G1 Evacuation Pause) 80M->5M(128M) 1.373ms
[3917.917s][info][gc] GC(130) Pause Young (Normal) (G1 Evacuation Pause) 80M->5M(128M) 1.465ms
[3948.374s][info][gc] GC(131) Pause Young (Normal) (G1 Evacuation Pause) 80M->5M(128M) 1.332ms
[3978.970s][info][gc] GC(132) Pause Young (Normal) (G1 Evacuation Pause) 80M->5M(128M) 1.685ms
[4009.261s][info][gc] GC(133) Pause Young (Normal) (G1 Evacuation Pause) 80M->5M(128M) 2.054ms
[4039.914s][info][gc] GC(134) Pause Young (Normal) (G1 Evacuation Pause) 80M->5M(128M) 1.436ms
