[0.009s][info][gc] Using G1
[1.092s][info][gc] GC(0) Pause Young (Normal) (G1 Evacuation Pause) 8M->3M(128M) 6.172ms
[1.186s][info][gc] GC(1) Pause Young (Normal) (G1 Evacuation Pause) 8M->3M(128M) 7.304ms
[33.699s][info][gc] GC(2) Pause Young (Normal) (G1 Evacuation Pause) 79M->4M(128M) 12.561ms
[63.683s][info][gc] GC(3) Pause Young (Normal) (G1 Evacuation Pause) 78M->5M(128M) 5.650ms
[93.498s][info][gc] GC(4) Pause Young (Normal) (G1 Evacuation Pause) 78M->5M(128M) 10.085ms
[123.831s][info][gc] GC(5) Pause Young (Normal) (G1 Evacuation Pause) 79M->5M(128M) 7.947ms
[154.065s][info][gc] GC(6) Pause Young (Normal) (G1 Evacuation Pause) 79M->4M(128M) 8.930ms
[184.181s][info][gc] GC(7) Pause Young (Normal) (G1 Evacuation Pause) 78M->4M(128M) 9.109ms
[214.301s][info][gc] GC(8) Pause Young (Normal) (G1 Evacuation Pause) 78M->4M(128M) 8.714ms
[244.209s][info][gc] GC(9) Pause Young (Normal) (G1 Evacuation Pause) 78M->4M(128M) 7.432ms
[274.720s][info][gc] GC(10) Pause Young (Normal) (G1 Evacuation Pause) 78M->4M(128M) 9.481ms
[304.742s][info][gc] GC(11) Pause Young (Normal) (G1 Evacuation Pause) 78M->4M(128M) 7.488ms
[334.954s][info][gc] GC(12) Pause Young (Normal) (G1 Evacuation Pause) 78M->4M(128M) 5.716ms
[364.747s][info][gc] GC(13) Pause Young (Normal) (G1 Evacuation Pause) 78M->4M(128M) 7.380ms
[394.853s][info][gc] GC(14) Pause Young (Normal) (G1 Evacuation Pause) 78M->4M(128M) 10.231ms
[424.992s][info][gc] GC(15) Pause Young (Normal) (G1 Evacuation Pause) 78M->4M(128M) 9.654ms
[455.326s][info][gc] GC(16) Pause Young (Normal) (G1 Evacuation Pause) 78M->4M(128M) 5.270ms
[485.237s][info][gc] GC(17) Pause Young (Normal) (G1 Evacuation Pause) 78M->5M(128M) 10.455ms
[515.863s][info][gc] GC(18) Pause Young (Normal) (G1 Evacuation Pause) 79M->5M(128M) 1.927ms
[546.165s][info][gc] GC(19) Pause Young (Normal) (G1 Evacuation Pause) 80M->5M(128M) 1.680ms
[576.453s][info][gc] GC(20) Pause Young (Normal) (G1 Evacuation Pause) 80M->5M(128M) 1.594ms
[606.897s][info][gc] GC(21) Pause Young (Normal) (G1 Evacuation Pause) 80M->5M(128M) 1.456ms
[637.247s][info][gc] GC(22) Pause Young (Normal) (G1 Evacuation Pause) 80M->5M(128M) 1.851ms
[667.813s][info][gc] GC(23) Pause Young (Normal) (G1 Evacuation Pause) 80M->5M(128M) 2.497ms
[698.166s][info][gc] GC(24) Pause Young (Normal) (G1 Evacuation Pause) 80M->5M(128M) 2.114ms
[728.559s][info][gc] GC(25) Pause Young (Normal) (G1 Evacuation Pause) 80M->5M(128M) 1.250ms
[759.191s][info][gc] GC(26) Pause Young (Normal) (G1 Evacuation Pause) 80M->5M(128M) 2.180ms
[789.676s][info][gc] GC(27) Pause Young (Normal) (G1 Evacuation Pause) 80M->5M(128M) 1.577ms
[820.446s][info][gc] GC(28) Pause Young (Normal) (G1 Evacuation Pause) 80M->5M(128M) 1.003ms
[850.847s][info][gc] GC(29) Pause Young (Normal) (G1 Evacuation Pause) 80M->5M(128M) 19.120ms
[881.531s][info][gc] GC(30) Pause Young (Normal) (G1 Evacuation Pause) 80M->5M(128M) 1.346ms
[912.025s][info][gc] GC(31) Pause Young (Normal) (G1 Evacuation Pause) 80M->5M(128M) 1.812ms
[942.464s][info][gc] GC(32) Pause Young (Normal) (G1 Evacuation Pause) 80M->5M(128M) 1.448ms
[973.066s][info][gc] GC(33) Pause Young (Normal) (G1 Evacuation Pause) 80M->5M(128M) 2.291ms
[1003.575s][info][gc] GC(34) Pause Young (Normal) (G1 Evacuation Pause) 80M->5M(128M) 3.286ms
[1034.037s][info][gc] GC(35) Pause Young (Normal) (G1 Evacuation Pause) 80M->5M(128M) 1.206ms
[1064.679s][info][gc] GC(36) Pause Young (Normal) (G1 Evacuation Pause) 80M->5M(128M) 1.239ms
[1095.330s][info][gc] GC(37) Pause Young (Normal) (G1 Evacuation Pause) 80M->5M(128M) 1.332ms
[1125.927s][info][gc] GC(38) Pause Young (Normal) (G1 Evacuation Pause) 80M->5M(128M) 1.253ms
[1156.535s][info][gc] GC(39) Pause Young (Normal) (G1 Evacuation Pause) 80M->5M(128M) 1.366ms
[1187.097s][info][gc] GC(40) Pause Young (Normal) (G1 Evacuation Pause) 80M->5M(128M) 1.644ms
[1217.495s][info][gc] GC(41) Pause Young (Normal) (G1 Evacuation Pause) 80M->5M(128M) 1.446ms
[1248.105s][info][gc] GC(42) Pause Young (Normal) (G1 Evacuation Pause) 80M->5M(128M) 1.731ms
[1278.776s][info][gc] GC(43) Pause Young (Normal) (G1 Evacuation Pause) 80M->5M(128M) 1.594ms
[1308.982s][info][gc] GC(44) Pause Young (Normal) (G1 Evacuation Pause) 80M->5M(128M) 2.275ms
[1339.434s][info][gc] GC(45) Pause Young (Normal) (G1 Evacuation Pause) 80M->5M(128M) 2.127ms
[1370.139s][info][gc] GC(46) Pause Young (Normal) (G1 Evacuation Pause) 80M->5M(128M) 3.342ms
[1400.426s][info][gc] GC(47) Pause Young (Normal) (G1 Evacuation Pause) 80M->5M(128M) 3.067ms
[1430.871s][info][gc] GC(48) Pause Young (Normal) (G1 Evacuation Pause) 80M->5M(128M) 2.862ms
[1461.267s][info][gc] GC(49) Pause Young (Normal) (G1 Evacuation Pause) 80M->5M(128M) 3.338ms
[1491.862s][info][gc] GC(50) Pause Young (Normal) (G1 Evacuation Pause) 80M->5M(128M) 2.033ms
[1522.582s][info][gc] GC(51) Pause Young (Normal) (G1 Evacuation Pause) 80M->5M(128M) 1.236ms
[1553.049s][info][gc] GC(52) Pause Young (Normal) (G1 Evacuation Pause) 80M->5M(128M) 1.860ms
[1583.630s][info][gc] GC(53) Pause Young (Normal) (G1 Evacuation Pause) 80M->5M(128M) 2.538ms
[1614.210s][info][gc] GC(54) Pause Young (Normal) (G1 Evacuation Pause) 80M->5M(128M) 0.860ms
[1644.821s][info][gc] GC(55) Pause Young (Normal) (G1 Evacuation Pause) 80M->5M(128M) 2.188ms
[1675.537s][info][gc] GC(56) Pause Young (Normal) (G1 Evacuation Pause) 80M->5M(128M) 1.780ms
[1706.003s][info][gc] GC(57) Pause Young (Normal) (G1 Evacuation Pause) 80M->5M(128M) 1.423ms
[1736.331s][info][gc] GC(58) Pause Young (Normal) (G1 Evacuation Pause) 80M->5M(128M) 3.105ms
[1766.871s][info][gc] GC(59) Pause Young (Normal) (G1 Evacuation Pause) 80M->5M(128M) 3.255ms
[1797.225s][info][gc] GC(60) Pause Young (Normal) (G1 Evacuation Pause) 80M->5M(128M) 1.894ms
[1827.797s][info][gc] GC(61) Pause Young (Normal) (G1 Evacuation Pause) 80M->5M(128M) 2.265ms
[1858.274s][info][gc] GC(62) Pause Young (Normal) (G1 Evacuation Pause) 80M->5M(128M) 2.428ms
[1889.073s][info][gc] GC(63) Pause Young (Normal) (G1 Evacuation Pause) 80M->5M(128M) 1.575ms
[1919.590s][info][gc] GC(64) Pause Young (Normal) (G1 Evacuation Pause) 80M->5M(128M) 1.629ms
[1950.008s][info][gc] GC(65) Pause Young (Normal) (G1 Evacuation Pause) 80M->5M(128M) 1.352ms
[1980.514s][info][gc] GC(66) Pause Young (Normal) (G1 Evacuation Pause) 80M->5M(128M) 1.812ms
[2010.861s][info][gc] GC(67) Pause Young (Normal) (G1 Evacuation Pause) 80M->5M(128M) 2.020ms
[2041.400s][info][gc] GC(68) Pause Young (Normal) (G1 Evacuation Pause) 80M->5M(128M) 1.323ms
[2071.922s][info][gc] GC(69) Pause Young (Normal) (G1 Evacuation Pause) 80M->5M(128M) 2.599ms
[2102.421s][info][gc] GC(70) Pause Young (Normal) (G1 Evacuation Pause) 80M->5M(128M) 1.662ms
[2132.783s][info][gc] GC(71) Pause Young (Normal) (G1 Evacuation Pause) 80M->5M(128M) 1.365ms
[2163.130s][info][gc] GC(72) Pause Young (Normal) (G1 Evacuation Pause) 80M->5M(128M) 1.082ms
[2193.646s][info][gc] GC(73) Pause Young (Normal) (G1 Evacuation Pause) 80M->5M(128M) 1.998ms
[2224.270s][info][gc] GC(74) Pause Young (Normal) (G1 Evacuation Pause) 80M->5M(128M) 1.425ms
[2254.818s][info][gc] GC(75) Pause Young (Normal) (G1 Evacuation Pause) 80M->5M(128M) 1.494ms
[2285.344s][info][gc] GC(76) Pause Young (Normal) (G1 Evacuation Pause) 80M->5M(128M) 1.713ms
[2316.132s][info][gc] GC(77) Pause Young (Normal) (G1 Evacuation Pause) 80M->5M(128M) 1.315ms
[2346.687s][info][gc] GC(78) Pause Young (Normal) (G1 Evacuation Pause) 80M->5M(128M) 1.587ms
[2377.461s][info][gc] GC(79) Pause Young (Normal) (G1 Evacuation Pause) 80M->5M(128M) 1.670ms
[2407.931s][info][gc] GC(80) Pause Young (Normal) (G1 Evacuation Pause) 80M->5M(128M) 1.645ms
[2438.149s][info][gc] GC(81) Pause Young (Normal) (G1 Evacuation Pause) 80M->5M(128M) 2.526ms
[2468.753s][info][gc] GC(82) Pause Young (Normal) (G1 Evacuation Pause) 80M->5M(128M) 2.320ms
[2499.358s][info][gc] GC(83) Pause Young (Normal) (G1 Evacuation Pause) 80M->5M(128M) 2.073ms
[2530.022s][info][gc] GC(84) Pause Young (Normal) (G1 Evacuation Pause) 80M->5M(128M) 2.995ms
[2560.678s][info][gc] GC(85) Pause Young (Normal) (G1 Evacuation Pause) 80M->5M(128M) 1.633ms
[2591.032s][info][gc] GC(86) Pause Young (Normal) (G1 Evacuation Pause) 80M->5M(128M) 1.036ms
[2621.684s][info][gc] GC(87) Pause Young (Normal) (G1 Evacuation Pause) 80M->5M(128M) 1.085ms
[2652.065s][info][gc] GC(88) Pause Young (Normal) (G1 Evacuation Pause) 80M->5M(128M) 1.980ms
[2682.334s][info][gc] GC(89) Pause Young (Normal) (G1 Evacuation Pause) 80M->5M(128M) 1.901ms
[2713.054s][info][gc] GC(90) Pause Young (Normal) (G1 Evacuation Pause) 80M->5M(128M) 1.182ms
[2743.239s][info][gc] GC(91) Pause Young (Normal) (G1 Evacuation Pause) 80M->5M(128M) 1.123ms
[2773.746s][info][gc] GC(92) Pause Young (Normal) (G1 Evacuation Pause) 80M->5M(128M) 2.914ms
[2804.367s][info][gc] GC(93) Pause Young (Normal) (G1 Evacuation Pause) 80M->5M(128M) 1.353ms
[2835.327s][info][gc] GC(94) Pause Young (Normal) (G1 Evacuation Pause) 80M->5M(128M) 1.161ms
[2866.080s][info][gc] GC(95) Pause Young (Normal) (G1 Evacuation Pause) 80M->5M(128M) 1.902ms
[2896.797s][info][gc] GC(96) Pause Young (Normal) (G1 Evacuation Pause) 80M->5M(128M) 1.628ms
[2927.598s][info][gc] GC(97) Pause Young (Normal) (G1 Evacuation Pause) 80M->5M(128M) 2.536ms
[2958.631s][info][gc] GC(98) Pause Young (Normal) (G1 Evacuation Pause) 80M->5M(128M) 1.411ms
[2989.439s][info][gc] GC(99) Pause Young (Normal) (G1 Evacuation Pause) 80M->5M(128M) 1.318ms
[3020.156s][info][gc] GC(100) Pause Young (Normal) (G1 Evacuation Pause) 80M->5M(128M) 1.218ms
[3050.740s][info][gc] GC(101) Pause Young (Normal) (G1 Evacuation Pause) 80M->5M(128M) 1.218ms
[3081.520s][info][gc] GC(102) Pause Young (Normal) (G1 Evacuation Pause) 80M->5M(128M) 4.130ms
[3112.456s][info][gc] GC(103) Pause Young (Normal) (G1 Evacuation Pause) 80M->5M(128M) 1.426ms
[3142.965s][info][gc] GC(104) Pause Young (Normal) (G1 Evacuation Pause) 80M->5M(128M) 1.874ms
[3173.580s][info][gc] GC(105) Pause Young (Normal) (G1 Evacuation Pause) 80M->5M(128M) 1.408ms
[3203.963s][info][gc] GC(106) Pause Young (Normal) (G1 Evacuation Pause) 80M->5M(128M) 1.505ms
[3234.633s][info][gc] GC(107) Pause Young (Normal) (G1 Evacuation Pause) 80M->5M(128M) 1.879ms
[3265.150s][info][gc] GC(108) Pause Young (Normal) (G1 Evacuation Pause) 80M->5M(128M) 2.282ms
[3295.522s][info][gc] GC(109) Pause Young (Normal) (G1 Evacuation Pause) 80M->5M(128M) 1.460ms
[3326.205s][info][gc] GC(110) Pause Young (Normal) (G1 Evacuation Pause) 80M->5M(128M) 1.810ms
[3356.818s][info][gc] GC(111) Pause Young (Normal) (G1 Evacuation Pause) 80M->5M(128M) 1.154ms
[3387.626s][info][gc] GC(112) Pause Young (Normal) (G1 Evacuation Pause) 80M->5M(128M) 2.278ms
[3418.414s][info][gc] GC(113) Pause Young (Normal) (G1 Evacuation Pause) 80M->5M(128M) 1.490ms
[3448.984s][info][gc] GC(114) Pause Young (Normal) (G1 Evacuation Pause) 80M->5M(128M) 1.455ms
[3479.805s][info][gc] GC(115) Pause Young (Normal) (G1 Evacuation Pause) 80M->5M(128M) 1.828ms
[3510.431s][info][gc] GC(116) Pause Young (Normal) (G1 Evacuation Pause) 80M->5M(128M) 1.360ms
[3541.185s][info][gc] GC(117) Pause Young (Normal) (G1 Evacuation Pause) 80M->5M(128M) 1.675ms
[3571.682s][info][gc] GC(118) Pause Young (Normal) (G1 Evacuation Pause) 80M->5M(128M) 2.312ms
[3602.445s][info][gc] GC(119) Pause Young (Normal) (G1 Evacuation Pause) 80M->5M(128M) 1.363ms
[3633.018s][info][gc] GC(120) Pause Young (Normal) (G1 Evacuation Pause) 80M->5M(128M) 2.318ms
[3663.549s][info][gc] GC(121) Pause Young (Normal) (G1 Evacuation Pause) 80M->5M(128M) 1.963ms
[3694.251s][info][gc] GC(122) Pause Young (Normal) (G1 Evacuation Pause) 80M->5M(128M) 3.600ms
[3725.216s][info][gc] GC(123) Pause Young (Normal) (G1 Evacuation Pause) 80M->5M(128M) 1.209ms
[3755.728s][info][gc] GC(124) Pause Young (Normal) (G1 Evacuation Pause) 80M->5M(128M) 1.358ms
[3786.590s][info][gc] GC(125) Pause Young (Normal) (G1 Evacuation Pause) 80M->5M(128M) 1.631ms
[3817.255s][info][gc] GC(126) Pause Young (Normal) (G1 Evacuation Pause) 80M->5M(128M) 1.231ms
[3848.044s][info][gc] GC(127) Pause Young (Normal) (G1 Evacuation Pause) 80M->5M(128M) 4.330ms
[3878.686s][info][gc] GC(128) Pause Young (Normal) (G1 Evacuation Pause) 80M->5M(128M) 2.212ms
[3909.591s][info][gc] GC(129) Pause Young (Normal) (G1 Evacuation Pause) 80M->5M(128M) 2.957ms
[3940.547s][info][gc] GC(130) Pause Young (Normal) (G1 Evacuation Pause) 80M->5M(128M) 1.378ms
[3971.327s][info][gc] GC(131) Pause Young (Normal) (G1 Evacuation Pause) 80M->5M(128M) 1.246ms
[4002.179s][info][gc] GC(132) Pause Young (Normal) (G1 Evacuation Pause) 80M->5M(128M) 1.585ms
[4032.918s][info][gc] GC(133) Pause Young (Normal) (G1 Evacuation Pause) 80M->5M(128M) 2.759ms
[4063.824s][info][gc] GC(134) Pause Young (Normal) (G1 Evacuation Pause) 80M->5M(128M) 1.188ms
