OpenJDK 64-Bit Server VM (25.222-b10) for linux-amd64 JRE (1.8.0_222-8u222-b10-1ubuntu1~18.04.1-b10), built on Jul 18 2019 18:52:48 by "buildd" with gcc 7.4.0
Memory: 4k page, physical 16424660k(15508140k free), swap 0k(0k free)
CommandLine flags: -XX:CompressedClassSpaceSize=45297664 -XX:InitialHeapSize=536870912 -XX:MaxHeapSize=536870912 -XX:MaxMetaspaceSize=53686272 -XX:NewRatio=1 -XX:+PrintGC -XX:+PrintGCTimeStamps -XX:+RequireSharedSpaces -XX:ReservedCodeCacheSize=26843136 -XX:-TieredCompilation -XX:+UseCompressedClassPointers -XX:+UseCompressedOops -XX:+UseSerialGC -XX:+UseSharedSpaces 
5.278: [Full GC (JvmtiEnv ForceGarbageCollection)  77777K->2882K(498112K), 0.0177778 secs]
8.169: [Full GC (JvmtiEnv ForceGarbageCollection)  70615K->2973K(498112K), 0.0071765 secs]
11.081: [Full GC (JvmtiEnv ForceGarbageCollection)  62314K->3062K(498112K), 0.0076056 secs]
14.035: [Full GC (JvmtiEnv ForceGarbageCollection)  62404K->2766K(498112K), 0.0090992 secs]
17.052: [Full GC (JvmtiEnv ForceGarbageCollection)  57911K->2856K(498112K), 0.0090058 secs]
20.054: [Full GC (JvmtiEnv ForceGarbageCollection)  58002K->2947K(498112K), 0.0084202 secs]
23.161: [Full GC (JvmtiEnv ForceGarbageCollection)  58093K->3040K(498112K), 0.0093042 secs]
26.177: [Full GC (JvmtiEnv ForceGarbageCollection)  58186K->2769K(498112K), 0.0123161 secs]
29.224: [Full GC (JvmtiEnv ForceGarbageCollection)  57915K->2860K(498112K), 0.0079754 secs]
32.171: [Full GC (JvmtiEnv ForceGarbageCollection)  58005K->2950K(498112K), 0.0067308 secs]
35.164: [Full GC (JvmtiEnv ForceGarbageCollection)  58096K->3041K(498112K), 0.0074208 secs]
38.166: [Full GC (JvmtiEnv ForceGarbageCollection)  58187K->2770K(498112K), 0.0079367 secs]
41.218: [Full GC (JvmtiEnv ForceGarbageCollection)  57916K->2861K(498112K), 0.0071324 secs]
44.294: [Full GC (JvmtiEnv ForceGarbageCollection)  58007K->2952K(498112K), 0.0065092 secs]
47.378: [Full GC (JvmtiEnv ForceGarbageCollection)  58098K->3043K(498112K), 0.0097912 secs]
50.484: [Full GC (JvmtiEnv ForceGarbageCollection)  58189K->2771K(498112K), 0.0062000 secs]
53.525: [Full GC (JvmtiEnv ForceGarbageCollection)  57917K->2863K(498112K), 0.0085083 secs]
56.606: [Full GC (JvmtiEnv ForceGarbageCollection)  58009K->2955K(498112K), 0.0077773 secs]
59.570: [Full GC (JvmtiEnv ForceGarbageCollection)  58101K->3047K(498112K), 0.0075218 secs]
62.573: [Full GC (JvmtiEnv ForceGarbageCollection)  58185K->2774K(498112K), 0.0084332 secs]
65.615: [Full GC (JvmtiEnv ForceGarbageCollection)  57920K->2868K(498112K), 0.0095991 secs]
68.552: [Full GC (JvmtiEnv ForceGarbageCollection)  58005K->2962K(498112K), 0.0068673 secs]
71.550: [Full GC (JvmtiEnv ForceGarbageCollection)  58108K->3055K(498112K), 0.0081341 secs]
74.633: [Full GC (JvmtiEnv ForceGarbageCollection)  58201K->2778K(498112K), 0.0084047 secs]
77.677: [Full GC (JvmtiEnv ForceGarbageCollection)  57924K->2871K(498112K), 0.0081895 secs]
80.744: [Full GC (JvmtiEnv ForceGarbageCollection)  58017K->2964K(498112K), 0.0073220 secs]
83.856: [Full GC (JvmtiEnv ForceGarbageCollection)  58109K->3057K(498112K), 0.0090670 secs]
86.993: [Full GC (JvmtiEnv ForceGarbageCollection)  58203K->2779K(498112K), 0.0071785 secs]
90.106: [Full GC (JvmtiEnv ForceGarbageCollection)  57925K->2872K(498112K), 0.0056445 secs]
93.232: [Full GC (JvmtiEnv ForceGarbageCollection)  58018K->2965K(498112K), 0.0081315 secs]
96.339: [Full GC (JvmtiEnv ForceGarbageCollection)  58111K->3059K(498112K), 0.0088142 secs]
99.432: [Full GC (JvmtiEnv ForceGarbageCollection)  58205K->2779K(498112K), 0.0080480 secs]
102.582: [Full GC (JvmtiEnv ForceGarbageCollection)  57925K->2873K(498112K), 0.0089096 secs]
105.630: [Full GC (JvmtiEnv ForceGarbageCollection)  58019K->2967K(498112K), 0.0062163 secs]
108.781: [Full GC (JvmtiEnv ForceGarbageCollection)  58113K->3061K(498112K), 0.0068616 secs]
111.779: [Full GC (JvmtiEnv ForceGarbageCollection)  58207K->2781K(498112K), 0.0071589 secs]
114.810: [Full GC (JvmtiEnv ForceGarbageCollection)  57927K->2875K(498112K), 0.0077835 secs]
117.858: [Full GC (JvmtiEnv ForceGarbageCollection)  58021K->2971K(498112K), 0.0069568 secs]
120.734: [Full GC (JvmtiEnv ForceGarbageCollection)  66509K->3068K(498112K), 0.0108462 secs]
123.776: [Full GC (JvmtiEnv ForceGarbageCollection)  58213K->2788K(498112K), 0.0090184 secs]
126.844: [Full GC (JvmtiEnv ForceGarbageCollection)  57934K->2882K(498112K), 0.0074658 secs]
129.850: [Full GC (JvmtiEnv ForceGarbageCollection)  58028K->2977K(498112K), 0.0081285 secs]
132.852: [Full GC (JvmtiEnv ForceGarbageCollection)  58123K->3071K(498112K), 0.0086044 secs]
135.818: [Full GC (JvmtiEnv ForceGarbageCollection)  58217K->2788K(498112K), 0.0081714 secs]
138.788: [Full GC (JvmtiEnv ForceGarbageCollection)  57934K->2883K(498112K), 0.0077234 secs]
141.912: [Full GC (JvmtiEnv ForceGarbageCollection)  58029K->2978K(498112K), 0.0087075 secs]
144.823: [Full GC (JvmtiEnv ForceGarbageCollection)  58124K->3073K(498112K), 0.0057768 secs]
147.810: [Full GC (JvmtiEnv ForceGarbageCollection)  58219K->2789K(498112K), 0.0075885 secs]
150.784: [Full GC (JvmtiEnv ForceGarbageCollection)  57935K->2884K(498112K), 0.0088180 secs]
153.776: [Full GC (JvmtiEnv ForceGarbageCollection)  58030K->2980K(498112K), 0.0083449 secs]
156.732: [Full GC (JvmtiEnv ForceGarbageCollection)  58126K->3076K(498112K), 0.0079445 secs]
159.684: [Full GC (JvmtiEnv ForceGarbageCollection)  58221K->2790K(498112K), 0.0077826 secs]
162.760: [Full GC (JvmtiEnv ForceGarbageCollection)  57936K->2886K(498112K), 0.0068767 secs]
165.780: [Full GC (JvmtiEnv ForceGarbageCollection)  58032K->2982K(498112K), 0.0068136 secs]
168.797: [Full GC (JvmtiEnv ForceGarbageCollection)  58127K->3078K(498112K), 0.0113143 secs]
171.826: [Full GC (JvmtiEnv ForceGarbageCollection)  58224K->2791K(498112K), 0.0114649 secs]
174.752: [Full GC (JvmtiEnv ForceGarbageCollection)  57937K->2887K(498112K), 0.0074704 secs]
177.848: [Full GC (JvmtiEnv ForceGarbageCollection)  58033K->2983K(498112K), 0.0085607 secs]
180.865: [Full GC (JvmtiEnv ForceGarbageCollection)  58129K->3079K(498112K), 0.0078767 secs]
183.904: [Full GC (JvmtiEnv ForceGarbageCollection)  58225K->2791K(498112K), 0.0085628 secs]
186.979: [Full GC (JvmtiEnv ForceGarbageCollection)  57937K->2887K(498112K), 0.0063127 secs]
190.014: [Full GC (JvmtiEnv ForceGarbageCollection)  58033K->2984K(498112K), 0.0074112 secs]
193.088: [Full GC (JvmtiEnv ForceGarbageCollection)  62482K->3080K(498112K), 0.0062446 secs]
196.087: [Full GC (JvmtiEnv ForceGarbageCollection)  62578K->2792K(498112K), 0.0076853 secs]
199.086: [Full GC (JvmtiEnv ForceGarbageCollection)  62290K->2889K(498112K), 0.0073333 secs]
202.172: [Full GC (JvmtiEnv ForceGarbageCollection)  62387K->2985K(498112K), 0.0086271 secs]
205.152: [Full GC (JvmtiEnv ForceGarbageCollection)  62483K->3082K(498112K), 0.0081157 secs]
208.184: [Full GC (JvmtiEnv ForceGarbageCollection)  62580K->2792K(498112K), 0.0069307 secs]
211.259: [Full GC (JvmtiEnv ForceGarbageCollection)  62290K->2890K(498112K), 0.0068610 secs]
214.377: [Full GC (JvmtiEnv ForceGarbageCollection)  62388K->2988K(498112K), 0.0098392 secs]
217.417: [Full GC (JvmtiEnv ForceGarbageCollection)  62486K->3085K(498112K), 0.0078223 secs]
220.440: [Full GC (JvmtiEnv ForceGarbageCollection)  62583K->2793K(498112K), 0.0074437 secs]
223.534: [Full GC (JvmtiEnv ForceGarbageCollection)  62291K->2892K(498112K), 0.0071842 secs]
226.649: [Full GC (JvmtiEnv ForceGarbageCollection)  62390K->2990K(498112K), 0.0074198 secs]
229.765: [Full GC (JvmtiEnv ForceGarbageCollection)  62488K->3088K(498112K), 0.0085317 secs]
232.876: [Full GC (JvmtiEnv ForceGarbageCollection)  62586K->2794K(498112K), 0.0064961 secs]
236.026: [Full GC (JvmtiEnv ForceGarbageCollection)  62292K->2892K(498112K), 0.0056934 secs]
239.091: [Full GC (JvmtiEnv ForceGarbageCollection)  62390K->2991K(498112K), 0.0072755 secs]
242.174: [Full GC (JvmtiEnv ForceGarbageCollection)  62489K->3089K(498112K), 0.0072698 secs]
245.248: [Full GC (JvmtiEnv ForceGarbageCollection)  62587K->2794K(498112K), 0.0077826 secs]
248.345: [Full GC (JvmtiEnv ForceGarbageCollection)  62292K->2893K(498112K), 0.0078415 secs]
251.479: [Full GC (JvmtiEnv ForceGarbageCollection)  62391K->2992K(498112K), 0.0102152 secs]
254.642: [Full GC (JvmtiEnv ForceGarbageCollection)  62490K->3091K(498112K), 0.0089604 secs]
257.783: [Full GC (JvmtiEnv ForceGarbageCollection)  62589K->2795K(498112K), 0.0060741 secs]
260.956: [Full GC (JvmtiEnv ForceGarbageCollection)  62293K->2894K(498112K), 0.0087763 secs]
264.121: [Full GC (JvmtiEnv ForceGarbageCollection)  62392K->2995K(498112K), 0.0075106 secs]
267.176: [Full GC (JvmtiEnv ForceGarbageCollection)  62493K->3094K(498112K), 0.0075644 secs]
270.217: [Full GC (JvmtiEnv ForceGarbageCollection)  62592K->2802K(498112K), 0.0074123 secs]
273.282: [Full GC (JvmtiEnv ForceGarbageCollection)  62300K->2902K(498112K), 0.0073017 secs]
276.363: [Full GC (JvmtiEnv ForceGarbageCollection)  62400K->3001K(498112K), 0.0088484 secs]
279.505: [Full GC (JvmtiEnv ForceGarbageCollection)  62499K->3102K(498112K), 0.0087507 secs]
282.681: [Full GC (JvmtiEnv ForceGarbageCollection)  62600K->2804K(498112K), 0.0071711 secs]
285.820: [Full GC (JvmtiEnv ForceGarbageCollection)  62302K->2906K(498112K), 0.0085219 secs]
288.990: [Full GC (JvmtiEnv ForceGarbageCollection)  62404K->3006K(498112K), 0.0085499 secs]
292.097: [Full GC (JvmtiEnv ForceGarbageCollection)  62488K->3107K(498112K), 0.0077019 secs]
295.245: [Full GC (JvmtiEnv ForceGarbageCollection)  62588K->2807K(498112K), 0.0076249 secs]
298.504: [Full GC (JvmtiEnv ForceGarbageCollection)  62289K->2908K(498112K), 0.0084413 secs]
301.684: [Full GC (JvmtiEnv ForceGarbageCollection)  62390K->3009K(498112K), 0.0088750 secs]
304.897: [Full GC (JvmtiEnv ForceGarbageCollection)  62490K->3110K(498112K), 0.0064467 secs]
308.059: [Full GC (JvmtiEnv ForceGarbageCollection)  62591K->2808K(498112K), 0.0075226 secs]
311.299: [Full GC (JvmtiEnv ForceGarbageCollection)  62290K->2909K(498112K), 0.0079859 secs]
314.522: [Full GC (JvmtiEnv ForceGarbageCollection)  62391K->3011K(498112K), 0.0083320 secs]
317.688: [Full GC (JvmtiEnv ForceGarbageCollection)  62492K->3112K(498112K), 0.0089748 secs]
320.899: [Full GC (JvmtiEnv ForceGarbageCollection)  62594K->2809K(498112K), 0.0084116 secs]
324.176: [Full GC (JvmtiEnv ForceGarbageCollection)  62291K->2911K(498112K), 0.0118226 secs]
327.443: [Full GC (JvmtiEnv ForceGarbageCollection)  62392K->3013K(498112K), 0.0106740 secs]
330.603: [Full GC (JvmtiEnv ForceGarbageCollection)  62494K->3115K(498112K), 0.0096070 secs]
333.743: [Full GC (JvmtiEnv ForceGarbageCollection)  62613K->2810K(498112K), 0.0083216 secs]
336.962: [Full GC (JvmtiEnv ForceGarbageCollection)  62291K->2912K(498112K), 0.0082569 secs]
340.179: [Full GC (JvmtiEnv ForceGarbageCollection)  62393K->3014K(498112K), 0.0064611 secs]
343.475: [Full GC (JvmtiEnv ForceGarbageCollection)  62496K->3118K(498112K), 0.0065310 secs]
346.785: [Full GC (JvmtiEnv ForceGarbageCollection)  62616K->2811K(498112K), 0.0085112 secs]
349.975: [Full GC (JvmtiEnv ForceGarbageCollection)  62309K->2914K(498112K), 0.0071686 secs]
353.199: [Full GC (JvmtiEnv ForceGarbageCollection)  62412K->3016K(498112K), 0.0085750 secs]
356.440: [Full GC (JvmtiEnv ForceGarbageCollection)  62514K->3119K(498112K), 0.0085207 secs]
359.708: [Full GC (JvmtiEnv ForceGarbageCollection)  62617K->2812K(498112K), 0.0067451 secs]
362.998: [Full GC (JvmtiEnv ForceGarbageCollection)  62310K->2915K(498112K), 0.0092219 secs]
366.203: [Full GC (JvmtiEnv ForceGarbageCollection)  62413K->3018K(498112K), 0.0106897 secs]
369.396: [Full GC (JvmtiEnv ForceGarbageCollection)  62516K->3122K(498112K), 0.0108709 secs]
372.624: [Full GC (JvmtiEnv ForceGarbageCollection)  62620K->2812K(498112K), 0.0083559 secs]
375.799: [Full GC (JvmtiEnv ForceGarbageCollection)  62310K->2916K(498112K), 0.0081532 secs]
379.099: [Full GC (JvmtiEnv ForceGarbageCollection)  62413K->3020K(498112K), 0.0080565 secs]
382.404: [Full GC (JvmtiEnv ForceGarbageCollection)  62518K->3123K(498112K), 0.0094505 secs]
385.793: [Full GC (JvmtiEnv ForceGarbageCollection)  62621K->2812K(498112K), 0.0070394 secs]
389.050: [Full GC (JvmtiEnv ForceGarbageCollection)  62310K->2916K(498112K), 0.0064856 secs]
392.280: [Full GC (JvmtiEnv ForceGarbageCollection)  66766K->3021K(498112K), 0.0080131 secs]
395.449: [Full GC (JvmtiEnv ForceGarbageCollection)  66871K->3125K(498112K), 0.0101989 secs]
398.692: [Full GC (JvmtiEnv ForceGarbageCollection)  66975K->2813K(498112K), 0.0073735 secs]
401.909: [Full GC (JvmtiEnv ForceGarbageCollection)  62311K->2917K(498112K), 0.0073990 secs]
405.228: [Full GC (JvmtiEnv ForceGarbageCollection)  66767K->3021K(498112K), 0.0099129 secs]
408.570: [Full GC (JvmtiEnv ForceGarbageCollection)  66872K->3126K(498112K), 0.0145132 secs]
411.868: [Full GC (JvmtiEnv ForceGarbageCollection)  66976K->2813K(498112K), 0.0126263 secs]
415.181: [Full GC (JvmtiEnv ForceGarbageCollection)  66663K->2917K(498112K), 0.0076745 secs]
418.435: [Full GC (JvmtiEnv ForceGarbageCollection)  66768K->3022K(498112K), 0.0073497 secs]
421.668: [Full GC (JvmtiEnv ForceGarbageCollection)  66872K->3127K(498112K), 0.0091751 secs]
424.935: [Full GC (JvmtiEnv ForceGarbageCollection)  66977K->2814K(498112K), 0.0101888 secs]
428.301: [Full GC (JvmtiEnv ForceGarbageCollection)  66664K->2919K(498112K), 0.0066036 secs]
431.574: [Full GC (JvmtiEnv ForceGarbageCollection)  66769K->3024K(498112K), 0.0076588 secs]
434.898: [Full GC (JvmtiEnv ForceGarbageCollection)  66874K->3129K(498112K), 0.0088931 secs]
438.242: [Full GC (JvmtiEnv ForceGarbageCollection)  66979K->2814K(498112K), 0.0104167 secs]
441.494: [Full GC (JvmtiEnv ForceGarbageCollection)  66664K->2920K(498112K), 0.0091354 secs]
444.804: [Full GC (JvmtiEnv ForceGarbageCollection)  66770K->3026K(498112K), 0.0079867 secs]
448.202: [Full GC (JvmtiEnv ForceGarbageCollection)  66876K->3132K(498112K), 0.0126623 secs]
451.536: [Full GC (JvmtiEnv ForceGarbageCollection)  66982K->2814K(498112K), 0.0077190 secs]
454.933: [Full GC (JvmtiEnv ForceGarbageCollection)  66664K->2921K(498112K), 0.0062768 secs]
458.195: [Full GC (JvmtiEnv ForceGarbageCollection)  66771K->3027K(498112K), 0.0062436 secs]
461.566: [Full GC (JvmtiEnv ForceGarbageCollection)  66877K->3134K(498112K), 0.0074440 secs]
464.876: [Full GC (JvmtiEnv ForceGarbageCollection)  66984K->2815K(498112K), 0.0079347 secs]
468.221: [Full GC (JvmtiEnv ForceGarbageCollection)  66665K->2921K(498112K), 0.0076488 secs]
471.586: [Full GC (JvmtiEnv ForceGarbageCollection)  66772K->3029K(498112K), 0.0089819 secs]
474.999: [Full GC (JvmtiEnv ForceGarbageCollection)  66879K->3136K(498112K), 0.0073790 secs]
478.391: [Full GC (JvmtiEnv ForceGarbageCollection)  66986K->2815K(498112K), 0.0081381 secs]
481.718: [Full GC (JvmtiEnv ForceGarbageCollection)  66666K->2923K(498112K), 0.0082909 secs]
485.105: [Full GC (JvmtiEnv ForceGarbageCollection)  66773K->3030K(498112K), 0.0077676 secs]
488.539: [Full GC (JvmtiEnv ForceGarbageCollection)  66880K->3138K(498112K), 0.0074665 secs]
491.942: [Full GC (JvmtiEnv ForceGarbageCollection)  66988K->2816K(498112K), 0.0084971 secs]
495.269: [Full GC (JvmtiEnv ForceGarbageCollection)  66666K->2924K(498112K), 0.0077994 secs]
498.625: [Full GC (JvmtiEnv ForceGarbageCollection)  66774K->3032K(498112K), 0.0074386 secs]
501.971: [Full GC (JvmtiEnv ForceGarbageCollection)  66882K->3140K(498112K), 0.0078205 secs]
505.341: [Full GC (JvmtiEnv ForceGarbageCollection)  66990K->2817K(498112K), 0.0087665 secs]
508.920: [Full GC (JvmtiEnv ForceGarbageCollection)  66667K->2925K(498112K), 0.0076262 secs]
512.263: [Full GC (JvmtiEnv ForceGarbageCollection)  66775K->3034K(498112K), 0.0074668 secs]
515.628: [Full GC (JvmtiEnv ForceGarbageCollection)  66884K->3142K(498112K), 0.0079879 secs]
519.008: [Full GC (JvmtiEnv ForceGarbageCollection)  66992K->2703K(498112K), 0.0085043 secs]
522.423: [Full GC (JvmtiEnv ForceGarbageCollection)  66553K->2812K(498112K), 0.0097656 secs]
525.896: [Full GC (JvmtiEnv ForceGarbageCollection)  66662K->2921K(498112K), 0.0058795 secs]
529.354: [Full GC (JvmtiEnv ForceGarbageCollection)  66771K->3030K(498112K), 0.0067366 secs]
532.828: [Full GC (JvmtiEnv ForceGarbageCollection)  66880K->2703K(498112K), 0.0078486 secs]
536.245: [Full GC (JvmtiEnv ForceGarbageCollection)  66553K->2812K(498112K), 0.0089327 secs]
539.659: [Full GC (JvmtiEnv ForceGarbageCollection)  66662K->2922K(498112K), 0.0072314 secs]
543.010: [Full GC (JvmtiEnv ForceGarbageCollection)  66772K->3032K(498112K), 0.0066565 secs]
546.389: [Full GC (JvmtiEnv ForceGarbageCollection)  66882K->2704K(498112K), 0.0079678 secs]
549.883: [Full GC (JvmtiEnv ForceGarbageCollection)  66554K->2814K(498112K), 0.0063868 secs]
553.367: [Full GC (JvmtiEnv ForceGarbageCollection)  66664K->2924K(498112K), 0.0062226 secs]
556.872: [Full GC (JvmtiEnv ForceGarbageCollection)  66774K->3034K(498112K), 0.0092203 secs]
560.401: [Full GC (JvmtiEnv ForceGarbageCollection)  66884K->2705K(498112K), 0.0092491 secs]
563.839: [Full GC (JvmtiEnv ForceGarbageCollection)  66555K->2815K(498112K), 0.0078231 secs]
567.331: [Full GC (JvmtiEnv ForceGarbageCollection)  66665K->2925K(498112K), 0.0078511 secs]
570.916: [Full GC (JvmtiEnv ForceGarbageCollection)  66776K->3036K(498112K), 0.0062098 secs]
574.499: [Full GC (JvmtiEnv ForceGarbageCollection)  66886K->2705K(498112K), 0.0100746 secs]
578.013: [Full GC (JvmtiEnv ForceGarbageCollection)  70750K->2817K(498112K), 0.0067647 secs]
581.579: [Full GC (JvmtiEnv ForceGarbageCollection)  66667K->2928K(498112K), 0.0085473 secs]
584.968: [Full GC (JvmtiEnv ForceGarbageCollection)  66778K->3039K(498112K), 0.0099012 secs]
588.484: [Full GC (JvmtiEnv ForceGarbageCollection)  66889K->2706K(498112K), 0.0073503 secs]
592.007: [Full GC (JvmtiEnv ForceGarbageCollection)  66556K->2817K(498112K), 0.0077428 secs]
595.588: [Full GC (JvmtiEnv ForceGarbageCollection)  66667K->2929K(498112K), 0.0115752 secs]
599.200: [Full GC (JvmtiEnv ForceGarbageCollection)  66779K->3041K(498112K), 0.0071610 secs]
602.688: [Full GC (JvmtiEnv ForceGarbageCollection)  66891K->2706K(498112K), 0.0074791 secs]
606.155: [Full GC (JvmtiEnv ForceGarbageCollection)  66556K->2818K(498112K), 0.0072218 secs]
609.688: [Full GC (JvmtiEnv ForceGarbageCollection)  70880K->2930K(498112K), 0.0078844 secs]
613.312: [Full GC (JvmtiEnv ForceGarbageCollection)  70993K->3043K(498112K), 0.0068769 secs]
616.929: [Full GC (JvmtiEnv ForceGarbageCollection)  71105K->2707K(498112K), 0.0065739 secs]
620.431: [Full GC (JvmtiEnv ForceGarbageCollection)  70769K->2819K(498112K), 0.0072109 secs]
623.921: [Full GC (JvmtiEnv ForceGarbageCollection)  70882K->2932K(498112K), 0.0074087 secs]
627.527: [Full GC (JvmtiEnv ForceGarbageCollection)  70994K->3045K(498112K), 0.0077107 secs]
631.167: [Full GC (JvmtiEnv ForceGarbageCollection)  71107K->2708K(498112K), 0.0089949 secs]
634.795: [Full GC (JvmtiEnv ForceGarbageCollection)  70770K->2821K(498112K), 0.0071721 secs]
638.459: [Full GC (JvmtiEnv ForceGarbageCollection)  70883K->2934K(498112K), 0.0063683 secs]
642.038: [Full GC (JvmtiEnv ForceGarbageCollection)  70996K->3047K(498112K), 0.0067573 secs]
645.551: [Full GC (JvmtiEnv ForceGarbageCollection)  71109K->2708K(498112K), 0.0076821 secs]
649.172: [Full GC (JvmtiEnv ForceGarbageCollection)  70771K->2822K(498112K), 0.0081292 secs]
652.811: [Full GC (JvmtiEnv ForceGarbageCollection)  70884K->2936K(498112K), 0.0176473 secs]
656.532: [Full GC (JvmtiEnv ForceGarbageCollection)  70998K->3049K(498112K), 0.0069088 secs]
660.179: [Full GC (JvmtiEnv ForceGarbageCollection)  71112K->2708K(498112K), 0.0102097 secs]
663.785: [Full GC (JvmtiEnv ForceGarbageCollection)  70771K->2823K(498112K), 0.0077065 secs]
667.380: [Full GC (JvmtiEnv ForceGarbageCollection)  70885K->2937K(498112K), 0.0081431 secs]
670.835: [Full GC (JvmtiEnv ForceGarbageCollection)  70999K->3051K(498112K), 0.0081175 secs]
674.460: [Full GC (JvmtiEnv ForceGarbageCollection)  71114K->2709K(498112K), 0.0069244 secs]
678.132: [Full GC (JvmtiEnv ForceGarbageCollection)  70771K->2823K(498112K), 0.0073856 secs]
