OpenJDK 64-Bit Server VM (25.222-b10) for linux-amd64 JRE (1.8.0_222-8u222-b10-1ubuntu1~18.04.1-b10), built on Jul 18 2019 18:52:48 by "buildd" with gcc 7.4.0
Memory: 4k page, physical 16424660k(15509524k free), swap 0k(0k free)
CommandLine flags: -XX:CompressedClassSpaceSize=45297664 -XX:InitialHeapSize=536870912 -XX:MaxHeapSize=536870912 -XX:MaxMetaspaceSize=53686272 -XX:NewRatio=1 -XX:+PrintGC -XX:+PrintGCTimeStamps -XX:+RequireSharedSpaces -XX:ReservedCodeCacheSize=26843136 -XX:-TieredCompilation -XX:+UseCompressedClassPointers -XX:+UseCompressedOops -XX:+UseSerialGC -XX:+UseSharedSpaces 
4.645: [Full GC (JvmtiEnv ForceGarbageCollection)  77777K->2882K(498112K), 0.0140900 secs]
7.526: [Full GC (JvmtiEnv ForceGarbageCollection)  70615K->2973K(498112K), 0.0074211 secs]
10.434: [Full GC (JvmtiEnv ForceGarbageCollection)  62314K->3062K(498112K), 0.0064625 secs]
13.310: [Full GC (JvmtiEnv ForceGarbageCollection)  62404K->2766K(498112K), 0.0079956 secs]
16.223: [Full GC (JvmtiEnv ForceGarbageCollection)  57911K->2856K(498112K), 0.0073074 secs]
19.159: [Full GC (JvmtiEnv ForceGarbageCollection)  58002K->2947K(498112K), 0.0073736 secs]
22.092: [Full GC (JvmtiEnv ForceGarbageCollection)  58093K->3040K(498112K), 0.0062870 secs]
25.040: [Full GC (JvmtiEnv ForceGarbageCollection)  58186K->2768K(498112K), 0.0149146 secs]
27.973: [Full GC (JvmtiEnv ForceGarbageCollection)  57914K->2859K(498112K), 0.0064946 secs]
30.901: [Full GC (JvmtiEnv ForceGarbageCollection)  58005K->2949K(498112K), 0.0074258 secs]
33.767: [Full GC (JvmtiEnv ForceGarbageCollection)  58095K->3040K(498112K), 0.0064846 secs]
36.739: [Full GC (JvmtiEnv ForceGarbageCollection)  58186K->2769K(498112K), 0.0074372 secs]
39.701: [Full GC (JvmtiEnv ForceGarbageCollection)  57915K->2860K(498112K), 0.0083134 secs]
42.649: [Full GC (JvmtiEnv ForceGarbageCollection)  58005K->2951K(498112K), 0.0113095 secs]
45.783: [Full GC (JvmtiEnv ForceGarbageCollection)  58097K->3042K(498112K), 0.0085386 secs]
48.756: [Full GC (JvmtiEnv ForceGarbageCollection)  58188K->2770K(498112K), 0.0083469 secs]
51.808: [Full GC (JvmtiEnv ForceGarbageCollection)  57916K->2861K(498112K), 0.0082231 secs]
54.639: [Full GC (JvmtiEnv ForceGarbageCollection)  58007K->2952K(498112K), 0.0071466 secs]
57.996: [Full GC (JvmtiEnv ForceGarbageCollection)  58098K->3044K(498112K), 0.0074792 secs]
61.013: [Full GC (JvmtiEnv ForceGarbageCollection)  58190K->2773K(498112K), 0.0103414 secs]
64.055: [Full GC (JvmtiEnv ForceGarbageCollection)  57919K->2866K(498112K), 0.0103675 secs]
67.032: [Full GC (JvmtiEnv ForceGarbageCollection)  58003K->2960K(498112K), 0.0070849 secs]
69.967: [Full GC (JvmtiEnv ForceGarbageCollection)  58106K->3052K(498112K), 0.0076949 secs]
72.951: [Full GC (JvmtiEnv ForceGarbageCollection)  58197K->2777K(498112K), 0.0078277 secs]
75.883: [Full GC (JvmtiEnv ForceGarbageCollection)  57923K->2869K(498112K), 0.0080608 secs]
78.797: [Full GC (JvmtiEnv ForceGarbageCollection)  58015K->2962K(498112K), 0.0071294 secs]
81.853: [Full GC (JvmtiEnv ForceGarbageCollection)  58108K->3055K(498112K), 0.0079355 secs]
84.869: [Full GC (JvmtiEnv ForceGarbageCollection)  58201K->2780K(498112K), 0.0093070 secs]
87.842: [Full GC (JvmtiEnv ForceGarbageCollection)  57925K->2872K(498112K), 0.0066005 secs]
90.861: [Full GC (JvmtiEnv ForceGarbageCollection)  58018K->2964K(498112K), 0.0075589 secs]
93.846: [Full GC (JvmtiEnv ForceGarbageCollection)  58110K->3057K(498112K), 0.0071646 secs]
96.854: [Full GC (JvmtiEnv ForceGarbageCollection)  58203K->2780K(498112K), 0.0069158 secs]
99.939: [Full GC (JvmtiEnv ForceGarbageCollection)  57926K->2873K(498112K), 0.0075188 secs]
102.973: [Full GC (JvmtiEnv ForceGarbageCollection)  58019K->2967K(498112K), 0.0076294 secs]
106.089: [Full GC (JvmtiEnv ForceGarbageCollection)  58113K->3061K(498112K), 0.0073379 secs]
109.060: [Full GC (JvmtiEnv ForceGarbageCollection)  58207K->2782K(498112K), 0.0058611 secs]
112.056: [Full GC (JvmtiEnv ForceGarbageCollection)  57927K->2876K(498112K), 0.0071123 secs]
114.991: [Full GC (JvmtiEnv ForceGarbageCollection)  58022K->2970K(498112K), 0.0069642 secs]
117.924: [Full GC (JvmtiEnv ForceGarbageCollection)  66507K->3067K(498112K), 0.0070152 secs]
120.826: [Full GC (JvmtiEnv ForceGarbageCollection)  58213K->2787K(498112K), 0.0070806 secs]
123.740: [Full GC (JvmtiEnv ForceGarbageCollection)  57933K->2881K(498112K), 0.0074591 secs]
126.800: [Full GC (JvmtiEnv ForceGarbageCollection)  58027K->2976K(498112K), 0.0068686 secs]
129.750: [Full GC (JvmtiEnv ForceGarbageCollection)  58121K->3070K(498112K), 0.0074762 secs]
132.598: [Full GC (JvmtiEnv ForceGarbageCollection)  58216K->2788K(498112K), 0.0063740 secs]
135.533: [Full GC (JvmtiEnv ForceGarbageCollection)  57934K->2883K(498112K), 0.0077576 secs]
138.395: [Full GC (JvmtiEnv ForceGarbageCollection)  58028K->2977K(498112K), 0.0068624 secs]
141.295: [Full GC (JvmtiEnv ForceGarbageCollection)  58123K->3072K(498112K), 0.0070915 secs]
144.173: [Full GC (JvmtiEnv ForceGarbageCollection)  58218K->2789K(498112K), 0.0068549 secs]
147.057: [Full GC (JvmtiEnv ForceGarbageCollection)  57935K->2884K(498112K), 0.0071421 secs]
150.016: [Full GC (JvmtiEnv ForceGarbageCollection)  58030K->2979K(498112K), 0.0068050 secs]
152.986: [Full GC (JvmtiEnv ForceGarbageCollection)  58125K->3074K(498112K), 0.0114544 secs]
155.962: [Full GC (JvmtiEnv ForceGarbageCollection)  58220K->2790K(498112K), 0.0067875 secs]
158.943: [Full GC (JvmtiEnv ForceGarbageCollection)  57936K->2886K(498112K), 0.0069176 secs]
162.040: [Full GC (JvmtiEnv ForceGarbageCollection)  58032K->2982K(498112K), 0.0071531 secs]
165.025: [Full GC (JvmtiEnv ForceGarbageCollection)  58127K->3077K(498112K), 0.0076398 secs]
167.940: [Full GC (JvmtiEnv ForceGarbageCollection)  58223K->2791K(498112K), 0.0068158 secs]
170.892: [Full GC (JvmtiEnv ForceGarbageCollection)  57936K->2886K(498112K), 0.0086810 secs]
173.928: [Full GC (JvmtiEnv ForceGarbageCollection)  58032K->2982K(498112K), 0.0070282 secs]
176.893: [Full GC (JvmtiEnv ForceGarbageCollection)  58128K->3078K(498112K), 0.0068103 secs]
179.882: [Full GC (JvmtiEnv ForceGarbageCollection)  58224K->2791K(498112K), 0.0067668 secs]
182.837: [Full GC (JvmtiEnv ForceGarbageCollection)  57937K->2887K(498112K), 0.0072313 secs]
185.778: [Full GC (JvmtiEnv ForceGarbageCollection)  58033K->2984K(498112K), 0.0075234 secs]
188.772: [Full GC (JvmtiEnv ForceGarbageCollection)  62481K->3080K(498112K), 0.0083963 secs]
191.829: [Full GC (JvmtiEnv ForceGarbageCollection)  62578K->2792K(498112K), 0.0065084 secs]
194.813: [Full GC (JvmtiEnv ForceGarbageCollection)  62290K->2889K(498112K), 0.0087476 secs]
197.768: [Full GC (JvmtiEnv ForceGarbageCollection)  62387K->2985K(498112K), 0.0121544 secs]
200.752: [Full GC (JvmtiEnv ForceGarbageCollection)  62483K->3082K(498112K), 0.0071743 secs]
203.764: [Full GC (JvmtiEnv ForceGarbageCollection)  62580K->2792K(498112K), 0.0089921 secs]
206.724: [Full GC (JvmtiEnv ForceGarbageCollection)  62290K->2890K(498112K), 0.0072335 secs]
209.795: [Full GC (JvmtiEnv ForceGarbageCollection)  62388K->2988K(498112K), 0.0069495 secs]
212.865: [Full GC (JvmtiEnv ForceGarbageCollection)  62486K->3085K(498112K), 0.0079357 secs]
215.923: [Full GC (JvmtiEnv ForceGarbageCollection)  62583K->2793K(498112K), 0.0072102 secs]
219.061: [Full GC (JvmtiEnv ForceGarbageCollection)  62291K->2891K(498112K), 0.0102859 secs]
222.090: [Full GC (JvmtiEnv ForceGarbageCollection)  62389K->2990K(498112K), 0.0069271 secs]
225.231: [Full GC (JvmtiEnv ForceGarbageCollection)  62488K->3088K(498112K), 0.0070317 secs]
228.267: [Full GC (JvmtiEnv ForceGarbageCollection)  62586K->2794K(498112K), 0.0073206 secs]
231.347: [Full GC (JvmtiEnv ForceGarbageCollection)  62292K->2892K(498112K), 0.0089542 secs]
234.498: [Full GC (JvmtiEnv ForceGarbageCollection)  62390K->2991K(498112K), 0.0068317 secs]
237.553: [Full GC (JvmtiEnv ForceGarbageCollection)  62489K->3090K(498112K), 0.0066536 secs]
240.651: [Full GC (JvmtiEnv ForceGarbageCollection)  62588K->2795K(498112K), 0.0075585 secs]
243.690: [Full GC (JvmtiEnv ForceGarbageCollection)  62293K->2894K(498112K), 0.0069181 secs]
246.693: [Full GC (JvmtiEnv ForceGarbageCollection)  62392K->2993K(498112K), 0.0082054 secs]
249.793: [Full GC (JvmtiEnv ForceGarbageCollection)  62491K->3094K(498112K), 0.0112780 secs]
252.906: [Full GC (JvmtiEnv ForceGarbageCollection)  62592K->2796K(498112K), 0.0092751 secs]
256.017: [Full GC (JvmtiEnv ForceGarbageCollection)  62294K->2896K(498112K), 0.0081174 secs]
259.207: [Full GC (JvmtiEnv ForceGarbageCollection)  62394K->2996K(498112K), 0.0092850 secs]
262.333: [Full GC (JvmtiEnv ForceGarbageCollection)  62494K->3095K(498112K), 0.0067174 secs]
265.407: [Full GC (JvmtiEnv ForceGarbageCollection)  62593K->2797K(498112K), 0.0074646 secs]
268.501: [Full GC (JvmtiEnv ForceGarbageCollection)  62287K->2903K(498112K), 0.0074732 secs]
271.637: [Full GC (JvmtiEnv ForceGarbageCollection)  62401K->3004K(498112K), 0.0084249 secs]
274.694: [Full GC (JvmtiEnv ForceGarbageCollection)  62501K->3110K(498112K), 0.0085660 secs]
277.896: [Full GC (JvmtiEnv ForceGarbageCollection)  62608K->2804K(498112K), 0.0076898 secs]
281.046: [Full GC (JvmtiEnv ForceGarbageCollection)  62302K->2905K(498112K), 0.0079789 secs]
284.334: [Full GC (JvmtiEnv ForceGarbageCollection)  62394K->3007K(498112K), 0.0088967 secs]
287.515: [Full GC (JvmtiEnv ForceGarbageCollection)  62505K->3109K(498112K), 0.0064435 secs]
290.600: [Full GC (JvmtiEnv ForceGarbageCollection)  62590K->2808K(498112K), 0.0082208 secs]
293.672: [Full GC (JvmtiEnv ForceGarbageCollection)  62289K->2908K(498112K), 0.0083913 secs]
296.724: [Full GC (JvmtiEnv ForceGarbageCollection)  62389K->3008K(498112K), 0.0070911 secs]
299.754: [Full GC (JvmtiEnv ForceGarbageCollection)  62490K->3125K(498112K), 0.0128098 secs]
302.781: [Full GC (JvmtiEnv ForceGarbageCollection)  62623K->2808K(498112K), 0.0081219 secs]
305.906: [Full GC (JvmtiEnv ForceGarbageCollection)  62290K->2909K(498112K), 0.0072665 secs]
309.150: [Full GC (JvmtiEnv ForceGarbageCollection)  62391K->3010K(498112K), 0.0066531 secs]
312.268: [Full GC (JvmtiEnv ForceGarbageCollection)  62492K->3112K(498112K), 0.0108258 secs]
315.528: [Full GC (JvmtiEnv ForceGarbageCollection)  62593K->2809K(498112K), 0.0083254 secs]
318.547: [Full GC (JvmtiEnv ForceGarbageCollection)  62291K->2911K(498112K), 0.0074819 secs]
321.651: [Full GC (JvmtiEnv ForceGarbageCollection)  62392K->3012K(498112K), 0.0084831 secs]
324.764: [Full GC (JvmtiEnv ForceGarbageCollection)  62494K->3114K(498112K), 0.0076824 secs]
327.963: [Full GC (JvmtiEnv ForceGarbageCollection)  62595K->2810K(498112K), 0.0069130 secs]
331.191: [Full GC (JvmtiEnv ForceGarbageCollection)  62292K->2912K(498112K), 0.0064448 secs]
334.420: [Full GC (JvmtiEnv ForceGarbageCollection)  62394K->3014K(498112K), 0.0087852 secs]
337.562: [Full GC (JvmtiEnv ForceGarbageCollection)  62496K->3116K(498112K), 0.0059210 secs]
340.733: [Full GC (JvmtiEnv ForceGarbageCollection)  62598K->2812K(498112K), 0.0078133 secs]
343.913: [Full GC (JvmtiEnv ForceGarbageCollection)  62310K->2914K(498112K), 0.0085864 secs]
347.235: [Full GC (JvmtiEnv ForceGarbageCollection)  62412K->3017K(498112K), 0.0076254 secs]
350.465: [Full GC (JvmtiEnv ForceGarbageCollection)  62515K->3120K(498112K), 0.0084559 secs]
353.693: [Full GC (JvmtiEnv ForceGarbageCollection)  62618K->2811K(498112K), 0.0070015 secs]
356.835: [Full GC (JvmtiEnv ForceGarbageCollection)  62309K->2914K(498112K), 0.0061693 secs]
360.048: [Full GC (JvmtiEnv ForceGarbageCollection)  62412K->3017K(498112K), 0.0075640 secs]
363.257: [Full GC (JvmtiEnv ForceGarbageCollection)  62515K->3120K(498112K), 0.0080443 secs]
366.441: [Full GC (JvmtiEnv ForceGarbageCollection)  62618K->2812K(498112K), 0.0075822 secs]
369.692: [Full GC (JvmtiEnv ForceGarbageCollection)  62310K->2915K(498112K), 0.0102013 secs]
372.921: [Full GC (JvmtiEnv ForceGarbageCollection)  62413K->3018K(498112K), 0.0226588 secs]
376.166: [Full GC (JvmtiEnv ForceGarbageCollection)  62516K->3122K(498112K), 0.0065438 secs]
379.392: [Full GC (JvmtiEnv ForceGarbageCollection)  62620K->2812K(498112K), 0.0083311 secs]
382.567: [Full GC (JvmtiEnv ForceGarbageCollection)  62310K->2916K(498112K), 0.0077504 secs]
385.764: [Full GC (JvmtiEnv ForceGarbageCollection)  62414K->3020K(498112K), 0.0076118 secs]
389.017: [Full GC (JvmtiEnv ForceGarbageCollection)  62518K->3124K(498112K), 0.0083343 secs]
392.329: [Full GC (JvmtiEnv ForceGarbageCollection)  62622K->2812K(498112K), 0.0069991 secs]
395.614: [Full GC (JvmtiEnv ForceGarbageCollection)  62310K->2916K(498112K), 0.0077847 secs]
398.883: [Full GC (JvmtiEnv ForceGarbageCollection)  62414K->3020K(498112K), 0.0070961 secs]
402.087: [Full GC (JvmtiEnv ForceGarbageCollection)  66871K->3125K(498112K), 0.0074882 secs]
405.342: [Full GC (JvmtiEnv ForceGarbageCollection)  66975K->2813K(498112K), 0.0088120 secs]
408.728: [Full GC (JvmtiEnv ForceGarbageCollection)  66663K->2918K(498112K), 0.0087512 secs]
412.043: [Full GC (JvmtiEnv ForceGarbageCollection)  66768K->3022K(498112K), 0.0074667 secs]
415.341: [Full GC (JvmtiEnv ForceGarbageCollection)  66872K->3127K(498112K), 0.0138786 secs]
418.619: [Full GC (JvmtiEnv ForceGarbageCollection)  66977K->2814K(498112K), 0.0072111 secs]
421.940: [Full GC (JvmtiEnv ForceGarbageCollection)  66664K->2919K(498112K), 0.0073649 secs]
425.170: [Full GC (JvmtiEnv ForceGarbageCollection)  66769K->3024K(498112K), 0.0082927 secs]
428.423: [Full GC (JvmtiEnv ForceGarbageCollection)  66874K->3130K(498112K), 0.0083037 secs]
431.661: [Full GC (JvmtiEnv ForceGarbageCollection)  66980K->2814K(498112K), 0.0082830 secs]
434.968: [Full GC (JvmtiEnv ForceGarbageCollection)  66664K->2919K(498112K), 0.0092832 secs]
438.269: [Full GC (JvmtiEnv ForceGarbageCollection)  66769K->3025K(498112K), 0.0092036 secs]
441.542: [Full GC (JvmtiEnv ForceGarbageCollection)  66875K->3131K(498112K), 0.0067390 secs]
444.756: [Full GC (JvmtiEnv ForceGarbageCollection)  66981K->2814K(498112K), 0.0078157 secs]
447.986: [Full GC (JvmtiEnv ForceGarbageCollection)  66664K->2920K(498112K), 0.0098602 secs]
451.265: [Full GC (JvmtiEnv ForceGarbageCollection)  66770K->3026K(498112K), 0.0079698 secs]
454.509: [Full GC (JvmtiEnv ForceGarbageCollection)  66876K->3133K(498112K), 0.0080357 secs]
457.792: [Full GC (JvmtiEnv ForceGarbageCollection)  66983K->2814K(498112K), 0.0073468 secs]
461.115: [Full GC (JvmtiEnv ForceGarbageCollection)  66665K->2921K(498112K), 0.0090549 secs]
464.489: [Full GC (JvmtiEnv ForceGarbageCollection)  66771K->3028K(498112K), 0.0091106 secs]
467.943: [Full GC (JvmtiEnv ForceGarbageCollection)  66878K->3134K(498112K), 0.0077266 secs]
471.220: [Full GC (JvmtiEnv ForceGarbageCollection)  66984K->2815K(498112K), 0.0074132 secs]
474.452: [Full GC (JvmtiEnv ForceGarbageCollection)  66665K->2922K(498112K), 0.0081194 secs]
477.759: [Full GC (JvmtiEnv ForceGarbageCollection)  66772K->3029K(498112K), 0.0083897 secs]
481.149: [Full GC (JvmtiEnv ForceGarbageCollection)  66879K->3136K(498112K), 0.0069837 secs]
484.492: [Full GC (JvmtiEnv ForceGarbageCollection)  66986K->2816K(498112K), 0.0068444 secs]
487.864: [Full GC (JvmtiEnv ForceGarbageCollection)  66666K->2923K(498112K), 0.0077292 secs]
491.158: [Full GC (JvmtiEnv ForceGarbageCollection)  66773K->3030K(498112K), 0.0087387 secs]
494.484: [Full GC (JvmtiEnv ForceGarbageCollection)  66880K->3138K(498112K), 0.0087061 secs]
497.874: [Full GC (JvmtiEnv ForceGarbageCollection)  66988K->2816K(498112K), 0.0074147 secs]
501.237: [Full GC (JvmtiEnv ForceGarbageCollection)  66667K->2924K(498112K), 0.0076718 secs]
504.564: [Full GC (JvmtiEnv ForceGarbageCollection)  66774K->3032K(498112K), 0.0080293 secs]
507.915: [Full GC (JvmtiEnv ForceGarbageCollection)  66882K->3140K(498112K), 0.0086434 secs]
511.333: [Full GC (JvmtiEnv ForceGarbageCollection)  66990K->2817K(498112K), 0.0064244 secs]
514.645: [Full GC (JvmtiEnv ForceGarbageCollection)  66667K->2926K(498112K), 0.0085593 secs]
518.048: [Full GC (JvmtiEnv ForceGarbageCollection)  66776K->3034K(498112K), 0.0092392 secs]
521.416: [Full GC (JvmtiEnv ForceGarbageCollection)  66884K->3143K(498112K), 0.0104653 secs]
524.837: [Full GC (JvmtiEnv ForceGarbageCollection)  66993K->2703K(498112K), 0.0111865 secs]
528.338: [Full GC (JvmtiEnv ForceGarbageCollection)  66553K->2812K(498112K), 0.0099077 secs]
531.817: [Full GC (JvmtiEnv ForceGarbageCollection)  66662K->2921K(498112K), 0.0075124 secs]
535.247: [Full GC (JvmtiEnv ForceGarbageCollection)  66771K->3030K(498112K), 0.0063759 secs]
538.677: [Full GC (JvmtiEnv ForceGarbageCollection)  66880K->2704K(498112K), 0.0078874 secs]
542.135: [Full GC (JvmtiEnv ForceGarbageCollection)  66554K->2813K(498112K), 0.0073425 secs]
545.556: [Full GC (JvmtiEnv ForceGarbageCollection)  66663K->2923K(498112K), 0.0077039 secs]
548.991: [Full GC (JvmtiEnv ForceGarbageCollection)  66773K->3032K(498112K), 0.0103666 secs]
552.461: [Full GC (JvmtiEnv ForceGarbageCollection)  66882K->2704K(498112K), 0.0064505 secs]
555.899: [Full GC (JvmtiEnv ForceGarbageCollection)  66554K->2814K(498112K), 0.0060534 secs]
559.368: [Full GC (JvmtiEnv ForceGarbageCollection)  66664K->2924K(498112K), 0.0077225 secs]
562.776: [Full GC (JvmtiEnv ForceGarbageCollection)  66774K->3034K(498112K), 0.0083308 secs]
566.160: [Full GC (JvmtiEnv ForceGarbageCollection)  66884K->2705K(498112K), 0.0089842 secs]
569.476: [Full GC (JvmtiEnv ForceGarbageCollection)  66555K->2815K(498112K), 0.0085613 secs]
572.952: [Full GC (JvmtiEnv ForceGarbageCollection)  66665K->2926K(498112K), 0.0076983 secs]
576.432: [Full GC (JvmtiEnv ForceGarbageCollection)  66776K->3036K(498112K), 0.0109712 secs]
579.869: [Full GC (JvmtiEnv ForceGarbageCollection)  71081K->2706K(498112K), 0.0076004 secs]
583.309: [Full GC (JvmtiEnv ForceGarbageCollection)  66556K->2817K(498112K), 0.0076789 secs]
586.762: [Full GC (JvmtiEnv ForceGarbageCollection)  66667K->2928K(498112K), 0.0072849 secs]
590.297: [Full GC (JvmtiEnv ForceGarbageCollection)  66778K->3039K(498112K), 0.0071627 secs]
593.748: [Full GC (JvmtiEnv ForceGarbageCollection)  66889K->2706K(498112K), 0.0075218 secs]
597.307: [Full GC (JvmtiEnv ForceGarbageCollection)  66556K->2818K(498112K), 0.0113256 secs]
600.762: [Full GC (JvmtiEnv ForceGarbageCollection)  66668K->2929K(498112K), 0.0068803 secs]
604.217: [Full GC (JvmtiEnv ForceGarbageCollection)  66779K->3041K(498112K), 0.0078970 secs]
607.673: [Full GC (JvmtiEnv ForceGarbageCollection)  66891K->2707K(498112K), 0.0082220 secs]
611.171: [Full GC (JvmtiEnv ForceGarbageCollection)  66557K->2818K(498112K), 0.0124651 secs]
614.679: [Full GC (JvmtiEnv ForceGarbageCollection)  70881K->2931K(498112K), 0.0068506 secs]
618.261: [Full GC (JvmtiEnv ForceGarbageCollection)  70993K->3043K(498112K), 0.0073226 secs]
621.818: [Full GC (JvmtiEnv ForceGarbageCollection)  71106K->2707K(498112K), 0.0062129 secs]
625.299: [Full GC (JvmtiEnv ForceGarbageCollection)  70770K->2820K(498112K), 0.0062226 secs]
628.825: [Full GC (JvmtiEnv ForceGarbageCollection)  70882K->2932K(498112K), 0.0088910 secs]
632.309: [Full GC (JvmtiEnv ForceGarbageCollection)  70994K->3045K(498112K), 0.0075748 secs]
635.855: [Full GC (JvmtiEnv ForceGarbageCollection)  71107K->2708K(498112K), 0.0073329 secs]
639.437: [Full GC (JvmtiEnv ForceGarbageCollection)  70770K->2821K(498112K), 0.0093088 secs]
642.972: [Full GC (JvmtiEnv ForceGarbageCollection)  70883K->2934K(498112K), 0.0114841 secs]
646.563: [Full GC (JvmtiEnv ForceGarbageCollection)  70996K->3047K(498112K), 0.0076956 secs]
650.151: [Full GC (JvmtiEnv ForceGarbageCollection)  71109K->2709K(498112K), 0.0080126 secs]
653.746: [Full GC (JvmtiEnv ForceGarbageCollection)  70771K->2822K(498112K), 0.0074857 secs]
657.251: [Full GC (JvmtiEnv ForceGarbageCollection)  70885K->2936K(498112K), 0.0118459 secs]
660.842: [Full GC (JvmtiEnv ForceGarbageCollection)  70998K->3050K(498112K), 0.0108729 secs]
664.468: [Full GC (JvmtiEnv ForceGarbageCollection)  71112K->2709K(498112K), 0.0071350 secs]
668.029: [Full GC (JvmtiEnv ForceGarbageCollection)  70771K->2823K(498112K), 0.0071672 secs]
671.645: [Full GC (JvmtiEnv ForceGarbageCollection)  70885K->2937K(498112K), 0.0074493 secs]
