OpenJDK 64-Bit Server VM (25.222-b10) for linux-amd64 JRE (1.8.0_222-8u222-b10-1ubuntu1~18.04.1-b10), built on Jul 18 2019 18:52:48 by "buildd" with gcc 7.4.0
Memory: 4k page, physical 16424660k(15508256k free), swap 0k(0k free)
CommandLine flags: -XX:CompressedClassSpaceSize=45297664 -XX:InitialHeapSize=536870912 -XX:MaxHeapSize=536870912 -XX:MaxMetaspaceSize=53686272 -XX:NewRatio=1 -XX:+PrintGC -XX:+PrintGCTimeStamps -XX:+RequireSharedSpaces -XX:ReservedCodeCacheSize=26843136 -XX:-TieredCompilation -XX:+UseCompressedClassPointers -XX:+UseCompressedOops -XX:+UseSerialGC -XX:+UseSharedSpaces 
4.698: [Full GC (JvmtiEnv ForceGarbageCollection)  77777K->2882K(498112K), 0.0146226 secs]
7.605: [Full GC (JvmtiEnv ForceGarbageCollection)  70615K->2973K(498112K), 0.0079748 secs]
10.477: [Full GC (JvmtiEnv ForceGarbageCollection)  62314K->3062K(498112K), 0.0080506 secs]
13.388: [Full GC (JvmtiEnv ForceGarbageCollection)  62404K->2766K(498112K), 0.0081845 secs]
16.362: [Full GC (JvmtiEnv ForceGarbageCollection)  57911K->2856K(498112K), 0.0070061 secs]
19.384: [Full GC (JvmtiEnv ForceGarbageCollection)  58002K->2947K(498112K), 0.0062607 secs]
22.413: [Full GC (JvmtiEnv ForceGarbageCollection)  58093K->3040K(498112K), 0.0093451 secs]
25.428: [Full GC (JvmtiEnv ForceGarbageCollection)  58186K->2769K(498112K), 0.0129243 secs]
28.424: [Full GC (JvmtiEnv ForceGarbageCollection)  57915K->2860K(498112K), 0.0079331 secs]
31.371: [Full GC (JvmtiEnv ForceGarbageCollection)  58005K->2950K(498112K), 0.0066548 secs]
34.321: [Full GC (JvmtiEnv ForceGarbageCollection)  58096K->3041K(498112K), 0.0070624 secs]
37.412: [Full GC (JvmtiEnv ForceGarbageCollection)  58187K->2770K(498112K), 0.0057187 secs]
40.475: [Full GC (JvmtiEnv ForceGarbageCollection)  57916K->2861K(498112K), 0.0058067 secs]
43.557: [Full GC (JvmtiEnv ForceGarbageCollection)  58007K->2952K(498112K), 0.0093275 secs]
46.578: [Full GC (JvmtiEnv ForceGarbageCollection)  58098K->3043K(498112K), 0.0069169 secs]
49.768: [Full GC (JvmtiEnv ForceGarbageCollection)  58189K->2770K(498112K), 0.0073238 secs]
52.813: [Full GC (JvmtiEnv ForceGarbageCollection)  57916K->2862K(498112K), 0.0096606 secs]
55.791: [Full GC (JvmtiEnv ForceGarbageCollection)  58008K->2953K(498112K), 0.0130201 secs]
58.830: [Full GC (JvmtiEnv ForceGarbageCollection)  58099K->3044K(498112K), 0.0059270 secs]
61.836: [Full GC (JvmtiEnv ForceGarbageCollection)  58190K->2773K(498112K), 0.0076855 secs]
64.841: [Full GC (JvmtiEnv ForceGarbageCollection)  57919K->2866K(498112K), 0.0070875 secs]
67.905: [Full GC (JvmtiEnv ForceGarbageCollection)  58003K->2960K(498112K), 0.0072724 secs]
70.862: [Full GC (JvmtiEnv ForceGarbageCollection)  58106K->3051K(498112K), 0.0069756 secs]
73.917: [Full GC (JvmtiEnv ForceGarbageCollection)  58197K->2777K(498112K), 0.0072281 secs]
77.003: [Full GC (JvmtiEnv ForceGarbageCollection)  57923K->2869K(498112K), 0.0124352 secs]
80.040: [Full GC (JvmtiEnv ForceGarbageCollection)  58015K->2962K(498112K), 0.0080014 secs]
83.105: [Full GC (JvmtiEnv ForceGarbageCollection)  58108K->3054K(498112K), 0.0121986 secs]
86.118: [Full GC (JvmtiEnv ForceGarbageCollection)  58200K->2778K(498112K), 0.0089597 secs]
89.091: [Full GC (JvmtiEnv ForceGarbageCollection)  57924K->2870K(498112K), 0.0075682 secs]
92.110: [Full GC (JvmtiEnv ForceGarbageCollection)  58016K->2962K(498112K), 0.0079325 secs]
95.175: [Full GC (JvmtiEnv ForceGarbageCollection)  58108K->3054K(498112K), 0.0079642 secs]
98.272: [Full GC (JvmtiEnv ForceGarbageCollection)  58199K->2779K(498112K), 0.0065045 secs]
101.406: [Full GC (JvmtiEnv ForceGarbageCollection)  57925K->2871K(498112K), 0.0059626 secs]
104.485: [Full GC (JvmtiEnv ForceGarbageCollection)  58017K->2964K(498112K), 0.0080753 secs]
107.516: [Full GC (JvmtiEnv ForceGarbageCollection)  58110K->3057K(498112K), 0.0060924 secs]
110.520: [Full GC (JvmtiEnv ForceGarbageCollection)  58203K->2781K(498112K), 0.0084870 secs]
113.545: [Full GC (JvmtiEnv ForceGarbageCollection)  57927K->2874K(498112K), 0.0079304 secs]
116.484: [Full GC (JvmtiEnv ForceGarbageCollection)  58020K->2966K(498112K), 0.0070868 secs]
119.441: [Full GC (JvmtiEnv ForceGarbageCollection)  62308K->3063K(498112K), 0.0063914 secs]
122.382: [Full GC (JvmtiEnv ForceGarbageCollection)  58209K->2786K(498112K), 0.0067532 secs]
125.299: [Full GC (JvmtiEnv ForceGarbageCollection)  57932K->2879K(498112K), 0.0080748 secs]
128.234: [Full GC (JvmtiEnv ForceGarbageCollection)  58025K->2973K(498112K), 0.0075656 secs]
131.177: [Full GC (JvmtiEnv ForceGarbageCollection)  58119K->3066K(498112K), 0.0076293 secs]
134.060: [Full GC (JvmtiEnv ForceGarbageCollection)  58212K->2788K(498112K), 0.0089702 secs]
136.990: [Full GC (JvmtiEnv ForceGarbageCollection)  57934K->2881K(498112K), 0.0080162 secs]
139.926: [Full GC (JvmtiEnv ForceGarbageCollection)  58027K->2975K(498112K), 0.0089535 secs]
142.925: [Full GC (JvmtiEnv ForceGarbageCollection)  58121K->3069K(498112K), 0.0096407 secs]
145.921: [Full GC (JvmtiEnv ForceGarbageCollection)  58214K->2788K(498112K), 0.0068711 secs]
148.868: [Full GC (JvmtiEnv ForceGarbageCollection)  57934K->2882K(498112K), 0.0064701 secs]
151.774: [Full GC (JvmtiEnv ForceGarbageCollection)  58028K->2977K(498112K), 0.0079337 secs]
154.683: [Full GC (JvmtiEnv ForceGarbageCollection)  58122K->3071K(498112K), 0.0076623 secs]
157.684: [Full GC (JvmtiEnv ForceGarbageCollection)  58217K->2789K(498112K), 0.0070429 secs]
160.629: [Full GC (JvmtiEnv ForceGarbageCollection)  57935K->2883K(498112K), 0.0071400 secs]
163.627: [Full GC (JvmtiEnv ForceGarbageCollection)  58029K->2978K(498112K), 0.0071920 secs]
166.730: [Full GC (JvmtiEnv ForceGarbageCollection)  58124K->3073K(498112K), 0.0064298 secs]
169.629: [Full GC (JvmtiEnv ForceGarbageCollection)  58219K->2790K(498112K), 0.0103112 secs]
172.613: [Full GC (JvmtiEnv ForceGarbageCollection)  57936K->2885K(498112K), 0.0076636 secs]
175.607: [Full GC (JvmtiEnv ForceGarbageCollection)  58031K->2980K(498112K), 0.0082208 secs]
178.569: [Full GC (JvmtiEnv ForceGarbageCollection)  58125K->3075K(498112K), 0.0074832 secs]
181.579: [Full GC (JvmtiEnv ForceGarbageCollection)  58221K->2791K(498112K), 0.0069995 secs]
184.518: [Full GC (JvmtiEnv ForceGarbageCollection)  57936K->2886K(498112K), 0.0075629 secs]
187.533: [Full GC (JvmtiEnv ForceGarbageCollection)  58032K->2982K(498112K), 0.0099682 secs]
190.533: [Full GC (JvmtiEnv ForceGarbageCollection)  58127K->3077K(498112K), 0.0077701 secs]
193.530: [Full GC (JvmtiEnv ForceGarbageCollection)  58223K->2791K(498112K), 0.0063660 secs]
196.631: [Full GC (JvmtiEnv ForceGarbageCollection)  57936K->2887K(498112K), 0.0067771 secs]
199.661: [Full GC (JvmtiEnv ForceGarbageCollection)  58032K->2983K(498112K), 0.0082534 secs]
202.741: [Full GC (JvmtiEnv ForceGarbageCollection)  58129K->3079K(498112K), 0.0080663 secs]
205.767: [Full GC (JvmtiEnv ForceGarbageCollection)  58225K->2791K(498112K), 0.0071631 secs]
208.751: [Full GC (JvmtiEnv ForceGarbageCollection)  57937K->2887K(498112K), 0.0071382 secs]
211.831: [Full GC (JvmtiEnv ForceGarbageCollection)  62385K->2984K(498112K), 0.0077207 secs]
214.845: [Full GC (JvmtiEnv ForceGarbageCollection)  62482K->3081K(498112K), 0.0070578 secs]
217.930: [Full GC (JvmtiEnv ForceGarbageCollection)  62579K->2792K(498112K), 0.0077863 secs]
221.077: [Full GC (JvmtiEnv ForceGarbageCollection)  62290K->2889K(498112K), 0.0083936 secs]
224.093: [Full GC (JvmtiEnv ForceGarbageCollection)  62387K->2987K(498112K), 0.0100736 secs]
227.242: [Full GC (JvmtiEnv ForceGarbageCollection)  62484K->3084K(498112K), 0.0073262 secs]
230.317: [Full GC (JvmtiEnv ForceGarbageCollection)  62582K->2794K(498112K), 0.0080945 secs]
233.356: [Full GC (JvmtiEnv ForceGarbageCollection)  62291K->2891K(498112K), 0.0088799 secs]
236.522: [Full GC (JvmtiEnv ForceGarbageCollection)  62389K->2988K(498112K), 0.0082791 secs]
239.580: [Full GC (JvmtiEnv ForceGarbageCollection)  62486K->3086K(498112K), 0.0073826 secs]
242.660: [Full GC (JvmtiEnv ForceGarbageCollection)  62584K->2794K(498112K), 0.0067335 secs]
245.741: [Full GC (JvmtiEnv ForceGarbageCollection)  62292K->2891K(498112K), 0.0081363 secs]
248.822: [Full GC (JvmtiEnv ForceGarbageCollection)  62389K->2989K(498112K), 0.0077183 secs]
251.845: [Full GC (JvmtiEnv ForceGarbageCollection)  62487K->3086K(498112K), 0.0090413 secs]
254.899: [Full GC (JvmtiEnv ForceGarbageCollection)  62584K->2793K(498112K), 0.0060793 secs]
257.971: [Full GC (JvmtiEnv ForceGarbageCollection)  62291K->2890K(498112K), 0.0074014 secs]
261.091: [Full GC (JvmtiEnv ForceGarbageCollection)  62388K->2987K(498112K), 0.0080126 secs]
264.237: [Full GC (JvmtiEnv ForceGarbageCollection)  62485K->3085K(498112K), 0.0075932 secs]
267.245: [Full GC (JvmtiEnv ForceGarbageCollection)  62583K->2794K(498112K), 0.0072829 secs]
270.368: [Full GC (JvmtiEnv ForceGarbageCollection)  62292K->2892K(498112K), 0.0076376 secs]
273.401: [Full GC (JvmtiEnv ForceGarbageCollection)  62381K->2995K(498112K), 0.0077089 secs]
276.437: [Full GC (JvmtiEnv ForceGarbageCollection)  62493K->3092K(498112K), 0.0065216 secs]
279.650: [Full GC (JvmtiEnv ForceGarbageCollection)  62590K->2801K(498112K), 0.0062757 secs]
282.841: [Full GC (JvmtiEnv ForceGarbageCollection)  66495K->2899K(498112K), 0.0072552 secs]
285.984: [Full GC (JvmtiEnv ForceGarbageCollection)  62397K->2997K(498112K), 0.0099510 secs]
289.089: [Full GC (JvmtiEnv ForceGarbageCollection)  62495K->3095K(498112K), 0.0079311 secs]
292.130: [Full GC (JvmtiEnv ForceGarbageCollection)  62586K->2803K(498112K), 0.0077469 secs]
295.223: [Full GC (JvmtiEnv ForceGarbageCollection)  62285K->2901K(498112K), 0.0090815 secs]
298.325: [Full GC (JvmtiEnv ForceGarbageCollection)  62399K->3000K(498112K), 0.0086160 secs]
301.428: [Full GC (JvmtiEnv ForceGarbageCollection)  62481K->3098K(498112K), 0.0061832 secs]
304.441: [Full GC (JvmtiEnv ForceGarbageCollection)  62580K->2804K(498112K), 0.0078482 secs]
307.558: [Full GC (JvmtiEnv ForceGarbageCollection)  62286K->2903K(498112K), 0.0137677 secs]
310.696: [Full GC (JvmtiEnv ForceGarbageCollection)  62384K->3001K(498112K), 0.0063973 secs]
313.783: [Full GC (JvmtiEnv ForceGarbageCollection)  62483K->3100K(498112K), 0.0073520 secs]
316.867: [Full GC (JvmtiEnv ForceGarbageCollection)  62582K->2805K(498112K), 0.0073239 secs]
320.084: [Full GC (JvmtiEnv ForceGarbageCollection)  62286K->2904K(498112K), 0.0074300 secs]
323.199: [Full GC (JvmtiEnv ForceGarbageCollection)  62385K->3003K(498112K), 0.0074781 secs]
326.284: [Full GC (JvmtiEnv ForceGarbageCollection)  62501K->3102K(498112K), 0.0077494 secs]
329.454: [Full GC (JvmtiEnv ForceGarbageCollection)  62583K->2806K(498112K), 0.0119410 secs]
332.560: [Full GC (JvmtiEnv ForceGarbageCollection)  62288K->2905K(498112K), 0.0073766 secs]
335.741: [Full GC (JvmtiEnv ForceGarbageCollection)  62386K->3006K(498112K), 0.0090830 secs]
338.870: [Full GC (JvmtiEnv ForceGarbageCollection)  62487K->3105K(498112K), 0.0080270 secs]
342.009: [Full GC (JvmtiEnv ForceGarbageCollection)  62587K->2808K(498112K), 0.0075642 secs]
345.091: [Full GC (JvmtiEnv ForceGarbageCollection)  62289K->2907K(498112K), 0.0088380 secs]
348.323: [Full GC (JvmtiEnv ForceGarbageCollection)  62389K->3008K(498112K), 0.0109015 secs]
351.482: [Full GC (JvmtiEnv ForceGarbageCollection)  62506K->3108K(498112K), 0.0074325 secs]
354.643: [Full GC (JvmtiEnv ForceGarbageCollection)  62606K->2809K(498112K), 0.0068875 secs]
357.705: [Full GC (JvmtiEnv ForceGarbageCollection)  62306K->2909K(498112K), 0.0080620 secs]
360.794: [Full GC (JvmtiEnv ForceGarbageCollection)  62407K->3009K(498112K), 0.0068462 secs]
363.869: [Full GC (JvmtiEnv ForceGarbageCollection)  62507K->3109K(498112K), 0.0064340 secs]
366.983: [Full GC (JvmtiEnv ForceGarbageCollection)  62607K->2809K(498112K), 0.0080443 secs]
370.061: [Full GC (JvmtiEnv ForceGarbageCollection)  62307K->2909K(498112K), 0.0083070 secs]
373.204: [Full GC (JvmtiEnv ForceGarbageCollection)  62407K->3010K(498112K), 0.0077943 secs]
376.306: [Full GC (JvmtiEnv ForceGarbageCollection)  62508K->3111K(498112K), 0.0084281 secs]
379.384: [Full GC (JvmtiEnv ForceGarbageCollection)  62609K->2809K(498112K), 0.0118492 secs]
382.566: [Full GC (JvmtiEnv ForceGarbageCollection)  62307K->2909K(498112K), 0.0086889 secs]
385.721: [Full GC (JvmtiEnv ForceGarbageCollection)  62407K->3010K(498112K), 0.0068994 secs]
388.779: [Full GC (JvmtiEnv ForceGarbageCollection)  62508K->3111K(498112K), 0.0115293 secs]
391.891: [Full GC (JvmtiEnv ForceGarbageCollection)  62609K->2809K(498112K), 0.0084311 secs]
394.986: [Full GC (JvmtiEnv ForceGarbageCollection)  62307K->2910K(498112K), 0.0074122 secs]
398.116: [Full GC (JvmtiEnv ForceGarbageCollection)  62408K->3011K(498112K), 0.0077518 secs]
401.254: [Full GC (JvmtiEnv ForceGarbageCollection)  62509K->3112K(498112K), 0.0074911 secs]
404.472: [Full GC (JvmtiEnv ForceGarbageCollection)  62610K->2810K(498112K), 0.0084826 secs]
407.752: [Full GC (JvmtiEnv ForceGarbageCollection)  62308K->2911K(498112K), 0.0079427 secs]
410.887: [Full GC (JvmtiEnv ForceGarbageCollection)  62409K->3013K(498112K), 0.0064008 secs]
414.059: [Full GC (JvmtiEnv ForceGarbageCollection)  62511K->3114K(498112K), 0.0075422 secs]
417.151: [Full GC (JvmtiEnv ForceGarbageCollection)  62612K->2811K(498112K), 0.0091163 secs]
420.267: [Full GC (JvmtiEnv ForceGarbageCollection)  62309K->2913K(498112K), 0.0081998 secs]
423.488: [Full GC (JvmtiEnv ForceGarbageCollection)  62410K->3015K(498112K), 0.0077573 secs]
426.650: [Full GC (JvmtiEnv ForceGarbageCollection)  62512K->3116K(498112K), 0.0080498 secs]
429.905: [Full GC (JvmtiEnv ForceGarbageCollection)  62614K->2811K(498112K), 0.0070549 secs]
433.079: [Full GC (JvmtiEnv ForceGarbageCollection)  62309K->2913K(498112K), 0.0081021 secs]
436.244: [Full GC (JvmtiEnv ForceGarbageCollection)  62410K->3015K(498112K), 0.0079067 secs]
439.386: [Full GC (JvmtiEnv ForceGarbageCollection)  62512K->3116K(498112K), 0.0082696 secs]
442.522: [Full GC (JvmtiEnv ForceGarbageCollection)  62614K->2811K(498112K), 0.0083462 secs]
445.748: [Full GC (JvmtiEnv ForceGarbageCollection)  62308K->2912K(498112K), 0.0078017 secs]
448.977: [Full GC (JvmtiEnv ForceGarbageCollection)  62410K->3014K(498112K), 0.0072604 secs]
452.159: [Full GC (JvmtiEnv ForceGarbageCollection)  62512K->3116K(498112K), 0.0063669 secs]
455.323: [Full GC (JvmtiEnv ForceGarbageCollection)  62614K->2811K(498112K), 0.0085869 secs]
458.484: [Full GC (JvmtiEnv ForceGarbageCollection)  62308K->2913K(498112K), 0.0077928 secs]
461.647: [Full GC (JvmtiEnv ForceGarbageCollection)  62411K->3015K(498112K), 0.0074645 secs]
464.819: [Full GC (JvmtiEnv ForceGarbageCollection)  62512K->3117K(498112K), 0.0079810 secs]
468.116: [Full GC (JvmtiEnv ForceGarbageCollection)  62615K->2811K(498112K), 0.0126006 secs]
471.478: [Full GC (JvmtiEnv ForceGarbageCollection)  62309K->2914K(498112K), 0.0066110 secs]
474.715: [Full GC (JvmtiEnv ForceGarbageCollection)  62412K->3017K(498112K), 0.0096570 secs]
477.847: [Full GC (JvmtiEnv ForceGarbageCollection)  62514K->3119K(498112K), 0.0075688 secs]
480.953: [Full GC (JvmtiEnv ForceGarbageCollection)  62617K->2812K(498112K), 0.0088597 secs]
484.153: [Full GC (JvmtiEnv ForceGarbageCollection)  62310K->2915K(498112K), 0.0084352 secs]
487.457: [Full GC (JvmtiEnv ForceGarbageCollection)  62413K->3018K(498112K), 0.0060235 secs]
490.740: [Full GC (JvmtiEnv ForceGarbageCollection)  62516K->3121K(498112K), 0.0130696 secs]
493.950: [Full GC (JvmtiEnv ForceGarbageCollection)  62619K->2812K(498112K), 0.0107685 secs]
497.136: [Full GC (JvmtiEnv ForceGarbageCollection)  62310K->2915K(498112K), 0.0074975 secs]
500.319: [Full GC (JvmtiEnv ForceGarbageCollection)  62413K->3018K(498112K), 0.0081109 secs]
503.590: [Full GC (JvmtiEnv ForceGarbageCollection)  62516K->3122K(498112K), 0.0090483 secs]
506.809: [Full GC (JvmtiEnv ForceGarbageCollection)  62620K->2812K(498112K), 0.0090471 secs]
509.999: [Full GC (JvmtiEnv ForceGarbageCollection)  62310K->2916K(498112K), 0.0077594 secs]
513.321: [Full GC (JvmtiEnv ForceGarbageCollection)  62414K->3020K(498112K), 0.0065477 secs]
516.624: [Full GC (JvmtiEnv ForceGarbageCollection)  62518K->3124K(498112K), 0.0065459 secs]
519.940: [Full GC (JvmtiEnv ForceGarbageCollection)  62622K->2698K(498112K), 0.0082318 secs]
523.176: [Full GC (JvmtiEnv ForceGarbageCollection)  62196K->2802K(498112K), 0.0098660 secs]
526.395: [Full GC (JvmtiEnv ForceGarbageCollection)  62300K->2906K(498112K), 0.0070693 secs]
529.773: [Full GC (JvmtiEnv ForceGarbageCollection)  66756K->3011K(498112K), 0.0125789 secs]
533.106: [Full GC (JvmtiEnv ForceGarbageCollection)  66861K->2699K(498112K), 0.0068923 secs]
536.407: [Full GC (JvmtiEnv ForceGarbageCollection)  66549K->2804K(498112K), 0.0092355 secs]
539.671: [Full GC (JvmtiEnv ForceGarbageCollection)  66654K->2908K(498112K), 0.0068283 secs]
542.884: [Full GC (JvmtiEnv ForceGarbageCollection)  66758K->3013K(498112K), 0.0071254 secs]
546.094: [Full GC (JvmtiEnv ForceGarbageCollection)  66863K->2700K(498112K), 0.0089455 secs]
549.364: [Full GC (JvmtiEnv ForceGarbageCollection)  66550K->2805K(498112K), 0.0073595 secs]
552.677: [Full GC (JvmtiEnv ForceGarbageCollection)  66655K->2910K(498112K), 0.0146916 secs]
556.015: [Full GC (JvmtiEnv ForceGarbageCollection)  66760K->3015K(498112K), 0.0072633 secs]
559.379: [Full GC (JvmtiEnv ForceGarbageCollection)  66865K->2700K(498112K), 0.0100377 secs]
562.752: [Full GC (JvmtiEnv ForceGarbageCollection)  66550K->2806K(498112K), 0.0083406 secs]
566.093: [Full GC (JvmtiEnv ForceGarbageCollection)  66656K->2911K(498112K), 0.0076278 secs]
569.382: [Full GC (JvmtiEnv ForceGarbageCollection)  66762K->3017K(498112K), 0.0098033 secs]
572.681: [Full GC (JvmtiEnv ForceGarbageCollection)  71063K->2701K(498112K), 0.0082058 secs]
576.065: [Full GC (JvmtiEnv ForceGarbageCollection)  66551K->2807K(498112K), 0.0065127 secs]
579.429: [Full GC (JvmtiEnv ForceGarbageCollection)  66657K->2913K(498112K), 0.0078597 secs]
582.809: [Full GC (JvmtiEnv ForceGarbageCollection)  66763K->3020K(498112K), 0.0060114 secs]
586.157: [Full GC (JvmtiEnv ForceGarbageCollection)  66870K->2701K(498112K), 0.0075530 secs]
589.483: [Full GC (JvmtiEnv ForceGarbageCollection)  66551K->2808K(498112K), 0.0072610 secs]
593.022: [Full GC (JvmtiEnv ForceGarbageCollection)  66658K->2915K(498112K), 0.0081574 secs]
596.398: [Full GC (JvmtiEnv ForceGarbageCollection)  66765K->3022K(498112K), 0.0127269 secs]
599.800: [Full GC (JvmtiEnv ForceGarbageCollection)  66872K->2702K(498112K), 0.0061577 secs]
603.125: [Full GC (JvmtiEnv ForceGarbageCollection)  66552K->2809K(498112K), 0.0059730 secs]
606.381: [Full GC (JvmtiEnv ForceGarbageCollection)  66659K->2916K(498112K), 0.0078609 secs]
609.741: [Full GC (JvmtiEnv ForceGarbageCollection)  66767K->3024K(498112K), 0.0087186 secs]
613.101: [Full GC (JvmtiEnv ForceGarbageCollection)  66874K->2703K(498112K), 0.0089820 secs]
616.438: [Full GC (JvmtiEnv ForceGarbageCollection)  66553K->2811K(498112K), 0.0110923 secs]
619.778: [Full GC (JvmtiEnv ForceGarbageCollection)  66661K->2918K(498112K), 0.0081579 secs]
623.195: [Full GC (JvmtiEnv ForceGarbageCollection)  66769K->3026K(498112K), 0.0076570 secs]
626.571: [Full GC (JvmtiEnv ForceGarbageCollection)  66876K->2703K(498112K), 0.0082341 secs]
630.054: [Full GC (JvmtiEnv ForceGarbageCollection)  66553K->2811K(498112K), 0.0082630 secs]
633.511: [Full GC (JvmtiEnv ForceGarbageCollection)  66661K->2920K(498112K), 0.0066541 secs]
636.884: [Full GC (JvmtiEnv ForceGarbageCollection)  66770K->3028K(498112K), 0.0084967 secs]
640.310: [Full GC (JvmtiEnv ForceGarbageCollection)  66878K->2703K(498112K), 0.0088263 secs]
643.711: [Full GC (JvmtiEnv ForceGarbageCollection)  66553K->2812K(498112K), 0.0079470 secs]
647.141: [Full GC (JvmtiEnv ForceGarbageCollection)  66662K->2921K(498112K), 0.0079405 secs]
650.613: [Full GC (JvmtiEnv ForceGarbageCollection)  66771K->3030K(498112K), 0.0082316 secs]
654.260: [Full GC (JvmtiEnv ForceGarbageCollection)  66880K->2704K(498112K), 0.0071381 secs]
657.723: [Full GC (JvmtiEnv ForceGarbageCollection)  66554K->2813K(498112K), 0.0067234 secs]
661.171: [Full GC (JvmtiEnv ForceGarbageCollection)  66663K->2922K(498112K), 0.0111956 secs]
664.610: [Full GC (JvmtiEnv ForceGarbageCollection)  66772K->3032K(498112K), 0.0072924 secs]
667.985: [Full GC (JvmtiEnv ForceGarbageCollection)  66882K->2705K(498112K), 0.0072345 secs]
671.464: [Full GC (JvmtiEnv ForceGarbageCollection)  66555K->2815K(498112K), 0.0110318 secs]
675.015: [Full GC (JvmtiEnv ForceGarbageCollection)  66665K->2924K(498112K), 0.0076910 secs]
678.515: [Full GC (JvmtiEnv ForceGarbageCollection)  66774K->3034K(498112K), 0.0075148 secs]
