OpenJDK 64-Bit Server VM (25.222-b10) for linux-amd64 JRE (1.8.0_222-8u222-b10-1ubuntu1~18.04.1-b10), built on Jul 18 2019 18:52:48 by "buildd" with gcc 7.4.0
Memory: 4k page, physical 16424660k(15507908k free), swap 0k(0k free)
CommandLine flags: -XX:CompressedClassSpaceSize=45297664 -XX:InitialHeapSize=536870912 -XX:MaxHeapSize=536870912 -XX:MaxMetaspaceSize=53686272 -XX:NewRatio=1 -XX:+PrintGC -XX:+PrintGCTimeStamps -XX:+RequireSharedSpaces -XX:ReservedCodeCacheSize=26843136 -XX:-TieredCompilation -XX:+UseCompressedClassPointers -XX:+UseCompressedOops -XX:+UseSerialGC -XX:+UseSharedSpaces 
4.711: [Full GC (JvmtiEnv ForceGarbageCollection)  77777K->2881K(498112K), 0.0157702 secs]
7.606: [Full GC (JvmtiEnv ForceGarbageCollection)  70615K->2972K(498112K), 0.0087151 secs]
10.468: [Full GC (JvmtiEnv ForceGarbageCollection)  62313K->3062K(498112K), 0.0077364 secs]
13.418: [Full GC (JvmtiEnv ForceGarbageCollection)  62403K->2766K(498112K), 0.0084932 secs]
16.431: [Full GC (JvmtiEnv ForceGarbageCollection)  57911K->2856K(498112K), 0.0072439 secs]
19.444: [Full GC (JvmtiEnv ForceGarbageCollection)  58002K->2947K(498112K), 0.0062590 secs]
22.405: [Full GC (JvmtiEnv ForceGarbageCollection)  58093K->3040K(498112K), 0.0076111 secs]
25.341: [Full GC (JvmtiEnv ForceGarbageCollection)  58186K->2769K(498112K), 0.0078854 secs]
28.286: [Full GC (JvmtiEnv ForceGarbageCollection)  57915K->2860K(498112K), 0.0083711 secs]
31.333: [Full GC (JvmtiEnv ForceGarbageCollection)  58005K->2950K(498112K), 0.0076670 secs]
34.302: [Full GC (JvmtiEnv ForceGarbageCollection)  58096K->3041K(498112K), 0.0066342 secs]
37.277: [Full GC (JvmtiEnv ForceGarbageCollection)  58187K->2770K(498112K), 0.0081962 secs]
40.343: [Full GC (JvmtiEnv ForceGarbageCollection)  57916K->2861K(498112K), 0.0101363 secs]
43.385: [Full GC (JvmtiEnv ForceGarbageCollection)  58007K->2952K(498112K), 0.0063976 secs]
46.415: [Full GC (JvmtiEnv ForceGarbageCollection)  58098K->3043K(498112K), 0.0077862 secs]
49.460: [Full GC (JvmtiEnv ForceGarbageCollection)  58189K->2771K(498112K), 0.0072767 secs]
52.457: [Full GC (JvmtiEnv ForceGarbageCollection)  57917K->2863K(498112K), 0.0072227 secs]
55.359: [Full GC (JvmtiEnv ForceGarbageCollection)  58009K->2955K(498112K), 0.0074937 secs]
58.272: [Full GC (JvmtiEnv ForceGarbageCollection)  58101K->3047K(498112K), 0.0112875 secs]
61.540: [Full GC (JvmtiEnv ForceGarbageCollection)  58185K->2774K(498112K), 0.0081486 secs]
64.640: [Full GC (JvmtiEnv ForceGarbageCollection)  57920K->2868K(498112K), 0.0078293 secs]
67.743: [Full GC (JvmtiEnv ForceGarbageCollection)  58013K->2962K(498112K), 0.0074545 secs]
70.757: [Full GC (JvmtiEnv ForceGarbageCollection)  58108K->3055K(498112K), 0.0081753 secs]
73.775: [Full GC (JvmtiEnv ForceGarbageCollection)  58201K->2778K(498112K), 0.0088560 secs]
76.807: [Full GC (JvmtiEnv ForceGarbageCollection)  57924K->2871K(498112K), 0.0103529 secs]
79.865: [Full GC (JvmtiEnv ForceGarbageCollection)  58016K->2964K(498112K), 0.0061137 secs]
82.946: [Full GC (JvmtiEnv ForceGarbageCollection)  58110K->3057K(498112K), 0.0105926 secs]
86.023: [Full GC (JvmtiEnv ForceGarbageCollection)  58203K->2780K(498112K), 0.0078750 secs]
89.066: [Full GC (JvmtiEnv ForceGarbageCollection)  57926K->2873K(498112K), 0.0085037 secs]
92.172: [Full GC (JvmtiEnv ForceGarbageCollection)  58019K->2966K(498112K), 0.0089070 secs]
95.277: [Full GC (JvmtiEnv ForceGarbageCollection)  58112K->3059K(498112K), 0.0080769 secs]
98.367: [Full GC (JvmtiEnv ForceGarbageCollection)  58205K->2781K(498112K), 0.0089767 secs]
101.376: [Full GC (JvmtiEnv ForceGarbageCollection)  57927K->2875K(498112K), 0.0083094 secs]
104.564: [Full GC (JvmtiEnv ForceGarbageCollection)  58020K->2969K(498112K), 0.0058569 secs]
107.866: [Full GC (JvmtiEnv ForceGarbageCollection)  58115K->3063K(498112K), 0.0112848 secs]
110.897: [Full GC (JvmtiEnv ForceGarbageCollection)  58209K->2782K(498112K), 0.0080550 secs]
113.855: [Full GC (JvmtiEnv ForceGarbageCollection)  57928K->2877K(498112K), 0.0073889 secs]
116.831: [Full GC (JvmtiEnv ForceGarbageCollection)  58023K->2972K(498112K), 0.0089553 secs]
119.774: [Full GC (JvmtiEnv ForceGarbageCollection)  66510K->3070K(498112K), 0.0080143 secs]
122.853: [Full GC (JvmtiEnv ForceGarbageCollection)  58215K->2788K(498112K), 0.0086521 secs]
125.758: [Full GC (JvmtiEnv ForceGarbageCollection)  57933K->2882K(498112K), 0.0074570 secs]
128.783: [Full GC (JvmtiEnv ForceGarbageCollection)  58028K->2978K(498112K), 0.0114796 secs]
131.813: [Full GC (JvmtiEnv ForceGarbageCollection)  58123K->3072K(498112K), 0.0067215 secs]
134.797: [Full GC (JvmtiEnv ForceGarbageCollection)  58218K->2788K(498112K), 0.0061259 secs]
137.833: [Full GC (JvmtiEnv ForceGarbageCollection)  57934K->2883K(498112K), 0.0094511 secs]
140.774: [Full GC (JvmtiEnv ForceGarbageCollection)  58029K->2978K(498112K), 0.0081816 secs]
143.746: [Full GC (JvmtiEnv ForceGarbageCollection)  58124K->3073K(498112K), 0.0083297 secs]
146.688: [Full GC (JvmtiEnv ForceGarbageCollection)  58219K->2789K(498112K), 0.0092487 secs]
149.660: [Full GC (JvmtiEnv ForceGarbageCollection)  57935K->2884K(498112K), 0.0062872 secs]
152.750: [Full GC (JvmtiEnv ForceGarbageCollection)  58030K->2980K(498112K), 0.0064150 secs]
155.763: [Full GC (JvmtiEnv ForceGarbageCollection)  58126K->3076K(498112K), 0.0062395 secs]
158.719: [Full GC (JvmtiEnv ForceGarbageCollection)  58221K->2790K(498112K), 0.0063977 secs]
161.690: [Full GC (JvmtiEnv ForceGarbageCollection)  57936K->2886K(498112K), 0.0102531 secs]
164.570: [Full GC (JvmtiEnv ForceGarbageCollection)  58032K->2982K(498112K), 0.0081126 secs]
167.610: [Full GC (JvmtiEnv ForceGarbageCollection)  58127K->3078K(498112K), 0.0077381 secs]
170.553: [Full GC (JvmtiEnv ForceGarbageCollection)  58224K->2791K(498112K), 0.0079127 secs]
173.573: [Full GC (JvmtiEnv ForceGarbageCollection)  57937K->2887K(498112K), 0.0073806 secs]
176.653: [Full GC (JvmtiEnv ForceGarbageCollection)  58033K->2984K(498112K), 0.0074409 secs]
179.722: [Full GC (JvmtiEnv ForceGarbageCollection)  58129K->3080K(498112K), 0.0081870 secs]
182.901: [Full GC (JvmtiEnv ForceGarbageCollection)  62578K->2792K(498112K), 0.0124318 secs]
185.913: [Full GC (JvmtiEnv ForceGarbageCollection)  57938K->2888K(498112K), 0.0074166 secs]
188.943: [Full GC (JvmtiEnv ForceGarbageCollection)  62386K->2985K(498112K), 0.0080917 secs]
191.933: [Full GC (JvmtiEnv ForceGarbageCollection)  62483K->3082K(498112K), 0.0080024 secs]
194.964: [Full GC (JvmtiEnv ForceGarbageCollection)  62580K->2792K(498112K), 0.0072695 secs]
198.040: [Full GC (JvmtiEnv ForceGarbageCollection)  62290K->2889K(498112K), 0.0115281 secs]
201.101: [Full GC (JvmtiEnv ForceGarbageCollection)  62387K->2985K(498112K), 0.0095967 secs]
204.130: [Full GC (JvmtiEnv ForceGarbageCollection)  62483K->3083K(498112K), 0.0074817 secs]
207.169: [Full GC (JvmtiEnv ForceGarbageCollection)  62581K->2792K(498112K), 0.0100848 secs]
210.155: [Full GC (JvmtiEnv ForceGarbageCollection)  62290K->2890K(498112K), 0.0071785 secs]
213.245: [Full GC (JvmtiEnv ForceGarbageCollection)  62388K->2988K(498112K), 0.0081598 secs]
216.346: [Full GC (JvmtiEnv ForceGarbageCollection)  62486K->3085K(498112K), 0.0099946 secs]
219.464: [Full GC (JvmtiEnv ForceGarbageCollection)  62583K->2794K(498112K), 0.0099840 secs]
222.513: [Full GC (JvmtiEnv ForceGarbageCollection)  62292K->2892K(498112K), 0.0108991 secs]
225.500: [Full GC (JvmtiEnv ForceGarbageCollection)  62390K->2990K(498112K), 0.0058218 secs]
228.630: [Full GC (JvmtiEnv ForceGarbageCollection)  62488K->3088K(498112K), 0.0080812 secs]
231.709: [Full GC (JvmtiEnv ForceGarbageCollection)  62586K->2794K(498112K), 0.0078690 secs]
234.734: [Full GC (JvmtiEnv ForceGarbageCollection)  62292K->2892K(498112K), 0.0082132 secs]
237.815: [Full GC (JvmtiEnv ForceGarbageCollection)  62390K->2990K(498112K), 0.0074039 secs]
240.943: [Full GC (JvmtiEnv ForceGarbageCollection)  62488K->3088K(498112K), 0.0068704 secs]
244.084: [Full GC (JvmtiEnv ForceGarbageCollection)  62586K->2794K(498112K), 0.0061965 secs]
247.136: [Full GC (JvmtiEnv ForceGarbageCollection)  62292K->2893K(498112K), 0.0080358 secs]
250.179: [Full GC (JvmtiEnv ForceGarbageCollection)  62391K->2991K(498112K), 0.0073579 secs]
253.261: [Full GC (JvmtiEnv ForceGarbageCollection)  62489K->3089K(498112K), 0.0078055 secs]
256.406: [Full GC (JvmtiEnv ForceGarbageCollection)  62587K->2795K(498112K), 0.0073844 secs]
259.503: [Full GC (JvmtiEnv ForceGarbageCollection)  62293K->2894K(498112K), 0.0090025 secs]
262.633: [Full GC (JvmtiEnv ForceGarbageCollection)  62392K->2993K(498112K), 0.0073369 secs]
265.728: [Full GC (JvmtiEnv ForceGarbageCollection)  62491K->3092K(498112K), 0.0062353 secs]
268.831: [Full GC (JvmtiEnv ForceGarbageCollection)  62590K->2802K(498112K), 0.0080017 secs]
271.989: [Full GC (JvmtiEnv ForceGarbageCollection)  62300K->2902K(498112K), 0.0071419 secs]
275.087: [Full GC (JvmtiEnv ForceGarbageCollection)  62400K->3002K(498112K), 0.0072540 secs]
278.273: [Full GC (JvmtiEnv ForceGarbageCollection)  62500K->3101K(498112K), 0.0079878 secs]
281.434: [Full GC (JvmtiEnv ForceGarbageCollection)  62599K->2803K(498112K), 0.0070965 secs]
284.612: [Full GC (JvmtiEnv ForceGarbageCollection)  62301K->2903K(498112K), 0.0066299 secs]
287.830: [Full GC (JvmtiEnv ForceGarbageCollection)  62401K->3006K(498112K), 0.0076057 secs]
290.861: [Full GC (JvmtiEnv ForceGarbageCollection)  62487K->3106K(498112K), 0.0071260 secs]
293.969: [Full GC (JvmtiEnv ForceGarbageCollection)  62588K->2807K(498112K), 0.0079877 secs]
297.115: [Full GC (JvmtiEnv ForceGarbageCollection)  62288K->2907K(498112K), 0.0084013 secs]
300.238: [Full GC (JvmtiEnv ForceGarbageCollection)  62389K->3008K(498112K), 0.0076141 secs]
303.490: [Full GC (JvmtiEnv ForceGarbageCollection)  62489K->3109K(498112K), 0.0111398 secs]
306.737: [Full GC (JvmtiEnv ForceGarbageCollection)  62590K->2808K(498112K), 0.0061446 secs]
309.917: [Full GC (JvmtiEnv ForceGarbageCollection)  62289K->2909K(498112K), 0.0075538 secs]
313.101: [Full GC (JvmtiEnv ForceGarbageCollection)  62391K->3010K(498112K), 0.0085372 secs]
316.394: [Full GC (JvmtiEnv ForceGarbageCollection)  62491K->3111K(498112K), 0.0084503 secs]
319.612: [Full GC (JvmtiEnv ForceGarbageCollection)  62593K->2809K(498112K), 0.0075113 secs]
322.825: [Full GC (JvmtiEnv ForceGarbageCollection)  62291K->2911K(498112K), 0.0072706 secs]
326.031: [Full GC (JvmtiEnv ForceGarbageCollection)  62392K->3012K(498112K), 0.0064219 secs]
329.229: [Full GC (JvmtiEnv ForceGarbageCollection)  62494K->3114K(498112K), 0.0106905 secs]
332.446: [Full GC (JvmtiEnv ForceGarbageCollection)  62595K->2810K(498112K), 0.0079270 secs]
335.634: [Full GC (JvmtiEnv ForceGarbageCollection)  62292K->2912K(498112K), 0.0081615 secs]
338.789: [Full GC (JvmtiEnv ForceGarbageCollection)  62394K->3014K(498112K), 0.0107877 secs]
342.044: [Full GC (JvmtiEnv ForceGarbageCollection)  62496K->3116K(498112K), 0.0103434 secs]
345.261: [Full GC (JvmtiEnv ForceGarbageCollection)  62598K->2812K(498112K), 0.0112535 secs]
348.533: [Full GC (JvmtiEnv ForceGarbageCollection)  62310K->2914K(498112K), 0.0063387 secs]
351.608: [Full GC (JvmtiEnv ForceGarbageCollection)  62412K->3017K(498112K), 0.0081537 secs]
354.773: [Full GC (JvmtiEnv ForceGarbageCollection)  62515K->3120K(498112K), 0.0087287 secs]
357.899: [Full GC (JvmtiEnv ForceGarbageCollection)  62618K->2811K(498112K), 0.0092484 secs]
361.077: [Full GC (JvmtiEnv ForceGarbageCollection)  62309K->2914K(498112K), 0.0088015 secs]
364.422: [Full GC (JvmtiEnv ForceGarbageCollection)  62412K->3017K(498112K), 0.0106543 secs]
367.662: [Full GC (JvmtiEnv ForceGarbageCollection)  62515K->3120K(498112K), 0.0111998 secs]
370.865: [Full GC (JvmtiEnv ForceGarbageCollection)  62619K->2812K(498112K), 0.0072890 secs]
374.101: [Full GC (JvmtiEnv ForceGarbageCollection)  62310K->2915K(498112K), 0.0092460 secs]
377.420: [Full GC (JvmtiEnv ForceGarbageCollection)  62413K->3018K(498112K), 0.0080411 secs]
380.652: [Full GC (JvmtiEnv ForceGarbageCollection)  62516K->3122K(498112K), 0.0079026 secs]
383.849: [Full GC (JvmtiEnv ForceGarbageCollection)  62620K->2812K(498112K), 0.0076840 secs]
387.049: [Full GC (JvmtiEnv ForceGarbageCollection)  62310K->2916K(498112K), 0.0121970 secs]
390.350: [Full GC (JvmtiEnv ForceGarbageCollection)  62414K->3020K(498112K), 0.0097449 secs]
393.691: [Full GC (JvmtiEnv ForceGarbageCollection)  62518K->3124K(498112K), 0.0062131 secs]
396.948: [Full GC (JvmtiEnv ForceGarbageCollection)  66974K->2813K(498112K), 0.0127766 secs]
400.250: [Full GC (JvmtiEnv ForceGarbageCollection)  66663K->2918K(498112K), 0.0080595 secs]
403.491: [Full GC (JvmtiEnv ForceGarbageCollection)  66768K->3022K(498112K), 0.0089417 secs]
406.734: [Full GC (JvmtiEnv ForceGarbageCollection)  62520K->3126K(498112K), 0.0077179 secs]
410.059: [Full GC (JvmtiEnv ForceGarbageCollection)  66976K->2813K(498112K), 0.0066828 secs]
413.269: [Full GC (JvmtiEnv ForceGarbageCollection)  62311K->2917K(498112K), 0.0065822 secs]
416.572: [Full GC (JvmtiEnv ForceGarbageCollection)  66767K->3022K(498112K), 0.0099748 secs]
419.799: [Full GC (JvmtiEnv ForceGarbageCollection)  66872K->3126K(498112K), 0.0085865 secs]
423.106: [Full GC (JvmtiEnv ForceGarbageCollection)  66976K->2813K(498112K), 0.0097815 secs]
426.493: [Full GC (JvmtiEnv ForceGarbageCollection)  66663K->2918K(498112K), 0.0086436 secs]
429.796: [Full GC (JvmtiEnv ForceGarbageCollection)  66768K->3022K(498112K), 0.0084354 secs]
433.074: [Full GC (JvmtiEnv ForceGarbageCollection)  66872K->3128K(498112K), 0.0074862 secs]
436.418: [Full GC (JvmtiEnv ForceGarbageCollection)  66978K->2814K(498112K), 0.0075532 secs]
439.687: [Full GC (JvmtiEnv ForceGarbageCollection)  66664K->2919K(498112K), 0.0079312 secs]
442.910: [Full GC (JvmtiEnv ForceGarbageCollection)  66769K->3024K(498112K), 0.0087742 secs]
446.135: [Full GC (JvmtiEnv ForceGarbageCollection)  66874K->3130K(498112K), 0.0087156 secs]
449.415: [Full GC (JvmtiEnv ForceGarbageCollection)  66980K->2814K(498112K), 0.0074674 secs]
452.735: [Full GC (JvmtiEnv ForceGarbageCollection)  66665K->2920K(498112K), 0.0076851 secs]
456.082: [Full GC (JvmtiEnv ForceGarbageCollection)  66770K->3026K(498112K), 0.0075724 secs]
459.416: [Full GC (JvmtiEnv ForceGarbageCollection)  66876K->3132K(498112K), 0.0067515 secs]
462.711: [Full GC (JvmtiEnv ForceGarbageCollection)  66982K->2814K(498112K), 0.0087591 secs]
466.038: [Full GC (JvmtiEnv ForceGarbageCollection)  66664K->2920K(498112K), 0.0107392 secs]
469.369: [Full GC (JvmtiEnv ForceGarbageCollection)  66770K->3027K(498112K), 0.0074940 secs]
472.669: [Full GC (JvmtiEnv ForceGarbageCollection)  66877K->3133K(498112K), 0.0076775 secs]
475.891: [Full GC (JvmtiEnv ForceGarbageCollection)  66983K->2815K(498112K), 0.0064836 secs]
479.289: [Full GC (JvmtiEnv ForceGarbageCollection)  66665K->2922K(498112K), 0.0081124 secs]
482.654: [Full GC (JvmtiEnv ForceGarbageCollection)  66772K->3035K(498112K), 0.0063392 secs]
486.111: [Full GC (JvmtiEnv ForceGarbageCollection)  66885K->3142K(498112K), 0.0142602 secs]
489.442: [Full GC (JvmtiEnv ForceGarbageCollection)  66992K->2816K(498112K), 0.0078754 secs]
492.822: [Full GC (JvmtiEnv ForceGarbageCollection)  66666K->2923K(498112K), 0.0082805 secs]
496.154: [Full GC (JvmtiEnv ForceGarbageCollection)  66773K->3030K(498112K), 0.0112553 secs]
499.528: [Full GC (JvmtiEnv ForceGarbageCollection)  66880K->3137K(498112K), 0.0079675 secs]
502.977: [Full GC (JvmtiEnv ForceGarbageCollection)  66987K->2816K(498112K), 0.0082004 secs]
506.346: [Full GC (JvmtiEnv ForceGarbageCollection)  66666K->2924K(498112K), 0.0075034 secs]
509.706: [Full GC (JvmtiEnv ForceGarbageCollection)  66774K->3032K(498112K), 0.0086936 secs]
513.097: [Full GC (JvmtiEnv ForceGarbageCollection)  66882K->3140K(498112K), 0.0094839 secs]
516.454: [Full GC (JvmtiEnv ForceGarbageCollection)  66990K->2702K(498112K), 0.0110188 secs]
519.877: [Full GC (JvmtiEnv ForceGarbageCollection)  66552K->2811K(498112K), 0.0101516 secs]
523.300: [Full GC (JvmtiEnv ForceGarbageCollection)  66661K->2919K(498112K), 0.0075843 secs]
526.798: [Full GC (JvmtiEnv ForceGarbageCollection)  66769K->3028K(498112K), 0.0068017 secs]
530.219: [Full GC (JvmtiEnv ForceGarbageCollection)  66878K->2703K(498112K), 0.0086471 secs]
533.586: [Full GC (JvmtiEnv ForceGarbageCollection)  66553K->2811K(498112K), 0.0080365 secs]
536.918: [Full GC (JvmtiEnv ForceGarbageCollection)  66661K->2921K(498112K), 0.0080557 secs]
540.271: [Full GC (JvmtiEnv ForceGarbageCollection)  66771K->3030K(498112K), 0.0117011 secs]
543.725: [Full GC (JvmtiEnv ForceGarbageCollection)  66880K->2704K(498112K), 0.0078177 secs]
547.230: [Full GC (JvmtiEnv ForceGarbageCollection)  66554K->2813K(498112K), 0.0071496 secs]
550.736: [Full GC (JvmtiEnv ForceGarbageCollection)  66663K->2922K(498112K), 0.0061033 secs]
554.202: [Full GC (JvmtiEnv ForceGarbageCollection)  66772K->3032K(498112K), 0.0063488 secs]
557.684: [Full GC (JvmtiEnv ForceGarbageCollection)  66882K->2704K(498112K), 0.0099997 secs]
561.146: [Full GC (JvmtiEnv ForceGarbageCollection)  66554K->2814K(498112K), 0.0084551 secs]
564.577: [Full GC (JvmtiEnv ForceGarbageCollection)  66664K->2924K(498112K), 0.0092505 secs]
567.968: [Full GC (JvmtiEnv ForceGarbageCollection)  66774K->3034K(498112K), 0.0108411 secs]
571.545: [Full GC (JvmtiEnv ForceGarbageCollection)  66884K->2705K(498112K), 0.0072424 secs]
575.014: [Full GC (JvmtiEnv ForceGarbageCollection)  66555K->2815K(498112K), 0.0068748 secs]
578.493: [Full GC (JvmtiEnv ForceGarbageCollection)  66665K->2926K(498112K), 0.0079633 secs]
581.952: [Full GC (JvmtiEnv ForceGarbageCollection)  66776K->3037K(498112K), 0.0085465 secs]
585.420: [Full GC (JvmtiEnv ForceGarbageCollection)  66887K->2705K(498112K), 0.0083977 secs]
588.897: [Full GC (JvmtiEnv ForceGarbageCollection)  66555K->2816K(498112K), 0.0082272 secs]
592.328: [Full GC (JvmtiEnv ForceGarbageCollection)  66666K->2927K(498112K), 0.0107340 secs]
595.791: [Full GC (JvmtiEnv ForceGarbageCollection)  66777K->3039K(498112K), 0.0081232 secs]
599.232: [Full GC (JvmtiEnv ForceGarbageCollection)  66889K->2706K(498112K), 0.0065822 secs]
602.630: [Full GC (JvmtiEnv ForceGarbageCollection)  66556K->2817K(498112K), 0.0070541 secs]
606.082: [Full GC (JvmtiEnv ForceGarbageCollection)  66667K->2929K(498112K), 0.0076081 secs]
609.681: [Full GC (JvmtiEnv ForceGarbageCollection)  66779K->3040K(498112K), 0.0086277 secs]
613.127: [Full GC (JvmtiEnv ForceGarbageCollection)  66891K->2707K(498112K), 0.0090800 secs]
616.607: [Full GC (JvmtiEnv ForceGarbageCollection)  66557K->2818K(498112K), 0.0096859 secs]
620.088: [Full GC (JvmtiEnv ForceGarbageCollection)  66668K->2929K(498112K), 0.0081543 secs]
623.573: [Full GC (JvmtiEnv ForceGarbageCollection)  66780K->3041K(498112K), 0.0100004 secs]
626.997: [Full GC (JvmtiEnv ForceGarbageCollection)  66891K->2707K(498112K), 0.0077275 secs]
630.548: [Full GC (JvmtiEnv ForceGarbageCollection)  66557K->2818K(498112K), 0.0074223 secs]
634.070: [Full GC (JvmtiEnv ForceGarbageCollection)  66668K->2930K(498112K), 0.0084317 secs]
637.562: [Full GC (JvmtiEnv ForceGarbageCollection)  66780K->3042K(498112K), 0.0081240 secs]
641.082: [Full GC (JvmtiEnv ForceGarbageCollection)  71104K->2707K(498112K), 0.0078789 secs]
644.620: [Full GC (JvmtiEnv ForceGarbageCollection)  70769K->2820K(498112K), 0.0080362 secs]
648.227: [Full GC (JvmtiEnv ForceGarbageCollection)  70882K->2932K(498112K), 0.0088911 secs]
651.772: [Full GC (JvmtiEnv ForceGarbageCollection)  70994K->3044K(498112K), 0.0063530 secs]
655.114: [Full GC (JvmtiEnv ForceGarbageCollection)  71107K->2707K(498112K), 0.0091754 secs]
658.517: [Full GC (JvmtiEnv ForceGarbageCollection)  70769K->2820K(498112K), 0.0083332 secs]
662.025: [Full GC (JvmtiEnv ForceGarbageCollection)  70883K->2933K(498112K), 0.0075002 secs]
665.521: [Full GC (JvmtiEnv ForceGarbageCollection)  70996K->3046K(498112K), 0.0079144 secs]
669.098: [Full GC (JvmtiEnv ForceGarbageCollection)  71109K->2708K(498112K), 0.0075632 secs]
672.702: [Full GC (JvmtiEnv ForceGarbageCollection)  70770K->2821K(498112K), 0.0065121 secs]
676.273: [Full GC (JvmtiEnv ForceGarbageCollection)  70883K->2935K(498112K), 0.0081017 secs]
