OpenJDK 64-Bit Server VM (25.222-b10) for linux-amd64 JRE (1.8.0_222-8u222-b10-1ubuntu1~18.04.1-b10), built on Jul 18 2019 18:52:48 by "buildd" with gcc 7.4.0
Memory: 4k page, physical 16424660k(15508944k free), swap 0k(0k free)
CommandLine flags: -XX:CompressedClassSpaceSize=45297664 -XX:InitialHeapSize=536870912 -XX:MaxHeapSize=536870912 -XX:MaxMetaspaceSize=53686272 -XX:NewRatio=1 -XX:+PrintGC -XX:+PrintGCTimeStamps -XX:+RequireSharedSpaces -XX:ReservedCodeCacheSize=26843136 -XX:-TieredCompilation -XX:+UseCompressedClassPointers -XX:+UseCompressedOops -XX:+UseSerialGC -XX:+UseSharedSpaces 
5.987: [Full GC (JvmtiEnv ForceGarbageCollection)  77777K->2882K(498112K), 0.0173122 secs]
8.899: [Full GC (JvmtiEnv ForceGarbageCollection)  70615K->2973K(498112K), 0.0069244 secs]
11.901: [Full GC (JvmtiEnv ForceGarbageCollection)  62314K->3062K(498112K), 0.0077437 secs]
14.854: [Full GC (JvmtiEnv ForceGarbageCollection)  62404K->2766K(498112K), 0.0080257 secs]
17.741: [Full GC (JvmtiEnv ForceGarbageCollection)  57911K->2856K(498112K), 0.0068326 secs]
20.713: [Full GC (JvmtiEnv ForceGarbageCollection)  58002K->2947K(498112K), 0.0087358 secs]
23.645: [Full GC (JvmtiEnv ForceGarbageCollection)  58093K->3040K(498112K), 0.0076985 secs]
26.613: [Full GC (JvmtiEnv ForceGarbageCollection)  58186K->2769K(498112K), 0.0074681 secs]
29.609: [Full GC (JvmtiEnv ForceGarbageCollection)  57915K->2860K(498112K), 0.0122740 secs]
32.677: [Full GC (JvmtiEnv ForceGarbageCollection)  58005K->2950K(498112K), 0.0073535 secs]
35.708: [Full GC (JvmtiEnv ForceGarbageCollection)  58096K->3041K(498112K), 0.0100023 secs]
38.775: [Full GC (JvmtiEnv ForceGarbageCollection)  58187K->2770K(498112K), 0.0085039 secs]
41.809: [Full GC (JvmtiEnv ForceGarbageCollection)  57916K->2861K(498112K), 0.0098399 secs]
44.820: [Full GC (JvmtiEnv ForceGarbageCollection)  58007K->2952K(498112K), 0.0084044 secs]
47.841: [Full GC (JvmtiEnv ForceGarbageCollection)  58098K->3043K(498112K), 0.0068686 secs]
50.934: [Full GC (JvmtiEnv ForceGarbageCollection)  58189K->2771K(498112K), 0.0119055 secs]
54.066: [Full GC (JvmtiEnv ForceGarbageCollection)  57917K->2863K(498112K), 0.0056580 secs]
57.260: [Full GC (JvmtiEnv ForceGarbageCollection)  58009K->2955K(498112K), 0.0068354 secs]
60.337: [Full GC (JvmtiEnv ForceGarbageCollection)  58101K->3047K(498112K), 0.0075357 secs]
63.374: [Full GC (JvmtiEnv ForceGarbageCollection)  58185K->2774K(498112K), 0.0080127 secs]
66.474: [Full GC (JvmtiEnv ForceGarbageCollection)  57920K->2868K(498112K), 0.0068200 secs]
69.483: [Full GC (JvmtiEnv ForceGarbageCollection)  58005K->2962K(498112K), 0.0070817 secs]
72.587: [Full GC (JvmtiEnv ForceGarbageCollection)  58108K->3054K(498112K), 0.0078061 secs]
75.671: [Full GC (JvmtiEnv ForceGarbageCollection)  58200K->2778K(498112K), 0.0111521 secs]
78.741: [Full GC (JvmtiEnv ForceGarbageCollection)  57924K->2871K(498112K), 0.0076099 secs]
81.785: [Full GC (JvmtiEnv ForceGarbageCollection)  58017K->2963K(498112K), 0.0072351 secs]
84.840: [Full GC (JvmtiEnv ForceGarbageCollection)  58109K->3055K(498112K), 0.0081929 secs]
87.892: [Full GC (JvmtiEnv ForceGarbageCollection)  58201K->2779K(498112K), 0.0074717 secs]
91.030: [Full GC (JvmtiEnv ForceGarbageCollection)  57925K->2872K(498112K), 0.0116523 secs]
94.117: [Full GC (JvmtiEnv ForceGarbageCollection)  58018K->2965K(498112K), 0.0064856 secs]
97.281: [Full GC (JvmtiEnv ForceGarbageCollection)  58111K->3058K(498112K), 0.0093019 secs]
100.356: [Full GC (JvmtiEnv ForceGarbageCollection)  58204K->2779K(498112K), 0.0095943 secs]
103.472: [Full GC (JvmtiEnv ForceGarbageCollection)  57925K->2873K(498112K), 0.0074826 secs]
106.519: [Full GC (JvmtiEnv ForceGarbageCollection)  58018K->2967K(498112K), 0.0071255 secs]
109.624: [Full GC (JvmtiEnv ForceGarbageCollection)  58113K->3061K(498112K), 0.0071579 secs]
112.637: [Full GC (JvmtiEnv ForceGarbageCollection)  58207K->2781K(498112K), 0.0068966 secs]
115.832: [Full GC (JvmtiEnv ForceGarbageCollection)  57927K->2875K(498112K), 0.0058830 secs]
118.782: [Full GC (JvmtiEnv ForceGarbageCollection)  58021K->2972K(498112K), 0.0074717 secs]
121.720: [Full GC (JvmtiEnv ForceGarbageCollection)  66509K->3069K(498112K), 0.0075446 secs]
124.601: [Full GC (JvmtiEnv ForceGarbageCollection)  58215K->2788K(498112K), 0.0071263 secs]
127.498: [Full GC (JvmtiEnv ForceGarbageCollection)  57933K->2882K(498112K), 0.0079521 secs]
130.522: [Full GC (JvmtiEnv ForceGarbageCollection)  58028K->2977K(498112K), 0.0071985 secs]
133.401: [Full GC (JvmtiEnv ForceGarbageCollection)  58123K->3072K(498112K), 0.0064888 secs]
136.383: [Full GC (JvmtiEnv ForceGarbageCollection)  58218K->2789K(498112K), 0.0083552 secs]
139.371: [Full GC (JvmtiEnv ForceGarbageCollection)  57935K->2884K(498112K), 0.0069937 secs]
142.262: [Full GC (JvmtiEnv ForceGarbageCollection)  58030K->2979K(498112K), 0.0074763 secs]
145.229: [Full GC (JvmtiEnv ForceGarbageCollection)  58125K->3074K(498112K), 0.0075082 secs]
148.202: [Full GC (JvmtiEnv ForceGarbageCollection)  58220K->2790K(498112K), 0.0074937 secs]
151.178: [Full GC (JvmtiEnv ForceGarbageCollection)  57936K->2886K(498112K), 0.0063639 secs]
154.132: [Full GC (JvmtiEnv ForceGarbageCollection)  58031K->2981K(498112K), 0.0096135 secs]
157.146: [Full GC (JvmtiEnv ForceGarbageCollection)  58127K->3077K(498112K), 0.0065599 secs]
160.170: [Full GC (JvmtiEnv ForceGarbageCollection)  58223K->2790K(498112K), 0.0061257 secs]
163.138: [Full GC (JvmtiEnv ForceGarbageCollection)  57936K->2887K(498112K), 0.0073878 secs]
166.125: [Full GC (JvmtiEnv ForceGarbageCollection)  58032K->2983K(498112K), 0.0072554 secs]
169.076: [Full GC (JvmtiEnv ForceGarbageCollection)  58129K->3079K(498112K), 0.0096801 secs]
171.949: [Full GC (JvmtiEnv ForceGarbageCollection)  58225K->2791K(498112K), 0.0081712 secs]
174.991: [Full GC (JvmtiEnv ForceGarbageCollection)  57937K->2887K(498112K), 0.0069339 secs]
178.146: [Full GC (JvmtiEnv ForceGarbageCollection)  62385K->2984K(498112K), 0.0057673 secs]
181.205: [Full GC (JvmtiEnv ForceGarbageCollection)  62482K->3081K(498112K), 0.0066548 secs]
184.250: [Full GC (JvmtiEnv ForceGarbageCollection)  62579K->2792K(498112K), 0.0074641 secs]
187.272: [Full GC (JvmtiEnv ForceGarbageCollection)  62290K->2889K(498112K), 0.0076972 secs]
190.264: [Full GC (JvmtiEnv ForceGarbageCollection)  62387K->2985K(498112K), 0.0073367 secs]
193.248: [Full GC (JvmtiEnv ForceGarbageCollection)  62483K->3083K(498112K), 0.0074478 secs]
196.321: [Full GC (JvmtiEnv ForceGarbageCollection)  62581K->2792K(498112K), 0.0070461 secs]
199.349: [Full GC (JvmtiEnv ForceGarbageCollection)  62290K->2890K(498112K), 0.0069480 secs]
202.407: [Full GC (JvmtiEnv ForceGarbageCollection)  62388K->2987K(498112K), 0.0080938 secs]
205.434: [Full GC (JvmtiEnv ForceGarbageCollection)  62485K->3085K(498112K), 0.0072114 secs]
208.466: [Full GC (JvmtiEnv ForceGarbageCollection)  62583K->2793K(498112K), 0.0079443 secs]
211.502: [Full GC (JvmtiEnv ForceGarbageCollection)  62291K->2891K(498112K), 0.0083559 secs]
214.517: [Full GC (JvmtiEnv ForceGarbageCollection)  62389K->2990K(498112K), 0.0083471 secs]
217.516: [Full GC (JvmtiEnv ForceGarbageCollection)  62488K->3088K(498112K), 0.0081629 secs]
220.626: [Full GC (JvmtiEnv ForceGarbageCollection)  62586K->2794K(498112K), 0.0075781 secs]
223.761: [Full GC (JvmtiEnv ForceGarbageCollection)  62291K->2893K(498112K), 0.0098213 secs]
226.864: [Full GC (JvmtiEnv ForceGarbageCollection)  62391K->2991K(498112K), 0.0078509 secs]
229.962: [Full GC (JvmtiEnv ForceGarbageCollection)  62489K->3090K(498112K), 0.0076158 secs]
232.944: [Full GC (JvmtiEnv ForceGarbageCollection)  62588K->2795K(498112K), 0.0069959 secs]
236.116: [Full GC (JvmtiEnv ForceGarbageCollection)  62293K->2894K(498112K), 0.0070486 secs]
239.198: [Full GC (JvmtiEnv ForceGarbageCollection)  62392K->2993K(498112K), 0.0080140 secs]
242.248: [Full GC (JvmtiEnv ForceGarbageCollection)  62491K->3091K(498112K), 0.0085392 secs]
245.320: [Full GC (JvmtiEnv ForceGarbageCollection)  62589K->2796K(498112K), 0.0069721 secs]
248.459: [Full GC (JvmtiEnv ForceGarbageCollection)  62294K->2896K(498112K), 0.0082878 secs]
251.637: [Full GC (JvmtiEnv ForceGarbageCollection)  62394K->2995K(498112K), 0.0063509 secs]
254.793: [Full GC (JvmtiEnv ForceGarbageCollection)  62493K->3095K(498112K), 0.0075746 secs]
257.883: [Full GC (JvmtiEnv ForceGarbageCollection)  62593K->2796K(498112K), 0.0084837 secs]
260.954: [Full GC (JvmtiEnv ForceGarbageCollection)  62295K->2897K(498112K), 0.0088472 secs]
264.000: [Full GC (JvmtiEnv ForceGarbageCollection)  62395K->2996K(498112K), 0.0065690 secs]
267.075: [Full GC (JvmtiEnv ForceGarbageCollection)  62494K->3096K(498112K), 0.0077109 secs]
270.188: [Full GC (JvmtiEnv ForceGarbageCollection)  62594K->2803K(498112K), 0.0097804 secs]
273.409: [Full GC (JvmtiEnv ForceGarbageCollection)  62301K->2903K(498112K), 0.0100368 secs]
276.575: [Full GC (JvmtiEnv ForceGarbageCollection)  62401K->3004K(498112K), 0.0078624 secs]
279.706: [Full GC (JvmtiEnv ForceGarbageCollection)  66697K->3104K(498112K), 0.0070795 secs]
282.899: [Full GC (JvmtiEnv ForceGarbageCollection)  62602K->2804K(498112K), 0.0070579 secs]
286.016: [Full GC (JvmtiEnv ForceGarbageCollection)  62302K->2907K(498112K), 0.0069684 secs]
289.166: [Full GC (JvmtiEnv ForceGarbageCollection)  62405K->3008K(498112K), 0.0074487 secs]
292.352: [Full GC (JvmtiEnv ForceGarbageCollection)  62490K->3110K(498112K), 0.0070407 secs]
295.677: [Full GC (JvmtiEnv ForceGarbageCollection)  62591K->2808K(498112K), 0.0123112 secs]
298.922: [Full GC (JvmtiEnv ForceGarbageCollection)  62289K->2909K(498112K), 0.0077420 secs]
302.075: [Full GC (JvmtiEnv ForceGarbageCollection)  62391K->3010K(498112K), 0.0075974 secs]
305.225: [Full GC (JvmtiEnv ForceGarbageCollection)  62492K->3112K(498112K), 0.0128475 secs]
308.354: [Full GC (JvmtiEnv ForceGarbageCollection)  62593K->2809K(498112K), 0.0073446 secs]
311.526: [Full GC (JvmtiEnv ForceGarbageCollection)  62290K->2910K(498112K), 0.0073268 secs]
314.743: [Full GC (JvmtiEnv ForceGarbageCollection)  62391K->3011K(498112K), 0.0071291 secs]
317.969: [Full GC (JvmtiEnv ForceGarbageCollection)  62493K->3113K(498112K), 0.0075089 secs]
321.271: [Full GC (JvmtiEnv ForceGarbageCollection)  62611K->2809K(498112K), 0.0078093 secs]
324.486: [Full GC (JvmtiEnv ForceGarbageCollection)  62291K->2911K(498112K), 0.0072124 secs]
327.666: [Full GC (JvmtiEnv ForceGarbageCollection)  62392K->3012K(498112K), 0.0076260 secs]
330.797: [Full GC (JvmtiEnv ForceGarbageCollection)  62494K->3114K(498112K), 0.0073837 secs]
334.017: [Full GC (JvmtiEnv ForceGarbageCollection)  62596K->2809K(498112K), 0.0081677 secs]
337.224: [Full GC (JvmtiEnv ForceGarbageCollection)  62291K->2912K(498112K), 0.0079170 secs]
340.484: [Full GC (JvmtiEnv ForceGarbageCollection)  62393K->3014K(498112K), 0.0082668 secs]
343.763: [Full GC (JvmtiEnv ForceGarbageCollection)  62495K->3117K(498112K), 0.0069906 secs]
346.978: [Full GC (JvmtiEnv ForceGarbageCollection)  62615K->2811K(498112K), 0.0064595 secs]
350.164: [Full GC (JvmtiEnv ForceGarbageCollection)  62308K->2913K(498112K), 0.0061043 secs]
353.340: [Full GC (JvmtiEnv ForceGarbageCollection)  62411K->3015K(498112K), 0.0080728 secs]
356.758: [Full GC (JvmtiEnv ForceGarbageCollection)  62513K->3118K(498112K), 0.0080520 secs]
359.956: [Full GC (JvmtiEnv ForceGarbageCollection)  62616K->2811K(498112K), 0.0126111 secs]
363.225: [Full GC (JvmtiEnv ForceGarbageCollection)  62309K->2914K(498112K), 0.0081383 secs]
366.441: [Full GC (JvmtiEnv ForceGarbageCollection)  62412K->3017K(498112K), 0.0131335 secs]
369.661: [Full GC (JvmtiEnv ForceGarbageCollection)  62514K->3120K(498112K), 0.0074563 secs]
372.842: [Full GC (JvmtiEnv ForceGarbageCollection)  62618K->2812K(498112K), 0.0069387 secs]
376.026: [Full GC (JvmtiEnv ForceGarbageCollection)  62310K->2915K(498112K), 0.0083379 secs]
379.235: [Full GC (JvmtiEnv ForceGarbageCollection)  62413K->3018K(498112K), 0.0073412 secs]
382.420: [Full GC (JvmtiEnv ForceGarbageCollection)  62516K->3122K(498112K), 0.0076215 secs]
385.654: [Full GC (JvmtiEnv ForceGarbageCollection)  62620K->2812K(498112K), 0.0114392 secs]
388.882: [Full GC (JvmtiEnv ForceGarbageCollection)  62310K->2916K(498112K), 0.0081410 secs]
392.094: [Full GC (JvmtiEnv ForceGarbageCollection)  62414K->3020K(498112K), 0.0071882 secs]
395.297: [Full GC (JvmtiEnv ForceGarbageCollection)  62518K->3124K(498112K), 0.0074117 secs]
398.498: [Full GC (JvmtiEnv ForceGarbageCollection)  62622K->2812K(498112K), 0.0079269 secs]
401.766: [Full GC (JvmtiEnv ForceGarbageCollection)  66663K->2917K(498112K), 0.0075716 secs]
405.006: [Full GC (JvmtiEnv ForceGarbageCollection)  66767K->3022K(498112K), 0.0079240 secs]
408.308: [Full GC (JvmtiEnv ForceGarbageCollection)  66872K->3126K(498112K), 0.0085024 secs]
411.628: [Full GC (JvmtiEnv ForceGarbageCollection)  66976K->2813K(498112K), 0.0072791 secs]
414.983: [Full GC (JvmtiEnv ForceGarbageCollection)  66663K->2918K(498112K), 0.0099691 secs]
418.364: [Full GC (JvmtiEnv ForceGarbageCollection)  66768K->3023K(498112K), 0.0083301 secs]
421.593: [Full GC (JvmtiEnv ForceGarbageCollection)  66873K->3128K(498112K), 0.0082771 secs]
424.852: [Full GC (JvmtiEnv ForceGarbageCollection)  66978K->2814K(498112K), 0.0072116 secs]
428.110: [Full GC (JvmtiEnv ForceGarbageCollection)  66664K->2919K(498112K), 0.0086675 secs]
431.492: [Full GC (JvmtiEnv ForceGarbageCollection)  66769K->3024K(498112K), 0.0076394 secs]
434.830: [Full GC (JvmtiEnv ForceGarbageCollection)  66874K->3130K(498112K), 0.0074293 secs]
438.119: [Full GC (JvmtiEnv ForceGarbageCollection)  66980K->2814K(498112K), 0.0096262 secs]
441.433: [Full GC (JvmtiEnv ForceGarbageCollection)  66665K->2920K(498112K), 0.0086333 secs]
444.732: [Full GC (JvmtiEnv ForceGarbageCollection)  66770K->3026K(498112K), 0.0092183 secs]
447.962: [Full GC (JvmtiEnv ForceGarbageCollection)  66876K->3132K(498112K), 0.0075739 secs]
451.295: [Full GC (JvmtiEnv ForceGarbageCollection)  66982K->2815K(498112K), 0.0075514 secs]
454.584: [Full GC (JvmtiEnv ForceGarbageCollection)  66665K->2922K(498112K), 0.0095460 secs]
457.915: [Full GC (JvmtiEnv ForceGarbageCollection)  66772K->3028K(498112K), 0.0069967 secs]
461.245: [Full GC (JvmtiEnv ForceGarbageCollection)  66878K->3135K(498112K), 0.0086168 secs]
464.496: [Full GC (JvmtiEnv ForceGarbageCollection)  66985K->2815K(498112K), 0.0080117 secs]
467.771: [Full GC (JvmtiEnv ForceGarbageCollection)  66665K->2922K(498112K), 0.0074568 secs]
471.086: [Full GC (JvmtiEnv ForceGarbageCollection)  66772K->3029K(498112K), 0.0071324 secs]
474.367: [Full GC (JvmtiEnv ForceGarbageCollection)  66880K->3137K(498112K), 0.0089655 secs]
477.877: [Full GC (JvmtiEnv ForceGarbageCollection)  66987K->2816K(498112K), 0.0081584 secs]
481.219: [Full GC (JvmtiEnv ForceGarbageCollection)  66666K->2923K(498112K), 0.0061101 secs]
484.666: [Full GC (JvmtiEnv ForceGarbageCollection)  66773K->3031K(498112K), 0.0081706 secs]
488.038: [Full GC (JvmtiEnv ForceGarbageCollection)  66881K->3139K(498112K), 0.0078374 secs]
491.382: [Full GC (JvmtiEnv ForceGarbageCollection)  66989K->2816K(498112K), 0.0074298 secs]
494.693: [Full GC (JvmtiEnv ForceGarbageCollection)  66666K->2924K(498112K), 0.0077417 secs]
498.137: [Full GC (JvmtiEnv ForceGarbageCollection)  66774K->3032K(498112K), 0.0080533 secs]
501.540: [Full GC (JvmtiEnv ForceGarbageCollection)  66882K->3141K(498112K), 0.0066086 secs]
504.955: [Full GC (JvmtiEnv ForceGarbageCollection)  66991K->2817K(498112K), 0.0077637 secs]
508.343: [Full GC (JvmtiEnv ForceGarbageCollection)  66667K->2926K(498112K), 0.0075909 secs]
511.709: [Full GC (JvmtiEnv ForceGarbageCollection)  66776K->3033K(498112K), 0.0094405 secs]
515.130: [Full GC (JvmtiEnv ForceGarbageCollection)  66883K->3142K(498112K), 0.0079986 secs]
518.460: [Full GC (JvmtiEnv ForceGarbageCollection)  66992K->2703K(498112K), 0.0086311 secs]
521.880: [Full GC (JvmtiEnv ForceGarbageCollection)  66553K->2811K(498112K), 0.0140500 secs]
525.279: [Full GC (JvmtiEnv ForceGarbageCollection)  66661K->2919K(498112K), 0.0076507 secs]
528.706: [Full GC (JvmtiEnv ForceGarbageCollection)  66769K->3028K(498112K), 0.0074607 secs]
532.102: [Full GC (JvmtiEnv ForceGarbageCollection)  66878K->2703K(498112K), 0.0079042 secs]
535.476: [Full GC (JvmtiEnv ForceGarbageCollection)  66553K->2811K(498112K), 0.0079407 secs]
539.046: [Full GC (JvmtiEnv ForceGarbageCollection)  66661K->2920K(498112K), 0.0084279 secs]
542.460: [Full GC (JvmtiEnv ForceGarbageCollection)  66770K->3029K(498112K), 0.0083617 secs]
545.919: [Full GC (JvmtiEnv ForceGarbageCollection)  66879K->2704K(498112K), 0.0089446 secs]
549.360: [Full GC (JvmtiEnv ForceGarbageCollection)  66554K->2813K(498112K), 0.0074963 secs]
552.799: [Full GC (JvmtiEnv ForceGarbageCollection)  66663K->2922K(498112K), 0.0075403 secs]
556.234: [Full GC (JvmtiEnv ForceGarbageCollection)  66772K->3031K(498112K), 0.0084933 secs]
559.658: [Full GC (JvmtiEnv ForceGarbageCollection)  66881K->2704K(498112K), 0.0077570 secs]
563.098: [Full GC (JvmtiEnv ForceGarbageCollection)  66554K->2814K(498112K), 0.0087972 secs]
566.665: [Full GC (JvmtiEnv ForceGarbageCollection)  66664K->2924K(498112K), 0.0069029 secs]
570.176: [Full GC (JvmtiEnv ForceGarbageCollection)  66774K->3034K(498112K), 0.0060514 secs]
573.561: [Full GC (JvmtiEnv ForceGarbageCollection)  66884K->2704K(498112K), 0.0076097 secs]
577.026: [Full GC (JvmtiEnv ForceGarbageCollection)  70749K->2815K(498112K), 0.0072053 secs]
580.519: [Full GC (JvmtiEnv ForceGarbageCollection)  66665K->2925K(498112K), 0.0077527 secs]
583.935: [Full GC (JvmtiEnv ForceGarbageCollection)  66776K->3036K(498112K), 0.0121778 secs]
587.456: [Full GC (JvmtiEnv ForceGarbageCollection)  66886K->2705K(498112K), 0.0077023 secs]
590.954: [Full GC (JvmtiEnv ForceGarbageCollection)  66555K->2816K(498112K), 0.0113010 secs]
594.487: [Full GC (JvmtiEnv ForceGarbageCollection)  66666K->2927K(498112K), 0.0090151 secs]
597.976: [Full GC (JvmtiEnv ForceGarbageCollection)  66777K->3038K(498112K), 0.0109409 secs]
601.513: [Full GC (JvmtiEnv ForceGarbageCollection)  66888K->2706K(498112K), 0.0076503 secs]
604.975: [Full GC (JvmtiEnv ForceGarbageCollection)  66556K->2817K(498112K), 0.0109877 secs]
608.496: [Full GC (JvmtiEnv ForceGarbageCollection)  66667K->2928K(498112K), 0.0076589 secs]
612.077: [Full GC (JvmtiEnv ForceGarbageCollection)  66778K->3040K(498112K), 0.0063933 secs]
615.606: [Full GC (JvmtiEnv ForceGarbageCollection)  66890K->2707K(498112K), 0.0067777 secs]
619.149: [Full GC (JvmtiEnv ForceGarbageCollection)  66557K->2818K(498112K), 0.0091900 secs]
622.649: [Full GC (JvmtiEnv ForceGarbageCollection)  66668K->2930K(498112K), 0.0074195 secs]
626.210: [Full GC (JvmtiEnv ForceGarbageCollection)  66780K->3042K(498112K), 0.0083260 secs]
629.768: [Full GC (JvmtiEnv ForceGarbageCollection)  71104K->2707K(498112K), 0.0073799 secs]
633.223: [Full GC (JvmtiEnv ForceGarbageCollection)  70770K->2820K(498112K), 0.0079943 secs]
636.841: [Full GC (JvmtiEnv ForceGarbageCollection)  70882K->2932K(498112K), 0.0070380 secs]
640.484: [Full GC (JvmtiEnv ForceGarbageCollection)  70994K->3044K(498112K), 0.0078105 secs]
643.912: [Full GC (JvmtiEnv ForceGarbageCollection)  71107K->2707K(498112K), 0.0061992 secs]
647.410: [Full GC (JvmtiEnv ForceGarbageCollection)  70769K->2820K(498112K), 0.0072174 secs]
650.913: [Full GC (JvmtiEnv ForceGarbageCollection)  70883K->2933K(498112K), 0.0073101 secs]
654.463: [Full GC (JvmtiEnv ForceGarbageCollection)  70996K->3046K(498112K), 0.0075194 secs]
658.075: [Full GC (JvmtiEnv ForceGarbageCollection)  71109K->2708K(498112K), 0.0070230 secs]
661.753: [Full GC (JvmtiEnv ForceGarbageCollection)  70770K->2821K(498112K), 0.0074168 secs]
665.345: [Full GC (JvmtiEnv ForceGarbageCollection)  70883K->2935K(498112K), 0.0061462 secs]
668.928: [Full GC (JvmtiEnv ForceGarbageCollection)  70997K->3048K(498112K), 0.0081597 secs]
672.466: [Full GC (JvmtiEnv ForceGarbageCollection)  71111K->2709K(498112K), 0.0074598 secs]
676.018: [Full GC (JvmtiEnv ForceGarbageCollection)  70771K->2822K(498112K), 0.0078678 secs]
