OpenJDK 64-Bit Server VM (25.222-b10) for linux-amd64 JRE (1.8.0_222-8u222-b10-1ubuntu1~18.04.1-b10), built on Jul 18 2019 18:52:48 by "buildd" with gcc 7.4.0
Memory: 4k page, physical 16424660k(15503952k free), swap 0k(0k free)
CommandLine flags: -XX:CompressedClassSpaceSize=45297664 -XX:InitialHeapSize=536870912 -XX:MaxHeapSize=536870912 -XX:MaxMetaspaceSize=53686272 -XX:NewRatio=1 -XX:+PrintGC -XX:+PrintGCTimeStamps -XX:+RequireSharedSpaces -XX:ReservedCodeCacheSize=26843136 -XX:-TieredCompilation -XX:+UseCompressedClassPointers -XX:+UseCompressedOops -XX:+UseSerialGC -XX:+UseSharedSpaces 
4.745: [Full GC (JvmtiEnv ForceGarbageCollection)  77777K->2881K(498112K), 0.0154052 secs]
7.736: [Full GC (JvmtiEnv ForceGarbageCollection)  70615K->2973K(498112K), 0.0088051 secs]
10.687: [Full GC (JvmtiEnv ForceGarbageCollection)  62314K->3062K(498112K), 0.0106062 secs]
13.650: [Full GC (JvmtiEnv ForceGarbageCollection)  62404K->2766K(498112K), 0.0072362 secs]
16.630: [Full GC (JvmtiEnv ForceGarbageCollection)  57911K->2856K(498112K), 0.0078236 secs]
19.577: [Full GC (JvmtiEnv ForceGarbageCollection)  58002K->2947K(498112K), 0.0074374 secs]
22.553: [Full GC (JvmtiEnv ForceGarbageCollection)  58093K->3040K(498112K), 0.0071622 secs]
25.442: [Full GC (JvmtiEnv ForceGarbageCollection)  58186K->2769K(498112K), 0.0079542 secs]
28.424: [Full GC (JvmtiEnv ForceGarbageCollection)  57915K->2860K(498112K), 0.0076581 secs]
31.452: [Full GC (JvmtiEnv ForceGarbageCollection)  58005K->2950K(498112K), 0.0076259 secs]
34.461: [Full GC (JvmtiEnv ForceGarbageCollection)  58096K->3041K(498112K), 0.0062859 secs]
37.447: [Full GC (JvmtiEnv ForceGarbageCollection)  58187K->2770K(498112K), 0.0073401 secs]
40.446: [Full GC (JvmtiEnv ForceGarbageCollection)  57916K->2861K(498112K), 0.0076748 secs]
43.354: [Full GC (JvmtiEnv ForceGarbageCollection)  58007K->2952K(498112K), 0.0077075 secs]
46.299: [Full GC (JvmtiEnv ForceGarbageCollection)  58098K->3043K(498112K), 0.0076348 secs]
49.284: [Full GC (JvmtiEnv ForceGarbageCollection)  58189K->2771K(498112K), 0.0097936 secs]
52.494: [Full GC (JvmtiEnv ForceGarbageCollection)  57917K->2863K(498112K), 0.0073731 secs]
55.451: [Full GC (JvmtiEnv ForceGarbageCollection)  58009K->2955K(498112K), 0.0076258 secs]
58.406: [Full GC (JvmtiEnv ForceGarbageCollection)  58101K->3047K(498112K), 0.0071365 secs]
61.344: [Full GC (JvmtiEnv ForceGarbageCollection)  58185K->2774K(498112K), 0.0082994 secs]
64.272: [Full GC (JvmtiEnv ForceGarbageCollection)  57920K->2868K(498112K), 0.0078441 secs]
67.173: [Full GC (JvmtiEnv ForceGarbageCollection)  58013K->2962K(498112K), 0.0083380 secs]
70.151: [Full GC (JvmtiEnv ForceGarbageCollection)  58108K->3055K(498112K), 0.0093095 secs]
73.208: [Full GC (JvmtiEnv ForceGarbageCollection)  58201K->2778K(498112K), 0.0072467 secs]
76.193: [Full GC (JvmtiEnv ForceGarbageCollection)  57924K->2871K(498112K), 0.0070045 secs]
79.252: [Full GC (JvmtiEnv ForceGarbageCollection)  58016K->2964K(498112K), 0.0061086 secs]
82.400: [Full GC (JvmtiEnv ForceGarbageCollection)  58110K->3057K(498112K), 0.0082009 secs]
85.433: [Full GC (JvmtiEnv ForceGarbageCollection)  58203K->2780K(498112K), 0.0077307 secs]
88.542: [Full GC (JvmtiEnv ForceGarbageCollection)  57926K->2873K(498112K), 0.0083066 secs]
91.600: [Full GC (JvmtiEnv ForceGarbageCollection)  58019K->2966K(498112K), 0.0060927 secs]
94.601: [Full GC (JvmtiEnv ForceGarbageCollection)  58112K->3059K(498112K), 0.0082553 secs]
97.728: [Full GC (JvmtiEnv ForceGarbageCollection)  58205K->2781K(498112K), 0.0104994 secs]
100.748: [Full GC (JvmtiEnv ForceGarbageCollection)  57927K->2875K(498112K), 0.0065082 secs]
103.757: [Full GC (JvmtiEnv ForceGarbageCollection)  58020K->2969K(498112K), 0.0080690 secs]
107.024: [Full GC (JvmtiEnv ForceGarbageCollection)  58115K->3063K(498112K), 0.0077300 secs]
109.928: [Full GC (JvmtiEnv ForceGarbageCollection)  58209K->2782K(498112K), 0.0071726 secs]
112.928: [Full GC (JvmtiEnv ForceGarbageCollection)  57928K->2877K(498112K), 0.0060008 secs]
116.130: [Full GC (JvmtiEnv ForceGarbageCollection)  58023K->2971K(498112K), 0.0059063 secs]
119.082: [Full GC (JvmtiEnv ForceGarbageCollection)  66509K->3069K(498112K), 0.0073027 secs]
122.027: [Full GC (JvmtiEnv ForceGarbageCollection)  58215K->2788K(498112K), 0.0073331 secs]
125.009: [Full GC (JvmtiEnv ForceGarbageCollection)  57933K->2882K(498112K), 0.0076255 secs]
128.020: [Full GC (JvmtiEnv ForceGarbageCollection)  58028K->2977K(498112K), 0.0077729 secs]
131.000: [Full GC (JvmtiEnv ForceGarbageCollection)  58123K->3072K(498112K), 0.0097878 secs]
134.010: [Full GC (JvmtiEnv ForceGarbageCollection)  58218K->2789K(498112K), 0.0066811 secs]
137.081: [Full GC (JvmtiEnv ForceGarbageCollection)  57935K->2884K(498112K), 0.0061492 secs]
140.127: [Full GC (JvmtiEnv ForceGarbageCollection)  58030K->2979K(498112K), 0.0057176 secs]
143.172: [Full GC (JvmtiEnv ForceGarbageCollection)  58125K->3074K(498112K), 0.0063787 secs]
146.146: [Full GC (JvmtiEnv ForceGarbageCollection)  58220K->2790K(498112K), 0.0078900 secs]
149.156: [Full GC (JvmtiEnv ForceGarbageCollection)  57936K->2886K(498112K), 0.0061432 secs]
152.180: [Full GC (JvmtiEnv ForceGarbageCollection)  58032K->2981K(498112K), 0.0077852 secs]
155.198: [Full GC (JvmtiEnv ForceGarbageCollection)  58127K->3077K(498112K), 0.0101843 secs]
158.314: [Full GC (JvmtiEnv ForceGarbageCollection)  58223K->2790K(498112K), 0.0097184 secs]
161.371: [Full GC (JvmtiEnv ForceGarbageCollection)  57936K->2887K(498112K), 0.0060159 secs]
164.505: [Full GC (JvmtiEnv ForceGarbageCollection)  58033K->2983K(498112K), 0.0074548 secs]
167.546: [Full GC (JvmtiEnv ForceGarbageCollection)  58129K->3079K(498112K), 0.0068786 secs]
170.592: [Full GC (JvmtiEnv ForceGarbageCollection)  58225K->2791K(498112K), 0.0076358 secs]
173.586: [Full GC (JvmtiEnv ForceGarbageCollection)  57937K->2887K(498112K), 0.0077804 secs]
176.768: [Full GC (JvmtiEnv ForceGarbageCollection)  62385K->2984K(498112K), 0.0076510 secs]
179.849: [Full GC (JvmtiEnv ForceGarbageCollection)  62482K->3081K(498112K), 0.0064944 secs]
182.877: [Full GC (JvmtiEnv ForceGarbageCollection)  62579K->2792K(498112K), 0.0076346 secs]
185.990: [Full GC (JvmtiEnv ForceGarbageCollection)  62290K->2889K(498112K), 0.0085009 secs]
188.986: [Full GC (JvmtiEnv ForceGarbageCollection)  62387K->2985K(498112K), 0.0079858 secs]
192.028: [Full GC (JvmtiEnv ForceGarbageCollection)  62483K->3083K(498112K), 0.0080509 secs]
195.114: [Full GC (JvmtiEnv ForceGarbageCollection)  62581K->2792K(498112K), 0.0077132 secs]
198.212: [Full GC (JvmtiEnv ForceGarbageCollection)  62290K->2890K(498112K), 0.0074326 secs]
201.414: [Full GC (JvmtiEnv ForceGarbageCollection)  62388K->2987K(498112K), 0.0077780 secs]
204.422: [Full GC (JvmtiEnv ForceGarbageCollection)  62485K->3085K(498112K), 0.0114123 secs]
207.476: [Full GC (JvmtiEnv ForceGarbageCollection)  62583K->2793K(498112K), 0.0080544 secs]
210.691: [Full GC (JvmtiEnv ForceGarbageCollection)  62291K->2891K(498112K), 0.0080700 secs]
213.806: [Full GC (JvmtiEnv ForceGarbageCollection)  62389K->2990K(498112K), 0.0085509 secs]
216.916: [Full GC (JvmtiEnv ForceGarbageCollection)  62488K->3088K(498112K), 0.0082104 secs]
219.983: [Full GC (JvmtiEnv ForceGarbageCollection)  62586K->2794K(498112K), 0.0073184 secs]
223.122: [Full GC (JvmtiEnv ForceGarbageCollection)  62292K->2892K(498112K), 0.0092534 secs]
226.315: [Full GC (JvmtiEnv ForceGarbageCollection)  62390K->2992K(498112K), 0.0073663 secs]
229.464: [Full GC (JvmtiEnv ForceGarbageCollection)  62490K->3090K(498112K), 0.0079011 secs]
232.632: [Full GC (JvmtiEnv ForceGarbageCollection)  62589K->2795K(498112K), 0.0082419 secs]
235.771: [Full GC (JvmtiEnv ForceGarbageCollection)  62293K->2894K(498112K), 0.0106457 secs]
239.005: [Full GC (JvmtiEnv ForceGarbageCollection)  62392K->2995K(498112K), 0.0076471 secs]
242.140: [Full GC (JvmtiEnv ForceGarbageCollection)  62493K->3094K(498112K), 0.0104752 secs]
245.260: [Full GC (JvmtiEnv ForceGarbageCollection)  62592K->2796K(498112K), 0.0091689 secs]
248.394: [Full GC (JvmtiEnv ForceGarbageCollection)  62294K->2896K(498112K), 0.0079653 secs]
251.528: [Full GC (JvmtiEnv ForceGarbageCollection)  62394K->2995K(498112K), 0.0074782 secs]
254.786: [Full GC (JvmtiEnv ForceGarbageCollection)  62493K->3095K(498112K), 0.0077089 secs]
257.998: [Full GC (JvmtiEnv ForceGarbageCollection)  62593K->2797K(498112K), 0.0062663 secs]
261.229: [Full GC (JvmtiEnv ForceGarbageCollection)  62295K->2897K(498112K), 0.0074756 secs]
264.427: [Full GC (JvmtiEnv ForceGarbageCollection)  62395K->2998K(498112K), 0.0086289 secs]
267.572: [Full GC (JvmtiEnv ForceGarbageCollection)  62495K->3098K(498112K), 0.0074218 secs]
270.750: [Full GC (JvmtiEnv ForceGarbageCollection)  62596K->2804K(498112K), 0.0079516 secs]
273.964: [Full GC (JvmtiEnv ForceGarbageCollection)  62302K->2905K(498112K), 0.0074544 secs]
277.249: [Full GC (JvmtiEnv ForceGarbageCollection)  62403K->3005K(498112K), 0.0080349 secs]
280.455: [Full GC (JvmtiEnv ForceGarbageCollection)  62504K->3107K(498112K), 0.0073720 secs]
283.585: [Full GC (JvmtiEnv ForceGarbageCollection)  62605K->2804K(498112K), 0.0080229 secs]
286.830: [Full GC (JvmtiEnv ForceGarbageCollection)  62302K->2908K(498112K), 0.0076581 secs]
290.038: [Full GC (JvmtiEnv ForceGarbageCollection)  62406K->3010K(498112K), 0.0081184 secs]
293.266: [Full GC (JvmtiEnv ForceGarbageCollection)  62491K->3112K(498112K), 0.0072276 secs]
296.481: [Full GC (JvmtiEnv ForceGarbageCollection)  62593K->2808K(498112K), 0.0074024 secs]
299.847: [Full GC (JvmtiEnv ForceGarbageCollection)  62290K->2910K(498112K), 0.0065056 secs]
303.079: [Full GC (JvmtiEnv ForceGarbageCollection)  62391K->3012K(498112K), 0.0060646 secs]
306.351: [Full GC (JvmtiEnv ForceGarbageCollection)  62493K->3114K(498112K), 0.0069026 secs]
309.502: [Full GC (JvmtiEnv ForceGarbageCollection)  62595K->2809K(498112K), 0.0083079 secs]
312.727: [Full GC (JvmtiEnv ForceGarbageCollection)  62291K->2911K(498112K), 0.0104082 secs]
315.946: [Full GC (JvmtiEnv ForceGarbageCollection)  62393K->3013K(498112K), 0.0114784 secs]
319.215: [Full GC (JvmtiEnv ForceGarbageCollection)  62495K->3117K(498112K), 0.0093334 secs]
322.491: [Full GC (JvmtiEnv ForceGarbageCollection)  62598K->2811K(498112K), 0.0075184 secs]
325.736: [Full GC (JvmtiEnv ForceGarbageCollection)  62292K->2913K(498112K), 0.0067493 secs]
328.992: [Full GC (JvmtiEnv ForceGarbageCollection)  62395K->3016K(498112K), 0.0063213 secs]
332.231: [Full GC (JvmtiEnv ForceGarbageCollection)  62498K->3119K(498112K), 0.0088960 secs]
335.464: [Full GC (JvmtiEnv ForceGarbageCollection)  62600K->2811K(498112K), 0.0063978 secs]
338.833: [Full GC (JvmtiEnv ForceGarbageCollection)  62293K->2915K(498112K), 0.0085437 secs]
342.134: [Full GC (JvmtiEnv ForceGarbageCollection)  62396K->3018K(498112K), 0.0071797 secs]
345.466: [Full GC (JvmtiEnv ForceGarbageCollection)  62500K->3123K(498112K), 0.0089217 secs]
348.808: [Full GC (JvmtiEnv ForceGarbageCollection)  62621K->2812K(498112K), 0.0078315 secs]
352.225: [Full GC (JvmtiEnv ForceGarbageCollection)  62310K->2916K(498112K), 0.0112985 secs]
355.597: [Full GC (JvmtiEnv ForceGarbageCollection)  62414K->3020K(498112K), 0.0065318 secs]
358.940: [Full GC (JvmtiEnv ForceGarbageCollection)  62518K->3124K(498112K), 0.0084658 secs]
362.318: [Full GC (JvmtiEnv ForceGarbageCollection)  62622K->2812K(498112K), 0.0077172 secs]
365.662: [Full GC (JvmtiEnv ForceGarbageCollection)  62310K->2916K(498112K), 0.0101337 secs]
368.939: [Full GC (JvmtiEnv ForceGarbageCollection)  66766K->3021K(498112K), 0.0082513 secs]
372.249: [Full GC (JvmtiEnv ForceGarbageCollection)  66871K->3126K(498112K), 0.0085600 secs]
375.580: [Full GC (JvmtiEnv ForceGarbageCollection)  66976K->2813K(498112K), 0.0087556 secs]
378.891: [Full GC (JvmtiEnv ForceGarbageCollection)  66663K->2918K(498112K), 0.0076641 secs]
382.304: [Full GC (JvmtiEnv ForceGarbageCollection)  66768K->3022K(498112K), 0.0079277 secs]
385.766: [Full GC (JvmtiEnv ForceGarbageCollection)  66872K->3128K(498112K), 0.0078940 secs]
389.158: [Full GC (JvmtiEnv ForceGarbageCollection)  66978K->2814K(498112K), 0.0098700 secs]
392.523: [Full GC (JvmtiEnv ForceGarbageCollection)  66664K->2919K(498112K), 0.0069500 secs]
395.972: [Full GC (JvmtiEnv ForceGarbageCollection)  66769K->3024K(498112K), 0.0063036 secs]
399.409: [Full GC (JvmtiEnv ForceGarbageCollection)  66874K->3130K(498112K), 0.0086432 secs]
402.819: [Full GC (JvmtiEnv ForceGarbageCollection)  66980K->2814K(498112K), 0.0080089 secs]
406.221: [Full GC (JvmtiEnv ForceGarbageCollection)  66664K->2920K(498112K), 0.0085459 secs]
409.674: [Full GC (JvmtiEnv ForceGarbageCollection)  66770K->3026K(498112K), 0.0075309 secs]
413.178: [Full GC (JvmtiEnv ForceGarbageCollection)  66876K->3131K(498112K), 0.0077276 secs]
416.576: [Full GC (JvmtiEnv ForceGarbageCollection)  66982K->2814K(498112K), 0.0074227 secs]
420.088: [Full GC (JvmtiEnv ForceGarbageCollection)  66664K->2920K(498112K), 0.0078071 secs]
423.396: [Full GC (JvmtiEnv ForceGarbageCollection)  66770K->3026K(498112K), 0.0079280 secs]
426.867: [Full GC (JvmtiEnv ForceGarbageCollection)  66876K->3133K(498112K), 0.0082575 secs]
430.245: [Full GC (JvmtiEnv ForceGarbageCollection)  66983K->2815K(498112K), 0.0076566 secs]
433.692: [Full GC (JvmtiEnv ForceGarbageCollection)  66665K->2922K(498112K), 0.0083305 secs]
437.094: [Full GC (JvmtiEnv ForceGarbageCollection)  66772K->3028K(498112K), 0.0107711 secs]
440.548: [Full GC (JvmtiEnv ForceGarbageCollection)  66878K->3135K(498112K), 0.0099451 secs]
444.090: [Full GC (JvmtiEnv ForceGarbageCollection)  66985K->2816K(498112K), 0.0067313 secs]
447.618: [Full GC (JvmtiEnv ForceGarbageCollection)  66666K->2923K(498112K), 0.0064505 secs]
451.028: [Full GC (JvmtiEnv ForceGarbageCollection)  66773K->3030K(498112K), 0.0092647 secs]
454.492: [Full GC (JvmtiEnv ForceGarbageCollection)  66880K->3137K(498112K), 0.0081653 secs]
457.987: [Full GC (JvmtiEnv ForceGarbageCollection)  66987K->2816K(498112K), 0.0095688 secs]
461.427: [Full GC (JvmtiEnv ForceGarbageCollection)  66666K->2924K(498112K), 0.0087512 secs]
464.923: [Full GC (JvmtiEnv ForceGarbageCollection)  66774K->3031K(498112K), 0.0087311 secs]
468.372: [Full GC (JvmtiEnv ForceGarbageCollection)  66881K->3139K(498112K), 0.0080575 secs]
471.904: [Full GC (JvmtiEnv ForceGarbageCollection)  66989K->2816K(498112K), 0.0068829 secs]
475.374: [Full GC (JvmtiEnv ForceGarbageCollection)  66666K->2924K(498112K), 0.0070016 secs]
478.838: [Full GC (JvmtiEnv ForceGarbageCollection)  66774K->3033K(498112K), 0.0098770 secs]
482.420: [Full GC (JvmtiEnv ForceGarbageCollection)  66883K->3141K(498112K), 0.0080724 secs]
485.879: [Full GC (JvmtiEnv ForceGarbageCollection)  66991K->2817K(498112K), 0.0089725 secs]
489.340: [Full GC (JvmtiEnv ForceGarbageCollection)  66667K->2925K(498112K), 0.0079110 secs]
492.886: [Full GC (JvmtiEnv ForceGarbageCollection)  66775K->3033K(498112K), 0.0081626 secs]
496.442: [Full GC (JvmtiEnv ForceGarbageCollection)  66883K->3142K(498112K), 0.0098085 secs]
500.004: [Full GC (JvmtiEnv ForceGarbageCollection)  66992K->2817K(498112K), 0.0120073 secs]
503.627: [Full GC (JvmtiEnv ForceGarbageCollection)  66667K->2926K(498112K), 0.0090868 secs]
507.142: [Full GC (JvmtiEnv ForceGarbageCollection)  66776K->3034K(498112K), 0.0095997 secs]
510.668: [Full GC (JvmtiEnv ForceGarbageCollection)  66884K->3143K(498112K), 0.0087722 secs]
514.127: [Full GC (JvmtiEnv ForceGarbageCollection)  66993K->2704K(498112K), 0.0093294 secs]
517.549: [Full GC (JvmtiEnv ForceGarbageCollection)  66554K->2813K(498112K), 0.0082836 secs]
521.056: [Full GC (JvmtiEnv ForceGarbageCollection)  66663K->2922K(498112K), 0.0104825 secs]
524.482: [Full GC (JvmtiEnv ForceGarbageCollection)  66772K->3031K(498112K), 0.0082548 secs]
527.925: [Full GC (JvmtiEnv ForceGarbageCollection)  66881K->2704K(498112K), 0.0116103 secs]
531.455: [Full GC (JvmtiEnv ForceGarbageCollection)  66554K->2813K(498112K), 0.0084804 secs]
534.910: [Full GC (JvmtiEnv ForceGarbageCollection)  66663K->2923K(498112K), 0.0081712 secs]
538.350: [Full GC (JvmtiEnv ForceGarbageCollection)  66773K->3033K(498112K), 0.0118777 secs]
541.952: [Full GC (JvmtiEnv ForceGarbageCollection)  66883K->2704K(498112K), 0.0118971 secs]
545.393: [Full GC (JvmtiEnv ForceGarbageCollection)  66554K->2814K(498112K), 0.0081893 secs]
548.801: [Full GC (JvmtiEnv ForceGarbageCollection)  66664K->2924K(498112K), 0.0074333 secs]
552.322: [Full GC (JvmtiEnv ForceGarbageCollection)  66774K->3034K(498112K), 0.0092728 secs]
555.884: [Full GC (JvmtiEnv ForceGarbageCollection)  66884K->2705K(498112K), 0.0107904 secs]
559.516: [Full GC (JvmtiEnv ForceGarbageCollection)  66555K->2815K(498112K), 0.0061505 secs]
563.076: [Full GC (JvmtiEnv ForceGarbageCollection)  66665K->2926K(498112K), 0.0099155 secs]
566.627: [Full GC (JvmtiEnv ForceGarbageCollection)  66776K->3036K(498112K), 0.0090764 secs]
570.208: [Full GC (JvmtiEnv ForceGarbageCollection)  66886K->2706K(498112K), 0.0076188 secs]
573.867: [Full GC (JvmtiEnv ForceGarbageCollection)  66556K->2817K(498112K), 0.0085884 secs]
577.458: [Full GC (JvmtiEnv ForceGarbageCollection)  66667K->2928K(498112K), 0.0112329 secs]
581.062: [Full GC (JvmtiEnv ForceGarbageCollection)  66778K->3039K(498112K), 0.0084723 secs]
584.684: [Full GC (JvmtiEnv ForceGarbageCollection)  66889K->2706K(498112K), 0.0080848 secs]
588.347: [Full GC (JvmtiEnv ForceGarbageCollection)  66556K->2817K(498112K), 0.0096581 secs]
592.084: [Full GC (JvmtiEnv ForceGarbageCollection)  66667K->2928K(498112K), 0.0076967 secs]
595.782: [Full GC (JvmtiEnv ForceGarbageCollection)  66778K->3041K(498112K), 0.0062671 secs]
599.408: [Full GC (JvmtiEnv ForceGarbageCollection)  66891K->2707K(498112K), 0.0066761 secs]
603.070: [Full GC (JvmtiEnv ForceGarbageCollection)  66557K->2818K(498112K), 0.0080624 secs]
606.696: [Full GC (JvmtiEnv ForceGarbageCollection)  66668K->2930K(498112K), 0.0078632 secs]
610.209: [Full GC (JvmtiEnv ForceGarbageCollection)  66780K->3042K(498112K), 0.0089100 secs]
613.726: [Full GC (JvmtiEnv ForceGarbageCollection)  71104K->2707K(498112K), 0.0083063 secs]
617.319: [Full GC (JvmtiEnv ForceGarbageCollection)  70770K->2820K(498112K), 0.0088636 secs]
621.000: [Full GC (JvmtiEnv ForceGarbageCollection)  70882K->2932K(498112K), 0.0169080 secs]
624.702: [Full GC (JvmtiEnv ForceGarbageCollection)  70994K->3044K(498112K), 0.0066694 secs]
628.374: [Full GC (JvmtiEnv ForceGarbageCollection)  71107K->2707K(498112K), 0.0078555 secs]
632.016: [Full GC (JvmtiEnv ForceGarbageCollection)  70770K->2820K(498112K), 0.0122814 secs]
635.605: [Full GC (JvmtiEnv ForceGarbageCollection)  70883K->2933K(498112K), 0.0074348 secs]
639.296: [Full GC (JvmtiEnv ForceGarbageCollection)  70996K->3046K(498112K), 0.0068696 secs]
642.970: [Full GC (JvmtiEnv ForceGarbageCollection)  71109K->2708K(498112K), 0.0059522 secs]
646.637: [Full GC (JvmtiEnv ForceGarbageCollection)  70770K->2821K(498112K), 0.0073902 secs]
650.274: [Full GC (JvmtiEnv ForceGarbageCollection)  70883K->2935K(498112K), 0.0077433 secs]
654.009: [Full GC (JvmtiEnv ForceGarbageCollection)  70997K->3048K(498112K), 0.0082964 secs]
657.617: [Full GC (JvmtiEnv ForceGarbageCollection)  71111K->2709K(498112K), 0.0084204 secs]
661.261: [Full GC (JvmtiEnv ForceGarbageCollection)  70771K->2822K(498112K), 0.0082209 secs]
664.940: [Full GC (JvmtiEnv ForceGarbageCollection)  70885K->2936K(498112K), 0.0089221 secs]
668.532: [Full GC (JvmtiEnv ForceGarbageCollection)  70998K->3050K(498112K), 0.0063142 secs]
672.175: [Full GC (JvmtiEnv ForceGarbageCollection)  71113K->2709K(498112K), 0.0082564 secs]
675.801: [Full GC (JvmtiEnv ForceGarbageCollection)  70771K->2824K(498112K), 0.0082769 secs]
679.320: [Full GC (JvmtiEnv ForceGarbageCollection)  70886K->2938K(498112K), 0.0078908 secs]
682.968: [Full GC (JvmtiEnv ForceGarbageCollection)  71000K->3052K(498112K), 0.0092305 secs]
686.536: [Full GC (JvmtiEnv ForceGarbageCollection)  71115K->2710K(498112K), 0.0091445 secs]
