OpenJDK 64-Bit Server VM (25.222-b10) for linux-amd64 JRE (1.8.0_222-8u222-b10-1ubuntu1~18.04.1-b10), built on Jul 18 2019 18:52:48 by "buildd" with gcc 7.4.0
Memory: 4k page, physical 16424660k(15505188k free), swap 0k(0k free)
CommandLine flags: -XX:CompressedClassSpaceSize=45297664 -XX:InitialHeapSize=536870912 -XX:MaxHeapSize=536870912 -XX:MaxMetaspaceSize=53686272 -XX:NewRatio=1 -XX:+PrintGC -XX:+PrintGCTimeStamps -XX:+RequireSharedSpaces -XX:ReservedCodeCacheSize=26843136 -XX:-TieredCompilation -XX:+UseCompressedClassPointers -XX:+UseCompressedOops -XX:+UseSerialGC -XX:+UseSharedSpaces 
4.741: [Full GC (JvmtiEnv ForceGarbageCollection)  77777K->2881K(498112K), 0.0150533 secs]
7.709: [Full GC (JvmtiEnv ForceGarbageCollection)  70615K->2973K(498112K), 0.0077859 secs]
10.633: [Full GC (JvmtiEnv ForceGarbageCollection)  62314K->3062K(498112K), 0.0062664 secs]
13.575: [Full GC (JvmtiEnv ForceGarbageCollection)  62404K->2766K(498112K), 0.0097650 secs]
16.546: [Full GC (JvmtiEnv ForceGarbageCollection)  57911K->2856K(498112K), 0.0082073 secs]
19.544: [Full GC (JvmtiEnv ForceGarbageCollection)  58002K->2947K(498112K), 0.0068534 secs]
22.543: [Full GC (JvmtiEnv ForceGarbageCollection)  58093K->3040K(498112K), 0.0108560 secs]
25.494: [Full GC (JvmtiEnv ForceGarbageCollection)  58186K->2769K(498112K), 0.0074223 secs]
28.477: [Full GC (JvmtiEnv ForceGarbageCollection)  57915K->2860K(498112K), 0.0094626 secs]
31.500: [Full GC (JvmtiEnv ForceGarbageCollection)  58005K->2950K(498112K), 0.0112263 secs]
34.657: [Full GC (JvmtiEnv ForceGarbageCollection)  58096K->3041K(498112K), 0.0074537 secs]
37.719: [Full GC (JvmtiEnv ForceGarbageCollection)  58187K->2770K(498112K), 0.0068997 secs]
40.662: [Full GC (JvmtiEnv ForceGarbageCollection)  57916K->2861K(498112K), 0.0070555 secs]
43.555: [Full GC (JvmtiEnv ForceGarbageCollection)  58007K->2952K(498112K), 0.0104337 secs]
46.539: [Full GC (JvmtiEnv ForceGarbageCollection)  58098K->3043K(498112K), 0.0065610 secs]
49.648: [Full GC (JvmtiEnv ForceGarbageCollection)  58189K->2770K(498112K), 0.0081197 secs]
52.753: [Full GC (JvmtiEnv ForceGarbageCollection)  57916K->2862K(498112K), 0.0059324 secs]
55.792: [Full GC (JvmtiEnv ForceGarbageCollection)  58008K->2953K(498112K), 0.0069274 secs]
58.776: [Full GC (JvmtiEnv ForceGarbageCollection)  58099K->3044K(498112K), 0.0087204 secs]
61.818: [Full GC (JvmtiEnv ForceGarbageCollection)  58190K->2773K(498112K), 0.0090302 secs]
64.893: [Full GC (JvmtiEnv ForceGarbageCollection)  57919K->2866K(498112K), 0.0071577 secs]
67.992: [Full GC (JvmtiEnv ForceGarbageCollection)  58004K->2960K(498112K), 0.0094495 secs]
71.049: [Full GC (JvmtiEnv ForceGarbageCollection)  58106K->3052K(498112K), 0.0085010 secs]
74.124: [Full GC (JvmtiEnv ForceGarbageCollection)  58198K->2777K(498112K), 0.0068606 secs]
77.196: [Full GC (JvmtiEnv ForceGarbageCollection)  57923K->2869K(498112K), 0.0060067 secs]
80.236: [Full GC (JvmtiEnv ForceGarbageCollection)  58015K->2963K(498112K), 0.0084520 secs]
83.277: [Full GC (JvmtiEnv ForceGarbageCollection)  58109K->3056K(498112K), 0.0065067 secs]
86.294: [Full GC (JvmtiEnv ForceGarbageCollection)  58201K->2780K(498112K), 0.0078628 secs]
89.334: [Full GC (JvmtiEnv ForceGarbageCollection)  57925K->2872K(498112K), 0.0078462 secs]
92.475: [Full GC (JvmtiEnv ForceGarbageCollection)  58018K->2964K(498112K), 0.0073743 secs]
95.692: [Full GC (JvmtiEnv ForceGarbageCollection)  58110K->3057K(498112K), 0.0081857 secs]
98.809: [Full GC (JvmtiEnv ForceGarbageCollection)  58203K->2780K(498112K), 0.0092451 secs]
101.877: [Full GC (JvmtiEnv ForceGarbageCollection)  57926K->2873K(498112K), 0.0056439 secs]
104.884: [Full GC (JvmtiEnv ForceGarbageCollection)  58019K->2967K(498112K), 0.0075420 secs]
108.073: [Full GC (JvmtiEnv ForceGarbageCollection)  58113K->3061K(498112K), 0.0098916 secs]
111.088: [Full GC (JvmtiEnv ForceGarbageCollection)  58207K->2782K(498112K), 0.0078389 secs]
114.073: [Full GC (JvmtiEnv ForceGarbageCollection)  57928K->2877K(498112K), 0.0089853 secs]
117.074: [Full GC (JvmtiEnv ForceGarbageCollection)  58023K->2971K(498112K), 0.0114510 secs]
120.037: [Full GC (JvmtiEnv ForceGarbageCollection)  66508K->3068K(498112K), 0.0084989 secs]
123.012: [Full GC (JvmtiEnv ForceGarbageCollection)  58213K->2787K(498112K), 0.0065987 secs]
125.970: [Full GC (JvmtiEnv ForceGarbageCollection)  57933K->2881K(498112K), 0.0070968 secs]
128.959: [Full GC (JvmtiEnv ForceGarbageCollection)  58027K->2976K(498112K), 0.0065935 secs]
131.873: [Full GC (JvmtiEnv ForceGarbageCollection)  58122K->3071K(498112K), 0.0077373 secs]
134.735: [Full GC (JvmtiEnv ForceGarbageCollection)  58216K->2788K(498112K), 0.0069590 secs]
137.655: [Full GC (JvmtiEnv ForceGarbageCollection)  57934K->2883K(498112K), 0.0082653 secs]
140.610: [Full GC (JvmtiEnv ForceGarbageCollection)  58029K->2978K(498112K), 0.0076787 secs]
143.508: [Full GC (JvmtiEnv ForceGarbageCollection)  58123K->3072K(498112K), 0.0078506 secs]
146.492: [Full GC (JvmtiEnv ForceGarbageCollection)  58218K->2789K(498112K), 0.0064386 secs]
149.459: [Full GC (JvmtiEnv ForceGarbageCollection)  57935K->2884K(498112K), 0.0218002 secs]
152.440: [Full GC (JvmtiEnv ForceGarbageCollection)  58030K->2979K(498112K), 0.0070548 secs]
155.421: [Full GC (JvmtiEnv ForceGarbageCollection)  58124K->3074K(498112K), 0.0066138 secs]
158.500: [Full GC (JvmtiEnv ForceGarbageCollection)  58220K->2790K(498112K), 0.0075694 secs]
161.385: [Full GC (JvmtiEnv ForceGarbageCollection)  57936K->2885K(498112K), 0.0069792 secs]
164.297: [Full GC (JvmtiEnv ForceGarbageCollection)  58031K->2980K(498112K), 0.0083516 secs]
167.187: [Full GC (JvmtiEnv ForceGarbageCollection)  58125K->3075K(498112K), 0.0076926 secs]
170.126: [Full GC (JvmtiEnv ForceGarbageCollection)  58221K->2791K(498112K), 0.0071507 secs]
173.150: [Full GC (JvmtiEnv ForceGarbageCollection)  57936K->2886K(498112K), 0.0063625 secs]
176.195: [Full GC (JvmtiEnv ForceGarbageCollection)  58032K->2982K(498112K), 0.0075454 secs]
179.186: [Full GC (JvmtiEnv ForceGarbageCollection)  58127K->3077K(498112K), 0.0072030 secs]
182.186: [Full GC (JvmtiEnv ForceGarbageCollection)  58223K->2791K(498112K), 0.0105748 secs]
185.244: [Full GC (JvmtiEnv ForceGarbageCollection)  57937K->2887K(498112K), 0.0105465 secs]
188.219: [Full GC (JvmtiEnv ForceGarbageCollection)  58033K->2984K(498112K), 0.0074194 secs]
191.172: [Full GC (JvmtiEnv ForceGarbageCollection)  58129K->3080K(498112K), 0.0105175 secs]
194.168: [Full GC (JvmtiEnv ForceGarbageCollection)  58225K->2791K(498112K), 0.0071494 secs]
197.161: [Full GC (JvmtiEnv ForceGarbageCollection)  62289K->2888K(498112K), 0.0078006 secs]
200.179: [Full GC (JvmtiEnv ForceGarbageCollection)  62386K->2985K(498112K), 0.0081598 secs]
203.265: [Full GC (JvmtiEnv ForceGarbageCollection)  62483K->3082K(498112K), 0.0072364 secs]
206.221: [Full GC (JvmtiEnv ForceGarbageCollection)  62580K->2792K(498112K), 0.0062429 secs]
209.234: [Full GC (JvmtiEnv ForceGarbageCollection)  62290K->2889K(498112K), 0.0079873 secs]
212.277: [Full GC (JvmtiEnv ForceGarbageCollection)  62387K->2987K(498112K), 0.0085779 secs]
215.309: [Full GC (JvmtiEnv ForceGarbageCollection)  62484K->3084K(498112K), 0.0087457 secs]
218.344: [Full GC (JvmtiEnv ForceGarbageCollection)  62582K->2793K(498112K), 0.0085967 secs]
221.577: [Full GC (JvmtiEnv ForceGarbageCollection)  62291K->2890K(498112K), 0.0071911 secs]
224.655: [Full GC (JvmtiEnv ForceGarbageCollection)  62388K->2988K(498112K), 0.0091965 secs]
227.723: [Full GC (JvmtiEnv ForceGarbageCollection)  62486K->3087K(498112K), 0.0089741 secs]
230.690: [Full GC (JvmtiEnv ForceGarbageCollection)  62585K->2794K(498112K), 0.0077118 secs]
233.709: [Full GC (JvmtiEnv ForceGarbageCollection)  62292K->2892K(498112K), 0.0086762 secs]
236.717: [Full GC (JvmtiEnv ForceGarbageCollection)  62390K->2991K(498112K), 0.0083993 secs]
239.762: [Full GC (JvmtiEnv ForceGarbageCollection)  62489K->3089K(498112K), 0.0080079 secs]
242.845: [Full GC (JvmtiEnv ForceGarbageCollection)  62587K->2795K(498112K), 0.0110291 secs]
246.145: [Full GC (JvmtiEnv ForceGarbageCollection)  62293K->2894K(498112K), 0.0079266 secs]
249.231: [Full GC (JvmtiEnv ForceGarbageCollection)  62392K->2993K(498112K), 0.0098839 secs]
252.331: [Full GC (JvmtiEnv ForceGarbageCollection)  62491K->3091K(498112K), 0.0088990 secs]
255.429: [Full GC (JvmtiEnv ForceGarbageCollection)  62589K->2794K(498112K), 0.0078983 secs]
258.496: [Full GC (JvmtiEnv ForceGarbageCollection)  62292K->2893K(498112K), 0.0069011 secs]
261.864: [Full GC (JvmtiEnv ForceGarbageCollection)  62391K->2992K(498112K), 0.0082652 secs]
264.990: [Full GC (JvmtiEnv ForceGarbageCollection)  62490K->3090K(498112K), 0.0079041 secs]
268.320: [Full GC (JvmtiEnv ForceGarbageCollection)  62588K->2795K(498112K), 0.0101714 secs]
271.458: [Full GC (JvmtiEnv ForceGarbageCollection)  62293K->2900K(498112K), 0.0066140 secs]
274.747: [Full GC (JvmtiEnv ForceGarbageCollection)  62398K->2999K(498112K), 0.0078703 secs]
278.027: [Full GC (JvmtiEnv ForceGarbageCollection)  62497K->3098K(498112K), 0.0074488 secs]
281.222: [Full GC (JvmtiEnv ForceGarbageCollection)  66792K->2803K(498112K), 0.0082357 secs]
284.353: [Full GC (JvmtiEnv ForceGarbageCollection)  62301K->2903K(498112K), 0.0087738 secs]
287.407: [Full GC (JvmtiEnv ForceGarbageCollection)  62393K->3004K(498112K), 0.0076156 secs]
290.578: [Full GC (JvmtiEnv ForceGarbageCollection)  62502K->3104K(498112K), 0.0065463 secs]
293.689: [Full GC (JvmtiEnv ForceGarbageCollection)  62586K->2806K(498112K), 0.0100012 secs]
296.843: [Full GC (JvmtiEnv ForceGarbageCollection)  62288K->2906K(498112K), 0.0059922 secs]
300.013: [Full GC (JvmtiEnv ForceGarbageCollection)  62388K->3006K(498112K), 0.0100184 secs]
303.161: [Full GC (JvmtiEnv ForceGarbageCollection)  62488K->3107K(498112K), 0.0067780 secs]
306.278: [Full GC (JvmtiEnv ForceGarbageCollection)  62588K->2807K(498112K), 0.0078786 secs]
309.458: [Full GC (JvmtiEnv ForceGarbageCollection)  62289K->2908K(498112K), 0.0089289 secs]
312.679: [Full GC (JvmtiEnv ForceGarbageCollection)  62389K->3008K(498112K), 0.0078205 secs]
315.911: [Full GC (JvmtiEnv ForceGarbageCollection)  62490K->3109K(498112K), 0.0075174 secs]
319.028: [Full GC (JvmtiEnv ForceGarbageCollection)  62591K->2809K(498112K), 0.0081195 secs]
322.197: [Full GC (JvmtiEnv ForceGarbageCollection)  62290K->2909K(498112K), 0.0081061 secs]
325.287: [Full GC (JvmtiEnv ForceGarbageCollection)  62391K->3010K(498112K), 0.0080911 secs]
328.469: [Full GC (JvmtiEnv ForceGarbageCollection)  62492K->3112K(498112K), 0.0119066 secs]
331.698: [Full GC (JvmtiEnv ForceGarbageCollection)  62593K->2809K(498112K), 0.0069249 secs]
334.862: [Full GC (JvmtiEnv ForceGarbageCollection)  62307K->2911K(498112K), 0.0066124 secs]
338.071: [Full GC (JvmtiEnv ForceGarbageCollection)  62392K->3012K(498112K), 0.0076171 secs]
341.283: [Full GC (JvmtiEnv ForceGarbageCollection)  62494K->3114K(498112K), 0.0078187 secs]
344.447: [Full GC (JvmtiEnv ForceGarbageCollection)  62587K->2812K(498112K), 0.0103764 secs]
347.651: [Full GC (JvmtiEnv ForceGarbageCollection)  62310K->2914K(498112K), 0.0081924 secs]
350.868: [Full GC (JvmtiEnv ForceGarbageCollection)  62412K->3016K(498112K), 0.0084034 secs]
353.991: [Full GC (JvmtiEnv ForceGarbageCollection)  62514K->3118K(498112K), 0.0078163 secs]
357.066: [Full GC (JvmtiEnv ForceGarbageCollection)  62616K->2811K(498112K), 0.0079803 secs]
360.296: [Full GC (JvmtiEnv ForceGarbageCollection)  62309K->2913K(498112K), 0.0083819 secs]
363.574: [Full GC (JvmtiEnv ForceGarbageCollection)  62411K->3016K(498112K), 0.0120041 secs]
366.768: [Full GC (JvmtiEnv ForceGarbageCollection)  62514K->3119K(498112K), 0.0111457 secs]
370.094: [Full GC (JvmtiEnv ForceGarbageCollection)  62616K->2811K(498112K), 0.0086814 secs]
373.306: [Full GC (JvmtiEnv ForceGarbageCollection)  62309K->2914K(498112K), 0.0088441 secs]
376.596: [Full GC (JvmtiEnv ForceGarbageCollection)  62412K->3017K(498112K), 0.0101649 secs]
379.824: [Full GC (JvmtiEnv ForceGarbageCollection)  62515K->3120K(498112K), 0.0065431 secs]
383.076: [Full GC (JvmtiEnv ForceGarbageCollection)  62619K->2812K(498112K), 0.0085545 secs]
386.296: [Full GC (JvmtiEnv ForceGarbageCollection)  62310K->2915K(498112K), 0.0073398 secs]
389.537: [Full GC (JvmtiEnv ForceGarbageCollection)  62413K->3018K(498112K), 0.0075749 secs]
392.750: [Full GC (JvmtiEnv ForceGarbageCollection)  62516K->3122K(498112K), 0.0078215 secs]
396.018: [Full GC (JvmtiEnv ForceGarbageCollection)  62620K->2812K(498112K), 0.0088297 secs]
399.208: [Full GC (JvmtiEnv ForceGarbageCollection)  62310K->2916K(498112K), 0.0081589 secs]
402.557: [Full GC (JvmtiEnv ForceGarbageCollection)  62414K->3020K(498112K), 0.0079707 secs]
405.808: [Full GC (JvmtiEnv ForceGarbageCollection)  62518K->3124K(498112K), 0.0068801 secs]
408.964: [Full GC (JvmtiEnv ForceGarbageCollection)  62622K->2812K(498112K), 0.0078081 secs]
412.242: [Full GC (JvmtiEnv ForceGarbageCollection)  62310K->2916K(498112K), 0.0081512 secs]
415.433: [Full GC (JvmtiEnv ForceGarbageCollection)  62414K->3020K(498112K), 0.0086571 secs]
418.584: [Full GC (JvmtiEnv ForceGarbageCollection)  66870K->3125K(498112K), 0.0072816 secs]
421.826: [Full GC (JvmtiEnv ForceGarbageCollection)  66975K->2813K(498112K), 0.0093937 secs]
425.045: [Full GC (JvmtiEnv ForceGarbageCollection)  66663K->2918K(498112K), 0.0103562 secs]
428.365: [Full GC (JvmtiEnv ForceGarbageCollection)  66768K->3022K(498112K), 0.0076758 secs]
431.591: [Full GC (JvmtiEnv ForceGarbageCollection)  66872K->3127K(498112K), 0.0073149 secs]
434.962: [Full GC (JvmtiEnv ForceGarbageCollection)  66977K->2814K(498112K), 0.0111291 secs]
438.286: [Full GC (JvmtiEnv ForceGarbageCollection)  66664K->2919K(498112K), 0.0067514 secs]
441.660: [Full GC (JvmtiEnv ForceGarbageCollection)  66769K->3024K(498112K), 0.0067120 secs]
444.842: [Full GC (JvmtiEnv ForceGarbageCollection)  66874K->3130K(498112K), 0.0075016 secs]
448.127: [Full GC (JvmtiEnv ForceGarbageCollection)  66980K->2814K(498112K), 0.0082408 secs]
451.343: [Full GC (JvmtiEnv ForceGarbageCollection)  66664K->2920K(498112K), 0.0073921 secs]
454.625: [Full GC (JvmtiEnv ForceGarbageCollection)  66770K->3026K(498112K), 0.0092249 secs]
458.011: [Full GC (JvmtiEnv ForceGarbageCollection)  66876K->3131K(498112K), 0.0068556 secs]
461.520: [Full GC (JvmtiEnv ForceGarbageCollection)  66982K->2814K(498112K), 0.0069980 secs]
464.803: [Full GC (JvmtiEnv ForceGarbageCollection)  66664K->2920K(498112K), 0.0091809 secs]
468.147: [Full GC (JvmtiEnv ForceGarbageCollection)  66770K->3027K(498112K), 0.0080502 secs]
471.489: [Full GC (JvmtiEnv ForceGarbageCollection)  66877K->3133K(498112K), 0.0075494 secs]
474.839: [Full GC (JvmtiEnv ForceGarbageCollection)  66983K->2815K(498112K), 0.0076477 secs]
478.101: [Full GC (JvmtiEnv ForceGarbageCollection)  66665K->2922K(498112K), 0.0095197 secs]
481.310: [Full GC (JvmtiEnv ForceGarbageCollection)  66772K->3028K(498112K), 0.0085649 secs]
484.700: [Full GC (JvmtiEnv ForceGarbageCollection)  66878K->3135K(498112K), 0.0075730 secs]
488.107: [Full GC (JvmtiEnv ForceGarbageCollection)  66985K->2816K(498112K), 0.0073695 secs]
491.497: [Full GC (JvmtiEnv ForceGarbageCollection)  66666K->2923K(498112K), 0.0139607 secs]
494.891: [Full GC (JvmtiEnv ForceGarbageCollection)  66773K->3030K(498112K), 0.0067716 secs]
498.309: [Full GC (JvmtiEnv ForceGarbageCollection)  66880K->3137K(498112K), 0.0072837 secs]
501.598: [Full GC (JvmtiEnv ForceGarbageCollection)  66988K->2816K(498112K), 0.0077260 secs]
504.821: [Full GC (JvmtiEnv ForceGarbageCollection)  66666K->2924K(498112K), 0.0064378 secs]
508.144: [Full GC (JvmtiEnv ForceGarbageCollection)  66774K->3032K(498112K), 0.0065469 secs]
511.514: [Full GC (JvmtiEnv ForceGarbageCollection)  66882K->3140K(498112K), 0.0115005 secs]
514.889: [Full GC (JvmtiEnv ForceGarbageCollection)  66990K->2702K(498112K), 0.0089549 secs]
518.315: [Full GC (JvmtiEnv ForceGarbageCollection)  66552K->2811K(498112K), 0.0076104 secs]
521.840: [Full GC (JvmtiEnv ForceGarbageCollection)  66661K->2919K(498112K), 0.0079579 secs]
525.236: [Full GC (JvmtiEnv ForceGarbageCollection)  66769K->3028K(498112K), 0.0075293 secs]
528.654: [Full GC (JvmtiEnv ForceGarbageCollection)  66878K->2703K(498112K), 0.0072332 secs]
532.078: [Full GC (JvmtiEnv ForceGarbageCollection)  66553K->2811K(498112K), 0.0071863 secs]
535.421: [Full GC (JvmtiEnv ForceGarbageCollection)  66661K->2921K(498112K), 0.0063492 secs]
538.779: [Full GC (JvmtiEnv ForceGarbageCollection)  66771K->3030K(498112K), 0.0079373 secs]
542.122: [Full GC (JvmtiEnv ForceGarbageCollection)  66880K->2704K(498112K), 0.0072114 secs]
545.517: [Full GC (JvmtiEnv ForceGarbageCollection)  66554K->2813K(498112K), 0.0075263 secs]
548.908: [Full GC (JvmtiEnv ForceGarbageCollection)  66663K->2922K(498112K), 0.0078416 secs]
552.355: [Full GC (JvmtiEnv ForceGarbageCollection)  66772K->3032K(498112K), 0.0079826 secs]
555.874: [Full GC (JvmtiEnv ForceGarbageCollection)  66882K->2704K(498112K), 0.0060978 secs]
559.308: [Full GC (JvmtiEnv ForceGarbageCollection)  66554K->2814K(498112K), 0.0104124 secs]
562.798: [Full GC (JvmtiEnv ForceGarbageCollection)  66664K->2924K(498112K), 0.0060202 secs]
566.222: [Full GC (JvmtiEnv ForceGarbageCollection)  66774K->3034K(498112K), 0.0071733 secs]
569.691: [Full GC (JvmtiEnv ForceGarbageCollection)  66884K->2705K(498112K), 0.0071908 secs]
573.086: [Full GC (JvmtiEnv ForceGarbageCollection)  66555K->2815K(498112K), 0.0083249 secs]
576.615: [Full GC (JvmtiEnv ForceGarbageCollection)  70861K->2926K(498112K), 0.0065697 secs]
580.058: [Full GC (JvmtiEnv ForceGarbageCollection)  66776K->3037K(498112K), 0.0068223 secs]
583.659: [Full GC (JvmtiEnv ForceGarbageCollection)  66887K->2705K(498112K), 0.0083220 secs]
587.060: [Full GC (JvmtiEnv ForceGarbageCollection)  66555K->2816K(498112K), 0.0074196 secs]
590.498: [Full GC (JvmtiEnv ForceGarbageCollection)  66667K->2927K(498112K), 0.0083871 secs]
593.961: [Full GC (JvmtiEnv ForceGarbageCollection)  66778K->3039K(498112K), 0.0070989 secs]
597.364: [Full GC (JvmtiEnv ForceGarbageCollection)  66889K->2706K(498112K), 0.0071092 secs]
600.784: [Full GC (JvmtiEnv ForceGarbageCollection)  66556K->2817K(498112K), 0.0089651 secs]
604.213: [Full GC (JvmtiEnv ForceGarbageCollection)  66667K->2929K(498112K), 0.0075902 secs]
607.713: [Full GC (JvmtiEnv ForceGarbageCollection)  66779K->3041K(498112K), 0.0065573 secs]
611.240: [Full GC (JvmtiEnv ForceGarbageCollection)  66891K->2707K(498112K), 0.0071099 secs]
614.758: [Full GC (JvmtiEnv ForceGarbageCollection)  66557K->2818K(498112K), 0.0075451 secs]
618.174: [Full GC (JvmtiEnv ForceGarbageCollection)  66668K->2930K(498112K), 0.0078950 secs]
621.708: [Full GC (JvmtiEnv ForceGarbageCollection)  70992K->3042K(498112K), 0.0083758 secs]
625.143: [Full GC (JvmtiEnv ForceGarbageCollection)  71105K->2707K(498112K), 0.0070700 secs]
628.588: [Full GC (JvmtiEnv ForceGarbageCollection)  70770K->2820K(498112K), 0.0086042 secs]
632.006: [Full GC (JvmtiEnv ForceGarbageCollection)  70882K->2932K(498112K), 0.0118973 secs]
635.571: [Full GC (JvmtiEnv ForceGarbageCollection)  70994K->3044K(498112K), 0.0079746 secs]
639.157: [Full GC (JvmtiEnv ForceGarbageCollection)  71107K->2708K(498112K), 0.0069314 secs]
642.676: [Full GC (JvmtiEnv ForceGarbageCollection)  70770K->2821K(498112K), 0.0090158 secs]
646.305: [Full GC (JvmtiEnv ForceGarbageCollection)  70883K->2934K(498112K), 0.0070398 secs]
649.757: [Full GC (JvmtiEnv ForceGarbageCollection)  70996K->3047K(498112K), 0.0076594 secs]
653.280: [Full GC (JvmtiEnv ForceGarbageCollection)  71109K->2708K(498112K), 0.0099789 secs]
656.845: [Full GC (JvmtiEnv ForceGarbageCollection)  70770K->2822K(498112K), 0.0061659 secs]
660.447: [Full GC (JvmtiEnv ForceGarbageCollection)  70884K->2935K(498112K), 0.0078991 secs]
663.988: [Full GC (JvmtiEnv ForceGarbageCollection)  70998K->3049K(498112K), 0.0074826 secs]
667.534: [Full GC (JvmtiEnv ForceGarbageCollection)  71111K->2709K(498112K), 0.0064019 secs]
671.062: [Full GC (JvmtiEnv ForceGarbageCollection)  70771K->2822K(498112K), 0.0070360 secs]
674.580: [Full GC (JvmtiEnv ForceGarbageCollection)  70885K->2937K(498112K), 0.0070765 secs]
