OpenJDK 64-Bit Server VM (25.222-b10) for linux-amd64 JRE (1.8.0_222-8u222-b10-1ubuntu1~18.04.1-b10), built on Jul 18 2019 18:52:48 by "buildd" with gcc 7.4.0
Memory: 4k page, physical 16424660k(15505284k free), swap 0k(0k free)
CommandLine flags: -XX:CompressedClassSpaceSize=45297664 -XX:InitialHeapSize=536870912 -XX:MaxHeapSize=536870912 -XX:MaxMetaspaceSize=53686272 -XX:NewRatio=1 -XX:+PrintGC -XX:+PrintGCTimeStamps -XX:+RequireSharedSpaces -XX:ReservedCodeCacheSize=26843136 -XX:-TieredCompilation -XX:+UseCompressedClassPointers -XX:+UseCompressedOops -XX:+UseSerialGC -XX:+UseSharedSpaces 
4.722: [Full GC (JvmtiEnv ForceGarbageCollection)  77777K->2881K(498112K), 0.0162313 secs]
7.648: [Full GC (JvmtiEnv ForceGarbageCollection)  70615K->2973K(498112K), 0.0080532 secs]
10.535: [Full GC (JvmtiEnv ForceGarbageCollection)  58102K->3062K(498112K), 0.0076714 secs]
13.480: [Full GC (JvmtiEnv ForceGarbageCollection)  62403K->2766K(498112K), 0.0088992 secs]
16.535: [Full GC (JvmtiEnv ForceGarbageCollection)  57911K->2856K(498112K), 0.0058781 secs]
19.583: [Full GC (JvmtiEnv ForceGarbageCollection)  58002K->2946K(498112K), 0.0066732 secs]
22.498: [Full GC (JvmtiEnv ForceGarbageCollection)  58092K->3038K(498112K), 0.0078294 secs]
25.522: [Full GC (JvmtiEnv ForceGarbageCollection)  58184K->2768K(498112K), 0.0080048 secs]
28.415: [Full GC (JvmtiEnv ForceGarbageCollection)  57914K->2859K(498112K), 0.0067190 secs]
31.419: [Full GC (JvmtiEnv ForceGarbageCollection)  58005K->2949K(498112K), 0.0073204 secs]
34.459: [Full GC (JvmtiEnv ForceGarbageCollection)  58095K->3040K(498112K), 0.0076353 secs]
37.537: [Full GC (JvmtiEnv ForceGarbageCollection)  58186K->2769K(498112K), 0.0119212 secs]
40.622: [Full GC (JvmtiEnv ForceGarbageCollection)  57915K->2860K(498112K), 0.0100533 secs]
43.658: [Full GC (JvmtiEnv ForceGarbageCollection)  58005K->2951K(498112K), 0.0070660 secs]
46.655: [Full GC (JvmtiEnv ForceGarbageCollection)  58097K->3042K(498112K), 0.0066328 secs]
49.844: [Full GC (JvmtiEnv ForceGarbageCollection)  58188K->2770K(498112K), 0.0078800 secs]
52.834: [Full GC (JvmtiEnv ForceGarbageCollection)  57916K->2862K(498112K), 0.0076118 secs]
55.874: [Full GC (JvmtiEnv ForceGarbageCollection)  58008K->2953K(498112K), 0.0068508 secs]
59.001: [Full GC (JvmtiEnv ForceGarbageCollection)  58099K->3045K(498112K), 0.0114251 secs]
62.059: [Full GC (JvmtiEnv ForceGarbageCollection)  58191K->2774K(498112K), 0.0064466 secs]
65.165: [Full GC (JvmtiEnv ForceGarbageCollection)  57920K->2867K(498112K), 0.0111307 secs]
68.289: [Full GC (JvmtiEnv ForceGarbageCollection)  58005K->2961K(498112K), 0.0057969 secs]
71.389: [Full GC (JvmtiEnv ForceGarbageCollection)  58107K->3053K(498112K), 0.0073715 secs]
74.444: [Full GC (JvmtiEnv ForceGarbageCollection)  58199K->2778K(498112K), 0.0070043 secs]
77.583: [Full GC (JvmtiEnv ForceGarbageCollection)  57924K->2871K(498112K), 0.0077743 secs]
80.631: [Full GC (JvmtiEnv ForceGarbageCollection)  58017K->2964K(498112K), 0.0076537 secs]
84.039: [Full GC (JvmtiEnv ForceGarbageCollection)  58110K->3057K(498112K), 0.0084263 secs]
87.106: [Full GC (JvmtiEnv ForceGarbageCollection)  58203K->2780K(498112K), 0.0076112 secs]
90.500: [Full GC (JvmtiEnv ForceGarbageCollection)  57925K->2872K(498112K), 0.0060163 secs]
93.639: [Full GC (JvmtiEnv ForceGarbageCollection)  58018K->2965K(498112K), 0.0107232 secs]
96.780: [Full GC (JvmtiEnv ForceGarbageCollection)  58111K->3058K(498112K), 0.0080822 secs]
99.973: [Full GC (JvmtiEnv ForceGarbageCollection)  58204K->2780K(498112K), 0.0071028 secs]
103.097: [Full GC (JvmtiEnv ForceGarbageCollection)  57926K->2873K(498112K), 0.0092357 secs]
106.187: [Full GC (JvmtiEnv ForceGarbageCollection)  58019K->2967K(498112K), 0.0087154 secs]
109.451: [Full GC (JvmtiEnv ForceGarbageCollection)  58113K->3061K(498112K), 0.0075680 secs]
112.676: [Full GC (JvmtiEnv ForceGarbageCollection)  58207K->2782K(498112K), 0.0076337 secs]
115.776: [Full GC (JvmtiEnv ForceGarbageCollection)  57928K->2876K(498112K), 0.0073234 secs]
118.825: [Full GC (JvmtiEnv ForceGarbageCollection)  58022K->2970K(498112K), 0.0073036 secs]
121.967: [Full GC (JvmtiEnv ForceGarbageCollection)  66508K->3066K(498112K), 0.0063466 secs]
124.941: [Full GC (JvmtiEnv ForceGarbageCollection)  58212K->2787K(498112K), 0.0072347 secs]
127.835: [Full GC (JvmtiEnv ForceGarbageCollection)  57933K->2881K(498112K), 0.0073507 secs]
130.889: [Full GC (JvmtiEnv ForceGarbageCollection)  58027K->2975K(498112K), 0.0078435 secs]
133.781: [Full GC (JvmtiEnv ForceGarbageCollection)  58121K->3069K(498112K), 0.0075598 secs]
136.726: [Full GC (JvmtiEnv ForceGarbageCollection)  58214K->2788K(498112K), 0.0115273 secs]
139.733: [Full GC (JvmtiEnv ForceGarbageCollection)  57934K->2882K(498112K), 0.0064168 secs]
142.738: [Full GC (JvmtiEnv ForceGarbageCollection)  58028K->2976K(498112K), 0.0065887 secs]
145.755: [Full GC (JvmtiEnv ForceGarbageCollection)  58122K->3071K(498112K), 0.0079285 secs]
148.701: [Full GC (JvmtiEnv ForceGarbageCollection)  58216K->2788K(498112K), 0.0079161 secs]
151.612: [Full GC (JvmtiEnv ForceGarbageCollection)  57934K->2883K(498112K), 0.0074635 secs]
154.566: [Full GC (JvmtiEnv ForceGarbageCollection)  58029K->2978K(498112K), 0.0097713 secs]
157.561: [Full GC (JvmtiEnv ForceGarbageCollection)  58124K->3073K(498112K), 0.0103302 secs]
160.616: [Full GC (JvmtiEnv ForceGarbageCollection)  58219K->2790K(498112K), 0.0072259 secs]
163.629: [Full GC (JvmtiEnv ForceGarbageCollection)  57935K->2885K(498112K), 0.0068319 secs]
166.600: [Full GC (JvmtiEnv ForceGarbageCollection)  58030K->2980K(498112K), 0.0079863 secs]
169.625: [Full GC (JvmtiEnv ForceGarbageCollection)  58125K->3075K(498112K), 0.0072209 secs]
172.665: [Full GC (JvmtiEnv ForceGarbageCollection)  58221K->2791K(498112K), 0.0073987 secs]
175.731: [Full GC (JvmtiEnv ForceGarbageCollection)  57936K->2886K(498112K), 0.0077719 secs]
178.753: [Full GC (JvmtiEnv ForceGarbageCollection)  58032K->2982K(498112K), 0.0065781 secs]
181.785: [Full GC (JvmtiEnv ForceGarbageCollection)  58127K->3077K(498112K), 0.0070483 secs]
184.797: [Full GC (JvmtiEnv ForceGarbageCollection)  58223K->2791K(498112K), 0.0083282 secs]
187.841: [Full GC (JvmtiEnv ForceGarbageCollection)  57937K->2887K(498112K), 0.0085365 secs]
190.901: [Full GC (JvmtiEnv ForceGarbageCollection)  58033K->2984K(498112K), 0.0124373 secs]
193.896: [Full GC (JvmtiEnv ForceGarbageCollection)  58129K->3080K(498112K), 0.0097963 secs]
196.961: [Full GC (JvmtiEnv ForceGarbageCollection)  58226K->2791K(498112K), 0.0147163 secs]
200.034: [Full GC (JvmtiEnv ForceGarbageCollection)  62289K->2888K(498112K), 0.0116507 secs]
203.133: [Full GC (JvmtiEnv ForceGarbageCollection)  62386K->2985K(498112K), 0.0069212 secs]
206.189: [Full GC (JvmtiEnv ForceGarbageCollection)  62483K->3082K(498112K), 0.0088322 secs]
209.210: [Full GC (JvmtiEnv ForceGarbageCollection)  62580K->2792K(498112K), 0.0079022 secs]
212.229: [Full GC (JvmtiEnv ForceGarbageCollection)  62290K->2889K(498112K), 0.0088625 secs]
215.258: [Full GC (JvmtiEnv ForceGarbageCollection)  62387K->2987K(498112K), 0.0072942 secs]
218.376: [Full GC (JvmtiEnv ForceGarbageCollection)  62485K->3084K(498112K), 0.0081769 secs]
221.441: [Full GC (JvmtiEnv ForceGarbageCollection)  62582K->2793K(498112K), 0.0095759 secs]
224.569: [Full GC (JvmtiEnv ForceGarbageCollection)  62291K->2890K(498112K), 0.0076484 secs]
227.687: [Full GC (JvmtiEnv ForceGarbageCollection)  62388K->2988K(498112K), 0.0063524 secs]
230.783: [Full GC (JvmtiEnv ForceGarbageCollection)  62487K->3087K(498112K), 0.0080947 secs]
233.880: [Full GC (JvmtiEnv ForceGarbageCollection)  62585K->2794K(498112K), 0.0076417 secs]
236.969: [Full GC (JvmtiEnv ForceGarbageCollection)  62292K->2892K(498112K), 0.0077341 secs]
240.027: [Full GC (JvmtiEnv ForceGarbageCollection)  62390K->2991K(498112K), 0.0089060 secs]
243.128: [Full GC (JvmtiEnv ForceGarbageCollection)  62489K->3095K(498112K), 0.0087524 secs]
246.224: [Full GC (JvmtiEnv ForceGarbageCollection)  62593K->2794K(498112K), 0.0074448 secs]
249.354: [Full GC (JvmtiEnv ForceGarbageCollection)  62292K->2893K(498112K), 0.0084266 secs]
252.588: [Full GC (JvmtiEnv ForceGarbageCollection)  62391K->2992K(498112K), 0.0066923 secs]
255.734: [Full GC (JvmtiEnv ForceGarbageCollection)  62490K->3091K(498112K), 0.0073312 secs]
258.865: [Full GC (JvmtiEnv ForceGarbageCollection)  62589K->2795K(498112K), 0.0087124 secs]
261.988: [Full GC (JvmtiEnv ForceGarbageCollection)  62293K->2894K(498112K), 0.0073993 secs]
265.122: [Full GC (JvmtiEnv ForceGarbageCollection)  62392K->2995K(498112K), 0.0090342 secs]
268.221: [Full GC (JvmtiEnv ForceGarbageCollection)  62493K->3094K(498112K), 0.0075460 secs]
271.372: [Full GC (JvmtiEnv ForceGarbageCollection)  62593K->2797K(498112K), 0.0081266 secs]
274.486: [Full GC (JvmtiEnv ForceGarbageCollection)  62295K->2902K(498112K), 0.0060088 secs]
277.638: [Full GC (JvmtiEnv ForceGarbageCollection)  62400K->3002K(498112K), 0.0075370 secs]
280.820: [Full GC (JvmtiEnv ForceGarbageCollection)  62500K->3102K(498112K), 0.0076231 secs]
283.987: [Full GC (JvmtiEnv ForceGarbageCollection)  62600K->2804K(498112K), 0.0073226 secs]
287.107: [Full GC (JvmtiEnv ForceGarbageCollection)  62302K->2904K(498112K), 0.0080130 secs]
290.253: [Full GC (JvmtiEnv ForceGarbageCollection)  62402K->3004K(498112K), 0.0084305 secs]
293.670: [Full GC (JvmtiEnv ForceGarbageCollection)  62502K->3107K(498112K), 0.0082848 secs]
296.909: [Full GC (JvmtiEnv ForceGarbageCollection)  62588K->2808K(498112K), 0.0068754 secs]
300.006: [Full GC (JvmtiEnv ForceGarbageCollection)  62289K->2908K(498112K), 0.0073476 secs]
303.158: [Full GC (JvmtiEnv ForceGarbageCollection)  62390K->3009K(498112K), 0.0075058 secs]
306.327: [Full GC (JvmtiEnv ForceGarbageCollection)  62491K->3110K(498112K), 0.0060491 secs]
309.481: [Full GC (JvmtiEnv ForceGarbageCollection)  62591K->2808K(498112K), 0.0098180 secs]
312.710: [Full GC (JvmtiEnv ForceGarbageCollection)  62289K->2909K(498112K), 0.0082638 secs]
315.959: [Full GC (JvmtiEnv ForceGarbageCollection)  62391K->3011K(498112K), 0.0072283 secs]
319.191: [Full GC (JvmtiEnv ForceGarbageCollection)  62492K->3112K(498112K), 0.0097084 secs]
322.676: [Full GC (JvmtiEnv ForceGarbageCollection)  62594K->2808K(498112K), 0.0098246 secs]
325.776: [Full GC (JvmtiEnv ForceGarbageCollection)  62306K->2910K(498112K), 0.0075805 secs]
328.885: [Full GC (JvmtiEnv ForceGarbageCollection)  62392K->3011K(498112K), 0.0080242 secs]
332.048: [Full GC (JvmtiEnv ForceGarbageCollection)  62493K->3113K(498112K), 0.0074455 secs]
335.223: [Full GC (JvmtiEnv ForceGarbageCollection)  62594K->2809K(498112K), 0.0074681 secs]
338.394: [Full GC (JvmtiEnv ForceGarbageCollection)  62291K->2911K(498112K), 0.0086404 secs]
341.741: [Full GC (JvmtiEnv ForceGarbageCollection)  62393K->3013K(498112K), 0.0082835 secs]
344.989: [Full GC (JvmtiEnv ForceGarbageCollection)  62494K->3115K(498112K), 0.0079548 secs]
348.185: [Full GC (JvmtiEnv ForceGarbageCollection)  62596K->2812K(498112K), 0.0073599 secs]
351.389: [Full GC (JvmtiEnv ForceGarbageCollection)  62310K->2914K(498112K), 0.0078296 secs]
354.700: [Full GC (JvmtiEnv ForceGarbageCollection)  62412K->3015K(498112K), 0.0092144 secs]
357.914: [Full GC (JvmtiEnv ForceGarbageCollection)  62513K->3117K(498112K), 0.0075426 secs]
361.000: [Full GC (JvmtiEnv ForceGarbageCollection)  62615K->2811K(498112K), 0.0079004 secs]
364.259: [Full GC (JvmtiEnv ForceGarbageCollection)  62308K->2913K(498112K), 0.0077471 secs]
367.470: [Full GC (JvmtiEnv ForceGarbageCollection)  62410K->3015K(498112K), 0.0080834 secs]
370.929: [Full GC (JvmtiEnv ForceGarbageCollection)  62513K->3117K(498112K), 0.0075720 secs]
374.196: [Full GC (JvmtiEnv ForceGarbageCollection)  62615K->2811K(498112K), 0.0101641 secs]
377.382: [Full GC (JvmtiEnv ForceGarbageCollection)  62309K->2914K(498112K), 0.0093350 secs]
380.590: [Full GC (JvmtiEnv ForceGarbageCollection)  62412K->3017K(498112K), 0.0072674 secs]
383.782: [Full GC (JvmtiEnv ForceGarbageCollection)  62514K->3119K(498112K), 0.0072553 secs]
387.073: [Full GC (JvmtiEnv ForceGarbageCollection)  62617K->2811K(498112K), 0.0117385 secs]
390.309: [Full GC (JvmtiEnv ForceGarbageCollection)  62309K->2914K(498112K), 0.0070314 secs]
393.576: [Full GC (JvmtiEnv ForceGarbageCollection)  62412K->3018K(498112K), 0.0108009 secs]
396.863: [Full GC (JvmtiEnv ForceGarbageCollection)  62516K->3121K(498112K), 0.0067634 secs]
400.125: [Full GC (JvmtiEnv ForceGarbageCollection)  62619K->2812K(498112K), 0.0079008 secs]
403.342: [Full GC (JvmtiEnv ForceGarbageCollection)  62310K->2915K(498112K), 0.0084755 secs]
406.539: [Full GC (JvmtiEnv ForceGarbageCollection)  62413K->3019K(498112K), 0.0082945 secs]
409.794: [Full GC (JvmtiEnv ForceGarbageCollection)  62517K->3123K(498112K), 0.0089991 secs]
413.408: [Full GC (JvmtiEnv ForceGarbageCollection)  62621K->2812K(498112K), 0.0067294 secs]
416.760: [Full GC (JvmtiEnv ForceGarbageCollection)  62310K->2916K(498112K), 0.0077762 secs]
420.056: [Full GC (JvmtiEnv ForceGarbageCollection)  62414K->3020K(498112K), 0.0081291 secs]
423.253: [Full GC (JvmtiEnv ForceGarbageCollection)  66871K->3125K(498112K), 0.0081561 secs]
426.526: [Full GC (JvmtiEnv ForceGarbageCollection)  66975K->2813K(498112K), 0.0100632 secs]
429.874: [Full GC (JvmtiEnv ForceGarbageCollection)  66663K->2918K(498112K), 0.0074277 secs]
433.128: [Full GC (JvmtiEnv ForceGarbageCollection)  66768K->3022K(498112K), 0.0085314 secs]
436.403: [Full GC (JvmtiEnv ForceGarbageCollection)  66872K->3127K(498112K), 0.0084356 secs]
439.720: [Full GC (JvmtiEnv ForceGarbageCollection)  66977K->2814K(498112K), 0.0081984 secs]
443.065: [Full GC (JvmtiEnv ForceGarbageCollection)  66664K->2919K(498112K), 0.0073427 secs]
446.462: [Full GC (JvmtiEnv ForceGarbageCollection)  66769K->3024K(498112K), 0.0069046 secs]
449.761: [Full GC (JvmtiEnv ForceGarbageCollection)  66874K->3130K(498112K), 0.0115948 secs]
453.073: [Full GC (JvmtiEnv ForceGarbageCollection)  66980K->2814K(498112K), 0.0081109 secs]
456.392: [Full GC (JvmtiEnv ForceGarbageCollection)  66664K->2920K(498112K), 0.0101317 secs]
459.728: [Full GC (JvmtiEnv ForceGarbageCollection)  66770K->3026K(498112K), 0.0074145 secs]
463.019: [Full GC (JvmtiEnv ForceGarbageCollection)  66876K->3131K(498112K), 0.0076131 secs]
466.367: [Full GC (JvmtiEnv ForceGarbageCollection)  66982K->2814K(498112K), 0.0082410 secs]
469.733: [Full GC (JvmtiEnv ForceGarbageCollection)  66664K->2920K(498112K), 0.0088665 secs]
473.154: [Full GC (JvmtiEnv ForceGarbageCollection)  66770K->3027K(498112K), 0.0075076 secs]
476.697: [Full GC (JvmtiEnv ForceGarbageCollection)  66877K->3133K(498112K), 0.0071238 secs]
479.996: [Full GC (JvmtiEnv ForceGarbageCollection)  66983K->2815K(498112K), 0.0079166 secs]
483.309: [Full GC (JvmtiEnv ForceGarbageCollection)  66665K->2922K(498112K), 0.0094420 secs]
486.589: [Full GC (JvmtiEnv ForceGarbageCollection)  66772K->3028K(498112K), 0.0074723 secs]
489.969: [Full GC (JvmtiEnv ForceGarbageCollection)  66878K->3135K(498112K), 0.0082341 secs]
493.440: [Full GC (JvmtiEnv ForceGarbageCollection)  66986K->2816K(498112K), 0.0085669 secs]
496.811: [Full GC (JvmtiEnv ForceGarbageCollection)  66666K->2923K(498112K), 0.0070646 secs]
500.243: [Full GC (JvmtiEnv ForceGarbageCollection)  66773K->3030K(498112K), 0.0082535 secs]
503.535: [Full GC (JvmtiEnv ForceGarbageCollection)  66880K->3137K(498112K), 0.0079919 secs]
506.921: [Full GC (JvmtiEnv ForceGarbageCollection)  66987K->2816K(498112K), 0.0076270 secs]
510.287: [Full GC (JvmtiEnv ForceGarbageCollection)  66667K->2924K(498112K), 0.0083333 secs]
513.680: [Full GC (JvmtiEnv ForceGarbageCollection)  66774K->3032K(498112K), 0.0083571 secs]
517.121: [Full GC (JvmtiEnv ForceGarbageCollection)  66882K->3140K(498112K), 0.0085577 secs]
520.553: [Full GC (JvmtiEnv ForceGarbageCollection)  66990K->2702K(498112K), 0.0081033 secs]
523.966: [Full GC (JvmtiEnv ForceGarbageCollection)  66552K->2811K(498112K), 0.0068155 secs]
527.380: [Full GC (JvmtiEnv ForceGarbageCollection)  66661K->2919K(498112K), 0.0085200 secs]
530.775: [Full GC (JvmtiEnv ForceGarbageCollection)  66769K->3028K(498112K), 0.0079693 secs]
534.190: [Full GC (JvmtiEnv ForceGarbageCollection)  66878K->2703K(498112K), 0.0105105 secs]
537.760: [Full GC (JvmtiEnv ForceGarbageCollection)  66553K->2811K(498112K), 0.0113445 secs]
541.217: [Full GC (JvmtiEnv ForceGarbageCollection)  66661K->2919K(498112K), 0.0068751 secs]
544.655: [Full GC (JvmtiEnv ForceGarbageCollection)  66769K->3028K(498112K), 0.0063208 secs]
547.959: [Full GC (JvmtiEnv ForceGarbageCollection)  66878K->2703K(498112K), 0.0075623 secs]
551.438: [Full GC (JvmtiEnv ForceGarbageCollection)  66553K->2811K(498112K), 0.0075590 secs]
554.825: [Full GC (JvmtiEnv ForceGarbageCollection)  66661K->2920K(498112K), 0.0080689 secs]
558.368: [Full GC (JvmtiEnv ForceGarbageCollection)  66770K->3029K(498112K), 0.0059092 secs]
561.822: [Full GC (JvmtiEnv ForceGarbageCollection)  66879K->2704K(498112K), 0.0073516 secs]
565.351: [Full GC (JvmtiEnv ForceGarbageCollection)  66554K->2813K(498112K), 0.0067242 secs]
568.831: [Full GC (JvmtiEnv ForceGarbageCollection)  66663K->2922K(498112K), 0.0073183 secs]
572.225: [Full GC (JvmtiEnv ForceGarbageCollection)  66772K->3031K(498112K), 0.0072722 secs]
575.688: [Full GC (JvmtiEnv ForceGarbageCollection)  66881K->2704K(498112K), 0.0087671 secs]
579.056: [Full GC (JvmtiEnv ForceGarbageCollection)  66554K->2814K(498112K), 0.0073647 secs]
582.605: [Full GC (JvmtiEnv ForceGarbageCollection)  66664K->2924K(498112K), 0.0075402 secs]
586.078: [Full GC (JvmtiEnv ForceGarbageCollection)  66774K->3034K(498112K), 0.0074591 secs]
589.523: [Full GC (JvmtiEnv ForceGarbageCollection)  66884K->2705K(498112K), 0.0063864 secs]
592.989: [Full GC (JvmtiEnv ForceGarbageCollection)  66555K->2815K(498112K), 0.0080154 secs]
596.608: [Full GC (JvmtiEnv ForceGarbageCollection)  66665K->2926K(498112K), 0.0079349 secs]
600.085: [Full GC (JvmtiEnv ForceGarbageCollection)  66776K->3036K(498112K), 0.0072704 secs]
603.563: [Full GC (JvmtiEnv ForceGarbageCollection)  66886K->2705K(498112K), 0.0063067 secs]
607.115: [Full GC (JvmtiEnv ForceGarbageCollection)  66555K->2816K(498112K), 0.0062758 secs]
610.623: [Full GC (JvmtiEnv ForceGarbageCollection)  66666K->2927K(498112K), 0.0127286 secs]
614.071: [Full GC (JvmtiEnv ForceGarbageCollection)  66777K->3038K(498112K), 0.0094733 secs]
617.552: [Full GC (JvmtiEnv ForceGarbageCollection)  66888K->2706K(498112K), 0.0074506 secs]
621.004: [Full GC (JvmtiEnv ForceGarbageCollection)  66556K->2817K(498112K), 0.0096146 secs]
624.434: [Full GC (JvmtiEnv ForceGarbageCollection)  66667K->2928K(498112K), 0.0084200 secs]
627.938: [Full GC (JvmtiEnv ForceGarbageCollection)  66778K->3040K(498112K), 0.0070177 secs]
631.497: [Full GC (JvmtiEnv ForceGarbageCollection)  66890K->2707K(498112K), 0.0084962 secs]
635.084: [Full GC (JvmtiEnv ForceGarbageCollection)  66557K->2818K(498112K), 0.0075219 secs]
638.595: [Full GC (JvmtiEnv ForceGarbageCollection)  66668K->2930K(498112K), 0.0085310 secs]
642.121: [Full GC (JvmtiEnv ForceGarbageCollection)  66780K->3042K(498112K), 0.0079825 secs]
645.590: [Full GC (JvmtiEnv ForceGarbageCollection)  71104K->2707K(498112K), 0.0076468 secs]
649.184: [Full GC (JvmtiEnv ForceGarbageCollection)  70770K->2820K(498112K), 0.0072239 secs]
652.786: [Full GC (JvmtiEnv ForceGarbageCollection)  70882K->2932K(498112K), 0.0065540 secs]
656.398: [Full GC (JvmtiEnv ForceGarbageCollection)  70994K->3044K(498112K), 0.0065207 secs]
660.068: [Full GC (JvmtiEnv ForceGarbageCollection)  71107K->2707K(498112K), 0.0077605 secs]
663.614: [Full GC (JvmtiEnv ForceGarbageCollection)  70770K->2820K(498112K), 0.0076305 secs]
667.210: [Full GC (JvmtiEnv ForceGarbageCollection)  70883K->2933K(498112K), 0.0073401 secs]
670.872: [Full GC (JvmtiEnv ForceGarbageCollection)  70996K->3046K(498112K), 0.0071938 secs]
674.348: [Full GC (JvmtiEnv ForceGarbageCollection)  71109K->2708K(498112K), 0.0074984 secs]
677.903: [Full GC (JvmtiEnv ForceGarbageCollection)  70770K->2821K(498112K), 0.0080435 secs]
681.501: [Full GC (JvmtiEnv ForceGarbageCollection)  70883K->2935K(498112K), 0.0083533 secs]
