OpenJDK 64-Bit Server VM (25.222-b10) for linux-amd64 JRE (1.8.0_222-8u222-b10-1ubuntu1~18.04.1-b10), built on Jul 18 2019 18:52:48 by "buildd" with gcc 7.4.0
Memory: 4k page, physical 16424660k(15505096k free), swap 0k(0k free)
CommandLine flags: -XX:CompressedClassSpaceSize=45297664 -XX:InitialHeapSize=536870912 -XX:MaxHeapSize=536870912 -XX:MaxMetaspaceSize=53686272 -XX:NewRatio=1 -XX:+PrintGC -XX:+PrintGCTimeStamps -XX:+RequireSharedSpaces -XX:ReservedCodeCacheSize=26843136 -XX:-TieredCompilation -XX:+UseCompressedClassPointers -XX:+UseCompressedOops -XX:+UseSerialGC -XX:+UseSharedSpaces 
4.798: [Full GC (JvmtiEnv ForceGarbageCollection)  77777K->2881K(498112K), 0.0163292 secs]
7.776: [Full GC (JvmtiEnv ForceGarbageCollection)  70615K->2973K(498112K), 0.0056683 secs]
10.686: [Full GC (JvmtiEnv ForceGarbageCollection)  62314K->3062K(498112K), 0.0064824 secs]
13.637: [Full GC (JvmtiEnv ForceGarbageCollection)  62404K->2766K(498112K), 0.0079985 secs]
16.646: [Full GC (JvmtiEnv ForceGarbageCollection)  57911K->2856K(498112K), 0.0119325 secs]
19.730: [Full GC (JvmtiEnv ForceGarbageCollection)  58002K->2947K(498112K), 0.0076186 secs]
22.725: [Full GC (JvmtiEnv ForceGarbageCollection)  58093K->3040K(498112K), 0.0079861 secs]
25.789: [Full GC (JvmtiEnv ForceGarbageCollection)  58186K->2769K(498112K), 0.0127411 secs]
28.828: [Full GC (JvmtiEnv ForceGarbageCollection)  57915K->2860K(498112K), 0.0141381 secs]
31.937: [Full GC (JvmtiEnv ForceGarbageCollection)  58005K->2950K(498112K), 0.0070369 secs]
35.060: [Full GC (JvmtiEnv ForceGarbageCollection)  58096K->3041K(498112K), 0.0079180 secs]
38.125: [Full GC (JvmtiEnv ForceGarbageCollection)  58187K->2770K(498112K), 0.0076700 secs]
41.141: [Full GC (JvmtiEnv ForceGarbageCollection)  57916K->2861K(498112K), 0.0076027 secs]
44.206: [Full GC (JvmtiEnv ForceGarbageCollection)  58007K->2952K(498112K), 0.0070727 secs]
47.369: [Full GC (JvmtiEnv ForceGarbageCollection)  58097K->3043K(498112K), 0.0068019 secs]
50.486: [Full GC (JvmtiEnv ForceGarbageCollection)  58189K->2770K(498112K), 0.0094216 secs]
53.702: [Full GC (JvmtiEnv ForceGarbageCollection)  57916K->2862K(498112K), 0.0074899 secs]
56.740: [Full GC (JvmtiEnv ForceGarbageCollection)  58008K->2953K(498112K), 0.0078564 secs]
59.857: [Full GC (JvmtiEnv ForceGarbageCollection)  58099K->3044K(498112K), 0.0085848 secs]
62.993: [Full GC (JvmtiEnv ForceGarbageCollection)  58190K->2774K(498112K), 0.0077472 secs]
66.090: [Full GC (JvmtiEnv ForceGarbageCollection)  57920K->2866K(498112K), 0.0073079 secs]
69.237: [Full GC (JvmtiEnv ForceGarbageCollection)  58004K->2960K(498112K), 0.0073080 secs]
72.353: [Full GC (JvmtiEnv ForceGarbageCollection)  58106K->3052K(498112K), 0.0063529 secs]
75.417: [Full GC (JvmtiEnv ForceGarbageCollection)  58198K->2777K(498112K), 0.0078365 secs]
78.558: [Full GC (JvmtiEnv ForceGarbageCollection)  57923K->2869K(498112K), 0.0086527 secs]
81.696: [Full GC (JvmtiEnv ForceGarbageCollection)  58015K->2961K(498112K), 0.0101747 secs]
84.889: [Full GC (JvmtiEnv ForceGarbageCollection)  58107K->3053K(498112K), 0.0108811 secs]
88.038: [Full GC (JvmtiEnv ForceGarbageCollection)  58199K->2778K(498112K), 0.0100452 secs]
91.197: [Full GC (JvmtiEnv ForceGarbageCollection)  57924K->2871K(498112K), 0.0076454 secs]
94.331: [Full GC (JvmtiEnv ForceGarbageCollection)  58016K->2963K(498112K), 0.0069472 secs]
97.422: [Full GC (JvmtiEnv ForceGarbageCollection)  58109K->3055K(498112K), 0.0071732 secs]
100.563: [Full GC (JvmtiEnv ForceGarbageCollection)  58201K->2778K(498112K), 0.0102421 secs]
103.657: [Full GC (JvmtiEnv ForceGarbageCollection)  57924K->2871K(498112K), 0.0078355 secs]
106.659: [Full GC (JvmtiEnv ForceGarbageCollection)  58016K->2964K(498112K), 0.0075578 secs]
109.964: [Full GC (JvmtiEnv ForceGarbageCollection)  58110K->3057K(498112K), 0.0058744 secs]
113.159: [Full GC (JvmtiEnv ForceGarbageCollection)  58203K->2779K(498112K), 0.0065865 secs]
116.232: [Full GC (JvmtiEnv ForceGarbageCollection)  57925K->2873K(498112K), 0.0071706 secs]
119.298: [Full GC (JvmtiEnv ForceGarbageCollection)  58019K->2968K(498112K), 0.0078302 secs]
122.253: [Full GC (JvmtiEnv ForceGarbageCollection)  62310K->3064K(498112K), 0.0074566 secs]
125.337: [Full GC (JvmtiEnv ForceGarbageCollection)  58210K->2786K(498112K), 0.0086849 secs]
128.304: [Full GC (JvmtiEnv ForceGarbageCollection)  57932K->2880K(498112K), 0.0070109 secs]
131.353: [Full GC (JvmtiEnv ForceGarbageCollection)  58026K->2974K(498112K), 0.0148587 secs]
134.372: [Full GC (JvmtiEnv ForceGarbageCollection)  58119K->3067K(498112K), 0.0148018 secs]
137.350: [Full GC (JvmtiEnv ForceGarbageCollection)  58213K->2788K(498112K), 0.0058277 secs]
140.331: [Full GC (JvmtiEnv ForceGarbageCollection)  57934K->2881K(498112K), 0.0103500 secs]
143.362: [Full GC (JvmtiEnv ForceGarbageCollection)  58027K->2975K(498112K), 0.0071127 secs]
146.417: [Full GC (JvmtiEnv ForceGarbageCollection)  58121K->3069K(498112K), 0.0084401 secs]
149.482: [Full GC (JvmtiEnv ForceGarbageCollection)  58215K->2788K(498112K), 0.0112612 secs]
152.598: [Full GC (JvmtiEnv ForceGarbageCollection)  57934K->2883K(498112K), 0.0070850 secs]
155.664: [Full GC (JvmtiEnv ForceGarbageCollection)  58029K->2977K(498112K), 0.0079832 secs]
158.628: [Full GC (JvmtiEnv ForceGarbageCollection)  58123K->3071K(498112K), 0.0090038 secs]
161.633: [Full GC (JvmtiEnv ForceGarbageCollection)  58217K->2789K(498112K), 0.0078929 secs]
164.640: [Full GC (JvmtiEnv ForceGarbageCollection)  57935K->2883K(498112K), 0.0073516 secs]
167.688: [Full GC (JvmtiEnv ForceGarbageCollection)  58029K->2978K(498112K), 0.0112374 secs]
170.739: [Full GC (JvmtiEnv ForceGarbageCollection)  58124K->3072K(498112K), 0.0104220 secs]
173.794: [Full GC (JvmtiEnv ForceGarbageCollection)  58218K->2789K(498112K), 0.0061173 secs]
176.973: [Full GC (JvmtiEnv ForceGarbageCollection)  57935K->2884K(498112K), 0.0063985 secs]
180.004: [Full GC (JvmtiEnv ForceGarbageCollection)  58030K->2979K(498112K), 0.0081466 secs]
183.071: [Full GC (JvmtiEnv ForceGarbageCollection)  58125K->3074K(498112K), 0.0078934 secs]
186.136: [Full GC (JvmtiEnv ForceGarbageCollection)  58220K->2790K(498112K), 0.0078426 secs]
189.226: [Full GC (JvmtiEnv ForceGarbageCollection)  57936K->2885K(498112K), 0.0078105 secs]
192.384: [Full GC (JvmtiEnv ForceGarbageCollection)  58031K->2980K(498112K), 0.0067272 secs]
195.447: [Full GC (JvmtiEnv ForceGarbageCollection)  58126K->3076K(498112K), 0.0079422 secs]
198.567: [Full GC (JvmtiEnv ForceGarbageCollection)  58222K->2791K(498112K), 0.0084215 secs]
201.621: [Full GC (JvmtiEnv ForceGarbageCollection)  57936K->2886K(498112K), 0.0116794 secs]
204.697: [Full GC (JvmtiEnv ForceGarbageCollection)  58032K->2982K(498112K), 0.0086893 secs]
207.796: [Full GC (JvmtiEnv ForceGarbageCollection)  58127K->3078K(498112K), 0.0088947 secs]
210.950: [Full GC (JvmtiEnv ForceGarbageCollection)  58224K->2791K(498112K), 0.0069977 secs]
214.093: [Full GC (JvmtiEnv ForceGarbageCollection)  57937K->2887K(498112K), 0.0072021 secs]
217.260: [Full GC (JvmtiEnv ForceGarbageCollection)  58033K->2984K(498112K), 0.0076218 secs]
220.348: [Full GC (JvmtiEnv ForceGarbageCollection)  58130K->3080K(498112K), 0.0086440 secs]
223.453: [Full GC (JvmtiEnv ForceGarbageCollection)  62578K->2792K(498112K), 0.0081424 secs]
226.666: [Full GC (JvmtiEnv ForceGarbageCollection)  62290K->2889K(498112K), 0.0081511 secs]
229.860: [Full GC (JvmtiEnv ForceGarbageCollection)  62387K->2987K(498112K), 0.0079288 secs]
233.017: [Full GC (JvmtiEnv ForceGarbageCollection)  62485K->3083K(498112K), 0.0111765 secs]
236.223: [Full GC (JvmtiEnv ForceGarbageCollection)  62581K->2793K(498112K), 0.0075990 secs]
239.397: [Full GC (JvmtiEnv ForceGarbageCollection)  62291K->2890K(498112K), 0.0080012 secs]
242.602: [Full GC (JvmtiEnv ForceGarbageCollection)  62388K->2988K(498112K), 0.0076262 secs]
245.788: [Full GC (JvmtiEnv ForceGarbageCollection)  62486K->3086K(498112K), 0.0086353 secs]
249.001: [Full GC (JvmtiEnv ForceGarbageCollection)  62583K->2794K(498112K), 0.0108192 secs]
252.134: [Full GC (JvmtiEnv ForceGarbageCollection)  62292K->2891K(498112K), 0.0074950 secs]
255.291: [Full GC (JvmtiEnv ForceGarbageCollection)  62389K->2989K(498112K), 0.0096302 secs]
258.567: [Full GC (JvmtiEnv ForceGarbageCollection)  62487K->3087K(498112K), 0.0091644 secs]
261.608: [Full GC (JvmtiEnv ForceGarbageCollection)  62585K->2794K(498112K), 0.0075970 secs]
264.747: [Full GC (JvmtiEnv ForceGarbageCollection)  62292K->2893K(498112K), 0.0074186 secs]
267.915: [Full GC (JvmtiEnv ForceGarbageCollection)  62391K->2990K(498112K), 0.0079533 secs]
271.141: [Full GC (JvmtiEnv ForceGarbageCollection)  62488K->3088K(498112K), 0.0085809 secs]
274.403: [Full GC (JvmtiEnv ForceGarbageCollection)  62586K->2795K(498112K), 0.0065133 secs]
277.463: [Full GC (JvmtiEnv ForceGarbageCollection)  62285K->2898K(498112K), 0.0071445 secs]
280.574: [Full GC (JvmtiEnv ForceGarbageCollection)  62396K->2996K(498112K), 0.0100126 secs]
283.630: [Full GC (JvmtiEnv ForceGarbageCollection)  62494K->3094K(498112K), 0.0069865 secs]
286.744: [Full GC (JvmtiEnv ForceGarbageCollection)  62592K->2801K(498112K), 0.0100399 secs]
289.849: [Full GC (JvmtiEnv ForceGarbageCollection)  62299K->2899K(498112K), 0.0088700 secs]
292.907: [Full GC (JvmtiEnv ForceGarbageCollection)  62397K->2997K(498112K), 0.0083874 secs]
296.175: [Full GC (JvmtiEnv ForceGarbageCollection)  62487K->3098K(498112K), 0.0093781 secs]
299.371: [Full GC (JvmtiEnv ForceGarbageCollection)  62580K->2804K(498112K), 0.0062515 secs]
302.601: [Full GC (JvmtiEnv ForceGarbageCollection)  62302K->2904K(498112K), 0.0069635 secs]
305.749: [Full GC (JvmtiEnv ForceGarbageCollection)  62385K->3002K(498112K), 0.0072199 secs]
308.899: [Full GC (JvmtiEnv ForceGarbageCollection)  62484K->3101K(498112K), 0.0065393 secs]
311.969: [Full GC (JvmtiEnv ForceGarbageCollection)  62583K->2805K(498112K), 0.0081138 secs]
315.081: [Full GC (JvmtiEnv ForceGarbageCollection)  62287K->2906K(498112K), 0.0088531 secs]
318.394: [Full GC (JvmtiEnv ForceGarbageCollection)  62388K->3005K(498112K), 0.0104449 secs]
321.636: [Full GC (JvmtiEnv ForceGarbageCollection)  62487K->3105K(498112K), 0.0072775 secs]
324.809: [Full GC (JvmtiEnv ForceGarbageCollection)  62586K->2807K(498112K), 0.0070002 secs]
327.991: [Full GC (JvmtiEnv ForceGarbageCollection)  62305K->2907K(498112K), 0.0084218 secs]
331.135: [Full GC (JvmtiEnv ForceGarbageCollection)  62389K->3006K(498112K), 0.0073543 secs]
334.369: [Full GC (JvmtiEnv ForceGarbageCollection)  62488K->3106K(498112K), 0.0086948 secs]
337.585: [Full GC (JvmtiEnv ForceGarbageCollection)  62587K->2808K(498112K), 0.0098446 secs]
340.971: [Full GC (JvmtiEnv ForceGarbageCollection)  62290K->2908K(498112K), 0.0082920 secs]
344.210: [Full GC (JvmtiEnv ForceGarbageCollection)  62390K->3008K(498112K), 0.0082202 secs]
347.423: [Full GC (JvmtiEnv ForceGarbageCollection)  62490K->3108K(498112K), 0.0094554 secs]
350.716: [Full GC (JvmtiEnv ForceGarbageCollection)  62590K->2810K(498112K), 0.0098020 secs]
353.882: [Full GC (JvmtiEnv ForceGarbageCollection)  62308K->2910K(498112K), 0.0096404 secs]
357.317: [Full GC (JvmtiEnv ForceGarbageCollection)  62408K->3011K(498112K), 0.0073099 secs]
360.842: [Full GC (JvmtiEnv ForceGarbageCollection)  62509K->3112K(498112K), 0.0081911 secs]
364.115: [Full GC (JvmtiEnv ForceGarbageCollection)  62610K->2809K(498112K), 0.0078397 secs]
367.300: [Full GC (JvmtiEnv ForceGarbageCollection)  62307K->2910K(498112K), 0.0121605 secs]
370.577: [Full GC (JvmtiEnv ForceGarbageCollection)  62408K->3011K(498112K), 0.0085042 secs]
374.048: [Full GC (JvmtiEnv ForceGarbageCollection)  62509K->3113K(498112K), 0.0082373 secs]
377.292: [Full GC (JvmtiEnv ForceGarbageCollection)  62611K->2809K(498112K), 0.0093000 secs]
380.633: [Full GC (JvmtiEnv ForceGarbageCollection)  62307K->2911K(498112K), 0.0066924 secs]
383.917: [Full GC (JvmtiEnv ForceGarbageCollection)  62409K->3012K(498112K), 0.0060882 secs]
387.058: [Full GC (JvmtiEnv ForceGarbageCollection)  62510K->3113K(498112K), 0.0071222 secs]
390.287: [Full GC (JvmtiEnv ForceGarbageCollection)  62611K->2810K(498112K), 0.0104223 secs]
393.584: [Full GC (JvmtiEnv ForceGarbageCollection)  62308K->2911K(498112K), 0.0078611 secs]
396.816: [Full GC (JvmtiEnv ForceGarbageCollection)  62409K->3013K(498112K), 0.0094752 secs]
400.058: [Full GC (JvmtiEnv ForceGarbageCollection)  62511K->3115K(498112K), 0.0076073 secs]
403.274: [Full GC (JvmtiEnv ForceGarbageCollection)  62613K->2811K(498112K), 0.0100963 secs]
406.512: [Full GC (JvmtiEnv ForceGarbageCollection)  62308K->2913K(498112K), 0.0062961 secs]
410.158: [Full GC (JvmtiEnv ForceGarbageCollection)  62410K->3015K(498112K), 0.0094903 secs]
413.410: [Full GC (JvmtiEnv ForceGarbageCollection)  62513K->3117K(498112K), 0.0080664 secs]
416.795: [Full GC (JvmtiEnv ForceGarbageCollection)  62615K->2811K(498112K), 0.0092271 secs]
420.105: [Full GC (JvmtiEnv ForceGarbageCollection)  62308K->2913K(498112K), 0.0082595 secs]
423.493: [Full GC (JvmtiEnv ForceGarbageCollection)  62411K->3016K(498112K), 0.0072339 secs]
426.768: [Full GC (JvmtiEnv ForceGarbageCollection)  62514K->3119K(498112K), 0.0063206 secs]
430.010: [Full GC (JvmtiEnv ForceGarbageCollection)  62616K->2811K(498112K), 0.0076740 secs]
433.271: [Full GC (JvmtiEnv ForceGarbageCollection)  62309K->2914K(498112K), 0.0074805 secs]
436.531: [Full GC (JvmtiEnv ForceGarbageCollection)  62412K->3017K(498112K), 0.0077998 secs]
439.870: [Full GC (JvmtiEnv ForceGarbageCollection)  62515K->3120K(498112K), 0.0083845 secs]
443.250: [Full GC (JvmtiEnv ForceGarbageCollection)  62619K->2812K(498112K), 0.0076210 secs]
446.590: [Full GC (JvmtiEnv ForceGarbageCollection)  62310K->2915K(498112K), 0.0060852 secs]
449.783: [Full GC (JvmtiEnv ForceGarbageCollection)  62413K->3018K(498112K), 0.0079636 secs]
453.113: [Full GC (JvmtiEnv ForceGarbageCollection)  62516K->3121K(498112K), 0.0083434 secs]
456.397: [Full GC (JvmtiEnv ForceGarbageCollection)  62619K->2812K(498112K), 0.0117672 secs]
459.640: [Full GC (JvmtiEnv ForceGarbageCollection)  62310K->2915K(498112K), 0.0117037 secs]
462.968: [Full GC (JvmtiEnv ForceGarbageCollection)  62413K->3018K(498112K), 0.0066923 secs]
466.296: [Full GC (JvmtiEnv ForceGarbageCollection)  62516K->3122K(498112K), 0.0064448 secs]
469.677: [Full GC (JvmtiEnv ForceGarbageCollection)  62620K->2812K(498112K), 0.0116948 secs]
472.942: [Full GC (JvmtiEnv ForceGarbageCollection)  62310K->2916K(498112K), 0.0077831 secs]
476.426: [Full GC (JvmtiEnv ForceGarbageCollection)  62414K->3020K(498112K), 0.0079667 secs]
479.768: [Full GC (JvmtiEnv ForceGarbageCollection)  62518K->3124K(498112K), 0.0100867 secs]
483.144: [Full GC (JvmtiEnv ForceGarbageCollection)  62622K->2812K(498112K), 0.0084595 secs]
486.554: [Full GC (JvmtiEnv ForceGarbageCollection)  66662K->2917K(498112K), 0.0070546 secs]
489.865: [Full GC (JvmtiEnv ForceGarbageCollection)  66767K->3022K(498112K), 0.0089666 secs]
493.167: [Full GC (JvmtiEnv ForceGarbageCollection)  66872K->3126K(498112K), 0.0080463 secs]
496.458: [Full GC (JvmtiEnv ForceGarbageCollection)  62624K->2812K(498112K), 0.0095040 secs]
499.797: [Full GC (JvmtiEnv ForceGarbageCollection)  62310K->2916K(498112K), 0.0083536 secs]
503.164: [Full GC (JvmtiEnv ForceGarbageCollection)  66767K->3021K(498112K), 0.0115653 secs]
506.574: [Full GC (JvmtiEnv ForceGarbageCollection)  66871K->3126K(498112K), 0.0133831 secs]
509.901: [Full GC (JvmtiEnv ForceGarbageCollection)  66976K->2813K(498112K), 0.0064411 secs]
513.207: [Full GC (JvmtiEnv ForceGarbageCollection)  66663K->2918K(498112K), 0.0082077 secs]
516.541: [Full GC (JvmtiEnv ForceGarbageCollection)  66768K->3022K(498112K), 0.0072850 secs]
519.862: [Full GC (JvmtiEnv ForceGarbageCollection)  66872K->3128K(498112K), 0.0083445 secs]
523.234: [Full GC (JvmtiEnv ForceGarbageCollection)  66978K->2700K(498112K), 0.0083243 secs]
526.671: [Full GC (JvmtiEnv ForceGarbageCollection)  66550K->2805K(498112K), 0.0065923 secs]
530.101: [Full GC (JvmtiEnv ForceGarbageCollection)  66655K->2910K(498112K), 0.0078652 secs]
533.481: [Full GC (JvmtiEnv ForceGarbageCollection)  66760K->3015K(498112K), 0.0081029 secs]
536.964: [Full GC (JvmtiEnv ForceGarbageCollection)  66865K->2700K(498112K), 0.0088604 secs]
540.323: [Full GC (JvmtiEnv ForceGarbageCollection)  66550K->2806K(498112K), 0.0082879 secs]
543.796: [Full GC (JvmtiEnv ForceGarbageCollection)  66656K->2911K(498112K), 0.0060947 secs]
547.161: [Full GC (JvmtiEnv ForceGarbageCollection)  66762K->3017K(498112K), 0.0113699 secs]
550.534: [Full GC (JvmtiEnv ForceGarbageCollection)  66868K->2700K(498112K), 0.0124562 secs]
553.924: [Full GC (JvmtiEnv ForceGarbageCollection)  66550K->2806K(498112K), 0.0077425 secs]
557.317: [Full GC (JvmtiEnv ForceGarbageCollection)  66656K->2911K(498112K), 0.0082973 secs]
560.711: [Full GC (JvmtiEnv ForceGarbageCollection)  66762K->3017K(498112K), 0.0071427 secs]
564.131: [Full GC (JvmtiEnv ForceGarbageCollection)  66867K->2700K(498112K), 0.0062171 secs]
567.565: [Full GC (JvmtiEnv ForceGarbageCollection)  66550K->2806K(498112K), 0.0071570 secs]
571.192: [Full GC (JvmtiEnv ForceGarbageCollection)  66656K->2913K(498112K), 0.0062203 secs]
574.506: [Full GC (JvmtiEnv ForceGarbageCollection)  66763K->3019K(498112K), 0.0071714 secs]
577.888: [Full GC (JvmtiEnv ForceGarbageCollection)  66869K->2700K(498112K), 0.0076917 secs]
581.297: [Full GC (JvmtiEnv ForceGarbageCollection)  66550K->2807K(498112K), 0.0076715 secs]
584.716: [Full GC (JvmtiEnv ForceGarbageCollection)  66657K->2914K(498112K), 0.0133392 secs]
588.016: [Full GC (JvmtiEnv ForceGarbageCollection)  66764K->3020K(498112K), 0.0072528 secs]
591.497: [Full GC (JvmtiEnv ForceGarbageCollection)  66870K->2701K(498112K), 0.0124017 secs]
594.886: [Full GC (JvmtiEnv ForceGarbageCollection)  66551K->2808K(498112K), 0.0090673 secs]
598.482: [Full GC (JvmtiEnv ForceGarbageCollection)  66658K->2915K(498112K), 0.0080353 secs]
601.883: [Full GC (JvmtiEnv ForceGarbageCollection)  66765K->3021K(498112K), 0.0073709 secs]
605.325: [Full GC (JvmtiEnv ForceGarbageCollection)  66871K->2701K(498112K), 0.0076094 secs]
608.777: [Full GC (JvmtiEnv ForceGarbageCollection)  66551K->2809K(498112K), 0.0062004 secs]
612.270: [Full GC (JvmtiEnv ForceGarbageCollection)  66659K->2916K(498112K), 0.0081978 secs]
615.741: [Full GC (JvmtiEnv ForceGarbageCollection)  66766K->3023K(498112K), 0.0062251 secs]
619.272: [Full GC (JvmtiEnv ForceGarbageCollection)  66873K->2702K(498112K), 0.0062238 secs]
622.700: [Full GC (JvmtiEnv ForceGarbageCollection)  66552K->2809K(498112K), 0.0090818 secs]
626.167: [Full GC (JvmtiEnv ForceGarbageCollection)  66659K->2917K(498112K), 0.0070233 secs]
629.630: [Full GC (JvmtiEnv ForceGarbageCollection)  66767K->3025K(498112K), 0.0088022 secs]
633.122: [Full GC (JvmtiEnv ForceGarbageCollection)  66875K->2703K(498112K), 0.0077696 secs]
636.507: [Full GC (JvmtiEnv ForceGarbageCollection)  66553K->2811K(498112K), 0.0083258 secs]
639.959: [Full GC (JvmtiEnv ForceGarbageCollection)  66661K->2918K(498112K), 0.0058040 secs]
643.434: [Full GC (JvmtiEnv ForceGarbageCollection)  66769K->3027K(498112K), 0.0068285 secs]
646.910: [Full GC (JvmtiEnv ForceGarbageCollection)  66877K->2703K(498112K), 0.0076824 secs]
650.376: [Full GC (JvmtiEnv ForceGarbageCollection)  66553K->2812K(498112K), 0.0072558 secs]
653.824: [Full GC (JvmtiEnv ForceGarbageCollection)  66662K->2920K(498112K), 0.0119919 secs]
657.244: [Full GC (JvmtiEnv ForceGarbageCollection)  66770K->3029K(498112K), 0.0111882 secs]
660.901: [Full GC (JvmtiEnv ForceGarbageCollection)  66879K->2704K(498112K), 0.0065097 secs]
664.410: [Full GC (JvmtiEnv ForceGarbageCollection)  66554K->2813K(498112K), 0.0087176 secs]
667.901: [Full GC (JvmtiEnv ForceGarbageCollection)  66663K->2922K(498112K), 0.0086243 secs]
671.385: [Full GC (JvmtiEnv ForceGarbageCollection)  66772K->3032K(498112K), 0.0072477 secs]
674.864: [Full GC (JvmtiEnv ForceGarbageCollection)  66882K->2704K(498112K), 0.0077880 secs]
678.404: [Full GC (JvmtiEnv ForceGarbageCollection)  66554K->2814K(498112K), 0.0084726 secs]
681.925: [Full GC (JvmtiEnv ForceGarbageCollection)  66664K->2924K(498112K), 0.0071908 secs]
685.389: [Full GC (JvmtiEnv ForceGarbageCollection)  66774K->3033K(498112K), 0.0069404 secs]
688.878: [Full GC (JvmtiEnv ForceGarbageCollection)  66884K->2705K(498112K), 0.0077758 secs]
692.340: [Full GC (JvmtiEnv ForceGarbageCollection)  66555K->2814K(498112K), 0.0084386 secs]
695.829: [Full GC (JvmtiEnv ForceGarbageCollection)  66664K->2924K(498112K), 0.0084456 secs]
