OpenJDK 64-Bit Server VM (25.222-b10) for linux-amd64 JRE (1.8.0_222-8u222-b10-1ubuntu1~18.04.1-b10), built on Jul 18 2019 18:52:48 by "buildd" with gcc 7.4.0
Memory: 4k page, physical 16424660k(15506168k free), swap 0k(0k free)
CommandLine flags: -XX:CompressedClassSpaceSize=45297664 -XX:InitialHeapSize=536870912 -XX:MaxHeapSize=536870912 -XX:MaxMetaspaceSize=53686272 -XX:NewRatio=1 -XX:+PrintGC -XX:+PrintGCTimeStamps -XX:+RequireSharedSpaces -XX:ReservedCodeCacheSize=26843136 -XX:-TieredCompilation -XX:+UseCompressedClassPointers -XX:+UseCompressedOops -XX:+UseSerialGC -XX:+UseSharedSpaces 
4.705: [Full GC (JvmtiEnv ForceGarbageCollection)  77777K->2882K(498112K), 0.0132771 secs]
7.596: [Full GC (JvmtiEnv ForceGarbageCollection)  70615K->2973K(498112K), 0.0076097 secs]
10.533: [Full GC (JvmtiEnv ForceGarbageCollection)  62314K->3062K(498112K), 0.0094753 secs]
13.514: [Full GC (JvmtiEnv ForceGarbageCollection)  62404K->2766K(498112K), 0.0076786 secs]
16.502: [Full GC (JvmtiEnv ForceGarbageCollection)  57911K->2856K(498112K), 0.0073440 secs]
19.561: [Full GC (JvmtiEnv ForceGarbageCollection)  58002K->2947K(498112K), 0.0072546 secs]
22.539: [Full GC (JvmtiEnv ForceGarbageCollection)  58093K->3040K(498112K), 0.0102557 secs]
25.555: [Full GC (JvmtiEnv ForceGarbageCollection)  58186K->2769K(498112K), 0.0085235 secs]
28.537: [Full GC (JvmtiEnv ForceGarbageCollection)  57915K->2860K(498112K), 0.0079059 secs]
31.423: [Full GC (JvmtiEnv ForceGarbageCollection)  58005K->2950K(498112K), 0.0070652 secs]
34.415: [Full GC (JvmtiEnv ForceGarbageCollection)  58096K->3041K(498112K), 0.0075603 secs]
37.423: [Full GC (JvmtiEnv ForceGarbageCollection)  58187K->2770K(498112K), 0.0090077 secs]
40.567: [Full GC (JvmtiEnv ForceGarbageCollection)  57916K->2860K(498112K), 0.0066934 secs]
43.621: [Full GC (JvmtiEnv ForceGarbageCollection)  58006K->2951K(498112K), 0.0081681 secs]
46.652: [Full GC (JvmtiEnv ForceGarbageCollection)  58097K->3042K(498112K), 0.0064826 secs]
49.692: [Full GC (JvmtiEnv ForceGarbageCollection)  58188K->2770K(498112K), 0.0077718 secs]
52.683: [Full GC (JvmtiEnv ForceGarbageCollection)  57916K->2862K(498112K), 0.0072003 secs]
55.681: [Full GC (JvmtiEnv ForceGarbageCollection)  58008K->2953K(498112K), 0.0072960 secs]
58.668: [Full GC (JvmtiEnv ForceGarbageCollection)  58099K->3044K(498112K), 0.0077806 secs]
61.760: [Full GC (JvmtiEnv ForceGarbageCollection)  58190K->2774K(498112K), 0.0070937 secs]
64.836: [Full GC (JvmtiEnv ForceGarbageCollection)  57920K->2867K(498112K), 0.0096738 secs]
67.918: [Full GC (JvmtiEnv ForceGarbageCollection)  58005K->2961K(498112K), 0.0088320 secs]
70.968: [Full GC (JvmtiEnv ForceGarbageCollection)  58107K->3053K(498112K), 0.0088720 secs]
74.004: [Full GC (JvmtiEnv ForceGarbageCollection)  58199K->2777K(498112K), 0.0077430 secs]
76.901: [Full GC (JvmtiEnv ForceGarbageCollection)  57923K->2870K(498112K), 0.0056512 secs]
79.882: [Full GC (JvmtiEnv ForceGarbageCollection)  58016K->2964K(498112K), 0.0071807 secs]
82.945: [Full GC (JvmtiEnv ForceGarbageCollection)  58110K->3056K(498112K), 0.0066567 secs]
86.151: [Full GC (JvmtiEnv ForceGarbageCollection)  58202K->2780K(498112K), 0.0125550 secs]
89.183: [Full GC (JvmtiEnv ForceGarbageCollection)  57925K->2872K(498112K), 0.0091869 secs]
92.190: [Full GC (JvmtiEnv ForceGarbageCollection)  58018K->2965K(498112K), 0.0086956 secs]
95.198: [Full GC (JvmtiEnv ForceGarbageCollection)  58111K->3058K(498112K), 0.0078962 secs]
98.211: [Full GC (JvmtiEnv ForceGarbageCollection)  58204K->2780K(498112K), 0.0081078 secs]
101.395: [Full GC (JvmtiEnv ForceGarbageCollection)  57926K->2873K(498112K), 0.0082956 secs]
104.486: [Full GC (JvmtiEnv ForceGarbageCollection)  58019K->2967K(498112K), 0.0073610 secs]
107.625: [Full GC (JvmtiEnv ForceGarbageCollection)  58113K->3061K(498112K), 0.0057093 secs]
110.663: [Full GC (JvmtiEnv ForceGarbageCollection)  58207K->2782K(498112K), 0.0073717 secs]
113.632: [Full GC (JvmtiEnv ForceGarbageCollection)  57928K->2877K(498112K), 0.0075348 secs]
116.635: [Full GC (JvmtiEnv ForceGarbageCollection)  58023K->2971K(498112K), 0.0081957 secs]
119.524: [Full GC (JvmtiEnv ForceGarbageCollection)  66508K->3068K(498112K), 0.0075590 secs]
122.432: [Full GC (JvmtiEnv ForceGarbageCollection)  58213K->2788K(498112K), 0.0080966 secs]
125.378: [Full GC (JvmtiEnv ForceGarbageCollection)  57933K->2882K(498112K), 0.0090042 secs]
128.354: [Full GC (JvmtiEnv ForceGarbageCollection)  58028K->2977K(498112K), 0.0099606 secs]
131.386: [Full GC (JvmtiEnv ForceGarbageCollection)  58123K->3071K(498112K), 0.0060244 secs]
134.254: [Full GC (JvmtiEnv ForceGarbageCollection)  58217K->2788K(498112K), 0.0101282 secs]
137.192: [Full GC (JvmtiEnv ForceGarbageCollection)  57934K->2883K(498112K), 0.0071230 secs]
140.160: [Full GC (JvmtiEnv ForceGarbageCollection)  58029K->2978K(498112K), 0.0089130 secs]
143.096: [Full GC (JvmtiEnv ForceGarbageCollection)  58124K->3073K(498112K), 0.0074781 secs]
146.074: [Full GC (JvmtiEnv ForceGarbageCollection)  58219K->2789K(498112K), 0.0081365 secs]
148.992: [Full GC (JvmtiEnv ForceGarbageCollection)  57935K->2884K(498112K), 0.0071072 secs]
151.998: [Full GC (JvmtiEnv ForceGarbageCollection)  58030K->2980K(498112K), 0.0060918 secs]
155.039: [Full GC (JvmtiEnv ForceGarbageCollection)  58126K->3076K(498112K), 0.0064696 secs]
157.930: [Full GC (JvmtiEnv ForceGarbageCollection)  58221K->2790K(498112K), 0.0061582 secs]
160.972: [Full GC (JvmtiEnv ForceGarbageCollection)  57936K->2886K(498112K), 0.0105337 secs]
164.087: [Full GC (JvmtiEnv ForceGarbageCollection)  58032K->2982K(498112K), 0.0074885 secs]
167.040: [Full GC (JvmtiEnv ForceGarbageCollection)  58127K->3078K(498112K), 0.0084203 secs]
170.013: [Full GC (JvmtiEnv ForceGarbageCollection)  58224K->2791K(498112K), 0.0062657 secs]
173.064: [Full GC (JvmtiEnv ForceGarbageCollection)  57937K->2887K(498112K), 0.0074863 secs]
176.125: [Full GC (JvmtiEnv ForceGarbageCollection)  58033K->2984K(498112K), 0.0070934 secs]
179.101: [Full GC (JvmtiEnv ForceGarbageCollection)  58129K->3080K(498112K), 0.0074700 secs]
182.036: [Full GC (JvmtiEnv ForceGarbageCollection)  62578K->2792K(498112K), 0.0072373 secs]
185.001: [Full GC (JvmtiEnv ForceGarbageCollection)  62290K->2889K(498112K), 0.0072527 secs]
188.012: [Full GC (JvmtiEnv ForceGarbageCollection)  62387K->2985K(498112K), 0.0073142 secs]
191.026: [Full GC (JvmtiEnv ForceGarbageCollection)  62483K->3082K(498112K), 0.0068286 secs]
194.022: [Full GC (JvmtiEnv ForceGarbageCollection)  62580K->2792K(498112K), 0.0067086 secs]
197.065: [Full GC (JvmtiEnv ForceGarbageCollection)  62290K->2889K(498112K), 0.0078830 secs]
200.126: [Full GC (JvmtiEnv ForceGarbageCollection)  62387K->2987K(498112K), 0.0094823 secs]
203.135: [Full GC (JvmtiEnv ForceGarbageCollection)  62485K->3084K(498112K), 0.0106052 secs]
206.171: [Full GC (JvmtiEnv ForceGarbageCollection)  62582K->2792K(498112K), 0.0069932 secs]
209.099: [Full GC (JvmtiEnv ForceGarbageCollection)  62290K->2889K(498112K), 0.0070131 secs]
212.051: [Full GC (JvmtiEnv ForceGarbageCollection)  62387K->2987K(498112K), 0.0085248 secs]
214.975: [Full GC (JvmtiEnv ForceGarbageCollection)  62485K->3085K(498112K), 0.0106634 secs]
218.028: [Full GC (JvmtiEnv ForceGarbageCollection)  62583K->2793K(498112K), 0.0072752 secs]
221.072: [Full GC (JvmtiEnv ForceGarbageCollection)  62291K->2890K(498112K), 0.0070712 secs]
224.287: [Full GC (JvmtiEnv ForceGarbageCollection)  62388K->2988K(498112K), 0.0078393 secs]
227.256: [Full GC (JvmtiEnv ForceGarbageCollection)  62486K->3087K(498112K), 0.0074533 secs]
230.294: [Full GC (JvmtiEnv ForceGarbageCollection)  62585K->2794K(498112K), 0.0069226 secs]
233.301: [Full GC (JvmtiEnv ForceGarbageCollection)  62292K->2892K(498112K), 0.0081071 secs]
236.358: [Full GC (JvmtiEnv ForceGarbageCollection)  62390K->2991K(498112K), 0.0072608 secs]
239.494: [Full GC (JvmtiEnv ForceGarbageCollection)  62489K->3089K(498112K), 0.0074967 secs]
242.539: [Full GC (JvmtiEnv ForceGarbageCollection)  62587K->2795K(498112K), 0.0086259 secs]
245.574: [Full GC (JvmtiEnv ForceGarbageCollection)  62293K->2894K(498112K), 0.0074084 secs]
248.625: [Full GC (JvmtiEnv ForceGarbageCollection)  62392K->2993K(498112K), 0.0076388 secs]
251.744: [Full GC (JvmtiEnv ForceGarbageCollection)  62491K->3091K(498112K), 0.0101527 secs]
254.754: [Full GC (JvmtiEnv ForceGarbageCollection)  62589K->2795K(498112K), 0.0069849 secs]
257.783: [Full GC (JvmtiEnv ForceGarbageCollection)  62293K->2896K(498112K), 0.0073999 secs]
260.826: [Full GC (JvmtiEnv ForceGarbageCollection)  62394K->2996K(498112K), 0.0122315 secs]
263.870: [Full GC (JvmtiEnv ForceGarbageCollection)  62494K->3095K(498112K), 0.0089162 secs]
267.023: [Full GC (JvmtiEnv ForceGarbageCollection)  62593K->2797K(498112K), 0.0072667 secs]
270.108: [Full GC (JvmtiEnv ForceGarbageCollection)  62295K->2902K(498112K), 0.0131185 secs]
273.189: [Full GC (JvmtiEnv ForceGarbageCollection)  62400K->3002K(498112K), 0.0075784 secs]
276.282: [Full GC (JvmtiEnv ForceGarbageCollection)  62500K->3103K(498112K), 0.0100898 secs]
279.331: [Full GC (JvmtiEnv ForceGarbageCollection)  62601K->2804K(498112K), 0.0113388 secs]
282.659: [Full GC (JvmtiEnv ForceGarbageCollection)  62302K->2904K(498112K), 0.0073180 secs]
285.869: [Full GC (JvmtiEnv ForceGarbageCollection)  62402K->3006K(498112K), 0.0074692 secs]
289.096: [Full GC (JvmtiEnv ForceGarbageCollection)  62488K->3107K(498112K), 0.0078349 secs]
292.274: [Full GC (JvmtiEnv ForceGarbageCollection)  62589K->2808K(498112K), 0.0070284 secs]
295.514: [Full GC (JvmtiEnv ForceGarbageCollection)  62289K->2908K(498112K), 0.0079372 secs]
298.653: [Full GC (JvmtiEnv ForceGarbageCollection)  62390K->3009K(498112K), 0.0069092 secs]
301.838: [Full GC (JvmtiEnv ForceGarbageCollection)  62491K->3110K(498112K), 0.0119030 secs]
305.009: [Full GC (JvmtiEnv ForceGarbageCollection)  62591K->2808K(498112K), 0.0067358 secs]
308.210: [Full GC (JvmtiEnv ForceGarbageCollection)  62290K->2910K(498112K), 0.0077493 secs]
311.451: [Full GC (JvmtiEnv ForceGarbageCollection)  62392K->3012K(498112K), 0.0077629 secs]
314.742: [Full GC (JvmtiEnv ForceGarbageCollection)  62493K->3113K(498112K), 0.0080208 secs]
317.843: [Full GC (JvmtiEnv ForceGarbageCollection)  62595K->2809K(498112K), 0.0104848 secs]
321.015: [Full GC (JvmtiEnv ForceGarbageCollection)  62307K->2911K(498112K), 0.0075318 secs]
324.229: [Full GC (JvmtiEnv ForceGarbageCollection)  62393K->3013K(498112K), 0.0085170 secs]
327.480: [Full GC (JvmtiEnv ForceGarbageCollection)  62495K->3115K(498112K), 0.0077007 secs]
330.632: [Full GC (JvmtiEnv ForceGarbageCollection)  62597K->2810K(498112K), 0.0063382 secs]
333.921: [Full GC (JvmtiEnv ForceGarbageCollection)  62292K->2912K(498112K), 0.0078364 secs]
337.157: [Full GC (JvmtiEnv ForceGarbageCollection)  62394K->3015K(498112K), 0.0063517 secs]
340.401: [Full GC (JvmtiEnv ForceGarbageCollection)  62496K->3118K(498112K), 0.0072762 secs]
343.770: [Full GC (JvmtiEnv ForceGarbageCollection)  62599K->2812K(498112K), 0.0060235 secs]
346.866: [Full GC (JvmtiEnv ForceGarbageCollection)  62310K->2915K(498112K), 0.0077823 secs]
350.010: [Full GC (JvmtiEnv ForceGarbageCollection)  62413K->3018K(498112K), 0.0086207 secs]
353.241: [Full GC (JvmtiEnv ForceGarbageCollection)  62516K->3121K(498112K), 0.0075930 secs]
356.556: [Full GC (JvmtiEnv ForceGarbageCollection)  62619K->2812K(498112K), 0.0092144 secs]
359.838: [Full GC (JvmtiEnv ForceGarbageCollection)  62310K->2915K(498112K), 0.0075486 secs]
363.102: [Full GC (JvmtiEnv ForceGarbageCollection)  62413K->3018K(498112K), 0.0115244 secs]
366.348: [Full GC (JvmtiEnv ForceGarbageCollection)  62516K->3122K(498112K), 0.0076281 secs]
369.546: [Full GC (JvmtiEnv ForceGarbageCollection)  62620K->2812K(498112K), 0.0087890 secs]
372.766: [Full GC (JvmtiEnv ForceGarbageCollection)  62310K->2916K(498112K), 0.0077485 secs]
375.909: [Full GC (JvmtiEnv ForceGarbageCollection)  62414K->3020K(498112K), 0.0075754 secs]
379.115: [Full GC (JvmtiEnv ForceGarbageCollection)  62518K->3124K(498112K), 0.0080560 secs]
382.369: [Full GC (JvmtiEnv ForceGarbageCollection)  62622K->2812K(498112K), 0.0069751 secs]
385.760: [Full GC (JvmtiEnv ForceGarbageCollection)  62310K->2916K(498112K), 0.0074727 secs]
389.069: [Full GC (JvmtiEnv ForceGarbageCollection)  66766K->3021K(498112K), 0.0070093 secs]
392.348: [Full GC (JvmtiEnv ForceGarbageCollection)  66871K->3126K(498112K), 0.0108829 secs]
395.605: [Full GC (JvmtiEnv ForceGarbageCollection)  66976K->2813K(498112K), 0.0079828 secs]
398.806: [Full GC (JvmtiEnv ForceGarbageCollection)  66663K->2918K(498112K), 0.0089943 secs]
402.090: [Full GC (JvmtiEnv ForceGarbageCollection)  66768K->3022K(498112K), 0.0078646 secs]
405.531: [Full GC (JvmtiEnv ForceGarbageCollection)  66872K->3128K(498112K), 0.0064035 secs]
408.740: [Full GC (JvmtiEnv ForceGarbageCollection)  66978K->2814K(498112K), 0.0075209 secs]
412.022: [Full GC (JvmtiEnv ForceGarbageCollection)  66664K->2919K(498112K), 0.0146504 secs]
415.388: [Full GC (JvmtiEnv ForceGarbageCollection)  66769K->3024K(498112K), 0.0105774 secs]
418.707: [Full GC (JvmtiEnv ForceGarbageCollection)  66874K->3130K(498112K), 0.0107413 secs]
422.078: [Full GC (JvmtiEnv ForceGarbageCollection)  66980K->2814K(498112K), 0.0078151 secs]
425.384: [Full GC (JvmtiEnv ForceGarbageCollection)  66664K->2920K(498112K), 0.0149429 secs]
428.710: [Full GC (JvmtiEnv ForceGarbageCollection)  66770K->3026K(498112K), 0.0087989 secs]
432.054: [Full GC (JvmtiEnv ForceGarbageCollection)  66876K->3132K(498112K), 0.0127765 secs]
435.381: [Full GC (JvmtiEnv ForceGarbageCollection)  66982K->2814K(498112K), 0.0062464 secs]
438.670: [Full GC (JvmtiEnv ForceGarbageCollection)  66664K->2921K(498112K), 0.0084900 secs]
442.010: [Full GC (JvmtiEnv ForceGarbageCollection)  66771K->3028K(498112K), 0.0081076 secs]
445.343: [Full GC (JvmtiEnv ForceGarbageCollection)  66878K->3134K(498112K), 0.0082844 secs]
448.749: [Full GC (JvmtiEnv ForceGarbageCollection)  66984K->2815K(498112K), 0.0085276 secs]
452.057: [Full GC (JvmtiEnv ForceGarbageCollection)  66665K->2922K(498112K), 0.0077199 secs]
455.407: [Full GC (JvmtiEnv ForceGarbageCollection)  66772K->3029K(498112K), 0.0065080 secs]
458.750: [Full GC (JvmtiEnv ForceGarbageCollection)  66879K->3136K(498112K), 0.0077718 secs]
462.131: [Full GC (JvmtiEnv ForceGarbageCollection)  66986K->2816K(498112K), 0.0075976 secs]
465.588: [Full GC (JvmtiEnv ForceGarbageCollection)  66666K->2923K(498112K), 0.0085079 secs]
468.849: [Full GC (JvmtiEnv ForceGarbageCollection)  66773K->3030K(498112K), 0.0078199 secs]
472.132: [Full GC (JvmtiEnv ForceGarbageCollection)  66880K->3138K(498112K), 0.0077909 secs]
475.522: [Full GC (JvmtiEnv ForceGarbageCollection)  66988K->2816K(498112K), 0.0063788 secs]
478.926: [Full GC (JvmtiEnv ForceGarbageCollection)  66666K->2924K(498112K), 0.0081566 secs]
482.415: [Full GC (JvmtiEnv ForceGarbageCollection)  66774K->3032K(498112K), 0.0070508 secs]
485.879: [Full GC (JvmtiEnv ForceGarbageCollection)  66882K->3140K(498112K), 0.0077100 secs]
489.247: [Full GC (JvmtiEnv ForceGarbageCollection)  66990K->2817K(498112K), 0.0065791 secs]
492.674: [Full GC (JvmtiEnv ForceGarbageCollection)  66667K->2926K(498112K), 0.0078790 secs]
496.046: [Full GC (JvmtiEnv ForceGarbageCollection)  66776K->3034K(498112K), 0.0080344 secs]
499.371: [Full GC (JvmtiEnv ForceGarbageCollection)  66884K->3143K(498112K), 0.0075950 secs]
502.791: [Full GC (JvmtiEnv ForceGarbageCollection)  66993K->2817K(498112K), 0.0088396 secs]
506.326: [Full GC (JvmtiEnv ForceGarbageCollection)  66667K->2926K(498112K), 0.0094404 secs]
509.698: [Full GC (JvmtiEnv ForceGarbageCollection)  66776K->3035K(498112K), 0.0062260 secs]
513.021: [Full GC (JvmtiEnv ForceGarbageCollection)  66886K->3145K(498112K), 0.0080785 secs]
516.400: [Full GC (JvmtiEnv ForceGarbageCollection)  66995K->2704K(498112K), 0.0085306 secs]
519.733: [Full GC (JvmtiEnv ForceGarbageCollection)  66554K->2813K(498112K), 0.0072017 secs]
523.142: [Full GC (JvmtiEnv ForceGarbageCollection)  66663K->2923K(498112K), 0.0095361 secs]
526.632: [Full GC (JvmtiEnv ForceGarbageCollection)  66773K->3032K(498112K), 0.0095418 secs]
530.016: [Full GC (JvmtiEnv ForceGarbageCollection)  66882K->2704K(498112K), 0.0073361 secs]
533.373: [Full GC (JvmtiEnv ForceGarbageCollection)  66554K->2814K(498112K), 0.0073088 secs]
536.842: [Full GC (JvmtiEnv ForceGarbageCollection)  66664K->2924K(498112K), 0.0072584 secs]
540.290: [Full GC (JvmtiEnv ForceGarbageCollection)  66774K->3034K(498112K), 0.0079936 secs]
543.729: [Full GC (JvmtiEnv ForceGarbageCollection)  66884K->2705K(498112K), 0.0068743 secs]
547.175: [Full GC (JvmtiEnv ForceGarbageCollection)  66555K->2815K(498112K), 0.0078502 secs]
550.666: [Full GC (JvmtiEnv ForceGarbageCollection)  66665K->2926K(498112K), 0.0082899 secs]
554.141: [Full GC (JvmtiEnv ForceGarbageCollection)  66776K->3036K(498112K), 0.0083415 secs]
557.518: [Full GC (JvmtiEnv ForceGarbageCollection)  66886K->2706K(498112K), 0.0080117 secs]
561.014: [Full GC (JvmtiEnv ForceGarbageCollection)  66556K->2817K(498112K), 0.0075000 secs]
564.535: [Full GC (JvmtiEnv ForceGarbageCollection)  66667K->2928K(498112K), 0.0065399 secs]
568.164: [Full GC (JvmtiEnv ForceGarbageCollection)  66778K->3039K(498112K), 0.0076877 secs]
571.643: [Full GC (JvmtiEnv ForceGarbageCollection)  66889K->2706K(498112K), 0.0072941 secs]
575.185: [Full GC (JvmtiEnv ForceGarbageCollection)  66556K->2817K(498112K), 0.0066999 secs]
578.617: [Full GC (JvmtiEnv ForceGarbageCollection)  66667K->2929K(498112K), 0.0075787 secs]
582.140: [Full GC (JvmtiEnv ForceGarbageCollection)  70974K->3041K(498112K), 0.0073307 secs]
585.745: [Full GC (JvmtiEnv ForceGarbageCollection)  66891K->2707K(498112K), 0.0113969 secs]
589.255: [Full GC (JvmtiEnv ForceGarbageCollection)  66557K->2818K(498112K), 0.0108847 secs]
592.812: [Full GC (JvmtiEnv ForceGarbageCollection)  70881K->2931K(498112K), 0.0078704 secs]
596.350: [Full GC (JvmtiEnv ForceGarbageCollection)  70993K->3043K(498112K), 0.0095675 secs]
599.927: [Full GC (JvmtiEnv ForceGarbageCollection)  71105K->2707K(498112K), 0.0077569 secs]
603.459: [Full GC (JvmtiEnv ForceGarbageCollection)  70770K->2820K(498112K), 0.0078140 secs]
606.976: [Full GC (JvmtiEnv ForceGarbageCollection)  70882K->2932K(498112K), 0.0078357 secs]
610.521: [Full GC (JvmtiEnv ForceGarbageCollection)  70994K->3045K(498112K), 0.0078058 secs]
614.094: [Full GC (JvmtiEnv ForceGarbageCollection)  71107K->2714K(498112K), 0.0074314 secs]
617.670: [Full GC (JvmtiEnv ForceGarbageCollection)  70777K->2827K(498112K), 0.0074707 secs]
621.298: [Full GC (JvmtiEnv ForceGarbageCollection)  70890K->2940K(498112K), 0.0073080 secs]
624.837: [Full GC (JvmtiEnv ForceGarbageCollection)  71003K->3053K(498112K), 0.0061835 secs]
628.454: [Full GC (JvmtiEnv ForceGarbageCollection)  71116K->2709K(498112K), 0.0085957 secs]
631.991: [Full GC (JvmtiEnv ForceGarbageCollection)  70771K->2822K(498112K), 0.0075729 secs]
635.534: [Full GC (JvmtiEnv ForceGarbageCollection)  70885K->2936K(498112K), 0.0082888 secs]
639.084: [Full GC (JvmtiEnv ForceGarbageCollection)  70998K->3049K(498112K), 0.0081881 secs]
642.757: [Full GC (JvmtiEnv ForceGarbageCollection)  71111K->2709K(498112K), 0.0063857 secs]
646.469: [Full GC (JvmtiEnv ForceGarbageCollection)  70771K->2822K(498112K), 0.0060001 secs]
650.009: [Full GC (JvmtiEnv ForceGarbageCollection)  70885K->2936K(498112K), 0.0070965 secs]
653.539: [Full GC (JvmtiEnv ForceGarbageCollection)  70998K->3050K(498112K), 0.0078046 secs]
657.069: [Full GC (JvmtiEnv ForceGarbageCollection)  71112K->2709K(498112K), 0.0072700 secs]
660.659: [Full GC (JvmtiEnv ForceGarbageCollection)  70771K->2823K(498112K), 0.0072696 secs]
664.319: [Full GC (JvmtiEnv ForceGarbageCollection)  70885K->2937K(498112K), 0.0079541 secs]
667.941: [Full GC (JvmtiEnv ForceGarbageCollection)  71000K->3052K(498112K), 0.0067232 secs]
671.558: [Full GC (JvmtiEnv ForceGarbageCollection)  71114K->2709K(498112K), 0.0076443 secs]
675.120: [Full GC (JvmtiEnv ForceGarbageCollection)  70771K->2824K(498112K), 0.0075306 secs]
