OpenJDK 64-Bit Server VM (25.222-b10) for linux-amd64 JRE (1.8.0_222-8u222-b10-1ubuntu1~18.04.1-b10), built on Jul 18 2019 18:52:48 by "buildd" with gcc 7.4.0
Memory: 4k page, physical 16424660k(15504464k free), swap 0k(0k free)
CommandLine flags: -XX:CompressedClassSpaceSize=45297664 -XX:InitialHeapSize=536870912 -XX:MaxHeapSize=536870912 -XX:MaxMetaspaceSize=53686272 -XX:NewRatio=1 -XX:+PrintGC -XX:+PrintGCTimeStamps -XX:+RequireSharedSpaces -XX:ReservedCodeCacheSize=26843136 -XX:-TieredCompilation -XX:+UseCompressedClassPointers -XX:+UseCompressedOops -XX:+UseSerialGC -XX:+UseSharedSpaces 
4.964: [Full GC (JvmtiEnv ForceGarbageCollection)  77777K->2882K(498112K), 0.0146659 secs]
7.942: [Full GC (JvmtiEnv ForceGarbageCollection)  66404K->2972K(498112K), 0.0137540 secs]
10.849: [Full GC (JvmtiEnv ForceGarbageCollection)  62313K->3062K(498112K), 0.0078791 secs]
13.792: [Full GC (JvmtiEnv ForceGarbageCollection)  62403K->2766K(498112K), 0.0088603 secs]
16.750: [Full GC (JvmtiEnv ForceGarbageCollection)  57911K->2855K(498112K), 0.0067963 secs]
19.665: [Full GC (JvmtiEnv ForceGarbageCollection)  53789K->2946K(498112K), 0.0076623 secs]
22.665: [Full GC (JvmtiEnv ForceGarbageCollection)  58091K->3038K(498112K), 0.0078291 secs]
25.612: [Full GC (JvmtiEnv ForceGarbageCollection)  58184K->2768K(498112K), 0.0069870 secs]
28.665: [Full GC (JvmtiEnv ForceGarbageCollection)  57914K->2858K(498112K), 0.0104045 secs]
31.645: [Full GC (JvmtiEnv ForceGarbageCollection)  58004K->2948K(498112K), 0.0118095 secs]
34.607: [Full GC (JvmtiEnv ForceGarbageCollection)  58094K->3038K(498112K), 0.0063148 secs]
37.599: [Full GC (JvmtiEnv ForceGarbageCollection)  58184K->2769K(498112K), 0.0090961 secs]
40.587: [Full GC (JvmtiEnv ForceGarbageCollection)  57915K->2860K(498112K), 0.0077649 secs]
43.597: [Full GC (JvmtiEnv ForceGarbageCollection)  58005K->2950K(498112K), 0.0088200 secs]
46.567: [Full GC (JvmtiEnv ForceGarbageCollection)  58096K->3040K(498112K), 0.0069111 secs]
49.636: [Full GC (JvmtiEnv ForceGarbageCollection)  58186K->2770K(498112K), 0.0107496 secs]
52.699: [Full GC (JvmtiEnv ForceGarbageCollection)  57916K->2861K(498112K), 0.0075455 secs]
55.699: [Full GC (JvmtiEnv ForceGarbageCollection)  58006K->2951K(498112K), 0.0079654 secs]
58.713: [Full GC (JvmtiEnv ForceGarbageCollection)  58097K->3042K(498112K), 0.0059289 secs]
61.766: [Full GC (JvmtiEnv ForceGarbageCollection)  58188K->2773K(498112K), 0.0054490 secs]
64.796: [Full GC (JvmtiEnv ForceGarbageCollection)  57919K->2865K(498112K), 0.0054903 secs]
67.799: [Full GC (JvmtiEnv ForceGarbageCollection)  58011K->2958K(498112K), 0.0076208 secs]
70.808: [Full GC (JvmtiEnv ForceGarbageCollection)  58104K->3050K(498112K), 0.0073627 secs]
73.849: [Full GC (JvmtiEnv ForceGarbageCollection)  58195K->2777K(498112K), 0.0079916 secs]
76.796: [Full GC (JvmtiEnv ForceGarbageCollection)  57923K->2868K(498112K), 0.0068277 secs]
79.858: [Full GC (JvmtiEnv ForceGarbageCollection)  58014K->2960K(498112K), 0.0074114 secs]
82.979: [Full GC (JvmtiEnv ForceGarbageCollection)  58106K->3052K(498112K), 0.0067109 secs]
86.049: [Full GC (JvmtiEnv ForceGarbageCollection)  58197K->2777K(498112K), 0.0061556 secs]
89.106: [Full GC (JvmtiEnv ForceGarbageCollection)  57923K->2869K(498112K), 0.0069320 secs]
92.138: [Full GC (JvmtiEnv ForceGarbageCollection)  58015K->2961K(498112K), 0.0077590 secs]
95.223: [Full GC (JvmtiEnv ForceGarbageCollection)  58107K->3053K(498112K), 0.0084233 secs]
98.367: [Full GC (JvmtiEnv ForceGarbageCollection)  58199K->2778K(498112K), 0.0084694 secs]
101.383: [Full GC (JvmtiEnv ForceGarbageCollection)  57924K->2871K(498112K), 0.0065588 secs]
104.450: [Full GC (JvmtiEnv ForceGarbageCollection)  58016K->2964K(498112K), 0.0065779 secs]
107.401: [Full GC (JvmtiEnv ForceGarbageCollection)  58110K->3056K(498112K), 0.0071600 secs]
110.476: [Full GC (JvmtiEnv ForceGarbageCollection)  58202K->2780K(498112K), 0.0072307 secs]
113.539: [Full GC (JvmtiEnv ForceGarbageCollection)  57926K->2873K(498112K), 0.0069033 secs]
116.524: [Full GC (JvmtiEnv ForceGarbageCollection)  58019K->2968K(498112K), 0.0070117 secs]
119.405: [Full GC (JvmtiEnv ForceGarbageCollection)  62302K->3064K(498112K), 0.0076450 secs]
122.292: [Full GC (JvmtiEnv ForceGarbageCollection)  58210K->2786K(498112K), 0.0077873 secs]
125.174: [Full GC (JvmtiEnv ForceGarbageCollection)  57932K->2879K(498112K), 0.0069907 secs]
128.020: [Full GC (JvmtiEnv ForceGarbageCollection)  58025K->2973K(498112K), 0.0076376 secs]
130.888: [Full GC (JvmtiEnv ForceGarbageCollection)  58119K->3067K(498112K), 0.0076853 secs]
133.886: [Full GC (JvmtiEnv ForceGarbageCollection)  58212K->2787K(498112K), 0.0064086 secs]
136.836: [Full GC (JvmtiEnv ForceGarbageCollection)  57933K->2881K(498112K), 0.0063706 secs]
139.747: [Full GC (JvmtiEnv ForceGarbageCollection)  58027K->2974K(498112K), 0.0075113 secs]
142.655: [Full GC (JvmtiEnv ForceGarbageCollection)  58120K->3068K(498112K), 0.0070743 secs]
145.575: [Full GC (JvmtiEnv ForceGarbageCollection)  58214K->2788K(498112K), 0.0076787 secs]
148.518: [Full GC (JvmtiEnv ForceGarbageCollection)  57934K->2881K(498112K), 0.0078389 secs]
151.445: [Full GC (JvmtiEnv ForceGarbageCollection)  58027K->2976K(498112K), 0.0070365 secs]
154.399: [Full GC (JvmtiEnv ForceGarbageCollection)  58122K->3070K(498112K), 0.0115043 secs]
157.387: [Full GC (JvmtiEnv ForceGarbageCollection)  58216K->2789K(498112K), 0.0133849 secs]
160.361: [Full GC (JvmtiEnv ForceGarbageCollection)  57935K->2883K(498112K), 0.0117018 secs]
163.298: [Full GC (JvmtiEnv ForceGarbageCollection)  58029K->2977K(498112K), 0.0080827 secs]
166.200: [Full GC (JvmtiEnv ForceGarbageCollection)  58123K->3071K(498112K), 0.0076370 secs]
169.110: [Full GC (JvmtiEnv ForceGarbageCollection)  58217K->2789K(498112K), 0.0073839 secs]
172.025: [Full GC (JvmtiEnv ForceGarbageCollection)  57935K->2883K(498112K), 0.0074462 secs]
175.146: [Full GC (JvmtiEnv ForceGarbageCollection)  58029K->2978K(498112K), 0.0076050 secs]
178.107: [Full GC (JvmtiEnv ForceGarbageCollection)  58123K->3072K(498112K), 0.0084236 secs]
180.992: [Full GC (JvmtiEnv ForceGarbageCollection)  58218K->2790K(498112K), 0.0080733 secs]
183.924: [Full GC (JvmtiEnv ForceGarbageCollection)  57936K->2885K(498112K), 0.0068412 secs]
186.913: [Full GC (JvmtiEnv ForceGarbageCollection)  58031K->2980K(498112K), 0.0082746 secs]
189.907: [Full GC (JvmtiEnv ForceGarbageCollection)  58125K->3075K(498112K), 0.0070325 secs]
193.006: [Full GC (JvmtiEnv ForceGarbageCollection)  58220K->2790K(498112K), 0.0095967 secs]
195.999: [Full GC (JvmtiEnv ForceGarbageCollection)  57936K->2885K(498112K), 0.0073707 secs]
198.918: [Full GC (JvmtiEnv ForceGarbageCollection)  58031K->2981K(498112K), 0.0068726 secs]
201.916: [Full GC (JvmtiEnv ForceGarbageCollection)  58127K->3076K(498112K), 0.0077942 secs]
204.876: [Full GC (JvmtiEnv ForceGarbageCollection)  58222K->2791K(498112K), 0.0072073 secs]
207.927: [Full GC (JvmtiEnv ForceGarbageCollection)  57936K->2886K(498112K), 0.0120474 secs]
210.979: [Full GC (JvmtiEnv ForceGarbageCollection)  58032K->2982K(498112K), 0.0070991 secs]
213.979: [Full GC (JvmtiEnv ForceGarbageCollection)  58128K->3079K(498112K), 0.0089679 secs]
216.948: [Full GC (JvmtiEnv ForceGarbageCollection)  58225K->2792K(498112K), 0.0068887 secs]
219.919: [Full GC (JvmtiEnv ForceGarbageCollection)  57937K->2888K(498112K), 0.0073107 secs]
222.937: [Full GC (JvmtiEnv ForceGarbageCollection)  58034K->2985K(498112K), 0.0078340 secs]
225.861: [Full GC (JvmtiEnv ForceGarbageCollection)  62482K->3081K(498112K), 0.0072114 secs]
228.915: [Full GC (JvmtiEnv ForceGarbageCollection)  62579K->2793K(498112K), 0.0081384 secs]
231.947: [Full GC (JvmtiEnv ForceGarbageCollection)  62291K->2890K(498112K), 0.0069686 secs]
235.090: [Full GC (JvmtiEnv ForceGarbageCollection)  62388K->2987K(498112K), 0.0070734 secs]
238.155: [Full GC (JvmtiEnv ForceGarbageCollection)  62484K->3083K(498112K), 0.0079819 secs]
241.233: [Full GC (JvmtiEnv ForceGarbageCollection)  62581K->2794K(498112K), 0.0066242 secs]
244.300: [Full GC (JvmtiEnv ForceGarbageCollection)  62291K->2891K(498112K), 0.0099968 secs]
247.281: [Full GC (JvmtiEnv ForceGarbageCollection)  62389K->2988K(498112K), 0.0069358 secs]
250.267: [Full GC (JvmtiEnv ForceGarbageCollection)  62486K->3085K(498112K), 0.0114777 secs]
253.274: [Full GC (JvmtiEnv ForceGarbageCollection)  62583K->2794K(498112K), 0.0069113 secs]
256.216: [Full GC (JvmtiEnv ForceGarbageCollection)  62291K->2891K(498112K), 0.0078125 secs]
259.271: [Full GC (JvmtiEnv ForceGarbageCollection)  62389K->2989K(498112K), 0.0078799 secs]
262.372: [Full GC (JvmtiEnv ForceGarbageCollection)  62487K->3086K(498112K), 0.0101625 secs]
265.421: [Full GC (JvmtiEnv ForceGarbageCollection)  62584K->2794K(498112K), 0.0077424 secs]
268.523: [Full GC (JvmtiEnv ForceGarbageCollection)  62292K->2898K(498112K), 0.0079605 secs]
271.542: [Full GC (JvmtiEnv ForceGarbageCollection)  62396K->2996K(498112K), 0.0069573 secs]
274.557: [Full GC (JvmtiEnv ForceGarbageCollection)  62494K->3094K(498112K), 0.0071097 secs]
277.618: [Full GC (JvmtiEnv ForceGarbageCollection)  62592K->2800K(498112K), 0.0074182 secs]
280.710: [Full GC (JvmtiEnv ForceGarbageCollection)  66494K->2899K(498112K), 0.0080078 secs]
283.862: [Full GC (JvmtiEnv ForceGarbageCollection)  62397K->2998K(498112K), 0.0082932 secs]
286.977: [Full GC (JvmtiEnv ForceGarbageCollection)  62488K->3099K(498112K), 0.0069319 secs]
289.978: [Full GC (JvmtiEnv ForceGarbageCollection)  62581K->2804K(498112K), 0.0068077 secs]
293.146: [Full GC (JvmtiEnv ForceGarbageCollection)  62286K->2903K(498112K), 0.0072414 secs]
296.448: [Full GC (JvmtiEnv ForceGarbageCollection)  62385K->3002K(498112K), 0.0090092 secs]
299.618: [Full GC (JvmtiEnv ForceGarbageCollection)  62484K->3103K(498112K), 0.0071748 secs]
302.705: [Full GC (JvmtiEnv ForceGarbageCollection)  62585K->2806K(498112K), 0.0085447 secs]
305.896: [Full GC (JvmtiEnv ForceGarbageCollection)  62288K->2906K(498112K), 0.0076259 secs]
309.060: [Full GC (JvmtiEnv ForceGarbageCollection)  62387K->3005K(498112K), 0.0067384 secs]
312.324: [Full GC (JvmtiEnv ForceGarbageCollection)  62487K->3105K(498112K), 0.0067028 secs]
315.555: [Full GC (JvmtiEnv ForceGarbageCollection)  62586K->2808K(498112K), 0.0080111 secs]
318.668: [Full GC (JvmtiEnv ForceGarbageCollection)  62289K->2908K(498112K), 0.0079911 secs]
321.812: [Full GC (JvmtiEnv ForceGarbageCollection)  62390K->3008K(498112K), 0.0069446 secs]
324.924: [Full GC (JvmtiEnv ForceGarbageCollection)  62490K->3108K(498112K), 0.0086311 secs]
328.092: [Full GC (JvmtiEnv ForceGarbageCollection)  62590K->2808K(498112K), 0.0087105 secs]
331.312: [Full GC (JvmtiEnv ForceGarbageCollection)  62289K->2909K(498112K), 0.0087655 secs]
334.565: [Full GC (JvmtiEnv ForceGarbageCollection)  62390K->3009K(498112K), 0.0076391 secs]
337.759: [Full GC (JvmtiEnv ForceGarbageCollection)  62491K->3110K(498112K), 0.0081825 secs]
340.877: [Full GC (JvmtiEnv ForceGarbageCollection)  62592K->2809K(498112K), 0.0070366 secs]
344.055: [Full GC (JvmtiEnv ForceGarbageCollection)  62274K->2911K(498112K), 0.0075373 secs]
347.193: [Full GC (JvmtiEnv ForceGarbageCollection)  62409K->3012K(498112K), 0.0072606 secs]
350.291: [Full GC (JvmtiEnv ForceGarbageCollection)  62510K->3114K(498112K), 0.0086577 secs]
353.528: [Full GC (JvmtiEnv ForceGarbageCollection)  62612K->2810K(498112K), 0.0125257 secs]
356.809: [Full GC (JvmtiEnv ForceGarbageCollection)  62308K->2911K(498112K), 0.0073471 secs]
360.017: [Full GC (JvmtiEnv ForceGarbageCollection)  62409K->3012K(498112K), 0.0096112 secs]
363.179: [Full GC (JvmtiEnv ForceGarbageCollection)  62510K->3114K(498112K), 0.0075233 secs]
366.331: [Full GC (JvmtiEnv ForceGarbageCollection)  62612K->2810K(498112K), 0.0077169 secs]
369.546: [Full GC (JvmtiEnv ForceGarbageCollection)  62308K->2912K(498112K), 0.0074274 secs]
372.701: [Full GC (JvmtiEnv ForceGarbageCollection)  62410K->3014K(498112K), 0.0079569 secs]
375.949: [Full GC (JvmtiEnv ForceGarbageCollection)  62512K->3116K(498112K), 0.0076043 secs]
379.154: [Full GC (JvmtiEnv ForceGarbageCollection)  62614K->2811K(498112K), 0.0082717 secs]
382.442: [Full GC (JvmtiEnv ForceGarbageCollection)  62309K->2914K(498112K), 0.0094225 secs]
385.699: [Full GC (JvmtiEnv ForceGarbageCollection)  62412K->3016K(498112K), 0.0103593 secs]
388.882: [Full GC (JvmtiEnv ForceGarbageCollection)  62514K->3119K(498112K), 0.0105120 secs]
392.101: [Full GC (JvmtiEnv ForceGarbageCollection)  62617K->2811K(498112K), 0.0076281 secs]
395.372: [Full GC (JvmtiEnv ForceGarbageCollection)  62309K->2914K(498112K), 0.0117418 secs]
398.692: [Full GC (JvmtiEnv ForceGarbageCollection)  62412K->3018K(498112K), 0.0081431 secs]
401.950: [Full GC (JvmtiEnv ForceGarbageCollection)  62516K->3121K(498112K), 0.0062694 secs]
405.175: [Full GC (JvmtiEnv ForceGarbageCollection)  62619K->2812K(498112K), 0.0072102 secs]
408.412: [Full GC (JvmtiEnv ForceGarbageCollection)  62310K->2915K(498112K), 0.0086872 secs]
411.612: [Full GC (JvmtiEnv ForceGarbageCollection)  62413K->3019K(498112K), 0.0079431 secs]
414.780: [Full GC (JvmtiEnv ForceGarbageCollection)  62517K->3123K(498112K), 0.0106498 secs]
418.092: [Full GC (JvmtiEnv ForceGarbageCollection)  62621K->2812K(498112K), 0.0105053 secs]
421.468: [Full GC (JvmtiEnv ForceGarbageCollection)  62310K->2916K(498112K), 0.0074479 secs]
424.795: [Full GC (JvmtiEnv ForceGarbageCollection)  62413K->3020K(498112K), 0.0063780 secs]
428.041: [Full GC (JvmtiEnv ForceGarbageCollection)  62517K->3123K(498112K), 0.0097540 secs]
431.278: [Full GC (JvmtiEnv ForceGarbageCollection)  62622K->2812K(498112K), 0.0086806 secs]
434.575: [Full GC (JvmtiEnv ForceGarbageCollection)  62310K->2916K(498112K), 0.0096414 secs]
437.813: [Full GC (JvmtiEnv ForceGarbageCollection)  62414K->3020K(498112K), 0.0086452 secs]
441.055: [Full GC (JvmtiEnv ForceGarbageCollection)  66870K->3125K(498112K), 0.0088772 secs]
444.337: [Full GC (JvmtiEnv ForceGarbageCollection)  66975K->2813K(498112K), 0.0073434 secs]
447.715: [Full GC (JvmtiEnv ForceGarbageCollection)  66663K->2917K(498112K), 0.0064412 secs]
450.943: [Full GC (JvmtiEnv ForceGarbageCollection)  66768K->3022K(498112K), 0.0064733 secs]
454.227: [Full GC (JvmtiEnv ForceGarbageCollection)  62520K->3126K(498112K), 0.0078058 secs]
457.516: [Full GC (JvmtiEnv ForceGarbageCollection)  66976K->2813K(498112K), 0.0089116 secs]
460.784: [Full GC (JvmtiEnv ForceGarbageCollection)  66663K->2917K(498112K), 0.0080225 secs]
464.081: [Full GC (JvmtiEnv ForceGarbageCollection)  66768K->3022K(498112K), 0.0082478 secs]
467.457: [Full GC (JvmtiEnv ForceGarbageCollection)  66872K->3127K(498112K), 0.0063497 secs]
470.732: [Full GC (JvmtiEnv ForceGarbageCollection)  66977K->2813K(498112K), 0.0061662 secs]
474.011: [Full GC (JvmtiEnv ForceGarbageCollection)  66663K->2918K(498112K), 0.0080349 secs]
477.249: [Full GC (JvmtiEnv ForceGarbageCollection)  66768K->3023K(498112K), 0.0088040 secs]
480.619: [Full GC (JvmtiEnv ForceGarbageCollection)  66874K->3129K(498112K), 0.0081415 secs]
483.909: [Full GC (JvmtiEnv ForceGarbageCollection)  66979K->2814K(498112K), 0.0075163 secs]
487.312: [Full GC (JvmtiEnv ForceGarbageCollection)  66664K->2919K(498112K), 0.0079744 secs]
490.692: [Full GC (JvmtiEnv ForceGarbageCollection)  66769K->3025K(498112K), 0.0069116 secs]
494.091: [Full GC (JvmtiEnv ForceGarbageCollection)  66875K->3131K(498112K), 0.0136222 secs]
497.392: [Full GC (JvmtiEnv ForceGarbageCollection)  66981K->2814K(498112K), 0.0084216 secs]
500.705: [Full GC (JvmtiEnv ForceGarbageCollection)  66664K->2920K(498112K), 0.0100216 secs]
504.015: [Full GC (JvmtiEnv ForceGarbageCollection)  66770K->3026K(498112K), 0.0082718 secs]
507.360: [Full GC (JvmtiEnv ForceGarbageCollection)  66876K->3133K(498112K), 0.0100900 secs]
510.753: [Full GC (JvmtiEnv ForceGarbageCollection)  66983K->2815K(498112K), 0.0067200 secs]
514.108: [Full GC (JvmtiEnv ForceGarbageCollection)  66665K->2921K(498112K), 0.0066105 secs]
517.459: [Full GC (JvmtiEnv ForceGarbageCollection)  66771K->3028K(498112K), 0.0065052 secs]
520.721: [Full GC (JvmtiEnv ForceGarbageCollection)  66878K->3135K(498112K), 0.0097631 secs]
524.105: [Full GC (JvmtiEnv ForceGarbageCollection)  66985K->2701K(498112K), 0.0097284 secs]
527.469: [Full GC (JvmtiEnv ForceGarbageCollection)  66551K->2809K(498112K), 0.0073509 secs]
530.885: [Full GC (JvmtiEnv ForceGarbageCollection)  66659K->2916K(498112K), 0.0075043 secs]
534.259: [Full GC (JvmtiEnv ForceGarbageCollection)  66766K->3022K(498112K), 0.0110844 secs]
537.714: [Full GC (JvmtiEnv ForceGarbageCollection)  66872K->2701K(498112K), 0.0062676 secs]
540.999: [Full GC (JvmtiEnv ForceGarbageCollection)  66552K->2809K(498112K), 0.0075241 secs]
544.521: [Full GC (JvmtiEnv ForceGarbageCollection)  66659K->2916K(498112K), 0.0071500 secs]
547.877: [Full GC (JvmtiEnv ForceGarbageCollection)  66766K->3023K(498112K), 0.0076903 secs]
551.245: [Full GC (JvmtiEnv ForceGarbageCollection)  66873K->2701K(498112K), 0.0086438 secs]
554.584: [Full GC (JvmtiEnv ForceGarbageCollection)  66551K->2809K(498112K), 0.0062981 secs]
558.032: [Full GC (JvmtiEnv ForceGarbageCollection)  66659K->2917K(498112K), 0.0105802 secs]
561.412: [Full GC (JvmtiEnv ForceGarbageCollection)  66767K->3025K(498112K), 0.0082706 secs]
564.788: [Full GC (JvmtiEnv ForceGarbageCollection)  66875K->2702K(498112K), 0.0062616 secs]
568.191: [Full GC (JvmtiEnv ForceGarbageCollection)  66552K->2810K(498112K), 0.0094131 secs]
571.530: [Full GC (JvmtiEnv ForceGarbageCollection)  66660K->2918K(498112K), 0.0080202 secs]
574.891: [Full GC (JvmtiEnv ForceGarbageCollection)  70963K->3027K(498112K), 0.0072485 secs]
578.265: [Full GC (JvmtiEnv ForceGarbageCollection)  66877K->2703K(498112K), 0.0080704 secs]
581.653: [Full GC (JvmtiEnv ForceGarbageCollection)  66553K->2811K(498112K), 0.0102116 secs]
585.044: [Full GC (JvmtiEnv ForceGarbageCollection)  66661K->2919K(498112K), 0.0070810 secs]
588.401: [Full GC (JvmtiEnv ForceGarbageCollection)  66770K->3028K(498112K), 0.0084145 secs]
591.844: [Full GC (JvmtiEnv ForceGarbageCollection)  66878K->2703K(498112K), 0.0073597 secs]
595.269: [Full GC (JvmtiEnv ForceGarbageCollection)  66553K->2811K(498112K), 0.0087432 secs]
598.700: [Full GC (JvmtiEnv ForceGarbageCollection)  66661K->2919K(498112K), 0.0061735 secs]
602.124: [Full GC (JvmtiEnv ForceGarbageCollection)  66770K->3028K(498112K), 0.0080641 secs]
605.586: [Full GC (JvmtiEnv ForceGarbageCollection)  66878K->2703K(498112K), 0.0075434 secs]
608.902: [Full GC (JvmtiEnv ForceGarbageCollection)  66553K->2812K(498112K), 0.0109967 secs]
612.336: [Full GC (JvmtiEnv ForceGarbageCollection)  66662K->2920K(498112K), 0.0073798 secs]
615.807: [Full GC (JvmtiEnv ForceGarbageCollection)  66770K->3029K(498112K), 0.0075620 secs]
619.301: [Full GC (JvmtiEnv ForceGarbageCollection)  66879K->2704K(498112K), 0.0090023 secs]
622.777: [Full GC (JvmtiEnv ForceGarbageCollection)  66554K->2813K(498112K), 0.0063158 secs]
626.203: [Full GC (JvmtiEnv ForceGarbageCollection)  66663K->2922K(498112K), 0.0074936 secs]
629.637: [Full GC (JvmtiEnv ForceGarbageCollection)  66772K->3031K(498112K), 0.0073229 secs]
633.105: [Full GC (JvmtiEnv ForceGarbageCollection)  66881K->2704K(498112K), 0.0079746 secs]
636.593: [Full GC (JvmtiEnv ForceGarbageCollection)  66554K->2814K(498112K), 0.0074743 secs]
640.062: [Full GC (JvmtiEnv ForceGarbageCollection)  66664K->2924K(498112K), 0.0069928 secs]
643.661: [Full GC (JvmtiEnv ForceGarbageCollection)  66774K->3034K(498112K), 0.0089153 secs]
647.180: [Full GC (JvmtiEnv ForceGarbageCollection)  66884K->2704K(498112K), 0.0108368 secs]
650.725: [Full GC (JvmtiEnv ForceGarbageCollection)  66555K->2815K(498112K), 0.0065614 secs]
654.255: [Full GC (JvmtiEnv ForceGarbageCollection)  66665K->2925K(498112K), 0.0092211 secs]
657.849: [Full GC (JvmtiEnv ForceGarbageCollection)  66775K->3036K(498112K), 0.0061855 secs]
661.323: [Full GC (JvmtiEnv ForceGarbageCollection)  66886K->2705K(498112K), 0.0079247 secs]
664.855: [Full GC (JvmtiEnv ForceGarbageCollection)  66555K->2816K(498112K), 0.0071115 secs]
668.393: [Full GC (JvmtiEnv ForceGarbageCollection)  66666K->2926K(498112K), 0.0080472 secs]
671.925: [Full GC (JvmtiEnv ForceGarbageCollection)  66776K->3036K(498112K), 0.0075373 secs]
675.427: [Full GC (JvmtiEnv ForceGarbageCollection)  66887K->2706K(498112K), 0.0077101 secs]
679.009: [Full GC (JvmtiEnv ForceGarbageCollection)  66556K->2817K(498112K), 0.0075496 secs]
