OpenJDK 64-Bit Server VM (25.222-b10) for linux-amd64 JRE (1.8.0_222-8u222-b10-1ubuntu1~18.04.1-b10), built on Jul 18 2019 18:52:48 by "buildd" with gcc 7.4.0
Memory: 4k page, physical 16424660k(15505532k free), swap 0k(0k free)
CommandLine flags: -XX:CompressedClassSpaceSize=45297664 -XX:InitialHeapSize=536870912 -XX:MaxHeapSize=536870912 -XX:MaxMetaspaceSize=53686272 -XX:NewRatio=1 -XX:+PrintGC -XX:+PrintGCTimeStamps -XX:+RequireSharedSpaces -XX:ReservedCodeCacheSize=26843136 -XX:-TieredCompilation -XX:+UseCompressedClassPointers -XX:+UseCompressedOops -XX:+UseSerialGC -XX:+UseSharedSpaces 
4.684: [Full GC (JvmtiEnv ForceGarbageCollection)  77777K->2881K(498112K), 0.0143800 secs]
7.735: [Full GC (JvmtiEnv ForceGarbageCollection)  70615K->2973K(498112K), 0.0077432 secs]
10.666: [Full GC (JvmtiEnv ForceGarbageCollection)  62314K->3062K(498112K), 0.0072829 secs]
13.645: [Full GC (JvmtiEnv ForceGarbageCollection)  62404K->2766K(498112K), 0.0100775 secs]
16.505: [Full GC (JvmtiEnv ForceGarbageCollection)  57911K->2856K(498112K), 0.0069882 secs]
19.449: [Full GC (JvmtiEnv ForceGarbageCollection)  58002K->2947K(498112K), 0.0083840 secs]
22.373: [Full GC (JvmtiEnv ForceGarbageCollection)  58093K->3040K(498112K), 0.0117903 secs]
25.243: [Full GC (JvmtiEnv ForceGarbageCollection)  58186K->2769K(498112K), 0.0078653 secs]
28.194: [Full GC (JvmtiEnv ForceGarbageCollection)  57915K->2860K(498112K), 0.0061591 secs]
31.184: [Full GC (JvmtiEnv ForceGarbageCollection)  58005K->2950K(498112K), 0.0085759 secs]
34.136: [Full GC (JvmtiEnv ForceGarbageCollection)  58096K->3041K(498112K), 0.0055804 secs]
37.040: [Full GC (JvmtiEnv ForceGarbageCollection)  58187K->2769K(498112K), 0.0068329 secs]
39.872: [Full GC (JvmtiEnv ForceGarbageCollection)  57915K->2860K(498112K), 0.0067865 secs]
42.831: [Full GC (JvmtiEnv ForceGarbageCollection)  58006K->2952K(498112K), 0.0078173 secs]
45.765: [Full GC (JvmtiEnv ForceGarbageCollection)  58097K->3043K(498112K), 0.0073915 secs]
48.690: [Full GC (JvmtiEnv ForceGarbageCollection)  58188K->2770K(498112K), 0.0066780 secs]
51.704: [Full GC (JvmtiEnv ForceGarbageCollection)  57916K->2862K(498112K), 0.0074562 secs]
54.706: [Full GC (JvmtiEnv ForceGarbageCollection)  58008K->2954K(498112K), 0.0112732 secs]
57.690: [Full GC (JvmtiEnv ForceGarbageCollection)  58099K->3046K(498112K), 0.0115881 secs]
60.712: [Full GC (JvmtiEnv ForceGarbageCollection)  58192K->2774K(498112K), 0.0064362 secs]
63.690: [Full GC (JvmtiEnv ForceGarbageCollection)  57920K->2867K(498112K), 0.0082405 secs]
66.656: [Full GC (JvmtiEnv ForceGarbageCollection)  58013K->2961K(498112K), 0.0069101 secs]
69.754: [Full GC (JvmtiEnv ForceGarbageCollection)  58107K->3053K(498112K), 0.0074858 secs]
72.720: [Full GC (JvmtiEnv ForceGarbageCollection)  58199K->2778K(498112K), 0.0070975 secs]
75.745: [Full GC (JvmtiEnv ForceGarbageCollection)  57924K->2871K(498112K), 0.0079370 secs]
78.769: [Full GC (JvmtiEnv ForceGarbageCollection)  58016K->2964K(498112K), 0.0067619 secs]
81.789: [Full GC (JvmtiEnv ForceGarbageCollection)  58110K->3057K(498112K), 0.0076103 secs]
84.737: [Full GC (JvmtiEnv ForceGarbageCollection)  58203K->2780K(498112K), 0.0074339 secs]
87.724: [Full GC (JvmtiEnv ForceGarbageCollection)  57926K->2873K(498112K), 0.0079460 secs]
90.711: [Full GC (JvmtiEnv ForceGarbageCollection)  58019K->2966K(498112K), 0.0072967 secs]
93.639: [Full GC (JvmtiEnv ForceGarbageCollection)  58112K->3059K(498112K), 0.0098811 secs]
96.586: [Full GC (JvmtiEnv ForceGarbageCollection)  58205K->2780K(498112K), 0.0074246 secs]
99.531: [Full GC (JvmtiEnv ForceGarbageCollection)  57925K->2873K(498112K), 0.0090508 secs]
102.407: [Full GC (JvmtiEnv ForceGarbageCollection)  58018K->2966K(498112K), 0.0073766 secs]
105.664: [Full GC (JvmtiEnv ForceGarbageCollection)  58112K->3059K(498112K), 0.0071255 secs]
108.684: [Full GC (JvmtiEnv ForceGarbageCollection)  58205K->2782K(498112K), 0.0083140 secs]
111.653: [Full GC (JvmtiEnv ForceGarbageCollection)  57927K->2875K(498112K), 0.0070630 secs]
114.552: [Full GC (JvmtiEnv ForceGarbageCollection)  58021K->2969K(498112K), 0.0084591 secs]
117.434: [Full GC (JvmtiEnv ForceGarbageCollection)  66506K->3065K(498112K), 0.0091031 secs]
120.293: [Full GC (JvmtiEnv ForceGarbageCollection)  58211K->2786K(498112K), 0.0074308 secs]
123.201: [Full GC (JvmtiEnv ForceGarbageCollection)  57932K->2880K(498112K), 0.0080891 secs]
126.195: [Full GC (JvmtiEnv ForceGarbageCollection)  58026K->2974K(498112K), 0.0066534 secs]
129.139: [Full GC (JvmtiEnv ForceGarbageCollection)  58120K->3068K(498112K), 0.0070993 secs]
132.270: [Full GC (JvmtiEnv ForceGarbageCollection)  58214K->2788K(498112K), 0.0059451 secs]
135.180: [Full GC (JvmtiEnv ForceGarbageCollection)  57934K->2881K(498112K), 0.0078636 secs]
138.116: [Full GC (JvmtiEnv ForceGarbageCollection)  58027K->2976K(498112K), 0.0079527 secs]
141.037: [Full GC (JvmtiEnv ForceGarbageCollection)  58122K->3070K(498112K), 0.0081550 secs]
143.852: [Full GC (JvmtiEnv ForceGarbageCollection)  58216K->2788K(498112K), 0.0072541 secs]
146.778: [Full GC (JvmtiEnv ForceGarbageCollection)  57934K->2883K(498112K), 0.0065074 secs]
149.714: [Full GC (JvmtiEnv ForceGarbageCollection)  58028K->2977K(498112K), 0.0083129 secs]
152.709: [Full GC (JvmtiEnv ForceGarbageCollection)  58123K->3072K(498112K), 0.0070011 secs]
155.797: [Full GC (JvmtiEnv ForceGarbageCollection)  58218K->2790K(498112K), 0.0111315 secs]
158.803: [Full GC (JvmtiEnv ForceGarbageCollection)  57935K->2885K(498112K), 0.0101348 secs]
161.793: [Full GC (JvmtiEnv ForceGarbageCollection)  58031K->2980K(498112K), 0.0089169 secs]
164.710: [Full GC (JvmtiEnv ForceGarbageCollection)  58125K->3075K(498112K), 0.0076018 secs]
167.678: [Full GC (JvmtiEnv ForceGarbageCollection)  58220K->2791K(498112K), 0.0076596 secs]
170.706: [Full GC (JvmtiEnv ForceGarbageCollection)  57936K->2886K(498112K), 0.0082111 secs]
173.678: [Full GC (JvmtiEnv ForceGarbageCollection)  58032K->2982K(498112K), 0.0124439 secs]
176.620: [Full GC (JvmtiEnv ForceGarbageCollection)  58127K->3077K(498112K), 0.0075405 secs]
179.645: [Full GC (JvmtiEnv ForceGarbageCollection)  58223K->2791K(498112K), 0.0113717 secs]
182.683: [Full GC (JvmtiEnv ForceGarbageCollection)  57936K->2887K(498112K), 0.0072756 secs]
185.730: [Full GC (JvmtiEnv ForceGarbageCollection)  58033K->2983K(498112K), 0.0075532 secs]
188.741: [Full GC (JvmtiEnv ForceGarbageCollection)  58129K->3079K(498112K), 0.0086692 secs]
191.722: [Full GC (JvmtiEnv ForceGarbageCollection)  58225K->2791K(498112K), 0.0086508 secs]
194.845: [Full GC (JvmtiEnv ForceGarbageCollection)  57937K->2887K(498112K), 0.0072759 secs]
197.850: [Full GC (JvmtiEnv ForceGarbageCollection)  62385K->2984K(498112K), 0.0076953 secs]
200.961: [Full GC (JvmtiEnv ForceGarbageCollection)  62482K->3081K(498112K), 0.0065181 secs]
204.019: [Full GC (JvmtiEnv ForceGarbageCollection)  58227K->2791K(498112K), 0.0066967 secs]
207.029: [Full GC (JvmtiEnv ForceGarbageCollection)  62289K->2888K(498112K), 0.0074019 secs]
210.013: [Full GC (JvmtiEnv ForceGarbageCollection)  62386K->2985K(498112K), 0.0090561 secs]
213.026: [Full GC (JvmtiEnv ForceGarbageCollection)  62483K->3082K(498112K), 0.0078488 secs]
216.037: [Full GC (JvmtiEnv ForceGarbageCollection)  62580K->2792K(498112K), 0.0075520 secs]
219.007: [Full GC (JvmtiEnv ForceGarbageCollection)  62290K->2889K(498112K), 0.0071456 secs]
221.996: [Full GC (JvmtiEnv ForceGarbageCollection)  62387K->2987K(498112K), 0.0078463 secs]
225.089: [Full GC (JvmtiEnv ForceGarbageCollection)  62485K->3085K(498112K), 0.0077587 secs]
228.062: [Full GC (JvmtiEnv ForceGarbageCollection)  62583K->2794K(498112K), 0.0066202 secs]
231.163: [Full GC (JvmtiEnv ForceGarbageCollection)  62292K->2891K(498112K), 0.0064886 secs]
234.208: [Full GC (JvmtiEnv ForceGarbageCollection)  62389K->2989K(498112K), 0.0086342 secs]
237.266: [Full GC (JvmtiEnv ForceGarbageCollection)  62487K->3087K(498112K), 0.0109268 secs]
240.394: [Full GC (JvmtiEnv ForceGarbageCollection)  62585K->2794K(498112K), 0.0075464 secs]
243.460: [Full GC (JvmtiEnv ForceGarbageCollection)  62292K->2893K(498112K), 0.0115664 secs]
246.582: [Full GC (JvmtiEnv ForceGarbageCollection)  62390K->2991K(498112K), 0.0072851 secs]
249.707: [Full GC (JvmtiEnv ForceGarbageCollection)  62489K->3089K(498112K), 0.0096969 secs]
253.004: [Full GC (JvmtiEnv ForceGarbageCollection)  62587K->2795K(498112K), 0.0065872 secs]
256.113: [Full GC (JvmtiEnv ForceGarbageCollection)  62293K->2894K(498112K), 0.0058535 secs]
259.234: [Full GC (JvmtiEnv ForceGarbageCollection)  62392K->2993K(498112K), 0.0088157 secs]
262.311: [Full GC (JvmtiEnv ForceGarbageCollection)  62491K->3092K(498112K), 0.0089716 secs]
265.370: [Full GC (JvmtiEnv ForceGarbageCollection)  62590K->2795K(498112K), 0.0079297 secs]
268.501: [Full GC (JvmtiEnv ForceGarbageCollection)  62285K->2902K(498112K), 0.0078294 secs]
271.610: [Full GC (JvmtiEnv ForceGarbageCollection)  62400K->3002K(498112K), 0.0077041 secs]
274.772: [Full GC (JvmtiEnv ForceGarbageCollection)  62500K->3101K(498112K), 0.0098194 secs]
277.911: [Full GC (JvmtiEnv ForceGarbageCollection)  66795K->2803K(498112K), 0.0075439 secs]
281.058: [Full GC (JvmtiEnv ForceGarbageCollection)  62301K->2903K(498112K), 0.0076687 secs]
284.312: [Full GC (JvmtiEnv ForceGarbageCollection)  62401K->3005K(498112K), 0.0078398 secs]
287.430: [Full GC (JvmtiEnv ForceGarbageCollection)  62503K->3105K(498112K), 0.0076688 secs]
290.595: [Full GC (JvmtiEnv ForceGarbageCollection)  62587K->2807K(498112K), 0.0076702 secs]
293.828: [Full GC (JvmtiEnv ForceGarbageCollection)  62288K->2907K(498112K), 0.0105649 secs]
296.975: [Full GC (JvmtiEnv ForceGarbageCollection)  62389K->3007K(498112K), 0.0078063 secs]
300.636: [Full GC (JvmtiEnv ForceGarbageCollection)  62489K->3108K(498112K), 0.0066179 secs]
303.905: [Full GC (JvmtiEnv ForceGarbageCollection)  62590K->2808K(498112K), 0.0068100 secs]
307.280: [Full GC (JvmtiEnv ForceGarbageCollection)  62289K->2909K(498112K), 0.0086752 secs]
310.572: [Full GC (JvmtiEnv ForceGarbageCollection)  62391K->3010K(498112K), 0.0085323 secs]
313.991: [Full GC (JvmtiEnv ForceGarbageCollection)  62491K->3110K(498112K), 0.0074793 secs]
317.328: [Full GC (JvmtiEnv ForceGarbageCollection)  62592K->2809K(498112K), 0.0071702 secs]
320.585: [Full GC (JvmtiEnv ForceGarbageCollection)  62290K->2910K(498112K), 0.0071389 secs]
323.806: [Full GC (JvmtiEnv ForceGarbageCollection)  62392K->3011K(498112K), 0.0071986 secs]
326.958: [Full GC (JvmtiEnv ForceGarbageCollection)  62493K->3113K(498112K), 0.0076654 secs]
330.087: [Full GC (JvmtiEnv ForceGarbageCollection)  62594K->2809K(498112K), 0.0099395 secs]
333.240: [Full GC (JvmtiEnv ForceGarbageCollection)  62291K->2911K(498112K), 0.0075243 secs]
336.470: [Full GC (JvmtiEnv ForceGarbageCollection)  62392K->3013K(498112K), 0.0088923 secs]
339.673: [Full GC (JvmtiEnv ForceGarbageCollection)  62494K->3115K(498112K), 0.0082011 secs]
342.949: [Full GC (JvmtiEnv ForceGarbageCollection)  62589K->2812K(498112K), 0.0084711 secs]
346.204: [Full GC (JvmtiEnv ForceGarbageCollection)  62310K->2914K(498112K), 0.0079128 secs]
349.442: [Full GC (JvmtiEnv ForceGarbageCollection)  62412K->3016K(498112K), 0.0104010 secs]
352.673: [Full GC (JvmtiEnv ForceGarbageCollection)  62514K->3118K(498112K), 0.0078938 secs]
355.949: [Full GC (JvmtiEnv ForceGarbageCollection)  62616K->2811K(498112K), 0.0122893 secs]
359.242: [Full GC (JvmtiEnv ForceGarbageCollection)  62309K->2914K(498112K), 0.0096767 secs]
362.558: [Full GC (JvmtiEnv ForceGarbageCollection)  62412K->3017K(498112K), 0.0092551 secs]
365.883: [Full GC (JvmtiEnv ForceGarbageCollection)  62514K->3119K(498112K), 0.0065442 secs]
369.199: [Full GC (JvmtiEnv ForceGarbageCollection)  62617K->2812K(498112K), 0.0081147 secs]
372.425: [Full GC (JvmtiEnv ForceGarbageCollection)  62310K->2915K(498112K), 0.0074330 secs]
375.854: [Full GC (JvmtiEnv ForceGarbageCollection)  62413K->3018K(498112K), 0.0082621 secs]
379.150: [Full GC (JvmtiEnv ForceGarbageCollection)  62516K->3122K(498112K), 0.0084738 secs]
382.507: [Full GC (JvmtiEnv ForceGarbageCollection)  62620K->2812K(498112K), 0.0098083 secs]
385.879: [Full GC (JvmtiEnv ForceGarbageCollection)  62310K->2916K(498112K), 0.0119756 secs]
389.155: [Full GC (JvmtiEnv ForceGarbageCollection)  62414K->3020K(498112K), 0.0085244 secs]
392.465: [Full GC (JvmtiEnv ForceGarbageCollection)  62518K->3124K(498112K), 0.0123153 secs]
395.853: [Full GC (JvmtiEnv ForceGarbageCollection)  62622K->2812K(498112K), 0.0082098 secs]
399.127: [Full GC (JvmtiEnv ForceGarbageCollection)  62310K->2916K(498112K), 0.0067846 secs]
402.597: [Full GC (JvmtiEnv ForceGarbageCollection)  62414K->3020K(498112K), 0.0074364 secs]
405.978: [Full GC (JvmtiEnv ForceGarbageCollection)  66870K->3125K(498112K), 0.0071803 secs]
409.376: [Full GC (JvmtiEnv ForceGarbageCollection)  66975K->2813K(498112K), 0.0079871 secs]
412.743: [Full GC (JvmtiEnv ForceGarbageCollection)  66663K->2918K(498112K), 0.0079338 secs]
415.972: [Full GC (JvmtiEnv ForceGarbageCollection)  66768K->3022K(498112K), 0.0079106 secs]
419.267: [Full GC (JvmtiEnv ForceGarbageCollection)  66872K->3127K(498112K), 0.0078476 secs]
422.748: [Full GC (JvmtiEnv ForceGarbageCollection)  66977K->2814K(498112K), 0.0092276 secs]
426.157: [Full GC (JvmtiEnv ForceGarbageCollection)  66664K->2919K(498112K), 0.0083849 secs]
429.465: [Full GC (JvmtiEnv ForceGarbageCollection)  66769K->3024K(498112K), 0.0088395 secs]
432.816: [Full GC (JvmtiEnv ForceGarbageCollection)  66874K->3130K(498112K), 0.0073286 secs]
436.195: [Full GC (JvmtiEnv ForceGarbageCollection)  66980K->2814K(498112K), 0.0069181 secs]
439.580: [Full GC (JvmtiEnv ForceGarbageCollection)  66664K->2920K(498112K), 0.0085293 secs]
442.938: [Full GC (JvmtiEnv ForceGarbageCollection)  66770K->3026K(498112K), 0.0070533 secs]
446.257: [Full GC (JvmtiEnv ForceGarbageCollection)  66876K->3131K(498112K), 0.0067814 secs]
449.622: [Full GC (JvmtiEnv ForceGarbageCollection)  66982K->2814K(498112K), 0.0109284 secs]
453.036: [Full GC (JvmtiEnv ForceGarbageCollection)  66665K->2920K(498112K), 0.0090603 secs]
456.454: [Full GC (JvmtiEnv ForceGarbageCollection)  66770K->3027K(498112K), 0.0079541 secs]
459.793: [Full GC (JvmtiEnv ForceGarbageCollection)  66877K->3133K(498112K), 0.0081197 secs]
463.153: [Full GC (JvmtiEnv ForceGarbageCollection)  66984K->2815K(498112K), 0.0070825 secs]
466.455: [Full GC (JvmtiEnv ForceGarbageCollection)  66665K->2922K(498112K), 0.0089477 secs]
469.882: [Full GC (JvmtiEnv ForceGarbageCollection)  66772K->3028K(498112K), 0.0082347 secs]
473.349: [Full GC (JvmtiEnv ForceGarbageCollection)  66878K->3135K(498112K), 0.0073734 secs]
476.718: [Full GC (JvmtiEnv ForceGarbageCollection)  66985K->2816K(498112K), 0.0068234 secs]
480.125: [Full GC (JvmtiEnv ForceGarbageCollection)  66666K->2923K(498112K), 0.0067611 secs]
483.550: [Full GC (JvmtiEnv ForceGarbageCollection)  66773K->3030K(498112K), 0.0105765 secs]
487.023: [Full GC (JvmtiEnv ForceGarbageCollection)  66880K->3137K(498112K), 0.0095762 secs]
490.467: [Full GC (JvmtiEnv ForceGarbageCollection)  66987K->2816K(498112K), 0.0097822 secs]
494.010: [Full GC (JvmtiEnv ForceGarbageCollection)  66666K->2924K(498112K), 0.0077335 secs]
497.453: [Full GC (JvmtiEnv ForceGarbageCollection)  66774K->3032K(498112K), 0.0078725 secs]
501.043: [Full GC (JvmtiEnv ForceGarbageCollection)  66882K->3140K(498112K), 0.0077196 secs]
504.491: [Full GC (JvmtiEnv ForceGarbageCollection)  66990K->2816K(498112K), 0.0072474 secs]
507.878: [Full GC (JvmtiEnv ForceGarbageCollection)  66666K->2924K(498112K), 0.0080414 secs]
511.312: [Full GC (JvmtiEnv ForceGarbageCollection)  66774K->3033K(498112K), 0.0071283 secs]
514.846: [Full GC (JvmtiEnv ForceGarbageCollection)  66883K->3141K(498112K), 0.0073453 secs]
518.363: [Full GC (JvmtiEnv ForceGarbageCollection)  66991K->2703K(498112K), 0.0137634 secs]
521.815: [Full GC (JvmtiEnv ForceGarbageCollection)  66553K->2811K(498112K), 0.0072230 secs]
525.164: [Full GC (JvmtiEnv ForceGarbageCollection)  66661K->2920K(498112K), 0.0059945 secs]
528.544: [Full GC (JvmtiEnv ForceGarbageCollection)  66770K->3029K(498112K), 0.0069935 secs]
531.955: [Full GC (JvmtiEnv ForceGarbageCollection)  66879K->2704K(498112K), 0.0072732 secs]
535.313: [Full GC (JvmtiEnv ForceGarbageCollection)  66554K->2813K(498112K), 0.0076514 secs]
538.596: [Full GC (JvmtiEnv ForceGarbageCollection)  66663K->2922K(498112K), 0.0078707 secs]
541.970: [Full GC (JvmtiEnv ForceGarbageCollection)  66772K->3031K(498112K), 0.0118639 secs]
545.486: [Full GC (JvmtiEnv ForceGarbageCollection)  66881K->2704K(498112K), 0.0086281 secs]
548.935: [Full GC (JvmtiEnv ForceGarbageCollection)  66554K->2814K(498112K), 0.0074917 secs]
552.389: [Full GC (JvmtiEnv ForceGarbageCollection)  66664K->2924K(498112K), 0.0064513 secs]
555.812: [Full GC (JvmtiEnv ForceGarbageCollection)  66774K->3034K(498112K), 0.0063450 secs]
559.332: [Full GC (JvmtiEnv ForceGarbageCollection)  66884K->2704K(498112K), 0.0089772 secs]
562.835: [Full GC (JvmtiEnv ForceGarbageCollection)  66554K->2815K(498112K), 0.0073869 secs]
566.281: [Full GC (JvmtiEnv ForceGarbageCollection)  66665K->2925K(498112K), 0.0106722 secs]
569.809: [Full GC (JvmtiEnv ForceGarbageCollection)  66775K->3036K(498112K), 0.0073023 secs]
573.374: [Full GC (JvmtiEnv ForceGarbageCollection)  66886K->2705K(498112K), 0.0072344 secs]
576.907: [Full GC (JvmtiEnv ForceGarbageCollection)  66555K->2815K(498112K), 0.0120218 secs]
580.470: [Full GC (JvmtiEnv ForceGarbageCollection)  66665K->2927K(498112K), 0.0079793 secs]
583.967: [Full GC (JvmtiEnv ForceGarbageCollection)  66777K->3038K(498112K), 0.0080058 secs]
587.524: [Full GC (JvmtiEnv ForceGarbageCollection)  66888K->2706K(498112K), 0.0075033 secs]
591.029: [Full GC (JvmtiEnv ForceGarbageCollection)  66556K->2817K(498112K), 0.0079003 secs]
594.638: [Full GC (JvmtiEnv ForceGarbageCollection)  66667K->2928K(498112K), 0.0068635 secs]
598.185: [Full GC (JvmtiEnv ForceGarbageCollection)  66778K->3040K(498112K), 0.0061940 secs]
601.685: [Full GC (JvmtiEnv ForceGarbageCollection)  66890K->2707K(498112K), 0.0084073 secs]
605.265: [Full GC (JvmtiEnv ForceGarbageCollection)  66557K->2818K(498112K), 0.0081074 secs]
608.827: [Full GC (JvmtiEnv ForceGarbageCollection)  66668K->2930K(498112K), 0.0080140 secs]
612.376: [Full GC (JvmtiEnv ForceGarbageCollection)  66780K->3042K(498112K), 0.0093357 secs]
616.026: [Full GC (JvmtiEnv ForceGarbageCollection)  71104K->2707K(498112K), 0.0118112 secs]
619.638: [Full GC (JvmtiEnv ForceGarbageCollection)  70769K->2820K(498112K), 0.0063424 secs]
623.320: [Full GC (JvmtiEnv ForceGarbageCollection)  70882K->2932K(498112K), 0.0125568 secs]
626.862: [Full GC (JvmtiEnv ForceGarbageCollection)  70994K->3044K(498112K), 0.0128898 secs]
630.369: [Full GC (JvmtiEnv ForceGarbageCollection)  71107K->2707K(498112K), 0.0084245 secs]
634.002: [Full GC (JvmtiEnv ForceGarbageCollection)  70769K->2820K(498112K), 0.0077913 secs]
637.684: [Full GC (JvmtiEnv ForceGarbageCollection)  70883K->2933K(498112K), 0.0102592 secs]
641.244: [Full GC (JvmtiEnv ForceGarbageCollection)  70996K->3046K(498112K), 0.0067583 secs]
644.775: [Full GC (JvmtiEnv ForceGarbageCollection)  71109K->2708K(498112K), 0.0075271 secs]
648.355: [Full GC (JvmtiEnv ForceGarbageCollection)  70770K->2821K(498112K), 0.0091105 secs]
651.982: [Full GC (JvmtiEnv ForceGarbageCollection)  70883K->2935K(498112K), 0.0080222 secs]
655.530: [Full GC (JvmtiEnv ForceGarbageCollection)  70997K->3048K(498112K), 0.0072018 secs]
659.156: [Full GC (JvmtiEnv ForceGarbageCollection)  71111K->2708K(498112K), 0.0090688 secs]
662.724: [Full GC (JvmtiEnv ForceGarbageCollection)  70771K->2822K(498112K), 0.0079768 secs]
666.399: [Full GC (JvmtiEnv ForceGarbageCollection)  70884K->2935K(498112K), 0.0068672 secs]
670.173: [Full GC (JvmtiEnv ForceGarbageCollection)  70998K->3049K(498112K), 0.0090884 secs]
673.722: [Full GC (JvmtiEnv ForceGarbageCollection)  71111K->2709K(498112K), 0.0077967 secs]
677.314: [Full GC (JvmtiEnv ForceGarbageCollection)  70771K->2822K(498112K), 0.0077979 secs]
680.916: [Full GC (JvmtiEnv ForceGarbageCollection)  70884K->2935K(498112K), 0.0081895 secs]
