OpenJDK 64-Bit Server VM (25.222-b10) for linux-amd64 JRE (1.8.0_222-8u222-b10-1ubuntu1~18.04.1-b10), built on Jul 18 2019 18:52:48 by "buildd" with gcc 7.4.0
Memory: 4k page, physical 16424660k(15504892k free), swap 0k(0k free)
CommandLine flags: -XX:CompressedClassSpaceSize=45297664 -XX:InitialHeapSize=536870912 -XX:MaxHeapSize=536870912 -XX:MaxMetaspaceSize=53686272 -XX:NewRatio=1 -XX:+PrintGC -XX:+PrintGCTimeStamps -XX:+RequireSharedSpaces -XX:ReservedCodeCacheSize=26843136 -XX:-TieredCompilation -XX:+UseCompressedClassPointers -XX:+UseCompressedOops -XX:+UseSerialGC -XX:+UseSharedSpaces 
4.760: [Full GC (JvmtiEnv ForceGarbageCollection)  77777K->2881K(498112K), 0.0165388 secs]
7.625: [Full GC (JvmtiEnv ForceGarbageCollection)  70615K->2973K(498112K), 0.0078350 secs]
10.612: [Full GC (JvmtiEnv ForceGarbageCollection)  62314K->3062K(498112K), 0.0076742 secs]
13.519: [Full GC (JvmtiEnv ForceGarbageCollection)  58192K->2765K(498112K), 0.0090847 secs]
16.466: [Full GC (JvmtiEnv ForceGarbageCollection)  57911K->2856K(498112K), 0.0070864 secs]
19.403: [Full GC (JvmtiEnv ForceGarbageCollection)  58001K->2946K(498112K), 0.0074286 secs]
22.352: [Full GC (JvmtiEnv ForceGarbageCollection)  58091K->3038K(498112K), 0.0100538 secs]
25.390: [Full GC (JvmtiEnv ForceGarbageCollection)  58184K->2768K(498112K), 0.0074094 secs]
28.383: [Full GC (JvmtiEnv ForceGarbageCollection)  57914K->2858K(498112K), 0.0073692 secs]
31.410: [Full GC (JvmtiEnv ForceGarbageCollection)  58004K->2949K(498112K), 0.0089874 secs]
34.391: [Full GC (JvmtiEnv ForceGarbageCollection)  58094K->3039K(498112K), 0.0067283 secs]
37.344: [Full GC (JvmtiEnv ForceGarbageCollection)  58185K->2769K(498112K), 0.0077994 secs]
40.357: [Full GC (JvmtiEnv ForceGarbageCollection)  57915K->2860K(498112K), 0.0080522 secs]
43.373: [Full GC (JvmtiEnv ForceGarbageCollection)  58005K->2950K(498112K), 0.0074659 secs]
46.469: [Full GC (JvmtiEnv ForceGarbageCollection)  58096K->3041K(498112K), 0.0078273 secs]
49.550: [Full GC (JvmtiEnv ForceGarbageCollection)  58187K->2770K(498112K), 0.0117160 secs]
52.573: [Full GC (JvmtiEnv ForceGarbageCollection)  57916K->2862K(498112K), 0.0075168 secs]
55.692: [Full GC (JvmtiEnv ForceGarbageCollection)  58008K->2953K(498112K), 0.0062096 secs]
58.736: [Full GC (JvmtiEnv ForceGarbageCollection)  58099K->3044K(498112K), 0.0065784 secs]
61.777: [Full GC (JvmtiEnv ForceGarbageCollection)  58190K->2774K(498112K), 0.0086815 secs]
64.847: [Full GC (JvmtiEnv ForceGarbageCollection)  57920K->2867K(498112K), 0.0073368 secs]
67.905: [Full GC (JvmtiEnv ForceGarbageCollection)  58013K->2961K(498112K), 0.0077506 secs]
70.971: [Full GC (JvmtiEnv ForceGarbageCollection)  58107K->3053K(498112K), 0.0093429 secs]
73.970: [Full GC (JvmtiEnv ForceGarbageCollection)  58199K->2777K(498112K), 0.0076286 secs]
77.014: [Full GC (JvmtiEnv ForceGarbageCollection)  57923K->2870K(498112K), 0.0079902 secs]
80.181: [Full GC (JvmtiEnv ForceGarbageCollection)  58016K->2962K(498112K), 0.0062547 secs]
83.296: [Full GC (JvmtiEnv ForceGarbageCollection)  58108K->3055K(498112K), 0.0086943 secs]
86.356: [Full GC (JvmtiEnv ForceGarbageCollection)  58201K->2778K(498112K), 0.0080432 secs]
89.434: [Full GC (JvmtiEnv ForceGarbageCollection)  57924K->2871K(498112K), 0.0074558 secs]
92.496: [Full GC (JvmtiEnv ForceGarbageCollection)  58017K->2964K(498112K), 0.0078186 secs]
95.555: [Full GC (JvmtiEnv ForceGarbageCollection)  58109K->3057K(498112K), 0.0073785 secs]
98.680: [Full GC (JvmtiEnv ForceGarbageCollection)  58203K->2779K(498112K), 0.0099944 secs]
101.805: [Full GC (JvmtiEnv ForceGarbageCollection)  57925K->2872K(498112K), 0.0066148 secs]
104.977: [Full GC (JvmtiEnv ForceGarbageCollection)  58018K->2966K(498112K), 0.0098563 secs]
108.256: [Full GC (JvmtiEnv ForceGarbageCollection)  58112K->3060K(498112K), 0.0059175 secs]
111.281: [Full GC (JvmtiEnv ForceGarbageCollection)  58206K->2781K(498112K), 0.0086003 secs]
114.371: [Full GC (JvmtiEnv ForceGarbageCollection)  57927K->2875K(498112K), 0.0075017 secs]
117.384: [Full GC (JvmtiEnv ForceGarbageCollection)  58021K->2971K(498112K), 0.0077175 secs]
120.301: [Full GC (JvmtiEnv ForceGarbageCollection)  66509K->3068K(498112K), 0.0076832 secs]
123.324: [Full GC (JvmtiEnv ForceGarbageCollection)  58213K->2788K(498112K), 0.0097376 secs]
126.337: [Full GC (JvmtiEnv ForceGarbageCollection)  57933K->2882K(498112K), 0.0057783 secs]
129.513: [Full GC (JvmtiEnv ForceGarbageCollection)  58028K->2977K(498112K), 0.0065081 secs]
132.406: [Full GC (JvmtiEnv ForceGarbageCollection)  58123K->3071K(498112K), 0.0073227 secs]
135.315: [Full GC (JvmtiEnv ForceGarbageCollection)  58217K->2788K(498112K), 0.0080324 secs]
138.303: [Full GC (JvmtiEnv ForceGarbageCollection)  57934K->2883K(498112K), 0.0076879 secs]
141.316: [Full GC (JvmtiEnv ForceGarbageCollection)  58029K->2978K(498112K), 0.0086225 secs]
144.276: [Full GC (JvmtiEnv ForceGarbageCollection)  58124K->3073K(498112K), 0.0068355 secs]
147.270: [Full GC (JvmtiEnv ForceGarbageCollection)  58219K->2789K(498112K), 0.0065617 secs]
150.381: [Full GC (JvmtiEnv ForceGarbageCollection)  57935K->2884K(498112K), 0.0060470 secs]
153.403: [Full GC (JvmtiEnv ForceGarbageCollection)  58030K->2980K(498112K), 0.0064480 secs]
156.384: [Full GC (JvmtiEnv ForceGarbageCollection)  58126K->3076K(498112K), 0.0079750 secs]
159.432: [Full GC (JvmtiEnv ForceGarbageCollection)  58221K->2790K(498112K), 0.0089194 secs]
162.423: [Full GC (JvmtiEnv ForceGarbageCollection)  57936K->2886K(498112K), 0.0071956 secs]
165.450: [Full GC (JvmtiEnv ForceGarbageCollection)  58032K->2982K(498112K), 0.0075816 secs]
168.448: [Full GC (JvmtiEnv ForceGarbageCollection)  58127K->3078K(498112K), 0.0098385 secs]
171.486: [Full GC (JvmtiEnv ForceGarbageCollection)  58224K->2791K(498112K), 0.0079642 secs]
174.554: [Full GC (JvmtiEnv ForceGarbageCollection)  57937K->2887K(498112K), 0.0078872 secs]
177.644: [Full GC (JvmtiEnv ForceGarbageCollection)  58033K->2983K(498112K), 0.0131951 secs]
180.660: [Full GC (JvmtiEnv ForceGarbageCollection)  58129K->3079K(498112K), 0.0062208 secs]
183.684: [Full GC (JvmtiEnv ForceGarbageCollection)  58225K->2791K(498112K), 0.0081047 secs]
186.640: [Full GC (JvmtiEnv ForceGarbageCollection)  57937K->2887K(498112K), 0.0075926 secs]
189.768: [Full GC (JvmtiEnv ForceGarbageCollection)  58033K->2984K(498112K), 0.0075780 secs]
192.736: [Full GC (JvmtiEnv ForceGarbageCollection)  62482K->3080K(498112K), 0.0073173 secs]
195.837: [Full GC (JvmtiEnv ForceGarbageCollection)  62578K->2792K(498112K), 0.0065001 secs]
198.907: [Full GC (JvmtiEnv ForceGarbageCollection)  62290K->2889K(498112K), 0.0088661 secs]
201.961: [Full GC (JvmtiEnv ForceGarbageCollection)  62387K->2985K(498112K), 0.0071898 secs]
205.037: [Full GC (JvmtiEnv ForceGarbageCollection)  62483K->3082K(498112K), 0.0077531 secs]
208.101: [Full GC (JvmtiEnv ForceGarbageCollection)  62580K->2792K(498112K), 0.0074043 secs]
211.147: [Full GC (JvmtiEnv ForceGarbageCollection)  62290K->2890K(498112K), 0.0101065 secs]
214.213: [Full GC (JvmtiEnv ForceGarbageCollection)  62388K->2988K(498112K), 0.0079348 secs]
217.268: [Full GC (JvmtiEnv ForceGarbageCollection)  62486K->3085K(498112K), 0.0086221 secs]
220.395: [Full GC (JvmtiEnv ForceGarbageCollection)  62583K->2792K(498112K), 0.0073445 secs]
223.544: [Full GC (JvmtiEnv ForceGarbageCollection)  62290K->2890K(498112K), 0.0126718 secs]
226.687: [Full GC (JvmtiEnv ForceGarbageCollection)  62388K->2988K(498112K), 0.0064088 secs]
229.739: [Full GC (JvmtiEnv ForceGarbageCollection)  62486K->3085K(498112K), 0.0070654 secs]
232.749: [Full GC (JvmtiEnv ForceGarbageCollection)  62583K->2794K(498112K), 0.0073426 secs]
235.808: [Full GC (JvmtiEnv ForceGarbageCollection)  62291K->2890K(498112K), 0.0125996 secs]
238.882: [Full GC (JvmtiEnv ForceGarbageCollection)  62388K->2988K(498112K), 0.0073967 secs]
241.908: [Full GC (JvmtiEnv ForceGarbageCollection)  62486K->3086K(498112K), 0.0074099 secs]
245.028: [Full GC (JvmtiEnv ForceGarbageCollection)  62583K->2794K(498112K), 0.0077897 secs]
248.175: [Full GC (JvmtiEnv ForceGarbageCollection)  62292K->2891K(498112K), 0.0068368 secs]
251.429: [Full GC (JvmtiEnv ForceGarbageCollection)  62389K->2989K(498112K), 0.0123603 secs]
254.529: [Full GC (JvmtiEnv ForceGarbageCollection)  62487K->3087K(498112K), 0.0059757 secs]
257.585: [Full GC (JvmtiEnv ForceGarbageCollection)  62585K->2794K(498112K), 0.0106465 secs]
260.665: [Full GC (JvmtiEnv ForceGarbageCollection)  62292K->2893K(498112K), 0.0114105 secs]
263.709: [Full GC (JvmtiEnv ForceGarbageCollection)  62391K->2991K(498112K), 0.0096662 secs]
266.815: [Full GC (JvmtiEnv ForceGarbageCollection)  62489K->3089K(498112K), 0.0084097 secs]
269.948: [Full GC (JvmtiEnv ForceGarbageCollection)  62587K->2795K(498112K), 0.0066301 secs]
273.073: [Full GC (JvmtiEnv ForceGarbageCollection)  62293K->2900K(498112K), 0.0091780 secs]
276.190: [Full GC (JvmtiEnv ForceGarbageCollection)  62398K->2999K(498112K), 0.0065538 secs]
279.383: [Full GC (JvmtiEnv ForceGarbageCollection)  62497K->3098K(498112K), 0.0069793 secs]
282.535: [Full GC (JvmtiEnv ForceGarbageCollection)  66792K->2802K(498112K), 0.0085189 secs]
285.703: [Full GC (JvmtiEnv ForceGarbageCollection)  62300K->2903K(498112K), 0.0089610 secs]
288.828: [Full GC (JvmtiEnv ForceGarbageCollection)  62393K->3004K(498112K), 0.0093215 secs]
291.958: [Full GC (JvmtiEnv ForceGarbageCollection)  62502K->3104K(498112K), 0.0079791 secs]
295.184: [Full GC (JvmtiEnv ForceGarbageCollection)  62586K->2806K(498112K), 0.0081031 secs]
298.376: [Full GC (JvmtiEnv ForceGarbageCollection)  62288K->2906K(498112K), 0.0073237 secs]
301.531: [Full GC (JvmtiEnv ForceGarbageCollection)  62387K->3006K(498112K), 0.0080327 secs]
304.677: [Full GC (JvmtiEnv ForceGarbageCollection)  62487K->3106K(498112K), 0.0116516 secs]
307.783: [Full GC (JvmtiEnv ForceGarbageCollection)  62588K->2807K(498112K), 0.0099553 secs]
311.052: [Full GC (JvmtiEnv ForceGarbageCollection)  62289K->2908K(498112K), 0.0116918 secs]
314.285: [Full GC (JvmtiEnv ForceGarbageCollection)  62389K->3008K(498112K), 0.0081528 secs]
317.474: [Full GC (JvmtiEnv ForceGarbageCollection)  62489K->3108K(498112K), 0.0066588 secs]
320.558: [Full GC (JvmtiEnv ForceGarbageCollection)  62606K->2808K(498112K), 0.0100255 secs]
323.778: [Full GC (JvmtiEnv ForceGarbageCollection)  62289K->2909K(498112K), 0.0080734 secs]
326.937: [Full GC (JvmtiEnv ForceGarbageCollection)  62390K->3010K(498112K), 0.0075023 secs]
330.081: [Full GC (JvmtiEnv ForceGarbageCollection)  62491K->3110K(498112K), 0.0078838 secs]
333.211: [Full GC (JvmtiEnv ForceGarbageCollection)  62592K->2809K(498112K), 0.0076014 secs]
336.350: [Full GC (JvmtiEnv ForceGarbageCollection)  62290K->2910K(498112K), 0.0085896 secs]
339.656: [Full GC (JvmtiEnv ForceGarbageCollection)  62391K->3011K(498112K), 0.0086642 secs]
342.845: [Full GC (JvmtiEnv ForceGarbageCollection)  62493K->3112K(498112K), 0.0075122 secs]
346.016: [Full GC (JvmtiEnv ForceGarbageCollection)  62594K->2811K(498112K), 0.0068792 secs]
349.181: [Full GC (JvmtiEnv ForceGarbageCollection)  62309K->2912K(498112K), 0.0085582 secs]
352.333: [Full GC (JvmtiEnv ForceGarbageCollection)  62410K->3014K(498112K), 0.0083862 secs]
355.613: [Full GC (JvmtiEnv ForceGarbageCollection)  62512K->3116K(498112K), 0.0082153 secs]
358.828: [Full GC (JvmtiEnv ForceGarbageCollection)  62614K->2811K(498112K), 0.0078974 secs]
362.012: [Full GC (JvmtiEnv ForceGarbageCollection)  62309K->2913K(498112K), 0.0119433 secs]
365.228: [Full GC (JvmtiEnv ForceGarbageCollection)  62410K->3015K(498112K), 0.0061590 secs]
368.428: [Full GC (JvmtiEnv ForceGarbageCollection)  62512K->3117K(498112K), 0.0086746 secs]
371.615: [Full GC (JvmtiEnv ForceGarbageCollection)  62615K->2811K(498112K), 0.0077942 secs]
374.909: [Full GC (JvmtiEnv ForceGarbageCollection)  62309K->2914K(498112K), 0.0075581 secs]
378.114: [Full GC (JvmtiEnv ForceGarbageCollection)  62412K->3017K(498112K), 0.0078138 secs]
381.213: [Full GC (JvmtiEnv ForceGarbageCollection)  62515K->3119K(498112K), 0.0081204 secs]
384.439: [Full GC (JvmtiEnv ForceGarbageCollection)  62617K->2811K(498112K), 0.0106050 secs]
387.678: [Full GC (JvmtiEnv ForceGarbageCollection)  62309K->2914K(498112K), 0.0084038 secs]
390.921: [Full GC (JvmtiEnv ForceGarbageCollection)  62413K->3018K(498112K), 0.0073987 secs]
394.188: [Full GC (JvmtiEnv ForceGarbageCollection)  62516K->3121K(498112K), 0.0061970 secs]
397.393: [Full GC (JvmtiEnv ForceGarbageCollection)  62619K->2812K(498112K), 0.0071783 secs]
400.730: [Full GC (JvmtiEnv ForceGarbageCollection)  62310K->2915K(498112K), 0.0086749 secs]
404.008: [Full GC (JvmtiEnv ForceGarbageCollection)  62413K->3019K(498112K), 0.0079788 secs]
407.265: [Full GC (JvmtiEnv ForceGarbageCollection)  62517K->3123K(498112K), 0.0079611 secs]
410.527: [Full GC (JvmtiEnv ForceGarbageCollection)  62621K->2812K(498112K), 0.0075583 secs]
413.745: [Full GC (JvmtiEnv ForceGarbageCollection)  62310K->2916K(498112K), 0.0075793 secs]
417.039: [Full GC (JvmtiEnv ForceGarbageCollection)  62414K->3020K(498112K), 0.0100230 secs]
420.306: [Full GC (JvmtiEnv ForceGarbageCollection)  62518K->3124K(498112K), 0.0087743 secs]
423.576: [Full GC (JvmtiEnv ForceGarbageCollection)  66974K->2813K(498112K), 0.0082735 secs]
426.858: [Full GC (JvmtiEnv ForceGarbageCollection)  66663K->2918K(498112K), 0.0080433 secs]
430.162: [Full GC (JvmtiEnv ForceGarbageCollection)  62416K->3022K(498112K), 0.0083680 secs]
433.371: [Full GC (JvmtiEnv ForceGarbageCollection)  66872K->3126K(498112K), 0.0079571 secs]
436.792: [Full GC (JvmtiEnv ForceGarbageCollection)  66976K->2813K(498112K), 0.0075267 secs]
440.041: [Full GC (JvmtiEnv ForceGarbageCollection)  66663K->2918K(498112K), 0.0080749 secs]
443.262: [Full GC (JvmtiEnv ForceGarbageCollection)  66768K->3022K(498112K), 0.0114623 secs]
446.630: [Full GC (JvmtiEnv ForceGarbageCollection)  66872K->3127K(498112K), 0.0091857 secs]
450.021: [Full GC (JvmtiEnv ForceGarbageCollection)  66977K->2814K(498112K), 0.0119215 secs]
453.360: [Full GC (JvmtiEnv ForceGarbageCollection)  66664K->2919K(498112K), 0.0094892 secs]
456.629: [Full GC (JvmtiEnv ForceGarbageCollection)  66769K->3024K(498112K), 0.0071130 secs]
459.902: [Full GC (JvmtiEnv ForceGarbageCollection)  66874K->3129K(498112K), 0.0079851 secs]
463.215: [Full GC (JvmtiEnv ForceGarbageCollection)  66979K->2814K(498112K), 0.0089545 secs]
466.521: [Full GC (JvmtiEnv ForceGarbageCollection)  66664K->2919K(498112K), 0.0087592 secs]
469.854: [Full GC (JvmtiEnv ForceGarbageCollection)  66769K->3024K(498112K), 0.0079262 secs]
473.214: [Full GC (JvmtiEnv ForceGarbageCollection)  66874K->3130K(498112K), 0.0065742 secs]
476.574: [Full GC (JvmtiEnv ForceGarbageCollection)  66980K->2814K(498112K), 0.0077807 secs]
479.911: [Full GC (JvmtiEnv ForceGarbageCollection)  66664K->2920K(498112K), 0.0072556 secs]
483.174: [Full GC (JvmtiEnv ForceGarbageCollection)  66770K->3026K(498112K), 0.0086360 secs]
486.393: [Full GC (JvmtiEnv ForceGarbageCollection)  66876K->3131K(498112K), 0.0083374 secs]
489.685: [Full GC (JvmtiEnv ForceGarbageCollection)  66982K->2814K(498112K), 0.0077335 secs]
493.033: [Full GC (JvmtiEnv ForceGarbageCollection)  66665K->2920K(498112K), 0.0081787 secs]
496.546: [Full GC (JvmtiEnv ForceGarbageCollection)  66770K->3027K(498112K), 0.0119879 secs]
499.969: [Full GC (JvmtiEnv ForceGarbageCollection)  66877K->3133K(498112K), 0.0079420 secs]
503.266: [Full GC (JvmtiEnv ForceGarbageCollection)  66984K->2815K(498112K), 0.0064508 secs]
506.595: [Full GC (JvmtiEnv ForceGarbageCollection)  66665K->2922K(498112K), 0.0081488 secs]
509.965: [Full GC (JvmtiEnv ForceGarbageCollection)  66772K->3028K(498112K), 0.0086415 secs]
513.317: [Full GC (JvmtiEnv ForceGarbageCollection)  66878K->3135K(498112K), 0.0096565 secs]
516.609: [Full GC (JvmtiEnv ForceGarbageCollection)  66985K->2702K(498112K), 0.0121855 secs]
520.057: [Full GC (JvmtiEnv ForceGarbageCollection)  66552K->2809K(498112K), 0.0102626 secs]
523.414: [Full GC (JvmtiEnv ForceGarbageCollection)  66659K->2916K(498112K), 0.0063894 secs]
526.861: [Full GC (JvmtiEnv ForceGarbageCollection)  66766K->3023K(498112K), 0.0080312 secs]
530.217: [Full GC (JvmtiEnv ForceGarbageCollection)  66873K->2702K(498112K), 0.0074053 secs]
533.553: [Full GC (JvmtiEnv ForceGarbageCollection)  66552K->2810K(498112K), 0.0082266 secs]
536.933: [Full GC (JvmtiEnv ForceGarbageCollection)  66660K->2918K(498112K), 0.0072896 secs]
540.399: [Full GC (JvmtiEnv ForceGarbageCollection)  66768K->3026K(498112K), 0.0071960 secs]
543.863: [Full GC (JvmtiEnv ForceGarbageCollection)  66876K->2702K(498112K), 0.0075071 secs]
547.259: [Full GC (JvmtiEnv ForceGarbageCollection)  66552K->2811K(498112K), 0.0063138 secs]
550.722: [Full GC (JvmtiEnv ForceGarbageCollection)  66661K->2919K(498112K), 0.0076076 secs]
554.079: [Full GC (JvmtiEnv ForceGarbageCollection)  66769K->3028K(498112K), 0.0093080 secs]
557.570: [Full GC (JvmtiEnv ForceGarbageCollection)  66878K->2702K(498112K), 0.0080004 secs]
561.074: [Full GC (JvmtiEnv ForceGarbageCollection)  66552K->2811K(498112K), 0.0068652 secs]
564.538: [Full GC (JvmtiEnv ForceGarbageCollection)  66661K->2919K(498112K), 0.0068301 secs]
567.837: [Full GC (JvmtiEnv ForceGarbageCollection)  66769K->3028K(498112K), 0.0070600 secs]
571.234: [Full GC (JvmtiEnv ForceGarbageCollection)  66878K->2703K(498112K), 0.0078499 secs]
574.630: [Full GC (JvmtiEnv ForceGarbageCollection)  66553K->2811K(498112K), 0.0067042 secs]
578.024: [Full GC (JvmtiEnv ForceGarbageCollection)  70857K->2921K(498112K), 0.0082645 secs]
581.432: [Full GC (JvmtiEnv ForceGarbageCollection)  66771K->3030K(498112K), 0.0071492 secs]
584.886: [Full GC (JvmtiEnv ForceGarbageCollection)  66880K->2704K(498112K), 0.0089037 secs]
588.318: [Full GC (JvmtiEnv ForceGarbageCollection)  66554K->2812K(498112K), 0.0074032 secs]
591.848: [Full GC (JvmtiEnv ForceGarbageCollection)  66663K->2922K(498112K), 0.0095925 secs]
595.321: [Full GC (JvmtiEnv ForceGarbageCollection)  66772K->3031K(498112K), 0.0061834 secs]
598.783: [Full GC (JvmtiEnv ForceGarbageCollection)  66881K->2704K(498112K), 0.0083538 secs]
602.187: [Full GC (JvmtiEnv ForceGarbageCollection)  66554K->2813K(498112K), 0.0072564 secs]
605.590: [Full GC (JvmtiEnv ForceGarbageCollection)  66663K->2922K(498112K), 0.0112886 secs]
608.969: [Full GC (JvmtiEnv ForceGarbageCollection)  66772K->3032K(498112K), 0.0097497 secs]
612.354: [Full GC (JvmtiEnv ForceGarbageCollection)  66882K->2705K(498112K), 0.0072873 secs]
615.847: [Full GC (JvmtiEnv ForceGarbageCollection)  66555K->2814K(498112K), 0.0084646 secs]
619.367: [Full GC (JvmtiEnv ForceGarbageCollection)  66664K->2924K(498112K), 0.0060757 secs]
622.801: [Full GC (JvmtiEnv ForceGarbageCollection)  66774K->3034K(498112K), 0.0079545 secs]
626.268: [Full GC (JvmtiEnv ForceGarbageCollection)  66884K->2705K(498112K), 0.0076525 secs]
629.614: [Full GC (JvmtiEnv ForceGarbageCollection)  66555K->2816K(498112K), 0.0076555 secs]
633.023: [Full GC (JvmtiEnv ForceGarbageCollection)  66666K->2926K(498112K), 0.0073457 secs]
636.545: [Full GC (JvmtiEnv ForceGarbageCollection)  66776K->3037K(498112K), 0.0073469 secs]
640.018: [Full GC (JvmtiEnv ForceGarbageCollection)  66887K->2705K(498112K), 0.0074083 secs]
643.615: [Full GC (JvmtiEnv ForceGarbageCollection)  66555K->2816K(498112K), 0.0088848 secs]
647.151: [Full GC (JvmtiEnv ForceGarbageCollection)  66666K->2927K(498112K), 0.0065200 secs]
650.678: [Full GC (JvmtiEnv ForceGarbageCollection)  66778K->3039K(498112K), 0.0072179 secs]
654.227: [Full GC (JvmtiEnv ForceGarbageCollection)  66889K->2706K(498112K), 0.0078523 secs]
657.660: [Full GC (JvmtiEnv ForceGarbageCollection)  66556K->2817K(498112K), 0.0071431 secs]
661.117: [Full GC (JvmtiEnv ForceGarbageCollection)  66667K->2929K(498112K), 0.0090379 secs]
664.653: [Full GC (JvmtiEnv ForceGarbageCollection)  66779K->3040K(498112K), 0.0066331 secs]
668.249: [Full GC (JvmtiEnv ForceGarbageCollection)  66890K->2707K(498112K), 0.0111778 secs]
671.795: [Full GC (JvmtiEnv ForceGarbageCollection)  66557K->2818K(498112K), 0.0113600 secs]
675.357: [Full GC (JvmtiEnv ForceGarbageCollection)  66668K->2930K(498112K), 0.0073391 secs]
678.804: [Full GC (JvmtiEnv ForceGarbageCollection)  66780K->3042K(498112K), 0.0092374 secs]
