OpenJDK 64-Bit Server VM (25.222-b10) for linux-amd64 JRE (1.8.0_222-8u222-b10-1ubuntu1~18.04.1-b10), built on Jul 18 2019 18:52:48 by "buildd" with gcc 7.4.0
Memory: 4k page, physical 16424660k(15509948k free), swap 0k(0k free)
CommandLine flags: -XX:CompressedClassSpaceSize=45297664 -XX:InitialHeapSize=536870912 -XX:MaxHeapSize=536870912 -XX:MaxMetaspaceSize=53686272 -XX:NewRatio=1 -XX:+PrintGC -XX:+PrintGCTimeStamps -XX:+RequireSharedSpaces -XX:ReservedCodeCacheSize=26843136 -XX:-TieredCompilation -XX:+UseCompressedClassPointers -XX:+UseCompressedOops -XX:+UseSerialGC -XX:+UseSharedSpaces 
4.682: [Full GC (JvmtiEnv ForceGarbageCollection)  77777K->2882K(498112K), 0.0139444 secs]
7.613: [Full GC (JvmtiEnv ForceGarbageCollection)  70615K->2973K(498112K), 0.0080363 secs]
10.482: [Full GC (JvmtiEnv ForceGarbageCollection)  62314K->3062K(498112K), 0.0069668 secs]
13.373: [Full GC (JvmtiEnv ForceGarbageCollection)  62404K->2766K(498112K), 0.0073630 secs]
16.275: [Full GC (JvmtiEnv ForceGarbageCollection)  57911K->2856K(498112K), 0.0059967 secs]
19.329: [Full GC (JvmtiEnv ForceGarbageCollection)  58002K->2947K(498112K), 0.0114455 secs]
22.360: [Full GC (JvmtiEnv ForceGarbageCollection)  58093K->3040K(498112K), 0.0073590 secs]
25.253: [Full GC (JvmtiEnv ForceGarbageCollection)  58186K->2769K(498112K), 0.0071671 secs]
28.145: [Full GC (JvmtiEnv ForceGarbageCollection)  57915K->2860K(498112K), 0.0074685 secs]
31.077: [Full GC (JvmtiEnv ForceGarbageCollection)  58005K->2950K(498112K), 0.0068574 secs]
34.054: [Full GC (JvmtiEnv ForceGarbageCollection)  58096K->3041K(498112K), 0.0060879 secs]
37.129: [Full GC (JvmtiEnv ForceGarbageCollection)  58187K->2770K(498112K), 0.0087843 secs]
40.124: [Full GC (JvmtiEnv ForceGarbageCollection)  57916K->2861K(498112K), 0.0070285 secs]
43.137: [Full GC (JvmtiEnv ForceGarbageCollection)  58007K->2952K(498112K), 0.0064820 secs]
46.112: [Full GC (JvmtiEnv ForceGarbageCollection)  58098K->3043K(498112K), 0.0062422 secs]
49.131: [Full GC (JvmtiEnv ForceGarbageCollection)  58189K->2771K(498112K), 0.0078599 secs]
52.228: [Full GC (JvmtiEnv ForceGarbageCollection)  57917K->2863K(498112K), 0.0071428 secs]
55.107: [Full GC (JvmtiEnv ForceGarbageCollection)  58009K->2955K(498112K), 0.0073156 secs]
58.015: [Full GC (JvmtiEnv ForceGarbageCollection)  58101K->3047K(498112K), 0.0061599 secs]
60.958: [Full GC (JvmtiEnv ForceGarbageCollection)  58185K->2774K(498112K), 0.0068484 secs]
63.995: [Full GC (JvmtiEnv ForceGarbageCollection)  57920K->2868K(498112K), 0.0094822 secs]
67.100: [Full GC (JvmtiEnv ForceGarbageCollection)  58013K->2962K(498112K), 0.0101212 secs]
70.006: [Full GC (JvmtiEnv ForceGarbageCollection)  58108K->3055K(498112K), 0.0062267 secs]
72.985: [Full GC (JvmtiEnv ForceGarbageCollection)  58201K->2778K(498112K), 0.0079191 secs]
75.963: [Full GC (JvmtiEnv ForceGarbageCollection)  57924K->2871K(498112K), 0.0066387 secs]
78.955: [Full GC (JvmtiEnv ForceGarbageCollection)  58016K->2965K(498112K), 0.0073859 secs]
82.037: [Full GC (JvmtiEnv ForceGarbageCollection)  58111K->3058K(498112K), 0.0074910 secs]
85.165: [Full GC (JvmtiEnv ForceGarbageCollection)  58204K->2780K(498112K), 0.0085915 secs]
88.162: [Full GC (JvmtiEnv ForceGarbageCollection)  57926K->2873K(498112K), 0.0064476 secs]
91.214: [Full GC (JvmtiEnv ForceGarbageCollection)  58019K->2966K(498112K), 0.0089286 secs]
94.271: [Full GC (JvmtiEnv ForceGarbageCollection)  58112K->3060K(498112K), 0.0064313 secs]
97.313: [Full GC (JvmtiEnv ForceGarbageCollection)  58206K->2781K(498112K), 0.0067379 secs]
100.342: [Full GC (JvmtiEnv ForceGarbageCollection)  57927K->2875K(498112K), 0.0063952 secs]
103.511: [Full GC (JvmtiEnv ForceGarbageCollection)  58020K->2969K(498112K), 0.0082546 secs]
106.663: [Full GC (JvmtiEnv ForceGarbageCollection)  58115K->3063K(498112K), 0.0075373 secs]
109.694: [Full GC (JvmtiEnv ForceGarbageCollection)  58209K->2783K(498112K), 0.0067864 secs]
112.839: [Full GC (JvmtiEnv ForceGarbageCollection)  57929K->2877K(498112K), 0.0074051 secs]
115.787: [Full GC (JvmtiEnv ForceGarbageCollection)  58023K->2972K(498112K), 0.0068260 secs]
118.673: [Full GC (JvmtiEnv ForceGarbageCollection)  66510K->3070K(498112K), 0.0078106 secs]
121.545: [Full GC (JvmtiEnv ForceGarbageCollection)  58215K->2788K(498112K), 0.0067427 secs]
124.454: [Full GC (JvmtiEnv ForceGarbageCollection)  57933K->2881K(498112K), 0.0069795 secs]
127.420: [Full GC (JvmtiEnv ForceGarbageCollection)  58027K->2976K(498112K), 0.0082522 secs]
130.327: [Full GC (JvmtiEnv ForceGarbageCollection)  58122K->3070K(498112K), 0.0066299 secs]
133.282: [Full GC (JvmtiEnv ForceGarbageCollection)  58216K->2788K(498112K), 0.0067580 secs]
136.167: [Full GC (JvmtiEnv ForceGarbageCollection)  57934K->2883K(498112K), 0.0085817 secs]
139.098: [Full GC (JvmtiEnv ForceGarbageCollection)  58028K->2977K(498112K), 0.0081762 secs]
142.016: [Full GC (JvmtiEnv ForceGarbageCollection)  58123K->3071K(498112K), 0.0074275 secs]
144.915: [Full GC (JvmtiEnv ForceGarbageCollection)  58217K->2789K(498112K), 0.0081142 secs]
148.026: [Full GC (JvmtiEnv ForceGarbageCollection)  57935K->2884K(498112K), 0.0070890 secs]
151.002: [Full GC (JvmtiEnv ForceGarbageCollection)  58030K->2979K(498112K), 0.0081410 secs]
153.995: [Full GC (JvmtiEnv ForceGarbageCollection)  58125K->3074K(498112K), 0.0058700 secs]
156.975: [Full GC (JvmtiEnv ForceGarbageCollection)  58220K->2790K(498112K), 0.0058007 secs]
159.931: [Full GC (JvmtiEnv ForceGarbageCollection)  57935K->2885K(498112K), 0.0074336 secs]
162.863: [Full GC (JvmtiEnv ForceGarbageCollection)  58031K->2981K(498112K), 0.0074414 secs]
165.822: [Full GC (JvmtiEnv ForceGarbageCollection)  58127K->3076K(498112K), 0.0121885 secs]
168.815: [Full GC (JvmtiEnv ForceGarbageCollection)  58222K->2791K(498112K), 0.0073873 secs]
172.040: [Full GC (JvmtiEnv ForceGarbageCollection)  57936K->2886K(498112K), 0.0073161 secs]
175.110: [Full GC (JvmtiEnv ForceGarbageCollection)  58032K->2982K(498112K), 0.0058717 secs]
178.176: [Full GC (JvmtiEnv ForceGarbageCollection)  58128K->3078K(498112K), 0.0076570 secs]
181.145: [Full GC (JvmtiEnv ForceGarbageCollection)  58224K->2791K(498112K), 0.0105967 secs]
184.110: [Full GC (JvmtiEnv ForceGarbageCollection)  57937K->2887K(498112K), 0.0071753 secs]
187.067: [Full GC (JvmtiEnv ForceGarbageCollection)  58033K->2984K(498112K), 0.0082861 secs]
190.016: [Full GC (JvmtiEnv ForceGarbageCollection)  62481K->3080K(498112K), 0.0075192 secs]
193.127: [Full GC (JvmtiEnv ForceGarbageCollection)  62578K->2792K(498112K), 0.0091284 secs]
196.195: [Full GC (JvmtiEnv ForceGarbageCollection)  62290K->2889K(498112K), 0.0091295 secs]
199.248: [Full GC (JvmtiEnv ForceGarbageCollection)  62387K->2985K(498112K), 0.0076112 secs]
202.311: [Full GC (JvmtiEnv ForceGarbageCollection)  62484K->3082K(498112K), 0.0083734 secs]
205.315: [Full GC (JvmtiEnv ForceGarbageCollection)  62580K->2792K(498112K), 0.0074826 secs]
208.379: [Full GC (JvmtiEnv ForceGarbageCollection)  62290K->2889K(498112K), 0.0070944 secs]
211.387: [Full GC (JvmtiEnv ForceGarbageCollection)  62387K->2987K(498112K), 0.0070337 secs]
214.433: [Full GC (JvmtiEnv ForceGarbageCollection)  62485K->3085K(498112K), 0.0086833 secs]
217.549: [Full GC (JvmtiEnv ForceGarbageCollection)  62583K->2793K(498112K), 0.0079587 secs]
220.625: [Full GC (JvmtiEnv ForceGarbageCollection)  62291K->2890K(498112K), 0.0113596 secs]
223.681: [Full GC (JvmtiEnv ForceGarbageCollection)  62388K->2989K(498112K), 0.0093616 secs]
226.778: [Full GC (JvmtiEnv ForceGarbageCollection)  62487K->3087K(498112K), 0.0087956 secs]
229.793: [Full GC (JvmtiEnv ForceGarbageCollection)  62585K->2794K(498112K), 0.0074686 secs]
233.034: [Full GC (JvmtiEnv ForceGarbageCollection)  62292K->2892K(498112K), 0.0077248 secs]
236.047: [Full GC (JvmtiEnv ForceGarbageCollection)  62390K->2991K(498112K), 0.0077790 secs]
239.172: [Full GC (JvmtiEnv ForceGarbageCollection)  62489K->3089K(498112K), 0.0094606 secs]
242.239: [Full GC (JvmtiEnv ForceGarbageCollection)  62587K->2795K(498112K), 0.0099844 secs]
245.417: [Full GC (JvmtiEnv ForceGarbageCollection)  62293K->2894K(498112K), 0.0082247 secs]
248.444: [Full GC (JvmtiEnv ForceGarbageCollection)  62392K->2993K(498112K), 0.0112742 secs]
251.525: [Full GC (JvmtiEnv ForceGarbageCollection)  62491K->3091K(498112K), 0.0134959 secs]
254.608: [Full GC (JvmtiEnv ForceGarbageCollection)  62589K->2796K(498112K), 0.0078925 secs]
257.681: [Full GC (JvmtiEnv ForceGarbageCollection)  62294K->2896K(498112K), 0.0098418 secs]
260.858: [Full GC (JvmtiEnv ForceGarbageCollection)  62394K->2995K(498112K), 0.0070183 secs]
264.023: [Full GC (JvmtiEnv ForceGarbageCollection)  62493K->3094K(498112K), 0.0084290 secs]
267.137: [Full GC (JvmtiEnv ForceGarbageCollection)  62592K->2797K(498112K), 0.0058482 secs]
270.183: [Full GC (JvmtiEnv ForceGarbageCollection)  62295K->2902K(498112K), 0.0086129 secs]
273.263: [Full GC (JvmtiEnv ForceGarbageCollection)  62400K->3002K(498112K), 0.0072053 secs]
276.411: [Full GC (JvmtiEnv ForceGarbageCollection)  62500K->3102K(498112K), 0.0077168 secs]
279.512: [Full GC (JvmtiEnv ForceGarbageCollection)  66795K->2804K(498112K), 0.0076291 secs]
282.667: [Full GC (JvmtiEnv ForceGarbageCollection)  62302K->2904K(498112K), 0.0061627 secs]
285.887: [Full GC (JvmtiEnv ForceGarbageCollection)  62394K->3006K(498112K), 0.0073833 secs]
289.036: [Full GC (JvmtiEnv ForceGarbageCollection)  62488K->3107K(498112K), 0.0065711 secs]
292.240: [Full GC (JvmtiEnv ForceGarbageCollection)  62588K->2808K(498112K), 0.0119950 secs]
295.521: [Full GC (JvmtiEnv ForceGarbageCollection)  62289K->2908K(498112K), 0.0073655 secs]
298.740: [Full GC (JvmtiEnv ForceGarbageCollection)  62390K->3009K(498112K), 0.0080858 secs]
301.988: [Full GC (JvmtiEnv ForceGarbageCollection)  62491K->3110K(498112K), 0.0060226 secs]
305.168: [Full GC (JvmtiEnv ForceGarbageCollection)  62591K->2808K(498112K), 0.0088481 secs]
308.395: [Full GC (JvmtiEnv ForceGarbageCollection)  62289K->2910K(498112K), 0.0081448 secs]
311.535: [Full GC (JvmtiEnv ForceGarbageCollection)  62391K->3011K(498112K), 0.0081291 secs]
314.871: [Full GC (JvmtiEnv ForceGarbageCollection)  62492K->3113K(498112K), 0.0076780 secs]
318.023: [Full GC (JvmtiEnv ForceGarbageCollection)  62594K->2809K(498112K), 0.0086629 secs]
321.216: [Full GC (JvmtiEnv ForceGarbageCollection)  62307K->2911K(498112K), 0.0083342 secs]
324.383: [Full GC (JvmtiEnv ForceGarbageCollection)  62392K->3013K(498112K), 0.0080809 secs]
327.581: [Full GC (JvmtiEnv ForceGarbageCollection)  62494K->3115K(498112K), 0.0081126 secs]
330.716: [Full GC (JvmtiEnv ForceGarbageCollection)  62596K->2810K(498112K), 0.0077703 secs]
333.973: [Full GC (JvmtiEnv ForceGarbageCollection)  62292K->2912K(498112K), 0.0079762 secs]
337.302: [Full GC (JvmtiEnv ForceGarbageCollection)  62394K->3014K(498112K), 0.0071390 secs]
340.556: [Full GC (JvmtiEnv ForceGarbageCollection)  62496K->3117K(498112K), 0.0109567 secs]
343.792: [Full GC (JvmtiEnv ForceGarbageCollection)  62598K->2812K(498112K), 0.0087803 secs]
346.974: [Full GC (JvmtiEnv ForceGarbageCollection)  62310K->2915K(498112K), 0.0085382 secs]
350.193: [Full GC (JvmtiEnv ForceGarbageCollection)  62413K->3018K(498112K), 0.0074574 secs]
353.504: [Full GC (JvmtiEnv ForceGarbageCollection)  62516K->3120K(498112K), 0.0084166 secs]
356.877: [Full GC (JvmtiEnv ForceGarbageCollection)  62618K->2812K(498112K), 0.0101587 secs]
360.102: [Full GC (JvmtiEnv ForceGarbageCollection)  62310K->2915K(498112K), 0.0088165 secs]
363.320: [Full GC (JvmtiEnv ForceGarbageCollection)  62413K->3018K(498112K), 0.0076733 secs]
366.512: [Full GC (JvmtiEnv ForceGarbageCollection)  62516K->3122K(498112K), 0.0083431 secs]
369.661: [Full GC (JvmtiEnv ForceGarbageCollection)  62620K->2812K(498112K), 0.0084758 secs]
372.864: [Full GC (JvmtiEnv ForceGarbageCollection)  62310K->2916K(498112K), 0.0079531 secs]
376.130: [Full GC (JvmtiEnv ForceGarbageCollection)  62414K->3019K(498112K), 0.0077689 secs]
379.261: [Full GC (JvmtiEnv ForceGarbageCollection)  62517K->3123K(498112K), 0.0090208 secs]
382.639: [Full GC (JvmtiEnv ForceGarbageCollection)  62621K->2812K(498112K), 0.0084469 secs]
385.869: [Full GC (JvmtiEnv ForceGarbageCollection)  62310K->2916K(498112K), 0.0063552 secs]
389.096: [Full GC (JvmtiEnv ForceGarbageCollection)  62414K->3020K(498112K), 0.0068079 secs]
392.423: [Full GC (JvmtiEnv ForceGarbageCollection)  62518K->3124K(498112K), 0.0099530 secs]
395.792: [Full GC (JvmtiEnv ForceGarbageCollection)  66974K->2813K(498112K), 0.0084229 secs]
399.060: [Full GC (JvmtiEnv ForceGarbageCollection)  66663K->2918K(498112K), 0.0088950 secs]
402.324: [Full GC (JvmtiEnv ForceGarbageCollection)  66768K->3022K(498112K), 0.0084863 secs]
405.668: [Full GC (JvmtiEnv ForceGarbageCollection)  66872K->3127K(498112K), 0.0075939 secs]
408.961: [Full GC (JvmtiEnv ForceGarbageCollection)  66977K->2813K(498112K), 0.0066709 secs]
412.404: [Full GC (JvmtiEnv ForceGarbageCollection)  66663K->2918K(498112K), 0.0082880 secs]
415.713: [Full GC (JvmtiEnv ForceGarbageCollection)  66768K->3024K(498112K), 0.0068860 secs]
419.095: [Full GC (JvmtiEnv ForceGarbageCollection)  66874K->3129K(498112K), 0.0069782 secs]
422.370: [Full GC (JvmtiEnv ForceGarbageCollection)  66979K->2814K(498112K), 0.0087190 secs]
425.666: [Full GC (JvmtiEnv ForceGarbageCollection)  66664K->2919K(498112K), 0.0101159 secs]
429.000: [Full GC (JvmtiEnv ForceGarbageCollection)  66769K->3025K(498112K), 0.0084101 secs]
432.280: [Full GC (JvmtiEnv ForceGarbageCollection)  66875K->3131K(498112K), 0.0089866 secs]
435.540: [Full GC (JvmtiEnv ForceGarbageCollection)  66981K->2814K(498112K), 0.0083012 secs]
438.884: [Full GC (JvmtiEnv ForceGarbageCollection)  66664K->2920K(498112K), 0.0072856 secs]
442.315: [Full GC (JvmtiEnv ForceGarbageCollection)  66770K->3026K(498112K), 0.0081904 secs]
445.637: [Full GC (JvmtiEnv ForceGarbageCollection)  66876K->3131K(498112K), 0.0077553 secs]
448.943: [Full GC (JvmtiEnv ForceGarbageCollection)  66982K->2814K(498112K), 0.0101157 secs]
452.222: [Full GC (JvmtiEnv ForceGarbageCollection)  66665K->2920K(498112K), 0.0103858 secs]
455.543: [Full GC (JvmtiEnv ForceGarbageCollection)  66770K->3026K(498112K), 0.0086695 secs]
458.823: [Full GC (JvmtiEnv ForceGarbageCollection)  66876K->3132K(498112K), 0.0080370 secs]
462.148: [Full GC (JvmtiEnv ForceGarbageCollection)  66982K->2815K(498112K), 0.0086467 secs]
465.445: [Full GC (JvmtiEnv ForceGarbageCollection)  66665K->2922K(498112K), 0.0089695 secs]
468.749: [Full GC (JvmtiEnv ForceGarbageCollection)  66772K->3028K(498112K), 0.0085505 secs]
472.143: [Full GC (JvmtiEnv ForceGarbageCollection)  66878K->3135K(498112K), 0.0071575 secs]
475.472: [Full GC (JvmtiEnv ForceGarbageCollection)  66985K->2815K(498112K), 0.0070129 secs]
478.920: [Full GC (JvmtiEnv ForceGarbageCollection)  66665K->2922K(498112K), 0.0077495 secs]
482.285: [Full GC (JvmtiEnv ForceGarbageCollection)  66772K->3029K(498112K), 0.0101102 secs]
485.696: [Full GC (JvmtiEnv ForceGarbageCollection)  66880K->3137K(498112K), 0.0079286 secs]
488.935: [Full GC (JvmtiEnv ForceGarbageCollection)  66987K->2816K(498112K), 0.0085044 secs]
492.285: [Full GC (JvmtiEnv ForceGarbageCollection)  66666K->2923K(498112K), 0.0075339 secs]
495.650: [Full GC (JvmtiEnv ForceGarbageCollection)  66773K->3031K(498112K), 0.0107073 secs]
498.957: [Full GC (JvmtiEnv ForceGarbageCollection)  66881K->3139K(498112K), 0.0064993 secs]
502.364: [Full GC (JvmtiEnv ForceGarbageCollection)  66989K->2816K(498112K), 0.0064628 secs]
505.766: [Full GC (JvmtiEnv ForceGarbageCollection)  66666K->2924K(498112K), 0.0079287 secs]
509.141: [Full GC (JvmtiEnv ForceGarbageCollection)  66774K->3032K(498112K), 0.0079458 secs]
512.507: [Full GC (JvmtiEnv ForceGarbageCollection)  66882K->3141K(498112K), 0.0084510 secs]
515.925: [Full GC (JvmtiEnv ForceGarbageCollection)  66991K->2703K(498112K), 0.0112927 secs]
519.279: [Full GC (JvmtiEnv ForceGarbageCollection)  66553K->2811K(498112K), 0.0075509 secs]
522.679: [Full GC (JvmtiEnv ForceGarbageCollection)  66661K->2919K(498112K), 0.0071885 secs]
526.100: [Full GC (JvmtiEnv ForceGarbageCollection)  66769K->3028K(498112K), 0.0081603 secs]
529.491: [Full GC (JvmtiEnv ForceGarbageCollection)  66878K->2703K(498112K), 0.0077497 secs]
532.986: [Full GC (JvmtiEnv ForceGarbageCollection)  66553K->2811K(498112K), 0.0061466 secs]
536.400: [Full GC (JvmtiEnv ForceGarbageCollection)  66661K->2920K(498112K), 0.0064272 secs]
539.887: [Full GC (JvmtiEnv ForceGarbageCollection)  66770K->3029K(498112K), 0.0104078 secs]
543.247: [Full GC (JvmtiEnv ForceGarbageCollection)  66879K->2704K(498112K), 0.0084349 secs]
546.656: [Full GC (JvmtiEnv ForceGarbageCollection)  66554K->2813K(498112K), 0.0071211 secs]
550.082: [Full GC (JvmtiEnv ForceGarbageCollection)  66663K->2922K(498112K), 0.0095622 secs]
553.565: [Full GC (JvmtiEnv ForceGarbageCollection)  66772K->3031K(498112K), 0.0108970 secs]
557.032: [Full GC (JvmtiEnv ForceGarbageCollection)  66881K->2704K(498112K), 0.0061102 secs]
560.476: [Full GC (JvmtiEnv ForceGarbageCollection)  66554K->2814K(498112K), 0.0084201 secs]
563.948: [Full GC (JvmtiEnv ForceGarbageCollection)  66664K->2924K(498112K), 0.0073278 secs]
567.379: [Full GC (JvmtiEnv ForceGarbageCollection)  66774K->3034K(498112K), 0.0084490 secs]
570.841: [Full GC (JvmtiEnv ForceGarbageCollection)  66884K->2704K(498112K), 0.0071910 secs]
574.351: [Full GC (JvmtiEnv ForceGarbageCollection)  66554K->2815K(498112K), 0.0075634 secs]
577.899: [Full GC (JvmtiEnv ForceGarbageCollection)  66665K->2925K(498112K), 0.0079634 secs]
581.361: [Full GC (JvmtiEnv ForceGarbageCollection)  70970K->3036K(498112K), 0.0072655 secs]
584.923: [Full GC (JvmtiEnv ForceGarbageCollection)  66886K->2705K(498112K), 0.0076010 secs]
588.345: [Full GC (JvmtiEnv ForceGarbageCollection)  66555K->2816K(498112K), 0.0073849 secs]
591.863: [Full GC (JvmtiEnv ForceGarbageCollection)  66666K->2927K(498112K), 0.0077938 secs]
595.453: [Full GC (JvmtiEnv ForceGarbageCollection)  66777K->3038K(498112K), 0.0075988 secs]
599.053: [Full GC (JvmtiEnv ForceGarbageCollection)  66888K->2706K(498112K), 0.0103956 secs]
602.599: [Full GC (JvmtiEnv ForceGarbageCollection)  66556K->2817K(498112K), 0.0071581 secs]
606.117: [Full GC (JvmtiEnv ForceGarbageCollection)  66667K->2928K(498112K), 0.0107886 secs]
609.675: [Full GC (JvmtiEnv ForceGarbageCollection)  66778K->3040K(498112K), 0.0065994 secs]
613.179: [Full GC (JvmtiEnv ForceGarbageCollection)  66890K->2707K(498112K), 0.0082324 secs]
616.725: [Full GC (JvmtiEnv ForceGarbageCollection)  66557K->2818K(498112K), 0.0108475 secs]
620.176: [Full GC (JvmtiEnv ForceGarbageCollection)  66668K->2930K(498112K), 0.0080107 secs]
623.620: [Full GC (JvmtiEnv ForceGarbageCollection)  66780K->3042K(498112K), 0.0069041 secs]
627.183: [Full GC (JvmtiEnv ForceGarbageCollection)  71104K->2707K(498112K), 0.0074142 secs]
630.743: [Full GC (JvmtiEnv ForceGarbageCollection)  70770K->2820K(498112K), 0.0072464 secs]
634.253: [Full GC (JvmtiEnv ForceGarbageCollection)  70882K->2932K(498112K), 0.0079956 secs]
637.787: [Full GC (JvmtiEnv ForceGarbageCollection)  70994K->3044K(498112K), 0.0074459 secs]
641.318: [Full GC (JvmtiEnv ForceGarbageCollection)  71107K->2707K(498112K), 0.0071163 secs]
644.849: [Full GC (JvmtiEnv ForceGarbageCollection)  70769K->2820K(498112K), 0.0085887 secs]
648.378: [Full GC (JvmtiEnv ForceGarbageCollection)  70883K->2933K(498112K), 0.0063268 secs]
652.002: [Full GC (JvmtiEnv ForceGarbageCollection)  70996K->3046K(498112K), 0.0071496 secs]
655.558: [Full GC (JvmtiEnv ForceGarbageCollection)  71109K->2708K(498112K), 0.0069232 secs]
659.187: [Full GC (JvmtiEnv ForceGarbageCollection)  70770K->2821K(498112K), 0.0099761 secs]
662.759: [Full GC (JvmtiEnv ForceGarbageCollection)  70883K->2935K(498112K), 0.0082973 secs]
666.384: [Full GC (JvmtiEnv ForceGarbageCollection)  70997K->3048K(498112K), 0.0071328 secs]
669.936: [Full GC (JvmtiEnv ForceGarbageCollection)  71111K->2709K(498112K), 0.0084403 secs]
673.528: [Full GC (JvmtiEnv ForceGarbageCollection)  70771K->2822K(498112K), 0.0069356 secs]
677.153: [Full GC (JvmtiEnv ForceGarbageCollection)  70885K->2936K(498112K), 0.0122872 secs]
