OpenJDK 64-Bit Server VM (25.222-b10) for linux-amd64 JRE (1.8.0_222-8u222-b10-1ubuntu1~18.04.1-b10), built on Jul 18 2019 18:52:48 by "buildd" with gcc 7.4.0
Memory: 4k page, physical 16424660k(15505812k free), swap 0k(0k free)
CommandLine flags: -XX:CompressedClassSpaceSize=45297664 -XX:InitialHeapSize=536870912 -XX:MaxHeapSize=536870912 -XX:MaxMetaspaceSize=53686272 -XX:+PrintGC -XX:+PrintGCTimeStamps -XX:+RequireSharedSpaces -XX:ReservedCodeCacheSize=26843136 -XX:-TieredCompilation -XX:+UseCompressedClassPointers -XX:+UseCompressedOops -XX:+UseSerialGC -XX:+UseSharedSpaces 
9.218: [GC (Allocation Failure)  139776K->2934K(506816K), 0.0095470 secs]
17.925: [GC (Allocation Failure)  142710K->2725K(506816K), 0.0095802 secs]
26.870: [GC (Allocation Failure)  142501K->2885K(506816K), 0.0079051 secs]
35.509: [GC (Allocation Failure)  142661K->2869K(506816K), 0.0081553 secs]
44.071: [GC (Allocation Failure)  142645K->2886K(506816K), 0.0059870 secs]
52.671: [GC (Allocation Failure)  142662K->2740K(506816K), 0.0073408 secs]
61.386: [GC (Allocation Failure)  142391K->2744K(506816K), 0.0054834 secs]
70.028: [GC (Allocation Failure)  142520K->2744K(506816K), 0.0045675 secs]
78.654: [GC (Allocation Failure)  142520K->2892K(506816K), 0.0047726 secs]
87.494: [GC (Allocation Failure)  142668K->2747K(506816K), 0.0078767 secs]
96.175: [GC (Allocation Failure)  142504K->2895K(506816K), 0.0077579 secs]
104.544: [GC (Allocation Failure)  142671K->2877K(506816K), 0.0075281 secs]
113.385: [GC (Allocation Failure)  142653K->2896K(506816K), 0.0047454 secs]
122.143: [GC (Allocation Failure)  142672K->2729K(506816K), 0.0076276 secs]
130.638: [GC (Allocation Failure)  142505K->2726K(506816K), 0.0072554 secs]
139.470: [GC (Allocation Failure)  142434K->2731K(506816K), 0.0106855 secs]
148.216: [GC (Allocation Failure)  142507K->2877K(506816K), 0.0034084 secs]
157.014: [GC (Allocation Failure)  142653K->2732K(506816K), 0.0034801 secs]
165.708: [GC (Allocation Failure)  142480K->2877K(506816K), 0.0019034 secs]
174.367: [GC (Allocation Failure)  142653K->2860K(506816K), 0.0021058 secs]
183.107: [GC (Allocation Failure)  142636K->2878K(506816K), 0.0041138 secs]
191.827: [GC (Allocation Failure)  142654K->2730K(506816K), 0.0023391 secs]
200.649: [GC (Allocation Failure)  142506K->2725K(506816K), 0.0019374 secs]
209.428: [GC (Allocation Failure)  142501K->2741K(506816K), 0.0038874 secs]
218.223: [GC (Allocation Failure)  142517K->2878K(506816K), 0.0032131 secs]
226.889: [GC (Allocation Failure)  142654K->2732K(506816K), 0.0020443 secs]
235.965: [GC (Allocation Failure)  142508K->2888K(506816K), 0.0037309 secs]
244.762: [GC (Allocation Failure)  142664K->2742K(506816K), 0.0026149 secs]
253.476: [GC (Allocation Failure)  142433K->2743K(506816K), 0.0024901 secs]
262.245: [GC (Allocation Failure)  142519K->2720K(506816K), 0.0026274 secs]
270.954: [GC (Allocation Failure)  142496K->2889K(506816K), 0.0034126 secs]
279.814: [GC (Allocation Failure)  142665K->2743K(506816K), 0.0085745 secs]
288.752: [GC (Allocation Failure)  142519K->2891K(506816K), 0.0026384 secs]
297.889: [GC (Allocation Failure)  142667K->2744K(506816K), 0.0060394 secs]
306.895: [GC (Allocation Failure)  142450K->2890K(506816K), 0.0038431 secs]
315.841: [GC (Allocation Failure)  142666K->2890K(506816K), 0.0037918 secs]
324.859: [GC (Allocation Failure)  142666K->2751K(506816K), 0.0024251 secs]
333.771: [GC (Allocation Failure)  142527K->2889K(506816K), 0.0044819 secs]
342.629: [GC (Allocation Failure)  142665K->2744K(506816K), 0.0068132 secs]
351.178: [GC (Allocation Failure)  142520K->2890K(506816K), 0.0020342 secs]
359.815: [GC (Allocation Failure)  142666K->2745K(506816K), 0.0035754 secs]
368.565: [GC (Allocation Failure)  142464K->2890K(506816K), 0.0021289 secs]
377.317: [GC (Allocation Failure)  142666K->2890K(506816K), 0.0027440 secs]
385.929: [GC (Allocation Failure)  142666K->2743K(506816K), 0.0026000 secs]
394.683: [GC (Allocation Failure)  142381K->2890K(506816K), 0.0025800 secs]
403.455: [GC (Allocation Failure)  142666K->2890K(506816K), 0.0045930 secs]
412.099: [GC (Allocation Failure)  142666K->2744K(506816K), 0.0030642 secs]
420.883: [GC (Allocation Failure)  142520K->2890K(506816K), 0.0048026 secs]
429.663: [GC (Allocation Failure)  142666K->2745K(506816K), 0.0028905 secs]
438.433: [GC (Allocation Failure)  142471K->2890K(506816K), 0.0018635 secs]
447.123: [GC (Allocation Failure)  142666K->2890K(506816K), 0.0032892 secs]
455.754: [GC (Allocation Failure)  142666K->2743K(506816K), 0.0019418 secs]
464.322: [GC (Allocation Failure)  142382K->2890K(506816K), 0.0019766 secs]
473.220: [GC (Allocation Failure)  142666K->2890K(506816K), 0.0027737 secs]
482.003: [GC (Allocation Failure)  142666K->2744K(506816K), 0.0044028 secs]
490.719: [GC (Allocation Failure)  142520K->2890K(506816K), 0.0036189 secs]
499.474: [GC (Allocation Failure)  142666K->2745K(506816K), 0.0018978 secs]
508.275: [GC (Allocation Failure)  142471K->2890K(506816K), 0.0065904 secs]
516.891: [GC (Allocation Failure)  142666K->2890K(506816K), 0.0040470 secs]
525.563: [GC (Allocation Failure)  142666K->2743K(506816K), 0.0026371 secs]
534.395: [GC (Allocation Failure)  142382K->2890K(506816K), 0.0032456 secs]
543.068: [GC (Allocation Failure)  142666K->2890K(506816K), 0.0019889 secs]
551.774: [GC (Allocation Failure)  142666K->2744K(506816K), 0.0019723 secs]
560.548: [GC (Allocation Failure)  142520K->2890K(506816K), 0.0042910 secs]
569.222: [GC (Allocation Failure)  142666K->2745K(506816K), 0.0028785 secs]
577.969: [GC (Allocation Failure)  142471K->2890K(506816K), 0.0019787 secs]
586.551: [GC (Allocation Failure)  142666K->2890K(506816K), 0.0039293 secs]
595.307: [GC (Allocation Failure)  142666K->2743K(506816K), 0.0028784 secs]
604.154: [GC (Allocation Failure)  142382K->2890K(506816K), 0.0042490 secs]
612.646: [GC (Allocation Failure)  142666K->2890K(506816K), 0.0019961 secs]
621.334: [GC (Allocation Failure)  142666K->2744K(506816K), 0.0027903 secs]
630.065: [GC (Allocation Failure)  142520K->2890K(506816K), 0.0020902 secs]
638.830: [GC (Allocation Failure)  142666K->2745K(506816K), 0.0020220 secs]
647.536: [GC (Allocation Failure)  142471K->2890K(506816K), 0.0026526 secs]
655.975: [GC (Allocation Failure)  142666K->2890K(506816K), 0.0027488 secs]
664.719: [GC (Allocation Failure)  142666K->2743K(506816K), 0.0034469 secs]
673.342: [GC (Allocation Failure)  142382K->2890K(506816K), 0.0018774 secs]
682.055: [GC (Allocation Failure)  142666K->2890K(506816K), 0.0020655 secs]
690.811: [GC (Allocation Failure)  142666K->2744K(506816K), 0.0036411 secs]
699.568: [GC (Allocation Failure)  142520K->2890K(506816K), 0.0034667 secs]
708.295: [GC (Allocation Failure)  142666K->2745K(506816K), 0.0019875 secs]
717.040: [GC (Allocation Failure)  142471K->2890K(506816K), 0.0028154 secs]
725.864: [GC (Allocation Failure)  142666K->2890K(506816K), 0.0029475 secs]
