OpenJDK 64-Bit Server VM (25.222-b10) for linux-amd64 JRE (1.8.0_222-8u222-b10-1ubuntu1~18.04.1-b10), built on Jul 18 2019 18:52:48 by "buildd" with gcc 7.4.0
Memory: 4k page, physical 16424660k(15508296k free), swap 0k(0k free)
CommandLine flags: -XX:CompressedClassSpaceSize=45297664 -XX:InitialHeapSize=536870912 -XX:MaxHeapSize=536870912 -XX:MaxMetaspaceSize=53686272 -XX:+PrintGC -XX:+PrintGCTimeStamps -XX:+RequireSharedSpaces -XX:ReservedCodeCacheSize=26843136 -XX:-TieredCompilation -XX:+UseCompressedClassPointers -XX:+UseCompressedOops -XX:+UseSerialGC -XX:+UseSharedSpaces 
9.164: [GC (Allocation Failure)  139776K->2934K(506816K), 0.0097152 secs]
17.382: [GC (Allocation Failure)  142710K->2724K(506816K), 0.0070677 secs]
26.004: [GC (Allocation Failure)  142500K->2885K(506816K), 0.0075460 secs]
34.807: [GC (Allocation Failure)  142661K->2869K(506816K), 0.0060208 secs]
43.511: [GC (Allocation Failure)  142645K->2886K(506816K), 0.0049327 secs]
52.228: [GC (Allocation Failure)  142662K->2740K(506816K), 0.0084831 secs]
60.892: [GC (Allocation Failure)  142391K->2744K(506816K), 0.0051312 secs]
69.649: [GC (Allocation Failure)  142520K->2744K(506816K), 0.0081233 secs]
78.165: [GC (Allocation Failure)  142520K->2892K(506816K), 0.0053475 secs]
86.548: [GC (Allocation Failure)  142668K->2747K(506816K), 0.0055995 secs]
95.336: [GC (Allocation Failure)  142504K->2895K(506816K), 0.0064364 secs]
104.024: [GC (Allocation Failure)  142671K->2877K(506816K), 0.0049768 secs]
112.772: [GC (Allocation Failure)  142653K->2896K(506816K), 0.0074237 secs]
121.485: [GC (Allocation Failure)  142672K->2729K(506816K), 0.0056109 secs]
130.075: [GC (Allocation Failure)  142505K->2726K(506816K), 0.0049117 secs]
138.925: [GC (Allocation Failure)  142434K->2731K(506816K), 0.0094497 secs]
147.494: [GC (Allocation Failure)  142507K->2877K(506816K), 0.0036687 secs]
156.389: [GC (Allocation Failure)  142653K->2732K(506816K), 0.0043394 secs]
165.171: [GC (Allocation Failure)  142480K->2877K(506816K), 0.0029830 secs]
173.936: [GC (Allocation Failure)  142653K->2860K(506816K), 0.0047724 secs]
182.713: [GC (Allocation Failure)  142636K->2878K(506816K), 0.0025868 secs]
191.461: [GC (Allocation Failure)  142654K->2730K(506816K), 0.0033146 secs]
200.158: [GC (Allocation Failure)  142506K->2725K(506816K), 0.0020328 secs]
208.821: [GC (Allocation Failure)  142501K->2741K(506816K), 0.0060410 secs]
217.611: [GC (Allocation Failure)  142517K->2878K(506816K), 0.0023280 secs]
226.355: [GC (Allocation Failure)  142654K->2732K(506816K), 0.0020171 secs]
235.270: [GC (Allocation Failure)  142508K->2888K(506816K), 0.0042089 secs]
244.024: [GC (Allocation Failure)  142664K->2742K(506816K), 0.0031276 secs]
252.771: [GC (Allocation Failure)  142433K->2743K(506816K), 0.0020096 secs]
261.615: [GC (Allocation Failure)  142519K->2720K(506816K), 0.0018851 secs]
270.167: [GC (Allocation Failure)  142496K->2889K(506816K), 0.0016907 secs]
279.019: [GC (Allocation Failure)  142665K->2743K(506816K), 0.0041118 secs]
287.931: [GC (Allocation Failure)  142519K->2891K(506816K), 0.0020179 secs]
296.702: [GC (Allocation Failure)  142667K->2744K(506816K), 0.0020142 secs]
305.700: [GC (Allocation Failure)  142450K->2890K(506816K), 0.0039835 secs]
314.749: [GC (Allocation Failure)  142666K->2890K(506816K), 0.0024655 secs]
323.733: [GC (Allocation Failure)  142666K->2751K(506816K), 0.0029852 secs]
332.629: [GC (Allocation Failure)  142527K->2889K(506816K), 0.0027697 secs]
341.572: [GC (Allocation Failure)  142665K->2744K(506816K), 0.0019241 secs]
350.407: [GC (Allocation Failure)  142520K->2890K(506816K), 0.0025275 secs]
359.187: [GC (Allocation Failure)  142666K->2745K(506816K), 0.0019524 secs]
367.976: [GC (Allocation Failure)  142464K->2890K(506816K), 0.0046246 secs]
376.691: [GC (Allocation Failure)  142666K->2890K(506816K), 0.0020363 secs]
385.229: [GC (Allocation Failure)  142666K->2743K(506816K), 0.0036613 secs]
393.951: [GC (Allocation Failure)  142381K->2890K(506816K), 0.0051626 secs]
402.721: [GC (Allocation Failure)  142666K->2890K(506816K), 0.0023911 secs]
411.430: [GC (Allocation Failure)  142666K->2744K(506816K), 0.0035426 secs]
420.215: [GC (Allocation Failure)  142520K->2890K(506816K), 0.0026572 secs]
428.964: [GC (Allocation Failure)  142666K->2745K(506816K), 0.0019669 secs]
437.669: [GC (Allocation Failure)  142471K->2890K(506816K), 0.0055269 secs]
446.341: [GC (Allocation Failure)  142666K->2890K(506816K), 0.0029801 secs]
455.048: [GC (Allocation Failure)  142666K->2743K(506816K), 0.0026336 secs]
463.772: [GC (Allocation Failure)  142382K->2890K(506816K), 0.0041461 secs]
472.429: [GC (Allocation Failure)  142666K->2890K(506816K), 0.0034043 secs]
481.129: [GC (Allocation Failure)  142666K->2744K(506816K), 0.0020036 secs]
489.853: [GC (Allocation Failure)  142520K->2890K(506816K), 0.0022075 secs]
498.588: [GC (Allocation Failure)  142666K->2745K(506816K), 0.0022258 secs]
507.310: [GC (Allocation Failure)  142471K->2890K(506816K), 0.0029814 secs]
515.930: [GC (Allocation Failure)  142666K->2890K(506816K), 0.0019008 secs]
524.511: [GC (Allocation Failure)  142666K->2743K(506816K), 0.0025520 secs]
533.174: [GC (Allocation Failure)  142382K->2890K(506816K), 0.0032993 secs]
541.873: [GC (Allocation Failure)  142666K->2890K(506816K), 0.0017984 secs]
550.616: [GC (Allocation Failure)  142666K->2744K(506816K), 0.0020027 secs]
559.413: [GC (Allocation Failure)  142520K->2890K(506816K), 0.0033653 secs]
568.275: [GC (Allocation Failure)  142666K->2745K(506816K), 0.0016231 secs]
577.153: [GC (Allocation Failure)  142471K->2890K(506816K), 0.0028032 secs]
585.993: [GC (Allocation Failure)  142666K->2890K(506816K), 0.0030261 secs]
594.798: [GC (Allocation Failure)  142666K->2743K(506816K), 0.0027896 secs]
603.548: [GC (Allocation Failure)  142382K->2890K(506816K), 0.0030800 secs]
612.357: [GC (Allocation Failure)  142666K->2890K(506816K), 0.0058111 secs]
620.985: [GC (Allocation Failure)  142666K->2744K(506816K), 0.0022189 secs]
629.804: [GC (Allocation Failure)  142520K->2890K(506816K), 0.0029734 secs]
638.621: [GC (Allocation Failure)  142666K->2745K(506816K), 0.0035859 secs]
647.324: [GC (Allocation Failure)  142471K->2890K(506816K), 0.0026880 secs]
656.052: [GC (Allocation Failure)  142666K->2890K(506816K), 0.0043890 secs]
664.792: [GC (Allocation Failure)  142666K->2743K(506816K), 0.0037235 secs]
673.488: [GC (Allocation Failure)  142382K->2890K(506816K), 0.0020476 secs]
682.177: [GC (Allocation Failure)  142666K->2890K(506816K), 0.0019691 secs]
690.734: [GC (Allocation Failure)  142666K->2744K(506816K), 0.0024816 secs]
699.445: [GC (Allocation Failure)  142520K->2890K(506816K), 0.0030283 secs]
708.099: [GC (Allocation Failure)  142666K->2745K(506816K), 0.0019369 secs]
716.565: [GC (Allocation Failure)  142471K->2890K(506816K), 0.0020851 secs]
725.265: [GC (Allocation Failure)  142666K->2890K(506816K), 0.0027856 secs]
