OpenJDK 64-Bit Server VM (25.222-b10) for linux-amd64 JRE (1.8.0_222-8u222-b10-1ubuntu1~18.04.1-b10), built on Jul 18 2019 18:52:48 by "buildd" with gcc 7.4.0
Memory: 4k page, physical 16424660k(15505140k free), swap 0k(0k free)
CommandLine flags: -XX:CompressedClassSpaceSize=45297664 -XX:InitialHeapSize=536870912 -XX:MaxHeapSize=536870912 -XX:MaxMetaspaceSize=53686272 -XX:+PrintGC -XX:+PrintGCTimeStamps -XX:+RequireSharedSpaces -XX:ReservedCodeCacheSize=26843136 -XX:-TieredCompilation -XX:+UseCompressedClassPointers -XX:+UseCompressedOops -XX:+UseSerialGC -XX:+UseSharedSpaces 
9.389: [GC (Allocation Failure)  139776K->2934K(506816K), 0.0105980 secs]
17.966: [GC (Allocation Failure)  142710K->2725K(506816K), 0.0072665 secs]
26.809: [GC (Allocation Failure)  142501K->2885K(506816K), 0.0049103 secs]
35.543: [GC (Allocation Failure)  142661K->2869K(506816K), 0.0060004 secs]
44.189: [GC (Allocation Failure)  142645K->2886K(506816K), 0.0063919 secs]
53.031: [GC (Allocation Failure)  142662K->2740K(506816K), 0.0079530 secs]
61.811: [GC (Allocation Failure)  142391K->2744K(506816K), 0.0077166 secs]
70.655: [GC (Allocation Failure)  142520K->2744K(506816K), 0.0089476 secs]
79.304: [GC (Allocation Failure)  142520K->2892K(506816K), 0.0054836 secs]
88.186: [GC (Allocation Failure)  142668K->2747K(506816K), 0.0046937 secs]
96.913: [GC (Allocation Failure)  142504K->2895K(506816K), 0.0048112 secs]
105.561: [GC (Allocation Failure)  142671K->2877K(506816K), 0.0106125 secs]
114.508: [GC (Allocation Failure)  142653K->2896K(506816K), 0.0064600 secs]
123.231: [GC (Allocation Failure)  142672K->2729K(506816K), 0.0057000 secs]
132.057: [GC (Allocation Failure)  142505K->2726K(506816K), 0.0073109 secs]
140.895: [GC (Allocation Failure)  142434K->2731K(506816K), 0.0117040 secs]
149.959: [GC (Allocation Failure)  142507K->2877K(506816K), 0.0047635 secs]
158.963: [GC (Allocation Failure)  142653K->2732K(506816K), 0.0020774 secs]
167.705: [GC (Allocation Failure)  142480K->2877K(506816K), 0.0028580 secs]
176.416: [GC (Allocation Failure)  142653K->2860K(506816K), 0.0019147 secs]
185.267: [GC (Allocation Failure)  142636K->2878K(506816K), 0.0021285 secs]
194.157: [GC (Allocation Failure)  142654K->2730K(506816K), 0.0018074 secs]
203.158: [GC (Allocation Failure)  142506K->2725K(506816K), 0.0025582 secs]
212.163: [GC (Allocation Failure)  142501K->2741K(506816K), 0.0023879 secs]
221.076: [GC (Allocation Failure)  142517K->2878K(506816K), 0.0040701 secs]
229.783: [GC (Allocation Failure)  142654K->2732K(506816K), 0.0020305 secs]
238.667: [GC (Allocation Failure)  142508K->2888K(506816K), 0.0038745 secs]
247.880: [GC (Allocation Failure)  142664K->2742K(506816K), 0.0032124 secs]
256.982: [GC (Allocation Failure)  142433K->2743K(506816K), 0.0020257 secs]
266.078: [GC (Allocation Failure)  142519K->2720K(506816K), 0.0019875 secs]
275.267: [GC (Allocation Failure)  142496K->2889K(506816K), 0.0038310 secs]
284.263: [GC (Allocation Failure)  142665K->2743K(506816K), 0.0019860 secs]
293.124: [GC (Allocation Failure)  142519K->2891K(506816K), 0.0017387 secs]
301.727: [GC (Allocation Failure)  142667K->2744K(506816K), 0.0025446 secs]
310.449: [GC (Allocation Failure)  142450K->2890K(506816K), 0.0019047 secs]
319.186: [GC (Allocation Failure)  142666K->2890K(506816K), 0.0020520 secs]
328.079: [GC (Allocation Failure)  142666K->2751K(506816K), 0.0017390 secs]
336.913: [GC (Allocation Failure)  142527K->2889K(506816K), 0.0032648 secs]
345.799: [GC (Allocation Failure)  142665K->2744K(506816K), 0.0019582 secs]
354.821: [GC (Allocation Failure)  142520K->2890K(506816K), 0.0022361 secs]
363.812: [GC (Allocation Failure)  142666K->2745K(506816K), 0.0026449 secs]
372.772: [GC (Allocation Failure)  142464K->2890K(506816K), 0.0027366 secs]
381.800: [GC (Allocation Failure)  142666K->2890K(506816K), 0.0037203 secs]
390.911: [GC (Allocation Failure)  142666K->2743K(506816K), 0.0032223 secs]
399.972: [GC (Allocation Failure)  142381K->2890K(506816K), 0.0021526 secs]
409.052: [GC (Allocation Failure)  142666K->2890K(506816K), 0.0031685 secs]
418.097: [GC (Allocation Failure)  142666K->2744K(506816K), 0.0053953 secs]
427.053: [GC (Allocation Failure)  142520K->2890K(506816K), 0.0037484 secs]
435.959: [GC (Allocation Failure)  142666K->2745K(506816K), 0.0028330 secs]
444.961: [GC (Allocation Failure)  142471K->2890K(506816K), 0.0020667 secs]
454.194: [GC (Allocation Failure)  142666K->2890K(506816K), 0.0031142 secs]
463.248: [GC (Allocation Failure)  142666K->2743K(506816K), 0.0023020 secs]
472.264: [GC (Allocation Failure)  142382K->2890K(506816K), 0.0038379 secs]
481.352: [GC (Allocation Failure)  142666K->2890K(506816K), 0.0030966 secs]
490.376: [GC (Allocation Failure)  142666K->2744K(506816K), 0.0019727 secs]
499.264: [GC (Allocation Failure)  142520K->2890K(506816K), 0.0047282 secs]
508.395: [GC (Allocation Failure)  142666K->2745K(506816K), 0.0044913 secs]
517.500: [GC (Allocation Failure)  142471K->2890K(506816K), 0.0023881 secs]
526.581: [GC (Allocation Failure)  142666K->2890K(506816K), 0.0025081 secs]
535.375: [GC (Allocation Failure)  142666K->2743K(506816K), 0.0019898 secs]
544.321: [GC (Allocation Failure)  142382K->2890K(506816K), 0.0036646 secs]
553.364: [GC (Allocation Failure)  142666K->2890K(506816K), 0.0027816 secs]
562.214: [GC (Allocation Failure)  142666K->2744K(506816K), 0.0025096 secs]
571.332: [GC (Allocation Failure)  142520K->2890K(506816K), 0.0027301 secs]
580.569: [GC (Allocation Failure)  142666K->2745K(506816K), 0.0046940 secs]
589.562: [GC (Allocation Failure)  142471K->2890K(506816K), 0.0023402 secs]
598.724: [GC (Allocation Failure)  142666K->2890K(506816K), 0.0022044 secs]
607.703: [GC (Allocation Failure)  142666K->2743K(506816K), 0.0019131 secs]
616.847: [GC (Allocation Failure)  142382K->2890K(506816K), 0.0029822 secs]
625.775: [GC (Allocation Failure)  142666K->2890K(506816K), 0.0024378 secs]
634.952: [GC (Allocation Failure)  142666K->2744K(506816K), 0.0045093 secs]
644.088: [GC (Allocation Failure)  142520K->2890K(506816K), 0.0024106 secs]
653.164: [GC (Allocation Failure)  142666K->2745K(506816K), 0.0055662 secs]
662.223: [GC (Allocation Failure)  142471K->2890K(506816K), 0.0040312 secs]
671.315: [GC (Allocation Failure)  142666K->2890K(506816K), 0.0028107 secs]
680.172: [GC (Allocation Failure)  142666K->2743K(506816K), 0.0024433 secs]
688.940: [GC (Allocation Failure)  142382K->2890K(506816K), 0.0036863 secs]
698.136: [GC (Allocation Failure)  142666K->2890K(506816K), 0.0025826 secs]
707.173: [GC (Allocation Failure)  142666K->2744K(506816K), 0.0089874 secs]
716.164: [GC (Allocation Failure)  142520K->2890K(506816K), 0.0031733 secs]
725.240: [GC (Allocation Failure)  142666K->2745K(506816K), 0.0023976 secs]
734.355: [GC (Allocation Failure)  142471K->2890K(506816K), 0.0020212 secs]
743.552: [GC (Allocation Failure)  142666K->2890K(506816K), 0.0060742 secs]
