OpenJDK 64-Bit Server VM (25.222-b10) for linux-amd64 JRE (1.8.0_222-8u222-b10-1ubuntu1~18.04.1-b10), built on Jul 18 2019 18:52:48 by "buildd" with gcc 7.4.0
Memory: 4k page, physical 16424660k(15508308k free), swap 0k(0k free)
CommandLine flags: -XX:CompressedClassSpaceSize=45297664 -XX:InitialHeapSize=536870912 -XX:MaxHeapSize=536870912 -XX:MaxMetaspaceSize=53686272 -XX:+PrintGC -XX:+PrintGCTimeStamps -XX:+RequireSharedSpaces -XX:ReservedCodeCacheSize=26843136 -XX:-TieredCompilation -XX:+UseCompressedClassPointers -XX:+UseCompressedOops -XX:+UseSerialGC -XX:+UseSharedSpaces 
9.313: [GC (Allocation Failure)  139776K->2934K(506816K), 0.0115184 secs]
17.873: [GC (Allocation Failure)  142710K->2725K(506816K), 0.0098087 secs]
26.627: [GC (Allocation Failure)  142501K->2885K(506816K), 0.0070582 secs]
35.421: [GC (Allocation Failure)  142661K->2869K(506816K), 0.0067183 secs]
43.959: [GC (Allocation Failure)  142645K->2886K(506816K), 0.0056611 secs]
52.721: [GC (Allocation Failure)  142662K->2740K(506816K), 0.0071028 secs]
61.510: [GC (Allocation Failure)  142391K->2744K(506816K), 0.0050860 secs]
70.308: [GC (Allocation Failure)  142520K->2744K(506816K), 0.0049176 secs]
78.989: [GC (Allocation Failure)  142520K->2892K(506816K), 0.0061772 secs]
87.869: [GC (Allocation Failure)  142668K->2749K(506816K), 0.0107280 secs]
96.600: [GC (Allocation Failure)  142507K->2895K(506816K), 0.0052493 secs]
105.212: [GC (Allocation Failure)  142671K->2877K(506816K), 0.0058932 secs]
113.853: [GC (Allocation Failure)  142653K->2896K(506816K), 0.0043139 secs]
122.673: [GC (Allocation Failure)  142672K->2729K(506816K), 0.0053548 secs]
131.532: [GC (Allocation Failure)  142505K->2726K(506816K), 0.0095091 secs]
140.389: [GC (Allocation Failure)  142434K->2731K(506816K), 0.0099798 secs]
149.314: [GC (Allocation Failure)  142507K->2877K(506816K), 0.0021915 secs]
158.258: [GC (Allocation Failure)  142653K->2732K(506816K), 0.0025328 secs]
166.922: [GC (Allocation Failure)  142480K->2877K(506816K), 0.0021015 secs]
175.703: [GC (Allocation Failure)  142653K->2860K(506816K), 0.0047857 secs]
184.448: [GC (Allocation Failure)  142636K->2878K(506816K), 0.0022397 secs]
193.210: [GC (Allocation Failure)  142654K->2730K(506816K), 0.0028426 secs]
202.100: [GC (Allocation Failure)  142506K->2725K(506816K), 0.0036223 secs]
210.959: [GC (Allocation Failure)  142501K->2741K(506816K), 0.0020839 secs]
219.514: [GC (Allocation Failure)  142517K->2878K(506816K), 0.0035759 secs]
228.352: [GC (Allocation Failure)  142654K->2732K(506816K), 0.0021327 secs]
237.299: [GC (Allocation Failure)  142508K->2889K(506816K), 0.0022371 secs]
246.220: [GC (Allocation Failure)  142665K->2742K(506816K), 0.0095142 secs]
255.201: [GC (Allocation Failure)  142430K->2744K(506816K), 0.0031625 secs]
264.084: [GC (Allocation Failure)  142520K->2736K(506816K), 0.0128514 secs]
272.977: [GC (Allocation Failure)  142512K->2890K(506816K), 0.0021995 secs]
281.884: [GC (Allocation Failure)  142666K->2744K(506816K), 0.0021970 secs]
290.720: [GC (Allocation Failure)  142520K->2889K(506816K), 0.0034222 secs]
299.432: [GC (Allocation Failure)  142665K->2743K(506816K), 0.0020087 secs]
308.185: [GC (Allocation Failure)  142519K->2890K(506816K), 0.0030338 secs]
316.850: [GC (Allocation Failure)  142666K->2743K(506816K), 0.0036164 secs]
325.690: [GC (Allocation Failure)  142519K->2745K(506816K), 0.0026873 secs]
334.594: [GC (Allocation Failure)  142446K->2745K(506816K), 0.0058026 secs]
343.528: [GC (Allocation Failure)  142521K->2737K(506816K), 0.0019950 secs]
352.500: [GC (Allocation Failure)  142513K->2890K(506816K), 0.0031494 secs]
361.389: [GC (Allocation Failure)  142666K->2744K(506816K), 0.0029725 secs]
370.259: [GC (Allocation Failure)  142520K->2890K(506816K), 0.0027941 secs]
379.250: [GC (Allocation Failure)  142666K->2744K(506816K), 0.0022720 secs]
388.406: [GC (Allocation Failure)  142520K->2890K(506816K), 0.0019615 secs]
397.368: [GC (Allocation Failure)  142666K->2743K(506816K), 0.0051631 secs]
406.416: [GC (Allocation Failure)  142519K->2746K(506816K), 0.0033572 secs]
415.345: [GC (Allocation Failure)  142447K->2745K(506816K), 0.0029526 secs]
424.246: [GC (Allocation Failure)  142521K->2737K(506816K), 0.0065958 secs]
433.156: [GC (Allocation Failure)  142513K->2890K(506816K), 0.0045555 secs]
442.158: [GC (Allocation Failure)  142666K->2744K(506816K), 0.0039354 secs]
451.137: [GC (Allocation Failure)  142520K->2890K(506816K), 0.0027146 secs]
460.125: [GC (Allocation Failure)  142666K->2744K(506816K), 0.0043130 secs]
469.109: [GC (Allocation Failure)  142520K->2890K(506816K), 0.0044219 secs]
478.081: [GC (Allocation Failure)  142666K->2743K(506816K), 0.0019166 secs]
487.010: [GC (Allocation Failure)  142519K->2746K(506816K), 0.0029946 secs]
496.040: [GC (Allocation Failure)  142447K->2745K(506816K), 0.0031046 secs]
505.076: [GC (Allocation Failure)  142521K->2737K(506816K), 0.0019693 secs]
514.058: [GC (Allocation Failure)  142513K->2890K(506816K), 0.0062128 secs]
522.960: [GC (Allocation Failure)  142666K->2744K(506816K), 0.0020075 secs]
531.940: [GC (Allocation Failure)  142520K->2890K(506816K), 0.0030943 secs]
540.886: [GC (Allocation Failure)  142666K->2744K(506816K), 0.0022155 secs]
549.818: [GC (Allocation Failure)  142520K->2890K(506816K), 0.0104121 secs]
558.665: [GC (Allocation Failure)  142666K->2743K(506816K), 0.0030356 secs]
567.681: [GC (Allocation Failure)  142519K->2746K(506816K), 0.0025509 secs]
576.744: [GC (Allocation Failure)  142447K->2745K(506816K), 0.0030491 secs]
585.734: [GC (Allocation Failure)  142521K->2737K(506816K), 0.0025436 secs]
594.666: [GC (Allocation Failure)  142513K->2890K(506816K), 0.0026189 secs]
603.544: [GC (Allocation Failure)  142666K->2744K(506816K), 0.0019565 secs]
612.422: [GC (Allocation Failure)  142520K->2890K(506816K), 0.0035788 secs]
621.334: [GC (Allocation Failure)  142666K->2744K(506816K), 0.0021608 secs]
630.254: [GC (Allocation Failure)  142520K->2890K(506816K), 0.0020552 secs]
639.428: [GC (Allocation Failure)  142666K->2743K(506816K), 0.0033008 secs]
648.333: [GC (Allocation Failure)  142519K->2746K(506816K), 0.0034086 secs]
657.352: [GC (Allocation Failure)  142447K->2745K(506816K), 0.0041278 secs]
666.297: [GC (Allocation Failure)  142521K->2737K(506816K), 0.0023107 secs]
675.153: [GC (Allocation Failure)  142513K->2890K(506816K), 0.0065447 secs]
684.091: [GC (Allocation Failure)  142666K->2744K(506816K), 0.0037515 secs]
693.029: [GC (Allocation Failure)  142520K->2890K(506816K), 0.0036937 secs]
701.992: [GC (Allocation Failure)  142666K->2744K(506816K), 0.0035169 secs]
710.968: [GC (Allocation Failure)  142520K->2890K(506816K), 0.0036067 secs]
719.835: [GC (Allocation Failure)  142666K->2743K(506816K), 0.0019815 secs]
728.916: [GC (Allocation Failure)  142519K->2746K(506816K), 0.0028703 secs]
737.794: [GC (Allocation Failure)  142447K->2745K(506816K), 0.0033002 secs]
