OpenJDK 64-Bit Server VM (25.222-b10) for linux-amd64 JRE (1.8.0_222-8u222-b10-1ubuntu1~18.04.1-b10), built on Jul 18 2019 18:52:48 by "buildd" with gcc 7.4.0
Memory: 4k page, physical 16424660k(15505060k free), swap 0k(0k free)
CommandLine flags: -XX:CompressedClassSpaceSize=45297664 -XX:InitialHeapSize=536870912 -XX:MaxHeapSize=536870912 -XX:MaxMetaspaceSize=53686272 -XX:+PrintGC -XX:+PrintGCTimeStamps -XX:+RequireSharedSpaces -XX:ReservedCodeCacheSize=26843136 -XX:-TieredCompilation -XX:+UseCompressedClassPointers -XX:+UseCompressedOops -XX:+UseSerialGC -XX:+UseSharedSpaces 
9.066: [GC (Allocation Failure)  139776K->2934K(506816K), 0.0094321 secs]
17.430: [GC (Allocation Failure)  142710K->2725K(506816K), 0.0073392 secs]
26.556: [GC (Allocation Failure)  142501K->2885K(506816K), 0.0065766 secs]
35.288: [GC (Allocation Failure)  142661K->2869K(506816K), 0.0061682 secs]
44.075: [GC (Allocation Failure)  142645K->2886K(506816K), 0.0047473 secs]
52.985: [GC (Allocation Failure)  142662K->2740K(506816K), 0.0063834 secs]
61.707: [GC (Allocation Failure)  142391K->2744K(506816K), 0.0050577 secs]
70.227: [GC (Allocation Failure)  142520K->2744K(506816K), 0.0044601 secs]
79.075: [GC (Allocation Failure)  142520K->2892K(506816K), 0.0071725 secs]
87.865: [GC (Allocation Failure)  142668K->2747K(506816K), 0.0050221 secs]
96.603: [GC (Allocation Failure)  142504K->2895K(506816K), 0.0048732 secs]
105.165: [GC (Allocation Failure)  142671K->2877K(506816K), 0.0094125 secs]
114.055: [GC (Allocation Failure)  142653K->2896K(506816K), 0.0055796 secs]
122.738: [GC (Allocation Failure)  142672K->2729K(506816K), 0.0055403 secs]
131.410: [GC (Allocation Failure)  142505K->2726K(506816K), 0.0059882 secs]
140.348: [GC (Allocation Failure)  142434K->2731K(506816K), 0.0107705 secs]
149.127: [GC (Allocation Failure)  142507K->2877K(506816K), 0.0017530 secs]
157.890: [GC (Allocation Failure)  142653K->2732K(506816K), 0.0043191 secs]
166.742: [GC (Allocation Failure)  142480K->2877K(506816K), 0.0017700 secs]
175.624: [GC (Allocation Failure)  142653K->2860K(506816K), 0.0032995 secs]
184.382: [GC (Allocation Failure)  142636K->2878K(506816K), 0.0020815 secs]
193.279: [GC (Allocation Failure)  142654K->2730K(506816K), 0.0017961 secs]
202.079: [GC (Allocation Failure)  142506K->2725K(506816K), 0.0042285 secs]
210.834: [GC (Allocation Failure)  142501K->2741K(506816K), 0.0020389 secs]
219.754: [GC (Allocation Failure)  142517K->2878K(506816K), 0.0027650 secs]
228.595: [GC (Allocation Failure)  142654K->2732K(506816K), 0.0032488 secs]
237.727: [GC (Allocation Failure)  142508K->2888K(506816K), 0.0020832 secs]
246.523: [GC (Allocation Failure)  142664K->2742K(506816K), 0.0020110 secs]
255.425: [GC (Allocation Failure)  142433K->2743K(506816K), 0.0017543 secs]
264.345: [GC (Allocation Failure)  142519K->2720K(506816K), 0.0039527 secs]
273.288: [GC (Allocation Failure)  142496K->2889K(506816K), 0.0046057 secs]
282.021: [GC (Allocation Failure)  142665K->2743K(506816K), 0.0045232 secs]
291.051: [GC (Allocation Failure)  142519K->2891K(506816K), 0.0034618 secs]
300.304: [GC (Allocation Failure)  142667K->2744K(506816K), 0.0033160 secs]
309.397: [GC (Allocation Failure)  142450K->2890K(506816K), 0.0026298 secs]
318.343: [GC (Allocation Failure)  142666K->2890K(506816K), 0.0024220 secs]
327.392: [GC (Allocation Failure)  142666K->2751K(506816K), 0.0028420 secs]
336.392: [GC (Allocation Failure)  142527K->2889K(506816K), 0.0029570 secs]
345.308: [GC (Allocation Failure)  142665K->2744K(506816K), 0.0039540 secs]
354.017: [GC (Allocation Failure)  142520K->2890K(506816K), 0.0028942 secs]
362.863: [GC (Allocation Failure)  142666K->2745K(506816K), 0.0019657 secs]
371.709: [GC (Allocation Failure)  142464K->2890K(506816K), 0.0028198 secs]
380.394: [GC (Allocation Failure)  142666K->2890K(506816K), 0.0020856 secs]
388.908: [GC (Allocation Failure)  142666K->2743K(506816K), 0.0023590 secs]
397.340: [GC (Allocation Failure)  142381K->2890K(506816K), 0.0031718 secs]
406.179: [GC (Allocation Failure)  142666K->2890K(506816K), 0.0029578 secs]
414.913: [GC (Allocation Failure)  142666K->2744K(506816K), 0.0023750 secs]
423.796: [GC (Allocation Failure)  142520K->2890K(506816K), 0.0027306 secs]
432.517: [GC (Allocation Failure)  142666K->2745K(506816K), 0.0032427 secs]
441.253: [GC (Allocation Failure)  142471K->2890K(506816K), 0.0041476 secs]
450.008: [GC (Allocation Failure)  142666K->2890K(506816K), 0.0038381 secs]
458.702: [GC (Allocation Failure)  142666K->2743K(506816K), 0.0025534 secs]
467.541: [GC (Allocation Failure)  142382K->2890K(506816K), 0.0031472 secs]
476.448: [GC (Allocation Failure)  142666K->2890K(506816K), 0.0040078 secs]
485.251: [GC (Allocation Failure)  142666K->2744K(506816K), 0.0018735 secs]
494.044: [GC (Allocation Failure)  142520K->2890K(506816K), 0.0027341 secs]
502.949: [GC (Allocation Failure)  142666K->2745K(506816K), 0.0023026 secs]
511.787: [GC (Allocation Failure)  142471K->2890K(506816K), 0.0049527 secs]
520.604: [GC (Allocation Failure)  142666K->2890K(506816K), 0.0045120 secs]
529.357: [GC (Allocation Failure)  142666K->2743K(506816K), 0.0063146 secs]
538.146: [GC (Allocation Failure)  142382K->2890K(506816K), 0.0018209 secs]
547.112: [GC (Allocation Failure)  142666K->2890K(506816K), 0.0019838 secs]
556.060: [GC (Allocation Failure)  142666K->2744K(506816K), 0.0035889 secs]
564.887: [GC (Allocation Failure)  142520K->2890K(506816K), 0.0021739 secs]
573.587: [GC (Allocation Failure)  142666K->2745K(506816K), 0.0019537 secs]
582.444: [GC (Allocation Failure)  142471K->2890K(506816K), 0.0044712 secs]
591.193: [GC (Allocation Failure)  142666K->2890K(506816K), 0.0026346 secs]
600.032: [GC (Allocation Failure)  142666K->2743K(506816K), 0.0032988 secs]
608.993: [GC (Allocation Failure)  142382K->2890K(506816K), 0.0041364 secs]
617.833: [GC (Allocation Failure)  142666K->2890K(506816K), 0.0034627 secs]
626.609: [GC (Allocation Failure)  142666K->2744K(506816K), 0.0023014 secs]
635.329: [GC (Allocation Failure)  142520K->2890K(506816K), 0.0030580 secs]
644.241: [GC (Allocation Failure)  142666K->2745K(506816K), 0.0072580 secs]
653.062: [GC (Allocation Failure)  142471K->2890K(506816K), 0.0029052 secs]
661.991: [GC (Allocation Failure)  142666K->2890K(506816K), 0.0038256 secs]
670.872: [GC (Allocation Failure)  142666K->2743K(506816K), 0.0019728 secs]
679.697: [GC (Allocation Failure)  142382K->2890K(506816K), 0.0020882 secs]
688.691: [GC (Allocation Failure)  142666K->2890K(506816K), 0.0044241 secs]
697.343: [GC (Allocation Failure)  142666K->2744K(506816K), 0.0017250 secs]
706.043: [GC (Allocation Failure)  142520K->2890K(506816K), 0.0020239 secs]
714.963: [GC (Allocation Failure)  142666K->2745K(506816K), 0.0022590 secs]
723.818: [GC (Allocation Failure)  142471K->2890K(506816K), 0.0025638 secs]
732.556: [GC (Allocation Failure)  142666K->2890K(506816K), 0.0026399 secs]
