OpenJDK 64-Bit Server VM (25.222-b10) for linux-amd64 JRE (1.8.0_222-8u222-b10-1ubuntu1~18.04.1-b10), built on Jul 18 2019 18:52:48 by "buildd" with gcc 7.4.0
Memory: 4k page, physical 16424660k(15505548k free), swap 0k(0k free)
CommandLine flags: -XX:CompressedClassSpaceSize=45297664 -XX:InitialHeapSize=536870912 -XX:MaxHeapSize=536870912 -XX:MaxMetaspaceSize=53686272 -XX:+PrintGC -XX:+PrintGCTimeStamps -XX:+RequireSharedSpaces -XX:ReservedCodeCacheSize=26843136 -XX:-TieredCompilation -XX:+UseCompressedClassPointers -XX:+UseCompressedOops -XX:+UseSerialGC -XX:+UseSharedSpaces 
9.335: [GC (Allocation Failure)  139776K->2934K(506816K), 0.0111975 secs]
17.832: [GC (Allocation Failure)  142710K->2725K(506816K), 0.0070979 secs]
26.641: [GC (Allocation Failure)  142501K->2885K(506816K), 0.0094431 secs]
35.262: [GC (Allocation Failure)  142661K->2869K(506816K), 0.0095269 secs]
43.898: [GC (Allocation Failure)  142645K->2886K(506816K), 0.0047619 secs]
52.430: [GC (Allocation Failure)  142662K->2740K(506816K), 0.0045623 secs]
61.170: [GC (Allocation Failure)  142391K->2744K(506816K), 0.0077006 secs]
69.854: [GC (Allocation Failure)  142520K->2744K(506816K), 0.0047602 secs]
78.620: [GC (Allocation Failure)  142520K->2892K(506816K), 0.0103952 secs]
87.360: [GC (Allocation Failure)  142668K->2749K(506816K), 0.0052172 secs]
95.980: [GC (Allocation Failure)  142507K->2895K(506816K), 0.0046222 secs]
104.549: [GC (Allocation Failure)  142671K->2877K(506816K), 0.0063764 secs]
113.173: [GC (Allocation Failure)  142653K->2896K(506816K), 0.0065096 secs]
121.766: [GC (Allocation Failure)  142672K->2729K(506816K), 0.0045710 secs]
130.429: [GC (Allocation Failure)  142505K->2726K(506816K), 0.0038928 secs]
139.224: [GC (Allocation Failure)  142434K->2731K(506816K), 0.0102309 secs]
148.212: [GC (Allocation Failure)  142507K->2877K(506816K), 0.0025193 secs]
156.930: [GC (Allocation Failure)  142653K->2732K(506816K), 0.0041018 secs]
165.875: [GC (Allocation Failure)  142480K->2877K(506816K), 0.0021644 secs]
174.576: [GC (Allocation Failure)  142653K->2860K(506816K), 0.0021601 secs]
183.387: [GC (Allocation Failure)  142636K->2878K(506816K), 0.0027788 secs]
192.135: [GC (Allocation Failure)  142654K->2730K(506816K), 0.0028354 secs]
201.047: [GC (Allocation Failure)  142506K->2725K(506816K), 0.0025752 secs]
210.016: [GC (Allocation Failure)  142501K->2741K(506816K), 0.0042555 secs]
218.799: [GC (Allocation Failure)  142517K->2878K(506816K), 0.0021306 secs]
227.558: [GC (Allocation Failure)  142654K->2732K(506816K), 0.0019760 secs]
236.728: [GC (Allocation Failure)  142508K->2889K(506816K), 0.0017754 secs]
245.535: [GC (Allocation Failure)  142665K->2742K(506816K), 0.0026164 secs]
254.736: [GC (Allocation Failure)  142430K->2744K(506816K), 0.0019649 secs]
263.995: [GC (Allocation Failure)  142520K->2736K(506816K), 0.0041833 secs]
272.930: [GC (Allocation Failure)  142512K->2890K(506816K), 0.0038799 secs]
281.712: [GC (Allocation Failure)  142666K->2744K(506816K), 0.0023874 secs]
290.459: [GC (Allocation Failure)  142520K->2889K(506816K), 0.0031361 secs]
299.553: [GC (Allocation Failure)  142665K->2743K(506816K), 0.0015731 secs]
308.352: [GC (Allocation Failure)  142519K->2890K(506816K), 0.0031666 secs]
317.172: [GC (Allocation Failure)  142666K->2743K(506816K), 0.0019985 secs]
325.954: [GC (Allocation Failure)  142519K->2745K(506816K), 0.0022637 secs]
334.822: [GC (Allocation Failure)  142446K->2745K(506816K), 0.0017257 secs]
343.776: [GC (Allocation Failure)  142521K->2737K(506816K), 0.0038626 secs]
352.796: [GC (Allocation Failure)  142513K->2890K(506816K), 0.0028472 secs]
361.781: [GC (Allocation Failure)  142666K->2744K(506816K), 0.0046739 secs]
370.620: [GC (Allocation Failure)  142520K->2890K(506816K), 0.0022966 secs]
379.672: [GC (Allocation Failure)  142666K->2744K(506816K), 0.0040760 secs]
388.636: [GC (Allocation Failure)  142520K->2890K(506816K), 0.0016740 secs]
397.566: [GC (Allocation Failure)  142666K->2743K(506816K), 0.0019903 secs]
406.723: [GC (Allocation Failure)  142519K->2746K(506816K), 0.0035839 secs]
415.631: [GC (Allocation Failure)  142447K->2745K(506816K), 0.0032279 secs]
424.551: [GC (Allocation Failure)  142521K->2737K(506816K), 0.0034514 secs]
433.416: [GC (Allocation Failure)  142513K->2890K(506816K), 0.0024589 secs]
442.621: [GC (Allocation Failure)  142666K->2744K(506816K), 0.0020744 secs]
451.853: [GC (Allocation Failure)  142520K->2890K(506816K), 0.0023706 secs]
461.091: [GC (Allocation Failure)  142666K->2744K(506816K), 0.0021603 secs]
470.031: [GC (Allocation Failure)  142520K->2890K(506816K), 0.0035654 secs]
479.076: [GC (Allocation Failure)  142666K->2743K(506816K), 0.0038572 secs]
488.140: [GC (Allocation Failure)  142519K->2746K(506816K), 0.0027414 secs]
497.114: [GC (Allocation Failure)  142447K->2745K(506816K), 0.0028110 secs]
506.255: [GC (Allocation Failure)  142521K->2737K(506816K), 0.0031454 secs]
515.393: [GC (Allocation Failure)  142513K->2890K(506816K), 0.0047871 secs]
524.400: [GC (Allocation Failure)  142666K->2744K(506816K), 0.0019790 secs]
533.324: [GC (Allocation Failure)  142520K->2890K(506816K), 0.0046668 secs]
542.329: [GC (Allocation Failure)  142666K->2744K(506816K), 0.0019085 secs]
551.276: [GC (Allocation Failure)  142520K->2890K(506816K), 0.0027048 secs]
560.173: [GC (Allocation Failure)  142666K->2743K(506816K), 0.0052746 secs]
569.260: [GC (Allocation Failure)  142519K->2746K(506816K), 0.0048299 secs]
578.391: [GC (Allocation Failure)  142447K->2745K(506816K), 0.0052808 secs]
588.459: [GC (Allocation Failure)  142521K->2737K(506816K), 0.0018667 secs]
597.461: [GC (Allocation Failure)  142513K->2890K(506816K), 0.0026312 secs]
606.662: [GC (Allocation Failure)  142666K->2744K(506816K), 0.0067547 secs]
616.579: [GC (Allocation Failure)  142520K->2890K(506816K), 0.0028978 secs]
625.601: [GC (Allocation Failure)  142666K->2744K(506816K), 0.0026951 secs]
634.815: [GC (Allocation Failure)  142520K->2890K(506816K), 0.0028497 secs]
643.811: [GC (Allocation Failure)  142666K->2743K(506816K), 0.0027290 secs]
652.903: [GC (Allocation Failure)  142519K->2746K(506816K), 0.0030750 secs]
662.333: [GC (Allocation Failure)  142447K->2745K(506816K), 0.0030407 secs]
671.355: [GC (Allocation Failure)  142521K->2737K(506816K), 0.0040409 secs]
680.235: [GC (Allocation Failure)  142513K->2890K(506816K), 0.0023265 secs]
689.144: [GC (Allocation Failure)  142666K->2744K(506816K), 0.0029398 secs]
698.267: [GC (Allocation Failure)  142520K->2890K(506816K), 0.0040134 secs]
707.251: [GC (Allocation Failure)  142666K->2744K(506816K), 0.0026632 secs]
716.321: [GC (Allocation Failure)  142520K->2890K(506816K), 0.0019837 secs]
725.092: [GC (Allocation Failure)  142666K->2743K(506816K), 0.0029059 secs]
734.058: [GC (Allocation Failure)  142519K->2746K(506816K), 0.0039148 secs]
742.936: [GC (Allocation Failure)  142447K->2745K(506816K), 0.0041473 secs]
