OpenJDK 64-Bit Server VM (25.222-b10) for linux-amd64 JRE (1.8.0_222-8u222-b10-1ubuntu1~18.04.1-b10), built on Jul 18 2019 18:52:48 by "buildd" with gcc 7.4.0
Memory: 4k page, physical 16424660k(15507664k free), swap 0k(0k free)
CommandLine flags: -XX:CompressedClassSpaceSize=45297664 -XX:InitialHeapSize=536870912 -XX:MaxHeapSize=536870912 -XX:MaxMetaspaceSize=53686272 -XX:+PrintGC -XX:+PrintGCTimeStamps -XX:+RequireSharedSpaces -XX:ReservedCodeCacheSize=26843136 -XX:-TieredCompilation -XX:+UseCompressedClassPointers -XX:+UseCompressedOops -XX:+UseSerialGC -XX:+UseSharedSpaces 
9.323: [GC (Allocation Failure)  139776K->2934K(506816K), 0.0107525 secs]
17.802: [GC (Allocation Failure)  142710K->2725K(506816K), 0.0125444 secs]
26.440: [GC (Allocation Failure)  142501K->2885K(506816K), 0.0068510 secs]
35.108: [GC (Allocation Failure)  142661K->2869K(506816K), 0.0039816 secs]
43.951: [GC (Allocation Failure)  142645K->2886K(506816K), 0.0050885 secs]
52.567: [GC (Allocation Failure)  142662K->2740K(506816K), 0.0057887 secs]
61.302: [GC (Allocation Failure)  142391K->2744K(506816K), 0.0058148 secs]
69.861: [GC (Allocation Failure)  142520K->2744K(506816K), 0.0045861 secs]
78.360: [GC (Allocation Failure)  142520K->2892K(506816K), 0.0064718 secs]
87.106: [GC (Allocation Failure)  142668K->2747K(506816K), 0.0056379 secs]
95.708: [GC (Allocation Failure)  142504K->2895K(506816K), 0.0054495 secs]
104.415: [GC (Allocation Failure)  142671K->2877K(506816K), 0.0060296 secs]
113.049: [GC (Allocation Failure)  142653K->2896K(506816K), 0.0046736 secs]
121.691: [GC (Allocation Failure)  142672K->2729K(506816K), 0.0045446 secs]
130.404: [GC (Allocation Failure)  142505K->2726K(506816K), 0.0083324 secs]
139.140: [GC (Allocation Failure)  142434K->2731K(506816K), 0.0092260 secs]
147.871: [GC (Allocation Failure)  142507K->2877K(506816K), 0.0029723 secs]
156.566: [GC (Allocation Failure)  142653K->2732K(506816K), 0.0019109 secs]
165.345: [GC (Allocation Failure)  142480K->2877K(506816K), 0.0026735 secs]
174.047: [GC (Allocation Failure)  142653K->2860K(506816K), 0.0034024 secs]
182.776: [GC (Allocation Failure)  142636K->2878K(506816K), 0.0031810 secs]
191.514: [GC (Allocation Failure)  142654K->2730K(506816K), 0.0033033 secs]
200.220: [GC (Allocation Failure)  142506K->2725K(506816K), 0.0029583 secs]
208.948: [GC (Allocation Failure)  142501K->2741K(506816K), 0.0035256 secs]
217.746: [GC (Allocation Failure)  142517K->2878K(506816K), 0.0035856 secs]
226.606: [GC (Allocation Failure)  142654K->2732K(506816K), 0.0020028 secs]
235.655: [GC (Allocation Failure)  142508K->2888K(506816K), 0.0036746 secs]
244.550: [GC (Allocation Failure)  142664K->2742K(506816K), 0.0027552 secs]
253.787: [GC (Allocation Failure)  142433K->2743K(506816K), 0.0033597 secs]
262.823: [GC (Allocation Failure)  142519K->2720K(506816K), 0.0018950 secs]
271.603: [GC (Allocation Failure)  142496K->2889K(506816K), 0.0030952 secs]
280.639: [GC (Allocation Failure)  142665K->2743K(506816K), 0.0038675 secs]
289.550: [GC (Allocation Failure)  142519K->2891K(506816K), 0.0021185 secs]
298.284: [GC (Allocation Failure)  142667K->2744K(506816K), 0.0037141 secs]
306.991: [GC (Allocation Failure)  142450K->2890K(506816K), 0.0024683 secs]
315.728: [GC (Allocation Failure)  142666K->2890K(506816K), 0.0050930 secs]
324.397: [GC (Allocation Failure)  142666K->2751K(506816K), 0.0020910 secs]
333.194: [GC (Allocation Failure)  142527K->2889K(506816K), 0.0033247 secs]
342.153: [GC (Allocation Failure)  142665K->2744K(506816K), 0.0034968 secs]
351.229: [GC (Allocation Failure)  142520K->2890K(506816K), 0.0018856 secs]
360.276: [GC (Allocation Failure)  142666K->2745K(506816K), 0.0031462 secs]
369.182: [GC (Allocation Failure)  142464K->2890K(506816K), 0.0027874 secs]
378.149: [GC (Allocation Failure)  142666K->2890K(506816K), 0.0028380 secs]
387.015: [GC (Allocation Failure)  142666K->2743K(506816K), 0.0038123 secs]
395.916: [GC (Allocation Failure)  142381K->2890K(506816K), 0.0020434 secs]
404.846: [GC (Allocation Failure)  142666K->2890K(506816K), 0.0020572 secs]
413.878: [GC (Allocation Failure)  142666K->2744K(506816K), 0.0031083 secs]
422.636: [GC (Allocation Failure)  142520K->2890K(506816K), 0.0030209 secs]
431.673: [GC (Allocation Failure)  142666K->2745K(506816K), 0.0024333 secs]
440.691: [GC (Allocation Failure)  142471K->2890K(506816K), 0.0026439 secs]
449.498: [GC (Allocation Failure)  142666K->2890K(506816K), 0.0040199 secs]
458.336: [GC (Allocation Failure)  142666K->2743K(506816K), 0.0018398 secs]
467.252: [GC (Allocation Failure)  142382K->2890K(506816K), 0.0019038 secs]
476.243: [GC (Allocation Failure)  142666K->2890K(506816K), 0.0019766 secs]
485.049: [GC (Allocation Failure)  142666K->2744K(506816K), 0.0056808 secs]
493.948: [GC (Allocation Failure)  142520K->2890K(506816K), 0.0027669 secs]
502.959: [GC (Allocation Failure)  142666K->2745K(506816K), 0.0075916 secs]
512.038: [GC (Allocation Failure)  142471K->2890K(506816K), 0.0032798 secs]
520.983: [GC (Allocation Failure)  142666K->2890K(506816K), 0.0049293 secs]
529.929: [GC (Allocation Failure)  142666K->2743K(506816K), 0.0025735 secs]
538.910: [GC (Allocation Failure)  142382K->2890K(506816K), 0.0054249 secs]
547.896: [GC (Allocation Failure)  142666K->2890K(506816K), 0.0024733 secs]
556.738: [GC (Allocation Failure)  142666K->2744K(506816K), 0.0018945 secs]
565.825: [GC (Allocation Failure)  142520K->2890K(506816K), 0.0054420 secs]
574.520: [GC (Allocation Failure)  142666K->2745K(506816K), 0.0016424 secs]
583.404: [GC (Allocation Failure)  142471K->2890K(506816K), 0.0032283 secs]
592.452: [GC (Allocation Failure)  142666K->2890K(506816K), 0.0029021 secs]
601.579: [GC (Allocation Failure)  142666K->2743K(506816K), 0.0024919 secs]
610.477: [GC (Allocation Failure)  142382K->2890K(506816K), 0.0051718 secs]
619.406: [GC (Allocation Failure)  142666K->2890K(506816K), 0.0023085 secs]
628.429: [GC (Allocation Failure)  142666K->2744K(506816K), 0.0026238 secs]
637.362: [GC (Allocation Failure)  142520K->2890K(506816K), 0.0028316 secs]
646.404: [GC (Allocation Failure)  142666K->2745K(506816K), 0.0035641 secs]
655.542: [GC (Allocation Failure)  142471K->2890K(506816K), 0.0034916 secs]
664.572: [GC (Allocation Failure)  142666K->2890K(506816K), 0.0056193 secs]
673.453: [GC (Allocation Failure)  142666K->2743K(506816K), 0.0027205 secs]
682.445: [GC (Allocation Failure)  142382K->2890K(506816K), 0.0028271 secs]
691.454: [GC (Allocation Failure)  142666K->2890K(506816K), 0.0046598 secs]
700.427: [GC (Allocation Failure)  142666K->2744K(506816K), 0.0038275 secs]
709.332: [GC (Allocation Failure)  142520K->2890K(506816K), 0.0023634 secs]
718.349: [GC (Allocation Failure)  142666K->2745K(506816K), 0.0019875 secs]
727.428: [GC (Allocation Failure)  142471K->2890K(506816K), 0.0018588 secs]
736.338: [GC (Allocation Failure)  142666K->2890K(506816K), 0.0020671 secs]
