OpenJDK 64-Bit Server VM (25.222-b10) for linux-amd64 JRE (1.8.0_222-8u222-b10-1ubuntu1~18.04.1-b10), built on Jul 18 2019 18:52:48 by "buildd" with gcc 7.4.0
Memory: 4k page, physical 16424660k(15505408k free), swap 0k(0k free)
CommandLine flags: -XX:CompressedClassSpaceSize=45297664 -XX:InitialHeapSize=536870912 -XX:MaxHeapSize=536870912 -XX:MaxMetaspaceSize=53686272 -XX:+PrintGC -XX:+PrintGCTimeStamps -XX:+RequireSharedSpaces -XX:ReservedCodeCacheSize=26843136 -XX:-TieredCompilation -XX:+UseCompressedClassPointers -XX:+UseCompressedOops -XX:+UseSerialGC -XX:+UseSharedSpaces 
9.638: [GC (Allocation Failure)  139776K->2934K(506816K), 0.0101604 secs]
18.244: [GC (Allocation Failure)  142710K->2725K(506816K), 0.0064451 secs]
27.265: [GC (Allocation Failure)  142501K->2885K(506816K), 0.0047641 secs]
36.226: [GC (Allocation Failure)  142661K->2869K(506816K), 0.0113313 secs]
45.146: [GC (Allocation Failure)  142645K->2886K(506816K), 0.0045727 secs]
54.019: [GC (Allocation Failure)  142662K->2740K(506816K), 0.0042783 secs]
62.786: [GC (Allocation Failure)  142391K->2744K(506816K), 0.0079675 secs]
71.537: [GC (Allocation Failure)  142520K->2744K(506816K), 0.0054855 secs]
80.493: [GC (Allocation Failure)  142520K->2892K(506816K), 0.0050970 secs]
89.151: [GC (Allocation Failure)  142668K->2747K(506816K), 0.0044651 secs]
97.996: [GC (Allocation Failure)  142504K->2895K(506816K), 0.0079984 secs]
106.761: [GC (Allocation Failure)  142671K->2877K(506816K), 0.0051623 secs]
115.742: [GC (Allocation Failure)  142653K->2896K(506816K), 0.0049344 secs]
124.498: [GC (Allocation Failure)  142672K->2729K(506816K), 0.0052109 secs]
133.247: [GC (Allocation Failure)  142505K->2726K(506816K), 0.0073275 secs]
142.333: [GC (Allocation Failure)  142434K->2731K(506816K), 0.0057965 secs]
151.167: [GC (Allocation Failure)  142507K->2877K(506816K), 0.0033131 secs]
160.130: [GC (Allocation Failure)  142653K->2732K(506816K), 0.0023109 secs]
169.038: [GC (Allocation Failure)  142480K->2877K(506816K), 0.0021679 secs]
177.914: [GC (Allocation Failure)  142653K->2860K(506816K), 0.0040329 secs]
186.683: [GC (Allocation Failure)  142636K->2878K(506816K), 0.0035962 secs]
195.347: [GC (Allocation Failure)  142654K->2730K(506816K), 0.0024945 secs]
204.471: [GC (Allocation Failure)  142506K->2725K(506816K), 0.0016385 secs]
213.456: [GC (Allocation Failure)  142501K->2741K(506816K), 0.0024511 secs]
222.302: [GC (Allocation Failure)  142517K->2878K(506816K), 0.0020950 secs]
231.276: [GC (Allocation Failure)  142654K->2732K(506816K), 0.0022697 secs]
240.371: [GC (Allocation Failure)  142508K->2888K(506816K), 0.0022259 secs]
249.327: [GC (Allocation Failure)  142664K->2742K(506816K), 0.0050710 secs]
258.499: [GC (Allocation Failure)  142433K->2743K(506816K), 0.0030956 secs]
267.505: [GC (Allocation Failure)  142519K->2720K(506816K), 0.0021000 secs]
276.354: [GC (Allocation Failure)  142496K->2889K(506816K), 0.0027870 secs]
285.303: [GC (Allocation Failure)  142665K->2743K(506816K), 0.0037369 secs]
294.370: [GC (Allocation Failure)  142519K->2891K(506816K), 0.0020650 secs]
303.447: [GC (Allocation Failure)  142667K->2744K(506816K), 0.0019130 secs]
312.431: [GC (Allocation Failure)  142450K->2890K(506816K), 0.0033810 secs]
321.623: [GC (Allocation Failure)  142666K->2890K(506816K), 0.0071975 secs]
330.766: [GC (Allocation Failure)  142666K->2751K(506816K), 0.0036738 secs]
339.971: [GC (Allocation Failure)  142527K->2889K(506816K), 0.0024894 secs]
348.934: [GC (Allocation Failure)  142665K->2744K(506816K), 0.0024908 secs]
357.757: [GC (Allocation Failure)  142520K->2890K(506816K), 0.0021656 secs]
366.659: [GC (Allocation Failure)  142666K->2745K(506816K), 0.0026884 secs]
375.466: [GC (Allocation Failure)  142464K->2890K(506816K), 0.0058326 secs]
384.526: [GC (Allocation Failure)  142666K->2890K(506816K), 0.0030238 secs]
393.357: [GC (Allocation Failure)  142666K->2743K(506816K), 0.0027125 secs]
402.195: [GC (Allocation Failure)  142381K->2890K(506816K), 0.0031955 secs]
411.044: [GC (Allocation Failure)  142666K->2890K(506816K), 0.0026485 secs]
419.867: [GC (Allocation Failure)  142666K->2744K(506816K), 0.0022376 secs]
428.705: [GC (Allocation Failure)  142520K->2890K(506816K), 0.0025329 secs]
437.378: [GC (Allocation Failure)  142666K->2745K(506816K), 0.0033230 secs]
446.367: [GC (Allocation Failure)  142471K->2890K(506816K), 0.0026470 secs]
455.150: [GC (Allocation Failure)  142666K->2890K(506816K), 0.0020114 secs]
463.829: [GC (Allocation Failure)  142666K->2743K(506816K), 0.0018979 secs]
472.570: [GC (Allocation Failure)  142382K->2890K(506816K), 0.0019982 secs]
481.319: [GC (Allocation Failure)  142666K->2890K(506816K), 0.0039130 secs]
489.830: [GC (Allocation Failure)  142666K->2744K(506816K), 0.0027544 secs]
498.492: [GC (Allocation Failure)  142520K->2890K(506816K), 0.0030493 secs]
507.535: [GC (Allocation Failure)  142666K->2745K(506816K), 0.0016592 secs]
516.385: [GC (Allocation Failure)  142471K->2890K(506816K), 0.0019659 secs]
525.096: [GC (Allocation Failure)  142666K->2890K(506816K), 0.0030340 secs]
533.859: [GC (Allocation Failure)  142666K->2743K(506816K), 0.0030858 secs]
542.643: [GC (Allocation Failure)  142382K->2890K(506816K), 0.0021327 secs]
551.551: [GC (Allocation Failure)  142666K->2890K(506816K), 0.0038548 secs]
560.170: [GC (Allocation Failure)  142666K->2744K(506816K), 0.0020394 secs]
569.080: [GC (Allocation Failure)  142520K->2890K(506816K), 0.0022137 secs]
577.898: [GC (Allocation Failure)  142666K->2745K(506816K), 0.0019579 secs]
586.762: [GC (Allocation Failure)  142471K->2890K(506816K), 0.0043203 secs]
595.560: [GC (Allocation Failure)  142666K->2890K(506816K), 0.0024538 secs]
604.303: [GC (Allocation Failure)  142666K->2743K(506816K), 0.0030125 secs]
613.078: [GC (Allocation Failure)  142382K->2890K(506816K), 0.0036108 secs]
621.816: [GC (Allocation Failure)  142666K->2890K(506816K), 0.0033966 secs]
630.677: [GC (Allocation Failure)  142666K->2744K(506816K), 0.0023803 secs]
639.517: [GC (Allocation Failure)  142520K->2890K(506816K), 0.0040590 secs]
648.398: [GC (Allocation Failure)  142666K->2745K(506816K), 0.0023222 secs]
657.098: [GC (Allocation Failure)  142471K->2890K(506816K), 0.0021516 secs]
665.881: [GC (Allocation Failure)  142666K->2890K(506816K), 0.0027841 secs]
674.532: [GC (Allocation Failure)  142666K->2743K(506816K), 0.0027728 secs]
683.257: [GC (Allocation Failure)  142382K->2890K(506816K), 0.0023710 secs]
692.180: [GC (Allocation Failure)  142666K->2890K(506816K), 0.0032976 secs]
700.982: [GC (Allocation Failure)  142666K->2744K(506816K), 0.0024959 secs]
709.787: [GC (Allocation Failure)  142520K->2890K(506816K), 0.0027115 secs]
718.710: [GC (Allocation Failure)  142666K->2745K(506816K), 0.0044181 secs]
727.530: [GC (Allocation Failure)  142471K->2890K(506816K), 0.0019960 secs]
736.207: [GC (Allocation Failure)  142666K->2890K(506816K), 0.0039348 secs]
