OpenJDK 64-Bit Server VM (25.222-b10) for linux-amd64 JRE (1.8.0_222-8u222-b10-1ubuntu1~18.04.1-b10), built on Jul 18 2019 18:52:48 by "buildd" with gcc 7.4.0
Memory: 4k page, physical 16424660k(15509240k free), swap 0k(0k free)
CommandLine flags: -XX:CompressedClassSpaceSize=45297664 -XX:InitialHeapSize=536870912 -XX:MaxHeapSize=536870912 -XX:MaxMetaspaceSize=53686272 -XX:+PrintGC -XX:+PrintGCTimeStamps -XX:+RequireSharedSpaces -XX:ReservedCodeCacheSize=26843136 -XX:-TieredCompilation -XX:+UseCompressedClassPointers -XX:+UseCompressedOops -XX:+UseSerialGC -XX:+UseSharedSpaces 
9.391: [GC (Allocation Failure)  139776K->2805K(506816K), 0.0086244 secs]
17.500: [GC (Allocation Failure)  142581K->2725K(506816K), 0.0079570 secs]
26.539: [GC (Allocation Failure)  142501K->2885K(506816K), 0.0088765 secs]
35.282: [GC (Allocation Failure)  142661K->2885K(506816K), 0.0057536 secs]
43.981: [GC (Allocation Failure)  142661K->2740K(506816K), 0.0082233 secs]
52.793: [GC (Allocation Failure)  142516K->2886K(506816K), 0.0048112 secs]
61.637: [GC (Allocation Failure)  142662K->2744K(506816K), 0.0091209 secs]
70.248: [GC (Allocation Failure)  142395K->2890K(506816K), 0.0061020 secs]
78.835: [GC (Allocation Failure)  142666K->2747K(506816K), 0.0053303 secs]
87.522: [GC (Allocation Failure)  142523K->2892K(506816K), 0.0046837 secs]
96.324: [GC (Allocation Failure)  142668K->2748K(506816K), 0.0078876 secs]
105.022: [GC (Allocation Failure)  142438K->2749K(506816K), 0.0065578 secs]
113.783: [GC (Allocation Failure)  142525K->2701K(506816K), 0.0075682 secs]
122.887: [GC (Allocation Failure)  142477K->2876K(506816K), 0.0043628 secs]
131.504: [GC (Allocation Failure)  142652K->2871K(506816K), 0.0084714 secs]
140.274: [GC (Allocation Failure)  142647K->2876K(506816K), 0.0108514 secs]
148.979: [GC (Allocation Failure)  142651K->2878K(506816K), 0.0031345 secs]
157.987: [GC (Allocation Failure)  142654K->2877K(506816K), 0.0017410 secs]
166.680: [GC (Allocation Failure)  142650K->2878K(506816K), 0.0039720 secs]
175.424: [GC (Allocation Failure)  142654K->2877K(506816K), 0.0027707 secs]
184.164: [GC (Allocation Failure)  142650K->2878K(506816K), 0.0060743 secs]
192.924: [GC (Allocation Failure)  142654K->2877K(506816K), 0.0025857 secs]
201.715: [GC (Allocation Failure)  142650K->2878K(506816K), 0.0033339 secs]
210.408: [GC (Allocation Failure)  142654K->2877K(506816K), 0.0044452 secs]
219.141: [GC (Allocation Failure)  142650K->2878K(506816K), 0.0024724 secs]
227.913: [GC (Allocation Failure)  142654K->2877K(506816K), 0.0066849 secs]
237.038: [GC (Allocation Failure)  142650K->2889K(506816K), 0.0029710 secs]
245.849: [GC (Allocation Failure)  142665K->2888K(506816K), 0.0022053 secs]
254.703: [GC (Allocation Failure)  142658K->2889K(506816K), 0.0017766 secs]
263.562: [GC (Allocation Failure)  142665K->2889K(506816K), 0.0021106 secs]
272.287: [GC (Allocation Failure)  142657K->2890K(506816K), 0.0033786 secs]
281.061: [GC (Allocation Failure)  142666K->2889K(506816K), 0.0027539 secs]
289.882: [GC (Allocation Failure)  142665K->2892K(506816K), 0.0021746 secs]
298.587: [GC (Allocation Failure)  142668K->2890K(506816K), 0.0028368 secs]
307.262: [GC (Allocation Failure)  142646K->2890K(506816K), 0.0029619 secs]
315.939: [GC (Allocation Failure)  142666K->2889K(506816K), 0.0032113 secs]
324.800: [GC (Allocation Failure)  142640K->2890K(506816K), 0.0033038 secs]
333.471: [GC (Allocation Failure)  142666K->2890K(506816K), 0.0035235 secs]
342.479: [GC (Allocation Failure)  142638K->2891K(506816K), 0.0037461 secs]
351.163: [GC (Allocation Failure)  142667K->2890K(506816K), 0.0034256 secs]
359.822: [GC (Allocation Failure)  142637K->2891K(506816K), 0.0021516 secs]
368.551: [GC (Allocation Failure)  142667K->2890K(506816K), 0.0037944 secs]
377.276: [GC (Allocation Failure)  142637K->2891K(506816K), 0.0032410 secs]
385.972: [GC (Allocation Failure)  142667K->2890K(506816K), 0.0039765 secs]
394.617: [GC (Allocation Failure)  142637K->2891K(506816K), 0.0024147 secs]
403.389: [GC (Allocation Failure)  142667K->2890K(506816K), 0.0020614 secs]
412.146: [GC (Allocation Failure)  142636K->2891K(506816K), 0.0028991 secs]
420.919: [GC (Allocation Failure)  142667K->2890K(506816K), 0.0026273 secs]
429.658: [GC (Allocation Failure)  142636K->2891K(506816K), 0.0031431 secs]
438.335: [GC (Allocation Failure)  142667K->2890K(506816K), 0.0054769 secs]
447.029: [GC (Allocation Failure)  142636K->2891K(506816K), 0.0021501 secs]
455.594: [GC (Allocation Failure)  142667K->2890K(506816K), 0.0044166 secs]
464.567: [GC (Allocation Failure)  142636K->2891K(506816K), 0.0039203 secs]
473.337: [GC (Allocation Failure)  142667K->2890K(506816K), 0.0021182 secs]
482.085: [GC (Allocation Failure)  142636K->2891K(506816K), 0.0017732 secs]
490.805: [GC (Allocation Failure)  142667K->2890K(506816K), 0.0029252 secs]
499.586: [GC (Allocation Failure)  142636K->2891K(506816K), 0.0020740 secs]
508.342: [GC (Allocation Failure)  142667K->2890K(506816K), 0.0021942 secs]
517.026: [GC (Allocation Failure)  142636K->2891K(506816K), 0.0021047 secs]
525.702: [GC (Allocation Failure)  142667K->2890K(506816K), 0.0017407 secs]
534.506: [GC (Allocation Failure)  142636K->2891K(506816K), 0.0033424 secs]
543.237: [GC (Allocation Failure)  142667K->2890K(506816K), 0.0020962 secs]
551.937: [GC (Allocation Failure)  142636K->2891K(506816K), 0.0028011 secs]
560.721: [GC (Allocation Failure)  142667K->2890K(506816K), 0.0025937 secs]
569.449: [GC (Allocation Failure)  142636K->2891K(506816K), 0.0021171 secs]
578.102: [GC (Allocation Failure)  142667K->2890K(506816K), 0.0025131 secs]
586.964: [GC (Allocation Failure)  142636K->2891K(506816K), 0.0027837 secs]
595.606: [GC (Allocation Failure)  142667K->2890K(506816K), 0.0021622 secs]
604.343: [GC (Allocation Failure)  142636K->2891K(506816K), 0.0027190 secs]
613.095: [GC (Allocation Failure)  142667K->2890K(506816K), 0.0040837 secs]
621.873: [GC (Allocation Failure)  142636K->2891K(506816K), 0.0020600 secs]
630.623: [GC (Allocation Failure)  142667K->2890K(506816K), 0.0031268 secs]
639.367: [GC (Allocation Failure)  142636K->2891K(506816K), 0.0016915 secs]
648.021: [GC (Allocation Failure)  142667K->2890K(506816K), 0.0019349 secs]
656.786: [GC (Allocation Failure)  142636K->2891K(506816K), 0.0025372 secs]
665.516: [GC (Allocation Failure)  142667K->2890K(506816K), 0.0031298 secs]
674.240: [GC (Allocation Failure)  142636K->2891K(506816K), 0.0030939 secs]
683.023: [GC (Allocation Failure)  142667K->2890K(506816K), 0.0030832 secs]
691.857: [GC (Allocation Failure)  142636K->2891K(506816K), 0.0045683 secs]
700.472: [GC (Allocation Failure)  142667K->2890K(506816K), 0.0023351 secs]
709.228: [GC (Allocation Failure)  142636K->2891K(506816K), 0.0053614 secs]
717.969: [GC (Allocation Failure)  142667K->2890K(506816K), 0.0030194 secs]
726.619: [GC (Allocation Failure)  142636K->2891K(506816K), 0.0023399 secs]
