OpenJDK 64-Bit Server VM (25.222-b10) for linux-amd64 JRE (1.8.0_222-8u222-b10-1ubuntu1~18.04.1-b10), built on Jul 18 2019 18:52:48 by "buildd" with gcc 7.4.0
Memory: 4k page, physical 16424660k(15507016k free), swap 0k(0k free)
CommandLine flags: -XX:CompressedClassSpaceSize=45297664 -XX:InitialHeapSize=536870912 -XX:MaxHeapSize=536870912 -XX:MaxMetaspaceSize=53686272 -XX:+PrintGC -XX:+PrintGCTimeStamps -XX:+RequireSharedSpaces -XX:ReservedCodeCacheSize=26843136 -XX:-TieredCompilation -XX:+UseCompressedClassPointers -XX:+UseCompressedOops -XX:+UseSerialGC -XX:+UseSharedSpaces 
9.403: [GC (Allocation Failure)  139776K->2934K(506816K), 0.0126802 secs]
17.652: [GC (Allocation Failure)  142710K->2724K(506816K), 0.0074712 secs]
26.086: [GC (Allocation Failure)  142500K->2885K(506816K), 0.0070078 secs]
34.852: [GC (Allocation Failure)  142661K->2869K(506816K), 0.0083435 secs]
43.523: [GC (Allocation Failure)  142645K->2886K(506816K), 0.0045646 secs]
52.175: [GC (Allocation Failure)  142662K->2740K(506816K), 0.0061447 secs]
60.849: [GC (Allocation Failure)  142391K->2744K(506816K), 0.0059710 secs]
69.610: [GC (Allocation Failure)  142520K->2744K(506816K), 0.0045126 secs]
78.318: [GC (Allocation Failure)  142520K->2892K(506816K), 0.0051555 secs]
86.978: [GC (Allocation Failure)  142668K->2747K(506816K), 0.0047922 secs]
95.581: [GC (Allocation Failure)  142504K->2895K(506816K), 0.0056940 secs]
104.300: [GC (Allocation Failure)  142671K->2877K(506816K), 0.0074292 secs]
113.034: [GC (Allocation Failure)  142653K->2896K(506816K), 0.0058393 secs]
121.705: [GC (Allocation Failure)  142672K->2729K(506816K), 0.0056953 secs]
130.492: [GC (Allocation Failure)  142505K->2726K(506816K), 0.0083218 secs]
139.364: [GC (Allocation Failure)  142434K->2731K(506816K), 0.0121820 secs]
148.077: [GC (Allocation Failure)  142507K->2877K(506816K), 0.0029906 secs]
156.952: [GC (Allocation Failure)  142653K->2732K(506816K), 0.0041014 secs]
165.711: [GC (Allocation Failure)  142480K->2877K(506816K), 0.0042321 secs]
174.451: [GC (Allocation Failure)  142653K->2860K(506816K), 0.0032347 secs]
183.270: [GC (Allocation Failure)  142636K->2878K(506816K), 0.0020719 secs]
192.049: [GC (Allocation Failure)  142654K->2730K(506816K), 0.0024670 secs]
200.952: [GC (Allocation Failure)  142506K->2725K(506816K), 0.0023461 secs]
209.747: [GC (Allocation Failure)  142501K->2741K(506816K), 0.0024799 secs]
218.620: [GC (Allocation Failure)  142517K->2878K(506816K), 0.0104871 secs]
227.504: [GC (Allocation Failure)  142654K->2732K(506816K), 0.0019853 secs]
236.774: [GC (Allocation Failure)  142508K->2888K(506816K), 0.0028114 secs]
245.680: [GC (Allocation Failure)  142664K->2742K(506816K), 0.0034156 secs]
254.678: [GC (Allocation Failure)  142433K->2743K(506816K), 0.0020863 secs]
263.615: [GC (Allocation Failure)  142519K->2720K(506816K), 0.0103227 secs]
272.306: [GC (Allocation Failure)  142496K->2889K(506816K), 0.0021001 secs]
281.088: [GC (Allocation Failure)  142665K->2743K(506816K), 0.0038610 secs]
290.065: [GC (Allocation Failure)  142519K->2891K(506816K), 0.0034555 secs]
298.800: [GC (Allocation Failure)  142667K->2744K(506816K), 0.0023377 secs]
307.739: [GC (Allocation Failure)  142450K->2890K(506816K), 0.0017620 secs]
316.672: [GC (Allocation Failure)  142666K->2890K(506816K), 0.0029125 secs]
325.317: [GC (Allocation Failure)  142666K->2751K(506816K), 0.0032367 secs]
334.328: [GC (Allocation Failure)  142527K->2889K(506816K), 0.0040342 secs]
343.113: [GC (Allocation Failure)  142665K->2744K(506816K), 0.0027721 secs]
351.753: [GC (Allocation Failure)  142520K->2890K(506816K), 0.0021032 secs]
360.278: [GC (Allocation Failure)  142666K->2745K(506816K), 0.0020002 secs]
369.129: [GC (Allocation Failure)  142464K->2890K(506816K), 0.0031739 secs]
378.005: [GC (Allocation Failure)  142666K->2890K(506816K), 0.0037367 secs]
386.654: [GC (Allocation Failure)  142666K->2743K(506816K), 0.0027870 secs]
395.666: [GC (Allocation Failure)  142381K->2890K(506816K), 0.0027020 secs]
404.446: [GC (Allocation Failure)  142666K->2890K(506816K), 0.0020793 secs]
413.328: [GC (Allocation Failure)  142666K->2744K(506816K), 0.0034431 secs]
421.966: [GC (Allocation Failure)  142520K->2890K(506816K), 0.0030501 secs]
430.807: [GC (Allocation Failure)  142666K->2745K(506816K), 0.0041593 secs]
439.760: [GC (Allocation Failure)  142471K->2890K(506816K), 0.0032670 secs]
448.416: [GC (Allocation Failure)  142666K->2890K(506816K), 0.0040879 secs]
457.152: [GC (Allocation Failure)  142666K->2743K(506816K), 0.0030676 secs]
465.855: [GC (Allocation Failure)  142382K->2890K(506816K), 0.0020447 secs]
474.656: [GC (Allocation Failure)  142666K->2890K(506816K), 0.0022602 secs]
483.315: [GC (Allocation Failure)  142666K->2744K(506816K), 0.0020250 secs]
492.026: [GC (Allocation Failure)  142520K->2890K(506816K), 0.0081245 secs]
500.885: [GC (Allocation Failure)  142666K->2745K(506816K), 0.0034369 secs]
509.539: [GC (Allocation Failure)  142471K->2890K(506816K), 0.0033354 secs]
518.219: [GC (Allocation Failure)  142666K->2890K(506816K), 0.0058223 secs]
526.901: [GC (Allocation Failure)  142666K->2743K(506816K), 0.0026465 secs]
535.528: [GC (Allocation Failure)  142382K->2890K(506816K), 0.0034772 secs]
544.139: [GC (Allocation Failure)  142666K->2890K(506816K), 0.0033773 secs]
552.817: [GC (Allocation Failure)  142666K->2744K(506816K), 0.0019636 secs]
561.675: [GC (Allocation Failure)  142520K->2890K(506816K), 0.0053201 secs]
570.427: [GC (Allocation Failure)  142666K->2745K(506816K), 0.0039020 secs]
579.197: [GC (Allocation Failure)  142471K->2890K(506816K), 0.0041502 secs]
587.919: [GC (Allocation Failure)  142666K->2890K(506816K), 0.0052797 secs]
596.623: [GC (Allocation Failure)  142666K->2743K(506816K), 0.0019731 secs]
605.336: [GC (Allocation Failure)  142382K->2890K(506816K), 0.0038468 secs]
613.767: [GC (Allocation Failure)  142666K->2890K(506816K), 0.0022236 secs]
622.572: [GC (Allocation Failure)  142666K->2744K(506816K), 0.0019049 secs]
631.177: [GC (Allocation Failure)  142520K->2890K(506816K), 0.0036966 secs]
639.819: [GC (Allocation Failure)  142666K->2745K(506816K), 0.0020118 secs]
648.691: [GC (Allocation Failure)  142471K->2890K(506816K), 0.0037682 secs]
657.412: [GC (Allocation Failure)  142666K->2890K(506816K), 0.0024673 secs]
666.027: [GC (Allocation Failure)  142666K->2743K(506816K), 0.0056851 secs]
674.671: [GC (Allocation Failure)  142382K->2890K(506816K), 0.0030615 secs]
683.544: [GC (Allocation Failure)  142666K->2890K(506816K), 0.0020282 secs]
692.289: [GC (Allocation Failure)  142666K->2744K(506816K), 0.0035435 secs]
700.955: [GC (Allocation Failure)  142520K->2890K(506816K), 0.0024830 secs]
709.731: [GC (Allocation Failure)  142666K->2745K(506816K), 0.0020189 secs]
718.381: [GC (Allocation Failure)  142471K->2890K(506816K), 0.0092691 secs]
726.979: [GC (Allocation Failure)  142666K->2890K(506816K), 0.0028819 secs]
