OpenJDK 64-Bit Server VM (25.222-b10) for linux-amd64 JRE (1.8.0_222-8u222-b10-1ubuntu1~18.04.1-b10), built on Jul 18 2019 18:52:48 by "buildd" with gcc 7.4.0
Memory: 4k page, physical 16424660k(15503996k free), swap 0k(0k free)
CommandLine flags: -XX:CompressedClassSpaceSize=45297664 -XX:InitialHeapSize=536870912 -XX:MaxHeapSize=536870912 -XX:MaxMetaspaceSize=53686272 -XX:+PrintGC -XX:+PrintGCTimeStamps -XX:+RequireSharedSpaces -XX:ReservedCodeCacheSize=26843136 -XX:-TieredCompilation -XX:+UseCompressedClassPointers -XX:+UseCompressedOops -XX:+UseSerialGC -XX:+UseSharedSpaces 
9.437: [GC (Allocation Failure)  139776K->2934K(506816K), 0.0101528 secs]
18.142: [GC (Allocation Failure)  142710K->2725K(506816K), 0.0061671 secs]
26.766: [GC (Allocation Failure)  142501K->2885K(506816K), 0.0062136 secs]
35.644: [GC (Allocation Failure)  142661K->2869K(506816K), 0.0081982 secs]
44.566: [GC (Allocation Failure)  142645K->2886K(506816K), 0.0052956 secs]
53.085: [GC (Allocation Failure)  142662K->2740K(506816K), 0.0062215 secs]
61.827: [GC (Allocation Failure)  142391K->2744K(506816K), 0.0054640 secs]
70.585: [GC (Allocation Failure)  142520K->2744K(506816K), 0.0068087 secs]
79.280: [GC (Allocation Failure)  142520K->2892K(506816K), 0.0062659 secs]
87.965: [GC (Allocation Failure)  142668K->2747K(506816K), 0.0057822 secs]
96.747: [GC (Allocation Failure)  142504K->2895K(506816K), 0.0049869 secs]
105.516: [GC (Allocation Failure)  142671K->2877K(506816K), 0.0058358 secs]
114.536: [GC (Allocation Failure)  142653K->2896K(506816K), 0.0067524 secs]
123.289: [GC (Allocation Failure)  142672K->2729K(506816K), 0.0060488 secs]
132.072: [GC (Allocation Failure)  142505K->2726K(506816K), 0.0049449 secs]
140.907: [GC (Allocation Failure)  142434K->2731K(506816K), 0.0117412 secs]
149.785: [GC (Allocation Failure)  142507K->2877K(506816K), 0.0025263 secs]
158.738: [GC (Allocation Failure)  142653K->2732K(506816K), 0.0048018 secs]
167.588: [GC (Allocation Failure)  142480K->2877K(506816K), 0.0041669 secs]
176.477: [GC (Allocation Failure)  142653K->2860K(506816K), 0.0030748 secs]
185.313: [GC (Allocation Failure)  142636K->2878K(506816K), 0.0039845 secs]
193.995: [GC (Allocation Failure)  142654K->2730K(506816K), 0.0020181 secs]
202.926: [GC (Allocation Failure)  142506K->2725K(506816K), 0.0020991 secs]
211.613: [GC (Allocation Failure)  142501K->2741K(506816K), 0.0024062 secs]
220.605: [GC (Allocation Failure)  142517K->2878K(506816K), 0.0053802 secs]
229.373: [GC (Allocation Failure)  142654K->2732K(506816K), 0.0023895 secs]
238.337: [GC (Allocation Failure)  142508K->2888K(506816K), 0.0026745 secs]
247.224: [GC (Allocation Failure)  142664K->2742K(506816K), 0.0064120 secs]
256.235: [GC (Allocation Failure)  142433K->2743K(506816K), 0.0019040 secs]
265.107: [GC (Allocation Failure)  142519K->2720K(506816K), 0.0019110 secs]
273.833: [GC (Allocation Failure)  142496K->2889K(506816K), 0.0043071 secs]
282.752: [GC (Allocation Failure)  142665K->2744K(506816K), 0.0026683 secs]
291.570: [GC (Allocation Failure)  142520K->2892K(506816K), 0.0042527 secs]
300.381: [GC (Allocation Failure)  142668K->2744K(506816K), 0.0031800 secs]
309.309: [GC (Allocation Failure)  142450K->2890K(506816K), 0.0041735 secs]
318.139: [GC (Allocation Failure)  142666K->2890K(506816K), 0.0045679 secs]
326.824: [GC (Allocation Failure)  142666K->2751K(506816K), 0.0040637 secs]
335.463: [GC (Allocation Failure)  142527K->2890K(506816K), 0.0023546 secs]
344.597: [GC (Allocation Failure)  142666K->2744K(506816K), 0.0025245 secs]
353.389: [GC (Allocation Failure)  142520K->2890K(506816K), 0.0030943 secs]
362.394: [GC (Allocation Failure)  142666K->2745K(506816K), 0.0019421 secs]
371.442: [GC (Allocation Failure)  142464K->2890K(506816K), 0.0033287 secs]
380.412: [GC (Allocation Failure)  142666K->2890K(506816K), 0.0020625 secs]
389.372: [GC (Allocation Failure)  142666K->2743K(506816K), 0.0029287 secs]
398.325: [GC (Allocation Failure)  142381K->2890K(506816K), 0.0039530 secs]
407.546: [GC (Allocation Failure)  142666K->2890K(506816K), 0.0029336 secs]
416.588: [GC (Allocation Failure)  142666K->2744K(506816K), 0.0035738 secs]
425.741: [GC (Allocation Failure)  142520K->2890K(506816K), 0.0041931 secs]
434.843: [GC (Allocation Failure)  142666K->2745K(506816K), 0.0020063 secs]
443.953: [GC (Allocation Failure)  142471K->2890K(506816K), 0.0017598 secs]
452.937: [GC (Allocation Failure)  142666K->2890K(506816K), 0.0035595 secs]
461.817: [GC (Allocation Failure)  142666K->2743K(506816K), 0.0031993 secs]
471.001: [GC (Allocation Failure)  142382K->2890K(506816K), 0.0039777 secs]
480.021: [GC (Allocation Failure)  142666K->2890K(506816K), 0.0042043 secs]
489.047: [GC (Allocation Failure)  142666K->2744K(506816K), 0.0031148 secs]
498.003: [GC (Allocation Failure)  142520K->2890K(506816K), 0.0040534 secs]
507.030: [GC (Allocation Failure)  142666K->2745K(506816K), 0.0019877 secs]
516.201: [GC (Allocation Failure)  142471K->2890K(506816K), 0.0032703 secs]
525.173: [GC (Allocation Failure)  142666K->2890K(506816K), 0.0026353 secs]
534.111: [GC (Allocation Failure)  142666K->2743K(506816K), 0.0017189 secs]
543.189: [GC (Allocation Failure)  142382K->2890K(506816K), 0.0029829 secs]
552.271: [GC (Allocation Failure)  142666K->2890K(506816K), 0.0048574 secs]
561.187: [GC (Allocation Failure)  142666K->2744K(506816K), 0.0036723 secs]
570.204: [GC (Allocation Failure)  142520K->2890K(506816K), 0.0049761 secs]
579.283: [GC (Allocation Failure)  142666K->2745K(506816K), 0.0025501 secs]
588.412: [GC (Allocation Failure)  142471K->2890K(506816K), 0.0020495 secs]
597.454: [GC (Allocation Failure)  142666K->2890K(506816K), 0.0029895 secs]
606.383: [GC (Allocation Failure)  142666K->2743K(506816K), 0.0020531 secs]
615.541: [GC (Allocation Failure)  142382K->2890K(506816K), 0.0035709 secs]
624.640: [GC (Allocation Failure)  142666K->2890K(506816K), 0.0029437 secs]
633.757: [GC (Allocation Failure)  142666K->2744K(506816K), 0.0064686 secs]
642.836: [GC (Allocation Failure)  142520K->2890K(506816K), 0.0034351 secs]
651.608: [GC (Allocation Failure)  142666K->2745K(506816K), 0.0035850 secs]
660.495: [GC (Allocation Failure)  142471K->2890K(506816K), 0.0018204 secs]
669.597: [GC (Allocation Failure)  142666K->2890K(506816K), 0.0038049 secs]
678.756: [GC (Allocation Failure)  142666K->2743K(506816K), 0.0027542 secs]
687.838: [GC (Allocation Failure)  142382K->2890K(506816K), 0.0020989 secs]
696.878: [GC (Allocation Failure)  142666K->2890K(506816K), 0.0028272 secs]
705.967: [GC (Allocation Failure)  142666K->2744K(506816K), 0.0036255 secs]
715.119: [GC (Allocation Failure)  142520K->2890K(506816K), 0.0021436 secs]
724.289: [GC (Allocation Failure)  142666K->2745K(506816K), 0.0032448 secs]
733.340: [GC (Allocation Failure)  142471K->2890K(506816K), 0.0043148 secs]
742.303: [GC (Allocation Failure)  142666K->2890K(506816K), 0.0021214 secs]
