OpenJDK 64-Bit Server VM (25.222-b10) for linux-amd64 JRE (1.8.0_222-8u222-b10-1ubuntu1~18.04.1-b10), built on Jul 18 2019 18:52:48 by "buildd" with gcc 7.4.0
Memory: 4k page, physical 16424660k(15510268k free), swap 0k(0k free)
CommandLine flags: -XX:CompressedClassSpaceSize=45297664 -XX:InitialHeapSize=536870912 -XX:MaxHeapSize=536870912 -XX:MaxMetaspaceSize=53686272 -XX:+PrintGC -XX:+PrintGCTimeStamps -XX:+RequireSharedSpaces -XX:ReservedCodeCacheSize=26843136 -XX:-TieredCompilation -XX:+UseCompressedClassPointers -XX:+UseCompressedOops -XX:+UseSerialGC -XX:+UseSharedSpaces 
9.100: [GC (Allocation Failure)  139776K->2805K(506816K), 0.0129241 secs]
17.343: [GC (Allocation Failure)  142581K->2725K(506816K), 0.0105768 secs]
26.207: [GC (Allocation Failure)  142501K->2885K(506816K), 0.0050715 secs]
35.040: [GC (Allocation Failure)  142661K->2885K(506816K), 0.0107018 secs]
43.798: [GC (Allocation Failure)  142661K->2740K(506816K), 0.0055260 secs]
52.621: [GC (Allocation Failure)  142516K->2886K(506816K), 0.0064031 secs]
61.429: [GC (Allocation Failure)  142662K->2744K(506816K), 0.0055145 secs]
69.977: [GC (Allocation Failure)  142395K->2890K(506816K), 0.0100527 secs]
78.791: [GC (Allocation Failure)  142666K->2747K(506816K), 0.0044928 secs]
87.440: [GC (Allocation Failure)  142523K->2892K(506816K), 0.0056657 secs]
96.213: [GC (Allocation Failure)  142668K->2748K(506816K), 0.0071716 secs]
104.697: [GC (Allocation Failure)  142438K->2749K(506816K), 0.0078763 secs]
113.478: [GC (Allocation Failure)  142525K->2701K(506816K), 0.0050006 secs]
122.589: [GC (Allocation Failure)  142477K->2876K(506816K), 0.0071316 secs]
131.101: [GC (Allocation Failure)  142652K->2871K(506816K), 0.0062350 secs]
139.800: [GC (Allocation Failure)  142647K->2876K(506816K), 0.0099733 secs]
149.589: [GC (Allocation Failure)  142651K->2878K(506816K), 0.0052209 secs]
158.305: [GC (Allocation Failure)  142654K->2877K(506816K), 0.0030204 secs]
167.248: [GC (Allocation Failure)  142650K->2878K(506816K), 0.0021461 secs]
175.958: [GC (Allocation Failure)  142654K->2877K(506816K), 0.0020848 secs]
184.670: [GC (Allocation Failure)  142650K->2878K(506816K), 0.0023756 secs]
193.326: [GC (Allocation Failure)  142654K->2877K(506816K), 0.0036891 secs]
202.174: [GC (Allocation Failure)  142650K->2878K(506816K), 0.0022542 secs]
210.890: [GC (Allocation Failure)  142654K->2877K(506816K), 0.0034358 secs]
219.726: [GC (Allocation Failure)  142650K->2878K(506816K), 0.0034944 secs]
228.650: [GC (Allocation Failure)  142654K->2877K(506816K), 0.0023839 secs]
237.764: [GC (Allocation Failure)  142650K->2889K(506816K), 0.0022340 secs]
246.556: [GC (Allocation Failure)  142665K->2888K(506816K), 0.0048603 secs]
255.468: [GC (Allocation Failure)  142658K->2889K(506816K), 0.0022459 secs]
264.202: [GC (Allocation Failure)  142665K->2889K(506816K), 0.0025606 secs]
273.069: [GC (Allocation Failure)  142657K->2890K(506816K), 0.0038964 secs]
281.927: [GC (Allocation Failure)  142666K->2889K(506816K), 0.0034694 secs]
290.702: [GC (Allocation Failure)  142665K->2891K(506816K), 0.0036157 secs]
299.460: [GC (Allocation Failure)  142667K->2890K(506816K), 0.0020017 secs]
307.998: [GC (Allocation Failure)  142646K->2890K(506816K), 0.0058716 secs]
316.762: [GC (Allocation Failure)  142666K->2889K(506816K), 0.0029211 secs]
325.414: [GC (Allocation Failure)  142640K->2890K(506816K), 0.0024731 secs]
334.207: [GC (Allocation Failure)  142666K->2889K(506816K), 0.0016610 secs]
343.155: [GC (Allocation Failure)  142638K->2891K(506816K), 0.0038932 secs]
351.762: [GC (Allocation Failure)  142667K->2890K(506816K), 0.0035620 secs]
360.690: [GC (Allocation Failure)  142637K->2891K(506816K), 0.0065302 secs]
369.504: [GC (Allocation Failure)  142667K->2890K(506816K), 0.0051595 secs]
378.261: [GC (Allocation Failure)  142637K->2891K(506816K), 0.0028127 secs]
386.935: [GC (Allocation Failure)  142667K->2890K(506816K), 0.0037296 secs]
395.790: [GC (Allocation Failure)  142637K->2891K(506816K), 0.0029483 secs]
404.568: [GC (Allocation Failure)  142667K->2890K(506816K), 0.0027516 secs]
413.494: [GC (Allocation Failure)  142636K->2891K(506816K), 0.0053255 secs]
422.288: [GC (Allocation Failure)  142667K->2890K(506816K), 0.0021337 secs]
431.285: [GC (Allocation Failure)  142636K->2891K(506816K), 0.0046349 secs]
440.069: [GC (Allocation Failure)  142667K->2890K(506816K), 0.0032265 secs]
448.959: [GC (Allocation Failure)  142636K->2891K(506816K), 0.0017168 secs]
457.742: [GC (Allocation Failure)  142667K->2890K(506816K), 0.0025056 secs]
466.646: [GC (Allocation Failure)  142636K->2891K(506816K), 0.0032108 secs]
475.435: [GC (Allocation Failure)  142667K->2890K(506816K), 0.0039885 secs]
484.223: [GC (Allocation Failure)  142636K->2891K(506816K), 0.0020540 secs]
492.921: [GC (Allocation Failure)  142667K->2890K(506816K), 0.0044467 secs]
501.731: [GC (Allocation Failure)  142636K->2891K(506816K), 0.0038115 secs]
510.344: [GC (Allocation Failure)  142667K->2890K(506816K), 0.0021097 secs]
519.148: [GC (Allocation Failure)  142636K->2891K(506816K), 0.0045065 secs]
528.069: [GC (Allocation Failure)  142667K->2890K(506816K), 0.0021000 secs]
536.752: [GC (Allocation Failure)  142636K->2891K(506816K), 0.0020966 secs]
545.400: [GC (Allocation Failure)  142667K->2890K(506816K), 0.0021241 secs]
554.210: [GC (Allocation Failure)  142636K->2891K(506816K), 0.0044426 secs]
562.923: [GC (Allocation Failure)  142667K->2890K(506816K), 0.0023335 secs]
571.563: [GC (Allocation Failure)  142636K->2891K(506816K), 0.0035608 secs]
580.368: [GC (Allocation Failure)  142667K->2890K(506816K), 0.0045388 secs]
589.343: [GC (Allocation Failure)  142636K->2891K(506816K), 0.0025507 secs]
598.000: [GC (Allocation Failure)  142667K->2890K(506816K), 0.0029562 secs]
606.809: [GC (Allocation Failure)  142636K->2891K(506816K), 0.0038468 secs]
615.528: [GC (Allocation Failure)  142667K->2890K(506816K), 0.0020376 secs]
624.210: [GC (Allocation Failure)  142636K->2891K(506816K), 0.0025691 secs]
632.903: [GC (Allocation Failure)  142667K->2890K(506816K), 0.0034811 secs]
641.522: [GC (Allocation Failure)  142636K->2891K(506816K), 0.0020921 secs]
650.364: [GC (Allocation Failure)  142667K->2890K(506816K), 0.0039009 secs]
659.012: [GC (Allocation Failure)  142636K->2891K(506816K), 0.0027400 secs]
667.589: [GC (Allocation Failure)  142667K->2890K(506816K), 0.0027964 secs]
676.289: [GC (Allocation Failure)  142636K->2891K(506816K), 0.0058324 secs]
684.984: [GC (Allocation Failure)  142667K->2890K(506816K), 0.0023998 secs]
693.625: [GC (Allocation Failure)  142636K->2891K(506816K), 0.0023905 secs]
702.006: [GC (Allocation Failure)  142667K->2890K(506816K), 0.0037029 secs]
710.668: [GC (Allocation Failure)  142636K->2891K(506816K), 0.0020262 secs]
719.328: [GC (Allocation Failure)  142667K->2890K(506816K), 0.0023278 secs]
728.002: [GC (Allocation Failure)  142636K->2891K(506816K), 0.0038313 secs]
