OpenJDK 64-Bit Server VM (25.222-b10) for linux-amd64 JRE (1.8.0_222-8u222-b10-1ubuntu1~18.04.1-b10), built on Jul 18 2019 18:52:48 by "buildd" with gcc 7.4.0
Memory: 4k page, physical 16424660k(15508644k free), swap 0k(0k free)
CommandLine flags: -XX:CompressedClassSpaceSize=45297664 -XX:InitialHeapSize=536870912 -XX:MaxHeapSize=536870912 -XX:MaxMetaspaceSize=53686272 -XX:+PrintGC -XX:+PrintGCTimeStamps -XX:+RequireSharedSpaces -XX:ReservedCodeCacheSize=26843136 -XX:-TieredCompilation -XX:+UseCompressedClassPointers -XX:+UseCompressedOops -XX:+UseSerialGC -XX:+UseSharedSpaces 
9.374: [GC (Allocation Failure)  139776K->2934K(506816K), 0.0097867 secs]
17.932: [GC (Allocation Failure)  142710K->2725K(506816K), 0.0070930 secs]
26.953: [GC (Allocation Failure)  142501K->2885K(506816K), 0.0080290 secs]
35.599: [GC (Allocation Failure)  142661K->2869K(506816K), 0.0072235 secs]
44.276: [GC (Allocation Failure)  142645K->2886K(506816K), 0.0047178 secs]
53.080: [GC (Allocation Failure)  142662K->2740K(506816K), 0.0056325 secs]
61.766: [GC (Allocation Failure)  142391K->2744K(506816K), 0.0056937 secs]
70.385: [GC (Allocation Failure)  142520K->2744K(506816K), 0.0063615 secs]
79.158: [GC (Allocation Failure)  142520K->2892K(506816K), 0.0078250 secs]
87.798: [GC (Allocation Failure)  142668K->2747K(506816K), 0.0045013 secs]
96.335: [GC (Allocation Failure)  142504K->2895K(506816K), 0.0051178 secs]
105.000: [GC (Allocation Failure)  142671K->2877K(506816K), 0.0071100 secs]
113.668: [GC (Allocation Failure)  142653K->2896K(506816K), 0.0042531 secs]
122.207: [GC (Allocation Failure)  142672K->2729K(506816K), 0.0096925 secs]
130.890: [GC (Allocation Failure)  142505K->2726K(506816K), 0.0046133 secs]
139.707: [GC (Allocation Failure)  142434K->2731K(506816K), 0.0116305 secs]
148.348: [GC (Allocation Failure)  142507K->2877K(506816K), 0.0028687 secs]
157.178: [GC (Allocation Failure)  142653K->2732K(506816K), 0.0047343 secs]
165.908: [GC (Allocation Failure)  142480K->2877K(506816K), 0.0020596 secs]
174.615: [GC (Allocation Failure)  142653K->2860K(506816K), 0.0018916 secs]
183.346: [GC (Allocation Failure)  142636K->2878K(506816K), 0.0034661 secs]
191.993: [GC (Allocation Failure)  142654K->2730K(506816K), 0.0035357 secs]
200.860: [GC (Allocation Failure)  142506K->2725K(506816K), 0.0048136 secs]
209.646: [GC (Allocation Failure)  142501K->2741K(506816K), 0.0020519 secs]
218.494: [GC (Allocation Failure)  142517K->2878K(506816K), 0.0058028 secs]
227.291: [GC (Allocation Failure)  142654K->2732K(506816K), 0.0044692 secs]
236.467: [GC (Allocation Failure)  142508K->2888K(506816K), 0.0021297 secs]
245.417: [GC (Allocation Failure)  142664K->2742K(506816K), 0.0018813 secs]
254.688: [GC (Allocation Failure)  142433K->2743K(506816K), 0.0033861 secs]
263.687: [GC (Allocation Failure)  142519K->2720K(506816K), 0.0019666 secs]
272.710: [GC (Allocation Failure)  142496K->2889K(506816K), 0.0071031 secs]
281.587: [GC (Allocation Failure)  142665K->2743K(506816K), 0.0023543 secs]
290.567: [GC (Allocation Failure)  142519K->2891K(506816K), 0.0053481 secs]
299.173: [GC (Allocation Failure)  142667K->2744K(506816K), 0.0026578 secs]
307.828: [GC (Allocation Failure)  142450K->2890K(506816K), 0.0029206 secs]
316.474: [GC (Allocation Failure)  142666K->2890K(506816K), 0.0038835 secs]
325.183: [GC (Allocation Failure)  142666K->2751K(506816K), 0.0019261 secs]
333.756: [GC (Allocation Failure)  142527K->2889K(506816K), 0.0029762 secs]
342.562: [GC (Allocation Failure)  142665K->2744K(506816K), 0.0038263 secs]
351.586: [GC (Allocation Failure)  142520K->2890K(506816K), 0.0043088 secs]
360.592: [GC (Allocation Failure)  142666K->2745K(506816K), 0.0020353 secs]
369.666: [GC (Allocation Failure)  142464K->2890K(506816K), 0.0047056 secs]
378.510: [GC (Allocation Failure)  142666K->2890K(506816K), 0.0028875 secs]
387.518: [GC (Allocation Failure)  142666K->2743K(506816K), 0.0055173 secs]
396.328: [GC (Allocation Failure)  142381K->2890K(506816K), 0.0045358 secs]
405.140: [GC (Allocation Failure)  142666K->2890K(506816K), 0.0024825 secs]
414.170: [GC (Allocation Failure)  142666K->2744K(506816K), 0.0024796 secs]
423.150: [GC (Allocation Failure)  142520K->2890K(506816K), 0.0024338 secs]
432.052: [GC (Allocation Failure)  142666K->2745K(506816K), 0.0022562 secs]
441.216: [GC (Allocation Failure)  142471K->2890K(506816K), 0.0057737 secs]
450.169: [GC (Allocation Failure)  142666K->2890K(506816K), 0.0036254 secs]
458.922: [GC (Allocation Failure)  142666K->2743K(506816K), 0.0031146 secs]
467.747: [GC (Allocation Failure)  142382K->2890K(506816K), 0.0019766 secs]
476.812: [GC (Allocation Failure)  142666K->2890K(506816K), 0.0041272 secs]
485.758: [GC (Allocation Failure)  142666K->2744K(506816K), 0.0038342 secs]
494.769: [GC (Allocation Failure)  142520K->2890K(506816K), 0.0026663 secs]
503.742: [GC (Allocation Failure)  142666K->2745K(506816K), 0.0028043 secs]
512.863: [GC (Allocation Failure)  142471K->2890K(506816K), 0.0032959 secs]
521.632: [GC (Allocation Failure)  142666K->2890K(506816K), 0.0036035 secs]
530.624: [GC (Allocation Failure)  142666K->2743K(506816K), 0.0019893 secs]
539.626: [GC (Allocation Failure)  142382K->2890K(506816K), 0.0048159 secs]
548.592: [GC (Allocation Failure)  142666K->2890K(506816K), 0.0033114 secs]
557.489: [GC (Allocation Failure)  142666K->2744K(506816K), 0.0019307 secs]
566.538: [GC (Allocation Failure)  142520K->2890K(506816K), 0.0025123 secs]
575.641: [GC (Allocation Failure)  142666K->2745K(506816K), 0.0020307 secs]
584.442: [GC (Allocation Failure)  142471K->2890K(506816K), 0.0059087 secs]
593.438: [GC (Allocation Failure)  142666K->2890K(506816K), 0.0038056 secs]
602.253: [GC (Allocation Failure)  142666K->2743K(506816K), 0.0019426 secs]
611.372: [GC (Allocation Failure)  142382K->2890K(506816K), 0.0029677 secs]
620.247: [GC (Allocation Failure)  142666K->2890K(506816K), 0.0022810 secs]
629.155: [GC (Allocation Failure)  142666K->2744K(506816K), 0.0017290 secs]
637.976: [GC (Allocation Failure)  142520K->2890K(506816K), 0.0026036 secs]
646.838: [GC (Allocation Failure)  142666K->2745K(506816K), 0.0019578 secs]
655.759: [GC (Allocation Failure)  142471K->2890K(506816K), 0.0046770 secs]
664.751: [GC (Allocation Failure)  142666K->2890K(506816K), 0.0031642 secs]
673.464: [GC (Allocation Failure)  142666K->2743K(506816K), 0.0052479 secs]
682.363: [GC (Allocation Failure)  142382K->2890K(506816K), 0.0036051 secs]
691.339: [GC (Allocation Failure)  142666K->2890K(506816K), 0.0020524 secs]
700.241: [GC (Allocation Failure)  142666K->2744K(506816K), 0.0018356 secs]
709.228: [GC (Allocation Failure)  142520K->2890K(506816K), 0.0044865 secs]
718.038: [GC (Allocation Failure)  142666K->2745K(506816K), 0.0017962 secs]
726.981: [GC (Allocation Failure)  142471K->2890K(506816K), 0.0019196 secs]
735.935: [GC (Allocation Failure)  142666K->2890K(506816K), 0.0041876 secs]
