OpenJDK 64-Bit Server VM (25.222-b10) for linux-amd64 JRE (1.8.0_222-8u222-b10-1ubuntu1~18.04.1-b10), built on Jul 18 2019 18:52:48 by "buildd" with gcc 7.4.0
Memory: 4k page, physical 16424660k(15506564k free), swap 0k(0k free)
CommandLine flags: -XX:CompressedClassSpaceSize=45297664 -XX:InitialHeapSize=536870912 -XX:MaxHeapSize=536870912 -XX:MaxMetaspaceSize=53686272 -XX:NewRatio=1 -XX:+PrintGC -XX:+PrintGCTimeStamps -XX:+RequireSharedSpaces -XX:ReservedCodeCacheSize=26843136 -XX:-TieredCompilation -XX:+UseCompressedClassPointers -XX:+UseCompressedOops -XX:+UseSerialGC -XX:+UseSharedSpaces 
4.817: [Full GC (JvmtiEnv ForceGarbageCollection)  77777K->2881K(498112K), 0.0138284 secs]
7.792: [Full GC (JvmtiEnv ForceGarbageCollection)  70615K->2973K(498112K), 0.0079499 secs]
10.733: [Full GC (JvmtiEnv ForceGarbageCollection)  62314K->3062K(498112K), 0.0067843 secs]
13.632: [Full GC (JvmtiEnv ForceGarbageCollection)  62404K->2766K(498112K), 0.0087180 secs]
16.641: [Full GC (JvmtiEnv ForceGarbageCollection)  57911K->2856K(498112K), 0.0073733 secs]
19.834: [Full GC (JvmtiEnv ForceGarbageCollection)  58002K->2947K(498112K), 0.0069996 secs]
22.939: [Full GC (JvmtiEnv ForceGarbageCollection)  58093K->3040K(498112K), 0.0061762 secs]
25.927: [Full GC (JvmtiEnv ForceGarbageCollection)  58186K->2769K(498112K), 0.0081438 secs]
28.932: [Full GC (JvmtiEnv ForceGarbageCollection)  57915K->2860K(498112K), 0.0069253 secs]
31.883: [Full GC (JvmtiEnv ForceGarbageCollection)  58005K->2950K(498112K), 0.0079037 secs]
34.888: [Full GC (JvmtiEnv ForceGarbageCollection)  58096K->3041K(498112K), 0.0112896 secs]
37.872: [Full GC (JvmtiEnv ForceGarbageCollection)  58187K->2770K(498112K), 0.0079313 secs]
40.901: [Full GC (JvmtiEnv ForceGarbageCollection)  57916K->2861K(498112K), 0.0084995 secs]
43.985: [Full GC (JvmtiEnv ForceGarbageCollection)  58007K->2952K(498112K), 0.0111806 secs]
47.003: [Full GC (JvmtiEnv ForceGarbageCollection)  58098K->3043K(498112K), 0.0103626 secs]
50.046: [Full GC (JvmtiEnv ForceGarbageCollection)  58189K->2771K(498112K), 0.0074178 secs]
53.026: [Full GC (JvmtiEnv ForceGarbageCollection)  57917K->2863K(498112K), 0.0083958 secs]
56.015: [Full GC (JvmtiEnv ForceGarbageCollection)  58009K->2955K(498112K), 0.0072302 secs]
59.104: [Full GC (JvmtiEnv ForceGarbageCollection)  58101K->3047K(498112K), 0.0117082 secs]
62.236: [Full GC (JvmtiEnv ForceGarbageCollection)  58185K->2774K(498112K), 0.0077379 secs]
65.320: [Full GC (JvmtiEnv ForceGarbageCollection)  57920K->2868K(498112K), 0.0062017 secs]
68.300: [Full GC (JvmtiEnv ForceGarbageCollection)  58005K->2962K(498112K), 0.0084004 secs]
71.357: [Full GC (JvmtiEnv ForceGarbageCollection)  58108K->3055K(498112K), 0.0070821 secs]
74.370: [Full GC (JvmtiEnv ForceGarbageCollection)  58201K->2778K(498112K), 0.0067564 secs]
77.407: [Full GC (JvmtiEnv ForceGarbageCollection)  57924K->2871K(498112K), 0.0063500 secs]
80.635: [Full GC (JvmtiEnv ForceGarbageCollection)  58017K->2964K(498112K), 0.0056378 secs]
83.709: [Full GC (JvmtiEnv ForceGarbageCollection)  58109K->3057K(498112K), 0.0065832 secs]
86.805: [Full GC (JvmtiEnv ForceGarbageCollection)  58203K->2779K(498112K), 0.0065613 secs]
89.921: [Full GC (JvmtiEnv ForceGarbageCollection)  57925K->2872K(498112K), 0.0075145 secs]
92.998: [Full GC (JvmtiEnv ForceGarbageCollection)  58018K->2965K(498112K), 0.0084169 secs]
96.077: [Full GC (JvmtiEnv ForceGarbageCollection)  58111K->3059K(498112K), 0.0078482 secs]
99.156: [Full GC (JvmtiEnv ForceGarbageCollection)  58205K->2779K(498112K), 0.0076184 secs]
102.289: [Full GC (JvmtiEnv ForceGarbageCollection)  57925K->2873K(498112K), 0.0090465 secs]
105.414: [Full GC (JvmtiEnv ForceGarbageCollection)  58019K->2968K(498112K), 0.0061063 secs]
108.634: [Full GC (JvmtiEnv ForceGarbageCollection)  58114K->3062K(498112K), 0.0094022 secs]
111.588: [Full GC (JvmtiEnv ForceGarbageCollection)  58208K->2781K(498112K), 0.0079133 secs]
114.573: [Full GC (JvmtiEnv ForceGarbageCollection)  57927K->2877K(498112K), 0.0071492 secs]
117.560: [Full GC (JvmtiEnv ForceGarbageCollection)  58022K->2973K(498112K), 0.0082118 secs]
120.559: [Full GC (JvmtiEnv ForceGarbageCollection)  66511K->3071K(498112K), 0.0081393 secs]
123.557: [Full GC (JvmtiEnv ForceGarbageCollection)  58216K->2788K(498112K), 0.0076352 secs]
126.512: [Full GC (JvmtiEnv ForceGarbageCollection)  57933K->2883K(498112K), 0.0069623 secs]
129.531: [Full GC (JvmtiEnv ForceGarbageCollection)  58029K->2978K(498112K), 0.0060583 secs]
132.523: [Full GC (JvmtiEnv ForceGarbageCollection)  58124K->3073K(498112K), 0.0081661 secs]
135.527: [Full GC (JvmtiEnv ForceGarbageCollection)  58219K->2789K(498112K), 0.0063094 secs]
138.519: [Full GC (JvmtiEnv ForceGarbageCollection)  57935K->2884K(498112K), 0.0129502 secs]
141.664: [Full GC (JvmtiEnv ForceGarbageCollection)  58030K->2980K(498112K), 0.0071011 secs]
144.680: [Full GC (JvmtiEnv ForceGarbageCollection)  58125K->3075K(498112K), 0.0074474 secs]
147.676: [Full GC (JvmtiEnv ForceGarbageCollection)  58221K->2790K(498112K), 0.0077626 secs]
150.663: [Full GC (JvmtiEnv ForceGarbageCollection)  57936K->2886K(498112K), 0.0085096 secs]
153.653: [Full GC (JvmtiEnv ForceGarbageCollection)  58031K->2981K(498112K), 0.0072961 secs]
156.626: [Full GC (JvmtiEnv ForceGarbageCollection)  58127K->3078K(498112K), 0.0081740 secs]
159.624: [Full GC (JvmtiEnv ForceGarbageCollection)  58223K->2791K(498112K), 0.0077314 secs]
162.664: [Full GC (JvmtiEnv ForceGarbageCollection)  57937K->2887K(498112K), 0.0082771 secs]
165.773: [Full GC (JvmtiEnv ForceGarbageCollection)  58033K->2984K(498112K), 0.0071905 secs]
168.883: [Full GC (JvmtiEnv ForceGarbageCollection)  58129K->3080K(498112K), 0.0076556 secs]
171.840: [Full GC (JvmtiEnv ForceGarbageCollection)  62578K->2792K(498112K), 0.0065562 secs]
174.907: [Full GC (JvmtiEnv ForceGarbageCollection)  62290K->2889K(498112K), 0.0077908 secs]
177.960: [Full GC (JvmtiEnv ForceGarbageCollection)  62387K->2985K(498112K), 0.0064837 secs]
181.012: [Full GC (JvmtiEnv ForceGarbageCollection)  62484K->3082K(498112K), 0.0082134 secs]
184.050: [Full GC (JvmtiEnv ForceGarbageCollection)  62580K->2792K(498112K), 0.0072014 secs]
187.097: [Full GC (JvmtiEnv ForceGarbageCollection)  62290K->2889K(498112K), 0.0082176 secs]
190.137: [Full GC (JvmtiEnv ForceGarbageCollection)  62387K->2987K(498112K), 0.0094275 secs]
193.244: [Full GC (JvmtiEnv ForceGarbageCollection)  62485K->3084K(498112K), 0.0068649 secs]
196.322: [Full GC (JvmtiEnv ForceGarbageCollection)  62582K->2792K(498112K), 0.0066122 secs]
199.482: [Full GC (JvmtiEnv ForceGarbageCollection)  62290K->2890K(498112K), 0.0094232 secs]
202.553: [Full GC (JvmtiEnv ForceGarbageCollection)  62388K->2988K(498112K), 0.0079691 secs]
205.655: [Full GC (JvmtiEnv ForceGarbageCollection)  62486K->3086K(498112K), 0.0077522 secs]
208.765: [Full GC (JvmtiEnv ForceGarbageCollection)  62584K->2793K(498112K), 0.0103380 secs]
211.842: [Full GC (JvmtiEnv ForceGarbageCollection)  62291K->2891K(498112K), 0.0068399 secs]
214.923: [Full GC (JvmtiEnv ForceGarbageCollection)  62389K->2990K(498112K), 0.0077196 secs]
218.113: [Full GC (JvmtiEnv ForceGarbageCollection)  62488K->3089K(498112K), 0.0061424 secs]
221.130: [Full GC (JvmtiEnv ForceGarbageCollection)  62587K->2794K(498112K), 0.0068836 secs]
224.308: [Full GC (JvmtiEnv ForceGarbageCollection)  62292K->2894K(498112K), 0.0068092 secs]
227.406: [Full GC (JvmtiEnv ForceGarbageCollection)  62392K->2992K(498112K), 0.0073458 secs]
230.557: [Full GC (JvmtiEnv ForceGarbageCollection)  62490K->3091K(498112K), 0.0077285 secs]
233.668: [Full GC (JvmtiEnv ForceGarbageCollection)  62589K->2796K(498112K), 0.0083966 secs]
236.755: [Full GC (JvmtiEnv ForceGarbageCollection)  62294K->2896K(498112K), 0.0085091 secs]
239.948: [Full GC (JvmtiEnv ForceGarbageCollection)  62394K->2995K(498112K), 0.0072722 secs]
243.065: [Full GC (JvmtiEnv ForceGarbageCollection)  62493K->3095K(498112K), 0.0064915 secs]
246.165: [Full GC (JvmtiEnv ForceGarbageCollection)  62593K->2796K(498112K), 0.0076529 secs]
249.277: [Full GC (JvmtiEnv ForceGarbageCollection)  62294K->2897K(498112K), 0.0097959 secs]
252.427: [Full GC (JvmtiEnv ForceGarbageCollection)  62395K->2997K(498112K), 0.0075561 secs]
255.601: [Full GC (JvmtiEnv ForceGarbageCollection)  62495K->3097K(498112K), 0.0077957 secs]
258.720: [Full GC (JvmtiEnv ForceGarbageCollection)  62595K->2797K(498112K), 0.0150546 secs]
261.965: [Full GC (JvmtiEnv ForceGarbageCollection)  62295K->2897K(498112K), 0.0087747 secs]
265.208: [Full GC (JvmtiEnv ForceGarbageCollection)  62395K->2998K(498112K), 0.0077681 secs]
268.352: [Full GC (JvmtiEnv ForceGarbageCollection)  62496K->3099K(498112K), 0.0083019 secs]
271.530: [Full GC (JvmtiEnv ForceGarbageCollection)  62597K->2804K(498112K), 0.0060490 secs]
274.539: [Full GC (JvmtiEnv ForceGarbageCollection)  62302K->2905K(498112K), 0.0065375 secs]
277.616: [Full GC (JvmtiEnv ForceGarbageCollection)  62403K->3005K(498112K), 0.0077000 secs]
280.781: [Full GC (JvmtiEnv ForceGarbageCollection)  66699K->3107K(498112K), 0.0073416 secs]
283.991: [Full GC (JvmtiEnv ForceGarbageCollection)  62605K->2805K(498112K), 0.0089600 secs]
287.155: [Full GC (JvmtiEnv ForceGarbageCollection)  62303K->2909K(498112K), 0.0090268 secs]
290.312: [Full GC (JvmtiEnv ForceGarbageCollection)  62391K->3010K(498112K), 0.0075773 secs]
293.454: [Full GC (JvmtiEnv ForceGarbageCollection)  62492K->3112K(498112K), 0.0075693 secs]
296.554: [Full GC (JvmtiEnv ForceGarbageCollection)  62594K->2808K(498112K), 0.0066396 secs]
299.825: [Full GC (JvmtiEnv ForceGarbageCollection)  62290K->2910K(498112K), 0.0083505 secs]
302.988: [Full GC (JvmtiEnv ForceGarbageCollection)  62392K->3012K(498112K), 0.0076322 secs]
306.196: [Full GC (JvmtiEnv ForceGarbageCollection)  62494K->3114K(498112K), 0.0180448 secs]
309.346: [Full GC (JvmtiEnv ForceGarbageCollection)  62596K->2809K(498112K), 0.0083609 secs]
312.517: [Full GC (JvmtiEnv ForceGarbageCollection)  62291K->2911K(498112K), 0.0077968 secs]
315.847: [Full GC (JvmtiEnv ForceGarbageCollection)  62393K->3014K(498112K), 0.0076003 secs]
319.033: [Full GC (JvmtiEnv ForceGarbageCollection)  62496K->3117K(498112K), 0.0120251 secs]
322.456: [Full GC (JvmtiEnv ForceGarbageCollection)  62599K->2811K(498112K), 0.0075016 secs]
325.722: [Full GC (JvmtiEnv ForceGarbageCollection)  62292K->2913K(498112K), 0.0061218 secs]
328.955: [Full GC (JvmtiEnv ForceGarbageCollection)  62395K->3016K(498112K), 0.0096483 secs]
332.152: [Full GC (JvmtiEnv ForceGarbageCollection)  62498K->3119K(498112K), 0.0086386 secs]
335.414: [Full GC (JvmtiEnv ForceGarbageCollection)  62601K->2811K(498112K), 0.0078293 secs]
338.619: [Full GC (JvmtiEnv ForceGarbageCollection)  62293K->2915K(498112K), 0.0082082 secs]
341.838: [Full GC (JvmtiEnv ForceGarbageCollection)  62396K->3020K(498112K), 0.0088425 secs]
345.120: [Full GC (JvmtiEnv ForceGarbageCollection)  62517K->3123K(498112K), 0.0080595 secs]
348.400: [Full GC (JvmtiEnv ForceGarbageCollection)  62621K->2812K(498112K), 0.0081084 secs]
351.683: [Full GC (JvmtiEnv ForceGarbageCollection)  62310K->2916K(498112K), 0.0093426 secs]
355.009: [Full GC (JvmtiEnv ForceGarbageCollection)  62414K->3020K(498112K), 0.0152527 secs]
358.214: [Full GC (JvmtiEnv ForceGarbageCollection)  62518K->3124K(498112K), 0.0066536 secs]
361.402: [Full GC (JvmtiEnv ForceGarbageCollection)  62622K->2812K(498112K), 0.0084176 secs]
364.662: [Full GC (JvmtiEnv ForceGarbageCollection)  66662K->2917K(498112K), 0.0095761 secs]
367.900: [Full GC (JvmtiEnv ForceGarbageCollection)  66767K->3022K(498112K), 0.0074828 secs]
371.128: [Full GC (JvmtiEnv ForceGarbageCollection)  62520K->3126K(498112K), 0.0079477 secs]
374.419: [Full GC (JvmtiEnv ForceGarbageCollection)  66976K->2813K(498112K), 0.0115860 secs]
377.742: [Full GC (JvmtiEnv ForceGarbageCollection)  66663K->2918K(498112K), 0.0091366 secs]
381.050: [Full GC (JvmtiEnv ForceGarbageCollection)  66768K->3022K(498112K), 0.0066474 secs]
384.415: [Full GC (JvmtiEnv ForceGarbageCollection)  66872K->3127K(498112K), 0.0085048 secs]
387.624: [Full GC (JvmtiEnv ForceGarbageCollection)  62625K->2812K(498112K), 0.0095016 secs]
390.891: [Full GC (JvmtiEnv ForceGarbageCollection)  66663K->2917K(498112K), 0.0074571 secs]
394.160: [Full GC (JvmtiEnv ForceGarbageCollection)  66767K->3022K(498112K), 0.0077291 secs]
397.457: [Full GC (JvmtiEnv ForceGarbageCollection)  66872K->3126K(498112K), 0.0067998 secs]
400.699: [Full GC (JvmtiEnv ForceGarbageCollection)  66976K->2813K(498112K), 0.0087176 secs]
404.032: [Full GC (JvmtiEnv ForceGarbageCollection)  66663K->2918K(498112K), 0.0068292 secs]
407.342: [Full GC (JvmtiEnv ForceGarbageCollection)  66768K->3023K(498112K), 0.0076247 secs]
410.648: [Full GC (JvmtiEnv ForceGarbageCollection)  66873K->3128K(498112K), 0.0080104 secs]
413.901: [Full GC (JvmtiEnv ForceGarbageCollection)  66978K->2814K(498112K), 0.0086876 secs]
417.126: [Full GC (JvmtiEnv ForceGarbageCollection)  66664K->2918K(498112K), 0.0082581 secs]
420.506: [Full GC (JvmtiEnv ForceGarbageCollection)  66769K->3024K(498112K), 0.0065290 secs]
423.716: [Full GC (JvmtiEnv ForceGarbageCollection)  66874K->3129K(498112K), 0.0075743 secs]
427.019: [Full GC (JvmtiEnv ForceGarbageCollection)  66979K->2814K(498112K), 0.0096651 secs]
430.260: [Full GC (JvmtiEnv ForceGarbageCollection)  66664K->2919K(498112K), 0.0084829 secs]
433.565: [Full GC (JvmtiEnv ForceGarbageCollection)  66769K->3024K(498112K), 0.0073041 secs]
436.861: [Full GC (JvmtiEnv ForceGarbageCollection)  66874K->3130K(498112K), 0.0074848 secs]
440.173: [Full GC (JvmtiEnv ForceGarbageCollection)  66980K->2814K(498112K), 0.0119527 secs]
443.607: [Full GC (JvmtiEnv ForceGarbageCollection)  66665K->2920K(498112K), 0.0076584 secs]
446.969: [Full GC (JvmtiEnv ForceGarbageCollection)  66770K->3026K(498112K), 0.0069151 secs]
450.302: [Full GC (JvmtiEnv ForceGarbageCollection)  66876K->3132K(498112K), 0.0083650 secs]
453.672: [Full GC (JvmtiEnv ForceGarbageCollection)  66982K->2815K(498112K), 0.0078537 secs]
457.008: [Full GC (JvmtiEnv ForceGarbageCollection)  66665K->2922K(498112K), 0.0079463 secs]
460.372: [Full GC (JvmtiEnv ForceGarbageCollection)  66772K->3028K(498112K), 0.0115058 secs]
463.772: [Full GC (JvmtiEnv ForceGarbageCollection)  66878K->3135K(498112K), 0.0114424 secs]
467.117: [Full GC (JvmtiEnv ForceGarbageCollection)  66985K->2815K(498112K), 0.0064941 secs]
470.438: [Full GC (JvmtiEnv ForceGarbageCollection)  66665K->2922K(498112K), 0.0123925 secs]
473.777: [Full GC (JvmtiEnv ForceGarbageCollection)  66772K->3029K(498112K), 0.0089833 secs]
477.122: [Full GC (JvmtiEnv ForceGarbageCollection)  66880K->3137K(498112K), 0.0084031 secs]
480.446: [Full GC (JvmtiEnv ForceGarbageCollection)  66987K->2816K(498112K), 0.0094738 secs]
483.750: [Full GC (JvmtiEnv ForceGarbageCollection)  66666K->2923K(498112K), 0.0062684 secs]
487.216: [Full GC (JvmtiEnv ForceGarbageCollection)  66773K->3031K(498112K), 0.0066540 secs]
490.580: [Full GC (JvmtiEnv ForceGarbageCollection)  66881K->3139K(498112K), 0.0067962 secs]
494.067: [Full GC (JvmtiEnv ForceGarbageCollection)  66989K->2816K(498112K), 0.0077960 secs]
497.419: [Full GC (JvmtiEnv ForceGarbageCollection)  66666K->2924K(498112K), 0.0107511 secs]
500.753: [Full GC (JvmtiEnv ForceGarbageCollection)  66774K->3032K(498112K), 0.0080634 secs]
504.195: [Full GC (JvmtiEnv ForceGarbageCollection)  66882K->3141K(498112K), 0.0092746 secs]
507.603: [Full GC (JvmtiEnv ForceGarbageCollection)  66991K->2816K(498112K), 0.0073052 secs]
511.157: [Full GC (JvmtiEnv ForceGarbageCollection)  66667K->2925K(498112K), 0.0072590 secs]
514.546: [Full GC (JvmtiEnv ForceGarbageCollection)  66775K->3033K(498112K), 0.0086738 secs]
517.926: [Full GC (JvmtiEnv ForceGarbageCollection)  66883K->3142K(498112K), 0.0065673 secs]
521.258: [Full GC (JvmtiEnv ForceGarbageCollection)  66992K->2703K(498112K), 0.0090134 secs]
524.692: [Full GC (JvmtiEnv ForceGarbageCollection)  66553K->2811K(498112K), 0.0075371 secs]
528.118: [Full GC (JvmtiEnv ForceGarbageCollection)  66661K->2921K(498112K), 0.0087411 secs]
531.551: [Full GC (JvmtiEnv ForceGarbageCollection)  66771K->3030K(498112K), 0.0067877 secs]
535.079: [Full GC (JvmtiEnv ForceGarbageCollection)  66880K->2704K(498112K), 0.0062037 secs]
538.483: [Full GC (JvmtiEnv ForceGarbageCollection)  66554K->2813K(498112K), 0.0086116 secs]
541.888: [Full GC (JvmtiEnv ForceGarbageCollection)  66663K->2921K(498112K), 0.0075644 secs]
545.223: [Full GC (JvmtiEnv ForceGarbageCollection)  66771K->3030K(498112K), 0.0108986 secs]
548.635: [Full GC (JvmtiEnv ForceGarbageCollection)  66880K->2704K(498112K), 0.0095734 secs]
552.106: [Full GC (JvmtiEnv ForceGarbageCollection)  66554K->2813K(498112K), 0.0069107 secs]
555.654: [Full GC (JvmtiEnv ForceGarbageCollection)  66663K->2922K(498112K), 0.0064700 secs]
559.076: [Full GC (JvmtiEnv ForceGarbageCollection)  66772K->3031K(498112K), 0.0073800 secs]
562.631: [Full GC (JvmtiEnv ForceGarbageCollection)  66881K->2704K(498112K), 0.0127136 secs]
566.078: [Full GC (JvmtiEnv ForceGarbageCollection)  66554K->2814K(498112K), 0.0084267 secs]
569.604: [Full GC (JvmtiEnv ForceGarbageCollection)  66664K->2924K(498112K), 0.0108593 secs]
573.027: [Full GC (JvmtiEnv ForceGarbageCollection)  66774K->3034K(498112K), 0.0066374 secs]
576.332: [Full GC (JvmtiEnv ForceGarbageCollection)  66884K->2704K(498112K), 0.0069500 secs]
579.734: [Full GC (JvmtiEnv ForceGarbageCollection)  66554K->2815K(498112K), 0.0074393 secs]
583.174: [Full GC (JvmtiEnv ForceGarbageCollection)  66665K->2926K(498112K), 0.0071344 secs]
586.667: [Full GC (JvmtiEnv ForceGarbageCollection)  66776K->3036K(498112K), 0.0073748 secs]
590.141: [Full GC (JvmtiEnv ForceGarbageCollection)  66886K->2705K(498112K), 0.0115363 secs]
593.604: [Full GC (JvmtiEnv ForceGarbageCollection)  66555K->2816K(498112K), 0.0085622 secs]
597.099: [Full GC (JvmtiEnv ForceGarbageCollection)  66666K->2927K(498112K), 0.0063817 secs]
600.595: [Full GC (JvmtiEnv ForceGarbageCollection)  66777K->3038K(498112K), 0.0081258 secs]
603.992: [Full GC (JvmtiEnv ForceGarbageCollection)  66888K->2706K(498112K), 0.0078722 secs]
607.467: [Full GC (JvmtiEnv ForceGarbageCollection)  66556K->2817K(498112K), 0.0076764 secs]
610.835: [Full GC (JvmtiEnv ForceGarbageCollection)  66667K->2928K(498112K), 0.0116365 secs]
614.450: [Full GC (JvmtiEnv ForceGarbageCollection)  66778K->3040K(498112K), 0.0081583 secs]
617.932: [Full GC (JvmtiEnv ForceGarbageCollection)  66890K->2707K(498112K), 0.0077512 secs]
621.431: [Full GC (JvmtiEnv ForceGarbageCollection)  66557K->2818K(498112K), 0.0070430 secs]
625.036: [Full GC (JvmtiEnv ForceGarbageCollection)  66668K->2930K(498112K), 0.0073300 secs]
628.508: [Full GC (JvmtiEnv ForceGarbageCollection)  66780K->3042K(498112K), 0.0101910 secs]
632.070: [Full GC (JvmtiEnv ForceGarbageCollection)  71104K->2707K(498112K), 0.0068301 secs]
635.667: [Full GC (JvmtiEnv ForceGarbageCollection)  70770K->2820K(498112K), 0.0128363 secs]
639.134: [Full GC (JvmtiEnv ForceGarbageCollection)  70882K->2932K(498112K), 0.0063980 secs]
642.599: [Full GC (JvmtiEnv ForceGarbageCollection)  70994K->3044K(498112K), 0.0079363 secs]
646.167: [Full GC (JvmtiEnv ForceGarbageCollection)  71107K->2707K(498112K), 0.0084832 secs]
649.672: [Full GC (JvmtiEnv ForceGarbageCollection)  70770K->2820K(498112K), 0.0080915 secs]
653.183: [Full GC (JvmtiEnv ForceGarbageCollection)  70883K->2933K(498112K), 0.0075953 secs]
656.683: [Full GC (JvmtiEnv ForceGarbageCollection)  70996K->3046K(498112K), 0.0080538 secs]
660.317: [Full GC (JvmtiEnv ForceGarbageCollection)  71109K->2708K(498112K), 0.0075868 secs]
663.886: [Full GC (JvmtiEnv ForceGarbageCollection)  70770K->2820K(498112K), 0.0077456 secs]
667.384: [Full GC (JvmtiEnv ForceGarbageCollection)  70883K->2933K(498112K), 0.0072122 secs]
670.901: [Full GC (JvmtiEnv ForceGarbageCollection)  70996K->3046K(498112K), 0.0078328 secs]
674.437: [Full GC (JvmtiEnv ForceGarbageCollection)  71109K->2708K(498112K), 0.0071230 secs]
677.993: [Full GC (JvmtiEnv ForceGarbageCollection)  70770K->2821K(498112K), 0.0091302 secs]
