OpenJDK 64-Bit Server VM (25.222-b10) for linux-amd64 JRE (1.8.0_222-8u222-b10-1ubuntu1~18.04.1-b10), built on Jul 18 2019 18:52:48 by "buildd" with gcc 7.4.0
Memory: 4k page, physical 16424660k(15504288k free), swap 0k(0k free)
CommandLine flags: -XX:CompressedClassSpaceSize=45297664 -XX:InitialHeapSize=536870912 -XX:MaxHeapSize=536870912 -XX:MaxMetaspaceSize=53686272 -XX:NewRatio=1 -XX:+PrintGC -XX:+PrintGCTimeStamps -XX:+RequireSharedSpaces -XX:ReservedCodeCacheSize=26843136 -XX:-TieredCompilation -XX:+UseCompressedClassPointers -XX:+UseCompressedOops -XX:+UseSerialGC -XX:+UseSharedSpaces 
4.837: [Full GC (JvmtiEnv ForceGarbageCollection)  77777K->2882K(498112K), 0.0152210 secs]
7.790: [Full GC (JvmtiEnv ForceGarbageCollection)  70615K->2973K(498112K), 0.0074561 secs]
10.744: [Full GC (JvmtiEnv ForceGarbageCollection)  62314K->3062K(498112K), 0.0095603 secs]
13.696: [Full GC (JvmtiEnv ForceGarbageCollection)  62404K->2766K(498112K), 0.0090161 secs]
16.760: [Full GC (JvmtiEnv ForceGarbageCollection)  57911K->2855K(498112K), 0.0057676 secs]
19.840: [Full GC (JvmtiEnv ForceGarbageCollection)  58001K->2947K(498112K), 0.0070566 secs]
22.868: [Full GC (JvmtiEnv ForceGarbageCollection)  58093K->3040K(498112K), 0.0067253 secs]
25.872: [Full GC (JvmtiEnv ForceGarbageCollection)  58186K->2769K(498112K), 0.0078549 secs]
28.941: [Full GC (JvmtiEnv ForceGarbageCollection)  57915K->2860K(498112K), 0.0068225 secs]
32.018: [Full GC (JvmtiEnv ForceGarbageCollection)  58005K->2950K(498112K), 0.0079740 secs]
35.113: [Full GC (JvmtiEnv ForceGarbageCollection)  58096K->3041K(498112K), 0.0110328 secs]
38.217: [Full GC (JvmtiEnv ForceGarbageCollection)  58187K->2770K(498112K), 0.0087518 secs]
41.282: [Full GC (JvmtiEnv ForceGarbageCollection)  57916K->2861K(498112K), 0.0099478 secs]
44.397: [Full GC (JvmtiEnv ForceGarbageCollection)  58007K->2952K(498112K), 0.0080855 secs]
47.471: [Full GC (JvmtiEnv ForceGarbageCollection)  58098K->3043K(498112K), 0.0079275 secs]
50.579: [Full GC (JvmtiEnv ForceGarbageCollection)  58189K->2771K(498112K), 0.0074000 secs]
53.699: [Full GC (JvmtiEnv ForceGarbageCollection)  57917K->2863K(498112K), 0.0065920 secs]
56.917: [Full GC (JvmtiEnv ForceGarbageCollection)  58009K->2955K(498112K), 0.0069087 secs]
59.984: [Full GC (JvmtiEnv ForceGarbageCollection)  58101K->3047K(498112K), 0.0062595 secs]
63.128: [Full GC (JvmtiEnv ForceGarbageCollection)  58185K->2774K(498112K), 0.0074538 secs]
66.262: [Full GC (JvmtiEnv ForceGarbageCollection)  57920K->2868K(498112K), 0.0078389 secs]
69.286: [Full GC (JvmtiEnv ForceGarbageCollection)  58005K->2962K(498112K), 0.0072745 secs]
72.351: [Full GC (JvmtiEnv ForceGarbageCollection)  58108K->3055K(498112K), 0.0084535 secs]
75.393: [Full GC (JvmtiEnv ForceGarbageCollection)  58201K->2778K(498112K), 0.0078071 secs]
78.500: [Full GC (JvmtiEnv ForceGarbageCollection)  57924K->2871K(498112K), 0.0072606 secs]
81.614: [Full GC (JvmtiEnv ForceGarbageCollection)  58017K->2964K(498112K), 0.0058435 secs]
84.674: [Full GC (JvmtiEnv ForceGarbageCollection)  58109K->3057K(498112K), 0.0068828 secs]
87.819: [Full GC (JvmtiEnv ForceGarbageCollection)  58203K->2779K(498112K), 0.0083538 secs]
90.877: [Full GC (JvmtiEnv ForceGarbageCollection)  57925K->2872K(498112K), 0.0079432 secs]
93.973: [Full GC (JvmtiEnv ForceGarbageCollection)  58018K->2965K(498112K), 0.0090164 secs]
97.154: [Full GC (JvmtiEnv ForceGarbageCollection)  58111K->3059K(498112K), 0.0065823 secs]
100.392: [Full GC (JvmtiEnv ForceGarbageCollection)  58205K->2779K(498112K), 0.0106190 secs]
103.528: [Full GC (JvmtiEnv ForceGarbageCollection)  57925K->2873K(498112K), 0.0076711 secs]
106.570: [Full GC (JvmtiEnv ForceGarbageCollection)  58019K->2968K(498112K), 0.0136599 secs]
109.693: [Full GC (JvmtiEnv ForceGarbageCollection)  58114K->3062K(498112K), 0.0082379 secs]
112.727: [Full GC (JvmtiEnv ForceGarbageCollection)  58208K->2781K(498112K), 0.0069720 secs]
115.921: [Full GC (JvmtiEnv ForceGarbageCollection)  57927K->2877K(498112K), 0.0101312 secs]
118.993: [Full GC (JvmtiEnv ForceGarbageCollection)  58022K->2973K(498112K), 0.0061253 secs]
121.974: [Full GC (JvmtiEnv ForceGarbageCollection)  66511K->3071K(498112K), 0.0103798 secs]
124.985: [Full GC (JvmtiEnv ForceGarbageCollection)  58216K->2788K(498112K), 0.0076367 secs]
127.962: [Full GC (JvmtiEnv ForceGarbageCollection)  57933K->2883K(498112K), 0.0081915 secs]
130.964: [Full GC (JvmtiEnv ForceGarbageCollection)  58029K->2978K(498112K), 0.0074932 secs]
134.023: [Full GC (JvmtiEnv ForceGarbageCollection)  58124K->3073K(498112K), 0.0080669 secs]
137.000: [Full GC (JvmtiEnv ForceGarbageCollection)  58219K->2789K(498112K), 0.0076203 secs]
139.993: [Full GC (JvmtiEnv ForceGarbageCollection)  57935K->2884K(498112K), 0.0105535 secs]
142.951: [Full GC (JvmtiEnv ForceGarbageCollection)  58030K->2980K(498112K), 0.0075889 secs]
145.870: [Full GC (JvmtiEnv ForceGarbageCollection)  58125K->3075K(498112K), 0.0059584 secs]
148.879: [Full GC (JvmtiEnv ForceGarbageCollection)  58221K->2790K(498112K), 0.0104902 secs]
151.830: [Full GC (JvmtiEnv ForceGarbageCollection)  57936K->2886K(498112K), 0.0074140 secs]
154.855: [Full GC (JvmtiEnv ForceGarbageCollection)  58031K->2981K(498112K), 0.0073806 secs]
157.859: [Full GC (JvmtiEnv ForceGarbageCollection)  58127K->3078K(498112K), 0.0080719 secs]
160.889: [Full GC (JvmtiEnv ForceGarbageCollection)  58223K->2791K(498112K), 0.0092667 secs]
163.924: [Full GC (JvmtiEnv ForceGarbageCollection)  57937K->2887K(498112K), 0.0070351 secs]
167.036: [Full GC (JvmtiEnv ForceGarbageCollection)  58033K->2983K(498112K), 0.0068857 secs]
170.042: [Full GC (JvmtiEnv ForceGarbageCollection)  58129K->3079K(498112K), 0.0075629 secs]
173.074: [Full GC (JvmtiEnv ForceGarbageCollection)  58225K->2791K(498112K), 0.0075320 secs]
176.099: [Full GC (JvmtiEnv ForceGarbageCollection)  57937K->2887K(498112K), 0.0080548 secs]
179.223: [Full GC (JvmtiEnv ForceGarbageCollection)  58033K->2984K(498112K), 0.0076288 secs]
182.295: [Full GC (JvmtiEnv ForceGarbageCollection)  62482K->3080K(498112K), 0.0082154 secs]
185.345: [Full GC (JvmtiEnv ForceGarbageCollection)  62578K->2792K(498112K), 0.0091989 secs]
188.419: [Full GC (JvmtiEnv ForceGarbageCollection)  62290K->2889K(498112K), 0.0070464 secs]
191.516: [Full GC (JvmtiEnv ForceGarbageCollection)  62387K->2985K(498112K), 0.0067099 secs]
194.603: [Full GC (JvmtiEnv ForceGarbageCollection)  62483K->3082K(498112K), 0.0093001 secs]
197.678: [Full GC (JvmtiEnv ForceGarbageCollection)  62580K->2792K(498112K), 0.0091579 secs]
200.744: [Full GC (JvmtiEnv ForceGarbageCollection)  62290K->2890K(498112K), 0.0070438 secs]
203.775: [Full GC (JvmtiEnv ForceGarbageCollection)  62388K->2987K(498112K), 0.0083718 secs]
206.862: [Full GC (JvmtiEnv ForceGarbageCollection)  62485K->3085K(498112K), 0.0079724 secs]
209.892: [Full GC (JvmtiEnv ForceGarbageCollection)  62583K->2792K(498112K), 0.0075690 secs]
212.953: [Full GC (JvmtiEnv ForceGarbageCollection)  62290K->2891K(498112K), 0.0071396 secs]
215.994: [Full GC (JvmtiEnv ForceGarbageCollection)  62388K->2989K(498112K), 0.0073791 secs]
219.131: [Full GC (JvmtiEnv ForceGarbageCollection)  62487K->3087K(498112K), 0.0064582 secs]
222.276: [Full GC (JvmtiEnv ForceGarbageCollection)  62585K->2794K(498112K), 0.0072929 secs]
225.357: [Full GC (JvmtiEnv ForceGarbageCollection)  62291K->2892K(498112K), 0.0073630 secs]
228.464: [Full GC (JvmtiEnv ForceGarbageCollection)  62390K->2991K(498112K), 0.0072823 secs]
231.462: [Full GC (JvmtiEnv ForceGarbageCollection)  62489K->3089K(498112K), 0.0080096 secs]
234.497: [Full GC (JvmtiEnv ForceGarbageCollection)  62587K->2795K(498112K), 0.0086831 secs]
237.732: [Full GC (JvmtiEnv ForceGarbageCollection)  62293K->2894K(498112K), 0.0096455 secs]
240.924: [Full GC (JvmtiEnv ForceGarbageCollection)  62392K->2993K(498112K), 0.0096063 secs]
244.117: [Full GC (JvmtiEnv ForceGarbageCollection)  62491K->3091K(498112K), 0.0066763 secs]
247.265: [Full GC (JvmtiEnv ForceGarbageCollection)  62589K->2795K(498112K), 0.0061383 secs]
250.364: [Full GC (JvmtiEnv ForceGarbageCollection)  62293K->2896K(498112K), 0.0076315 secs]
253.502: [Full GC (JvmtiEnv ForceGarbageCollection)  62394K->2995K(498112K), 0.0092588 secs]
256.637: [Full GC (JvmtiEnv ForceGarbageCollection)  62493K->3095K(498112K), 0.0080139 secs]
259.699: [Full GC (JvmtiEnv ForceGarbageCollection)  62593K->2796K(498112K), 0.0088545 secs]
262.796: [Full GC (JvmtiEnv ForceGarbageCollection)  62295K->2896K(498112K), 0.0080730 secs]
265.885: [Full GC (JvmtiEnv ForceGarbageCollection)  62394K->2996K(498112K), 0.0085158 secs]
269.142: [Full GC (JvmtiEnv ForceGarbageCollection)  62494K->3096K(498112K), 0.0125987 secs]
272.367: [Full GC (JvmtiEnv ForceGarbageCollection)  62594K->2803K(498112K), 0.0092236 secs]
275.494: [Full GC (JvmtiEnv ForceGarbageCollection)  62301K->2903K(498112K), 0.0060176 secs]
278.650: [Full GC (JvmtiEnv ForceGarbageCollection)  62401K->3004K(498112K), 0.0090373 secs]
281.867: [Full GC (JvmtiEnv ForceGarbageCollection)  66697K->3105K(498112K), 0.0076011 secs]
285.036: [Full GC (JvmtiEnv ForceGarbageCollection)  62603K->2804K(498112K), 0.0081317 secs]
288.256: [Full GC (JvmtiEnv ForceGarbageCollection)  62302K->2908K(498112K), 0.0064588 secs]
291.504: [Full GC (JvmtiEnv ForceGarbageCollection)  62406K->3008K(498112K), 0.0078575 secs]
294.717: [Full GC (JvmtiEnv ForceGarbageCollection)  62490K->3110K(498112K), 0.0067594 secs]
297.952: [Full GC (JvmtiEnv ForceGarbageCollection)  62591K->2808K(498112K), 0.0073708 secs]
301.301: [Full GC (JvmtiEnv ForceGarbageCollection)  62290K->2910K(498112K), 0.0076445 secs]
304.476: [Full GC (JvmtiEnv ForceGarbageCollection)  62391K->3011K(498112K), 0.0085033 secs]
307.697: [Full GC (JvmtiEnv ForceGarbageCollection)  62492K->3112K(498112K), 0.0069697 secs]
310.945: [Full GC (JvmtiEnv ForceGarbageCollection)  62594K->2809K(498112K), 0.0116353 secs]
314.278: [Full GC (JvmtiEnv ForceGarbageCollection)  62290K->2910K(498112K), 0.0102747 secs]
317.566: [Full GC (JvmtiEnv ForceGarbageCollection)  62392K->3012K(498112K), 0.0078240 secs]
320.807: [Full GC (JvmtiEnv ForceGarbageCollection)  62493K->3113K(498112K), 0.0079961 secs]
324.032: [Full GC (JvmtiEnv ForceGarbageCollection)  62611K->2809K(498112K), 0.0087953 secs]
327.318: [Full GC (JvmtiEnv ForceGarbageCollection)  62291K->2911K(498112K), 0.0116711 secs]
330.577: [Full GC (JvmtiEnv ForceGarbageCollection)  62393K->3013K(498112K), 0.0086740 secs]
333.771: [Full GC (JvmtiEnv ForceGarbageCollection)  62495K->3116K(498112K), 0.0086780 secs]
337.072: [Full GC (JvmtiEnv ForceGarbageCollection)  62597K->2810K(498112K), 0.0076235 secs]
340.187: [Full GC (JvmtiEnv ForceGarbageCollection)  62292K->2912K(498112K), 0.0076329 secs]
343.448: [Full GC (JvmtiEnv ForceGarbageCollection)  62394K->3015K(498112K), 0.0104336 secs]
346.664: [Full GC (JvmtiEnv ForceGarbageCollection)  62496K->3119K(498112K), 0.0087242 secs]
349.849: [Full GC (JvmtiEnv ForceGarbageCollection)  62617K->2811K(498112K), 0.0078750 secs]
353.034: [Full GC (JvmtiEnv ForceGarbageCollection)  62309K->2914K(498112K), 0.0087020 secs]
356.291: [Full GC (JvmtiEnv ForceGarbageCollection)  62412K->3017K(498112K), 0.0102878 secs]
359.621: [Full GC (JvmtiEnv ForceGarbageCollection)  62515K->3120K(498112K), 0.0110863 secs]
363.007: [Full GC (JvmtiEnv ForceGarbageCollection)  62618K->2812K(498112K), 0.0063035 secs]
366.286: [Full GC (JvmtiEnv ForceGarbageCollection)  62310K->2915K(498112K), 0.0066693 secs]
369.563: [Full GC (JvmtiEnv ForceGarbageCollection)  62413K->3018K(498112K), 0.0085432 secs]
372.896: [Full GC (JvmtiEnv ForceGarbageCollection)  62516K->3122K(498112K), 0.0079548 secs]
376.164: [Full GC (JvmtiEnv ForceGarbageCollection)  62620K->2812K(498112K), 0.0083130 secs]
379.440: [Full GC (JvmtiEnv ForceGarbageCollection)  62310K->2916K(498112K), 0.0082654 secs]
382.789: [Full GC (JvmtiEnv ForceGarbageCollection)  62414K->3020K(498112K), 0.0094964 secs]
386.089: [Full GC (JvmtiEnv ForceGarbageCollection)  62518K->3124K(498112K), 0.0070616 secs]
389.434: [Full GC (JvmtiEnv ForceGarbageCollection)  62622K->2812K(498112K), 0.0075699 secs]
392.735: [Full GC (JvmtiEnv ForceGarbageCollection)  62310K->2916K(498112K), 0.0088829 secs]
396.043: [Full GC (JvmtiEnv ForceGarbageCollection)  62414K->3020K(498112K), 0.0076058 secs]
399.320: [Full GC (JvmtiEnv ForceGarbageCollection)  62518K->3124K(498112K), 0.0124392 secs]
402.573: [Full GC (JvmtiEnv ForceGarbageCollection)  62622K->2812K(498112K), 0.0077276 secs]
405.872: [Full GC (JvmtiEnv ForceGarbageCollection)  62310K->2916K(498112K), 0.0076124 secs]
409.125: [Full GC (JvmtiEnv ForceGarbageCollection)  66766K->3021K(498112K), 0.0067197 secs]
412.387: [Full GC (JvmtiEnv ForceGarbageCollection)  66871K->3126K(498112K), 0.0131350 secs]
415.699: [Full GC (JvmtiEnv ForceGarbageCollection)  66976K->2813K(498112K), 0.0087789 secs]
418.990: [Full GC (JvmtiEnv ForceGarbageCollection)  62311K->2917K(498112K), 0.0079382 secs]
422.288: [Full GC (JvmtiEnv ForceGarbageCollection)  66767K->3022K(498112K), 0.0071347 secs]
425.669: [Full GC (JvmtiEnv ForceGarbageCollection)  62520K->3126K(498112K), 0.0098626 secs]
428.976: [Full GC (JvmtiEnv ForceGarbageCollection)  66976K->2813K(498112K), 0.0090768 secs]
432.371: [Full GC (JvmtiEnv ForceGarbageCollection)  66663K->2918K(498112K), 0.0100654 secs]
435.692: [Full GC (JvmtiEnv ForceGarbageCollection)  66768K->3022K(498112K), 0.0064960 secs]
439.004: [Full GC (JvmtiEnv ForceGarbageCollection)  66872K->3127K(498112K), 0.0087090 secs]
442.389: [Full GC (JvmtiEnv ForceGarbageCollection)  66977K->2813K(498112K), 0.0087648 secs]
445.610: [Full GC (JvmtiEnv ForceGarbageCollection)  66663K->2918K(498112K), 0.0082515 secs]
448.912: [Full GC (JvmtiEnv ForceGarbageCollection)  66768K->3024K(498112K), 0.0086244 secs]
452.189: [Full GC (JvmtiEnv ForceGarbageCollection)  66874K->3129K(498112K), 0.0079069 secs]
455.514: [Full GC (JvmtiEnv ForceGarbageCollection)  66979K->2814K(498112K), 0.0082946 secs]
458.818: [Full GC (JvmtiEnv ForceGarbageCollection)  66664K->2919K(498112K), 0.0100036 secs]
462.239: [Full GC (JvmtiEnv ForceGarbageCollection)  66769K->3025K(498112K), 0.0087433 secs]
465.566: [Full GC (JvmtiEnv ForceGarbageCollection)  66875K->3131K(498112K), 0.0075699 secs]
468.889: [Full GC (JvmtiEnv ForceGarbageCollection)  66981K->2814K(498112K), 0.0071929 secs]
472.218: [Full GC (JvmtiEnv ForceGarbageCollection)  66665K->2920K(498112K), 0.0088322 secs]
475.547: [Full GC (JvmtiEnv ForceGarbageCollection)  66770K->3026K(498112K), 0.0096099 secs]
478.940: [Full GC (JvmtiEnv ForceGarbageCollection)  66876K->3133K(498112K), 0.0092293 secs]
482.315: [Full GC (JvmtiEnv ForceGarbageCollection)  66983K->2815K(498112K), 0.0118743 secs]
485.798: [Full GC (JvmtiEnv ForceGarbageCollection)  66665K->2922K(498112K), 0.0082303 secs]
489.182: [Full GC (JvmtiEnv ForceGarbageCollection)  66772K->3028K(498112K), 0.0096347 secs]
492.587: [Full GC (JvmtiEnv ForceGarbageCollection)  66878K->3135K(498112K), 0.0085834 secs]
495.997: [Full GC (JvmtiEnv ForceGarbageCollection)  66985K->2816K(498112K), 0.0085086 secs]
499.389: [Full GC (JvmtiEnv ForceGarbageCollection)  66666K->2923K(498112K), 0.0083637 secs]
502.761: [Full GC (JvmtiEnv ForceGarbageCollection)  66773K->3030K(498112K), 0.0082816 secs]
506.103: [Full GC (JvmtiEnv ForceGarbageCollection)  66880K->3137K(498112K), 0.0090551 secs]
509.544: [Full GC (JvmtiEnv ForceGarbageCollection)  66987K->2815K(498112K), 0.0128340 secs]
512.968: [Full GC (JvmtiEnv ForceGarbageCollection)  66665K->2922K(498112K), 0.0065207 secs]
516.421: [Full GC (JvmtiEnv ForceGarbageCollection)  66772K->3029K(498112K), 0.0079411 secs]
519.770: [Full GC (JvmtiEnv ForceGarbageCollection)  66880K->3136K(498112K), 0.0077642 secs]
523.178: [Full GC (JvmtiEnv ForceGarbageCollection)  66986K->2702K(498112K), 0.0093299 secs]
526.452: [Full GC (JvmtiEnv ForceGarbageCollection)  66552K->2809K(498112K), 0.0081633 secs]
529.803: [Full GC (JvmtiEnv ForceGarbageCollection)  66659K->2916K(498112K), 0.0079996 secs]
533.249: [Full GC (JvmtiEnv ForceGarbageCollection)  66766K->3023K(498112K), 0.0084910 secs]
536.717: [Full GC (JvmtiEnv ForceGarbageCollection)  66873K->2702K(498112K), 0.0125542 secs]
540.097: [Full GC (JvmtiEnv ForceGarbageCollection)  66552K->2809K(498112K), 0.0097055 secs]
543.494: [Full GC (JvmtiEnv ForceGarbageCollection)  66660K->2917K(498112K), 0.0081385 secs]
546.954: [Full GC (JvmtiEnv ForceGarbageCollection)  66767K->3025K(498112K), 0.0145862 secs]
550.409: [Full GC (JvmtiEnv ForceGarbageCollection)  66875K->2702K(498112K), 0.0126511 secs]
553.873: [Full GC (JvmtiEnv ForceGarbageCollection)  66552K->2810K(498112K), 0.0099667 secs]
557.325: [Full GC (JvmtiEnv ForceGarbageCollection)  66660K->2919K(498112K), 0.0071022 secs]
560.737: [Full GC (JvmtiEnv ForceGarbageCollection)  66769K->3027K(498112K), 0.0097451 secs]
564.206: [Full GC (JvmtiEnv ForceGarbageCollection)  66877K->2702K(498112K), 0.0071124 secs]
567.658: [Full GC (JvmtiEnv ForceGarbageCollection)  66552K->2810K(498112K), 0.0077667 secs]
571.067: [Full GC (JvmtiEnv ForceGarbageCollection)  66660K->2919K(498112K), 0.0086415 secs]
574.483: [Full GC (JvmtiEnv ForceGarbageCollection)  66769K->3027K(498112K), 0.0078793 secs]
577.983: [Full GC (JvmtiEnv ForceGarbageCollection)  66877K->2702K(498112K), 0.0073120 secs]
581.392: [Full GC (JvmtiEnv ForceGarbageCollection)  66552K->2811K(498112K), 0.0086329 secs]
584.860: [Full GC (JvmtiEnv ForceGarbageCollection)  66661K->2920K(498112K), 0.0074298 secs]
588.320: [Full GC (JvmtiEnv ForceGarbageCollection)  66770K->3028K(498112K), 0.0073179 secs]
591.674: [Full GC (JvmtiEnv ForceGarbageCollection)  66878K->2703K(498112K), 0.0078528 secs]
595.088: [Full GC (JvmtiEnv ForceGarbageCollection)  66553K->2812K(498112K), 0.0076949 secs]
598.589: [Full GC (JvmtiEnv ForceGarbageCollection)  66662K->2921K(498112K), 0.0074262 secs]
602.038: [Full GC (JvmtiEnv ForceGarbageCollection)  66771K->3030K(498112K), 0.0081203 secs]
605.517: [Full GC (JvmtiEnv ForceGarbageCollection)  66880K->2704K(498112K), 0.0076006 secs]
609.110: [Full GC (JvmtiEnv ForceGarbageCollection)  66554K->2813K(498112K), 0.0116482 secs]
612.567: [Full GC (JvmtiEnv ForceGarbageCollection)  66663K->2922K(498112K), 0.0084369 secs]
616.029: [Full GC (JvmtiEnv ForceGarbageCollection)  66772K->3032K(498112K), 0.0081225 secs]
619.488: [Full GC (JvmtiEnv ForceGarbageCollection)  66882K->2705K(498112K), 0.0071908 secs]
623.004: [Full GC (JvmtiEnv ForceGarbageCollection)  66555K->2814K(498112K), 0.0104399 secs]
626.583: [Full GC (JvmtiEnv ForceGarbageCollection)  66664K->2924K(498112K), 0.0084078 secs]
630.083: [Full GC (JvmtiEnv ForceGarbageCollection)  66774K->3034K(498112K), 0.0067189 secs]
633.601: [Full GC (JvmtiEnv ForceGarbageCollection)  66884K->2705K(498112K), 0.0117590 secs]
637.080: [Full GC (JvmtiEnv ForceGarbageCollection)  66555K->2816K(498112K), 0.0087964 secs]
640.555: [Full GC (JvmtiEnv ForceGarbageCollection)  66666K->2926K(498112K), 0.0082820 secs]
644.006: [Full GC (JvmtiEnv ForceGarbageCollection)  66776K->3036K(498112K), 0.0079080 secs]
647.521: [Full GC (JvmtiEnv ForceGarbageCollection)  66886K->2705K(498112K), 0.0062357 secs]
650.936: [Full GC (JvmtiEnv ForceGarbageCollection)  66555K->2815K(498112K), 0.0067555 secs]
654.425: [Full GC (JvmtiEnv ForceGarbageCollection)  66665K->2925K(498112K), 0.0110689 secs]
657.952: [Full GC (JvmtiEnv ForceGarbageCollection)  66776K->3036K(498112K), 0.0080296 secs]
661.436: [Full GC (JvmtiEnv ForceGarbageCollection)  66886K->2705K(498112K), 0.0073289 secs]
664.979: [Full GC (JvmtiEnv ForceGarbageCollection)  66555K->2816K(498112K), 0.0097441 secs]
668.582: [Full GC (JvmtiEnv ForceGarbageCollection)  66666K->2927K(498112K), 0.0076896 secs]
672.154: [Full GC (JvmtiEnv ForceGarbageCollection)  66777K->3038K(498112K), 0.0103808 secs]
675.632: [Full GC (JvmtiEnv ForceGarbageCollection)  66888K->2706K(498112K), 0.0077474 secs]
679.188: [Full GC (JvmtiEnv ForceGarbageCollection)  66556K->2817K(498112K), 0.0076783 secs]
682.687: [Full GC (JvmtiEnv ForceGarbageCollection)  66667K->2928K(498112K), 0.0073643 secs]
