OpenJDK 64-Bit Server VM (25.222-b10) for linux-amd64 JRE (1.8.0_222-8u222-b10-1ubuntu1~18.04.1-b10), built on Jul 18 2019 18:52:48 by "buildd" with gcc 7.4.0
Memory: 4k page, physical 16424660k(15503596k free), swap 0k(0k free)
CommandLine flags: -XX:CompressedClassSpaceSize=45297664 -XX:InitialHeapSize=536870912 -XX:MaxHeapSize=536870912 -XX:MaxMetaspaceSize=53686272 -XX:NewRatio=1 -XX:+PrintGC -XX:+PrintGCTimeStamps -XX:+RequireSharedSpaces -XX:ReservedCodeCacheSize=26843136 -XX:-TieredCompilation -XX:+UseCompressedClassPointers -XX:+UseCompressedOops -XX:+UseSerialGC -XX:+UseSharedSpaces 
4.687: [Full GC (JvmtiEnv ForceGarbageCollection)  77777K->2881K(498112K), 0.0119076 secs]
7.688: [Full GC (JvmtiEnv ForceGarbageCollection)  70615K->2973K(498112K), 0.0072575 secs]
10.651: [Full GC (JvmtiEnv ForceGarbageCollection)  62314K->3062K(498112K), 0.0061421 secs]
13.646: [Full GC (JvmtiEnv ForceGarbageCollection)  62404K->2766K(498112K), 0.0092868 secs]
16.650: [Full GC (JvmtiEnv ForceGarbageCollection)  57911K->2856K(498112K), 0.0068318 secs]
19.754: [Full GC (JvmtiEnv ForceGarbageCollection)  58002K->2947K(498112K), 0.0076337 secs]
22.779: [Full GC (JvmtiEnv ForceGarbageCollection)  58093K->3040K(498112K), 0.0073453 secs]
25.727: [Full GC (JvmtiEnv ForceGarbageCollection)  58186K->2769K(498112K), 0.0077246 secs]
28.721: [Full GC (JvmtiEnv ForceGarbageCollection)  57915K->2860K(498112K), 0.0092971 secs]
31.756: [Full GC (JvmtiEnv ForceGarbageCollection)  58005K->2950K(498112K), 0.0074765 secs]
34.818: [Full GC (JvmtiEnv ForceGarbageCollection)  58096K->3041K(498112K), 0.0080939 secs]
37.806: [Full GC (JvmtiEnv ForceGarbageCollection)  58187K->2770K(498112K), 0.0057910 secs]
40.863: [Full GC (JvmtiEnv ForceGarbageCollection)  57916K->2861K(498112K), 0.0081657 secs]
43.932: [Full GC (JvmtiEnv ForceGarbageCollection)  58007K->2952K(498112K), 0.0081844 secs]
46.924: [Full GC (JvmtiEnv ForceGarbageCollection)  58098K->3043K(498112K), 0.0073911 secs]
49.974: [Full GC (JvmtiEnv ForceGarbageCollection)  58189K->2771K(498112K), 0.0071975 secs]
53.166: [Full GC (JvmtiEnv ForceGarbageCollection)  57917K->2863K(498112K), 0.0075207 secs]
56.363: [Full GC (JvmtiEnv ForceGarbageCollection)  58009K->2955K(498112K), 0.0083773 secs]
59.547: [Full GC (JvmtiEnv ForceGarbageCollection)  58101K->3047K(498112K), 0.0070225 secs]
62.751: [Full GC (JvmtiEnv ForceGarbageCollection)  58185K->2774K(498112K), 0.0101447 secs]
65.863: [Full GC (JvmtiEnv ForceGarbageCollection)  57920K->2868K(498112K), 0.0075457 secs]
68.936: [Full GC (JvmtiEnv ForceGarbageCollection)  58013K->2962K(498112K), 0.0082170 secs]
72.050: [Full GC (JvmtiEnv ForceGarbageCollection)  58108K->3055K(498112K), 0.0098457 secs]
75.199: [Full GC (JvmtiEnv ForceGarbageCollection)  58201K->2778K(498112K), 0.0059775 secs]
78.317: [Full GC (JvmtiEnv ForceGarbageCollection)  57924K->2871K(498112K), 0.0080736 secs]
81.440: [Full GC (JvmtiEnv ForceGarbageCollection)  58017K->2965K(498112K), 0.0072807 secs]
84.557: [Full GC (JvmtiEnv ForceGarbageCollection)  58111K->3058K(498112K), 0.0090529 secs]
87.617: [Full GC (JvmtiEnv ForceGarbageCollection)  58204K->2780K(498112K), 0.0093723 secs]
90.757: [Full GC (JvmtiEnv ForceGarbageCollection)  57926K->2873K(498112K), 0.0083134 secs]
93.876: [Full GC (JvmtiEnv ForceGarbageCollection)  58019K->2966K(498112K), 0.0077015 secs]
96.968: [Full GC (JvmtiEnv ForceGarbageCollection)  58112K->3060K(498112K), 0.0059341 secs]
100.007: [Full GC (JvmtiEnv ForceGarbageCollection)  58206K->2781K(498112K), 0.0077637 secs]
103.098: [Full GC (JvmtiEnv ForceGarbageCollection)  57927K->2875K(498112K), 0.0077442 secs]
106.132: [Full GC (JvmtiEnv ForceGarbageCollection)  58020K->2969K(498112K), 0.0081637 secs]
109.353: [Full GC (JvmtiEnv ForceGarbageCollection)  58115K->3063K(498112K), 0.0088157 secs]
112.432: [Full GC (JvmtiEnv ForceGarbageCollection)  58209K->2783K(498112K), 0.0074979 secs]
115.496: [Full GC (JvmtiEnv ForceGarbageCollection)  57929K->2878K(498112K), 0.0056667 secs]
118.749: [Full GC (JvmtiEnv ForceGarbageCollection)  58024K->2973K(498112K), 0.0073615 secs]
121.700: [Full GC (JvmtiEnv ForceGarbageCollection)  66510K->3070K(498112K), 0.0065657 secs]
124.652: [Full GC (JvmtiEnv ForceGarbageCollection)  58216K->2788K(498112K), 0.0076218 secs]
127.624: [Full GC (JvmtiEnv ForceGarbageCollection)  57933K->2883K(498112K), 0.0088553 secs]
130.574: [Full GC (JvmtiEnv ForceGarbageCollection)  58028K->2978K(498112K), 0.0090261 secs]
133.620: [Full GC (JvmtiEnv ForceGarbageCollection)  58124K->3072K(498112K), 0.0067123 secs]
136.635: [Full GC (JvmtiEnv ForceGarbageCollection)  58218K->2789K(498112K), 0.0070670 secs]
139.683: [Full GC (JvmtiEnv ForceGarbageCollection)  57935K->2884K(498112K), 0.0066137 secs]
142.678: [Full GC (JvmtiEnv ForceGarbageCollection)  58030K->2979K(498112K), 0.0084392 secs]
145.683: [Full GC (JvmtiEnv ForceGarbageCollection)  58125K->3074K(498112K), 0.0060109 secs]
148.668: [Full GC (JvmtiEnv ForceGarbageCollection)  58220K->2789K(498112K), 0.0093098 secs]
151.642: [Full GC (JvmtiEnv ForceGarbageCollection)  57935K->2885K(498112K), 0.0065281 secs]
154.621: [Full GC (JvmtiEnv ForceGarbageCollection)  58031K->2981K(498112K), 0.0080128 secs]
157.568: [Full GC (JvmtiEnv ForceGarbageCollection)  58126K->3076K(498112K), 0.0072595 secs]
160.495: [Full GC (JvmtiEnv ForceGarbageCollection)  58222K->2790K(498112K), 0.0111143 secs]
163.564: [Full GC (JvmtiEnv ForceGarbageCollection)  57936K->2886K(498112K), 0.0081692 secs]
166.496: [Full GC (JvmtiEnv ForceGarbageCollection)  58032K->2982K(498112K), 0.0059223 secs]
169.505: [Full GC (JvmtiEnv ForceGarbageCollection)  58128K->3078K(498112K), 0.0090593 secs]
172.491: [Full GC (JvmtiEnv ForceGarbageCollection)  58224K->2791K(498112K), 0.0097201 secs]
175.474: [Full GC (JvmtiEnv ForceGarbageCollection)  57937K->2887K(498112K), 0.0072850 secs]
178.695: [Full GC (JvmtiEnv ForceGarbageCollection)  58033K->2984K(498112K), 0.0079357 secs]
181.755: [Full GC (JvmtiEnv ForceGarbageCollection)  62482K->3080K(498112K), 0.0085546 secs]
184.828: [Full GC (JvmtiEnv ForceGarbageCollection)  62578K->2792K(498112K), 0.0083032 secs]
187.926: [Full GC (JvmtiEnv ForceGarbageCollection)  62290K->2889K(498112K), 0.0062674 secs]
190.961: [Full GC (JvmtiEnv ForceGarbageCollection)  62387K->2985K(498112K), 0.0068144 secs]
194.123: [Full GC (JvmtiEnv ForceGarbageCollection)  62483K->3082K(498112K), 0.0106365 secs]
197.179: [Full GC (JvmtiEnv ForceGarbageCollection)  62580K->2792K(498112K), 0.0121128 secs]
200.325: [Full GC (JvmtiEnv ForceGarbageCollection)  62290K->2890K(498112K), 0.0082390 secs]
203.403: [Full GC (JvmtiEnv ForceGarbageCollection)  62388K->2987K(498112K), 0.0079530 secs]
206.511: [Full GC (JvmtiEnv ForceGarbageCollection)  62485K->3085K(498112K), 0.0078767 secs]
209.660: [Full GC (JvmtiEnv ForceGarbageCollection)  62583K->2792K(498112K), 0.0078364 secs]
212.816: [Full GC (JvmtiEnv ForceGarbageCollection)  62290K->2891K(498112K), 0.0108374 secs]
215.907: [Full GC (JvmtiEnv ForceGarbageCollection)  62389K->2989K(498112K), 0.0062838 secs]
218.978: [Full GC (JvmtiEnv ForceGarbageCollection)  62487K->3087K(498112K), 0.0080730 secs]
222.083: [Full GC (JvmtiEnv ForceGarbageCollection)  62585K->2794K(498112K), 0.0091575 secs]
225.183: [Full GC (JvmtiEnv ForceGarbageCollection)  62291K->2891K(498112K), 0.0084559 secs]
228.191: [Full GC (JvmtiEnv ForceGarbageCollection)  62389K->2990K(498112K), 0.0090048 secs]
231.350: [Full GC (JvmtiEnv ForceGarbageCollection)  62488K->3088K(498112K), 0.0088590 secs]
234.523: [Full GC (JvmtiEnv ForceGarbageCollection)  62586K->2794K(498112K), 0.0067630 secs]
237.698: [Full GC (JvmtiEnv ForceGarbageCollection)  62292K->2892K(498112K), 0.0111748 secs]
240.958: [Full GC (JvmtiEnv ForceGarbageCollection)  62390K->2991K(498112K), 0.0086572 secs]
244.049: [Full GC (JvmtiEnv ForceGarbageCollection)  62489K->3089K(498112K), 0.0071803 secs]
247.164: [Full GC (JvmtiEnv ForceGarbageCollection)  62587K->2795K(498112K), 0.0076482 secs]
250.249: [Full GC (JvmtiEnv ForceGarbageCollection)  62293K->2894K(498112K), 0.0104830 secs]
253.433: [Full GC (JvmtiEnv ForceGarbageCollection)  62392K->2992K(498112K), 0.0153604 secs]
256.639: [Full GC (JvmtiEnv ForceGarbageCollection)  62490K->3091K(498112K), 0.0076317 secs]
259.846: [Full GC (JvmtiEnv ForceGarbageCollection)  62589K->2795K(498112K), 0.0062976 secs]
263.092: [Full GC (JvmtiEnv ForceGarbageCollection)  62293K->2894K(498112K), 0.0081779 secs]
266.234: [Full GC (JvmtiEnv ForceGarbageCollection)  62392K->2993K(498112K), 0.0083909 secs]
269.458: [Full GC (JvmtiEnv ForceGarbageCollection)  62491K->3092K(498112K), 0.0084224 secs]
272.621: [Full GC (JvmtiEnv ForceGarbageCollection)  62590K->2802K(498112K), 0.0089380 secs]
275.784: [Full GC (JvmtiEnv ForceGarbageCollection)  62300K->2902K(498112K), 0.0079970 secs]
278.964: [Full GC (JvmtiEnv ForceGarbageCollection)  62400K->3002K(498112K), 0.0080186 secs]
282.162: [Full GC (JvmtiEnv ForceGarbageCollection)  62500K->3101K(498112K), 0.0067493 secs]
285.301: [Full GC (JvmtiEnv ForceGarbageCollection)  62599K->2802K(498112K), 0.0102303 secs]
288.445: [Full GC (JvmtiEnv ForceGarbageCollection)  62300K->2902K(498112K), 0.0074049 secs]
291.550: [Full GC (JvmtiEnv ForceGarbageCollection)  62400K->3004K(498112K), 0.0079642 secs]
294.720: [Full GC (JvmtiEnv ForceGarbageCollection)  62486K->3103K(498112K), 0.0077332 secs]
297.928: [Full GC (JvmtiEnv ForceGarbageCollection)  62585K->2806K(498112K), 0.0080658 secs]
301.282: [Full GC (JvmtiEnv ForceGarbageCollection)  62288K->2906K(498112K), 0.0059500 secs]
304.519: [Full GC (JvmtiEnv ForceGarbageCollection)  62387K->3006K(498112K), 0.0088051 secs]
307.773: [Full GC (JvmtiEnv ForceGarbageCollection)  62487K->3106K(498112K), 0.0126081 secs]
310.954: [Full GC (JvmtiEnv ForceGarbageCollection)  62588K->2807K(498112K), 0.0082941 secs]
314.182: [Full GC (JvmtiEnv ForceGarbageCollection)  62289K->2908K(498112K), 0.0095573 secs]
317.478: [Full GC (JvmtiEnv ForceGarbageCollection)  62389K->3008K(498112K), 0.0081082 secs]
320.830: [Full GC (JvmtiEnv ForceGarbageCollection)  62489K->3109K(498112K), 0.0067355 secs]
324.088: [Full GC (JvmtiEnv ForceGarbageCollection)  62590K->2809K(498112K), 0.0068995 secs]
327.361: [Full GC (JvmtiEnv ForceGarbageCollection)  62307K->2909K(498112K), 0.0091563 secs]
330.548: [Full GC (JvmtiEnv ForceGarbageCollection)  62391K->3010K(498112K), 0.0080337 secs]
333.775: [Full GC (JvmtiEnv ForceGarbageCollection)  62492K->3111K(498112K), 0.0082087 secs]
337.013: [Full GC (JvmtiEnv ForceGarbageCollection)  62592K->2809K(498112K), 0.0092969 secs]
340.287: [Full GC (JvmtiEnv ForceGarbageCollection)  62291K->2911K(498112K), 0.0069499 secs]
343.614: [Full GC (JvmtiEnv ForceGarbageCollection)  62392K->3012K(498112K), 0.0065963 secs]
346.854: [Full GC (JvmtiEnv ForceGarbageCollection)  62494K->3114K(498112K), 0.0101471 secs]
350.095: [Full GC (JvmtiEnv ForceGarbageCollection)  62587K->2811K(498112K), 0.0086151 secs]
353.276: [Full GC (JvmtiEnv ForceGarbageCollection)  62309K->2913K(498112K), 0.0080625 secs]
356.482: [Full GC (JvmtiEnv ForceGarbageCollection)  62411K->3015K(498112K), 0.0089687 secs]
359.704: [Full GC (JvmtiEnv ForceGarbageCollection)  62513K->3116K(498112K), 0.0078598 secs]
363.078: [Full GC (JvmtiEnv ForceGarbageCollection)  62614K->2811K(498112K), 0.0090792 secs]
366.341: [Full GC (JvmtiEnv ForceGarbageCollection)  62308K->2913K(498112K), 0.0093142 secs]
369.578: [Full GC (JvmtiEnv ForceGarbageCollection)  62410K->3015K(498112K), 0.0100493 secs]
372.829: [Full GC (JvmtiEnv ForceGarbageCollection)  62513K->3117K(498112K), 0.0074162 secs]
376.090: [Full GC (JvmtiEnv ForceGarbageCollection)  62615K->2811K(498112K), 0.0080841 secs]
379.303: [Full GC (JvmtiEnv ForceGarbageCollection)  62308K->2913K(498112K), 0.0081442 secs]
382.524: [Full GC (JvmtiEnv ForceGarbageCollection)  62411K->3016K(498112K), 0.0079758 secs]
385.744: [Full GC (JvmtiEnv ForceGarbageCollection)  62514K->3119K(498112K), 0.0075545 secs]
389.062: [Full GC (JvmtiEnv ForceGarbageCollection)  62616K->2811K(498112K), 0.0076283 secs]
392.290: [Full GC (JvmtiEnv ForceGarbageCollection)  62309K->2914K(498112K), 0.0066467 secs]
395.548: [Full GC (JvmtiEnv ForceGarbageCollection)  62412K->3017K(498112K), 0.0085772 secs]
398.738: [Full GC (JvmtiEnv ForceGarbageCollection)  62515K->3120K(498112K), 0.0083791 secs]
401.821: [Full GC (JvmtiEnv ForceGarbageCollection)  62619K->2811K(498112K), 0.0093118 secs]
405.041: [Full GC (JvmtiEnv ForceGarbageCollection)  62309K->2914K(498112K), 0.0077708 secs]
408.271: [Full GC (JvmtiEnv ForceGarbageCollection)  62412K->3018K(498112K), 0.0086654 secs]
411.511: [Full GC (JvmtiEnv ForceGarbageCollection)  62516K->3121K(498112K), 0.0111313 secs]
414.849: [Full GC (JvmtiEnv ForceGarbageCollection)  62619K->2812K(498112K), 0.0078347 secs]
418.088: [Full GC (JvmtiEnv ForceGarbageCollection)  62310K->2915K(498112K), 0.0076775 secs]
421.414: [Full GC (JvmtiEnv ForceGarbageCollection)  62413K->3019K(498112K), 0.0095163 secs]
424.685: [Full GC (JvmtiEnv ForceGarbageCollection)  62517K->3122K(498112K), 0.0092542 secs]
428.037: [Full GC (JvmtiEnv ForceGarbageCollection)  62620K->2812K(498112K), 0.0077436 secs]
431.339: [Full GC (JvmtiEnv ForceGarbageCollection)  62310K->2916K(498112K), 0.0082664 secs]
434.649: [Full GC (JvmtiEnv ForceGarbageCollection)  62414K->3020K(498112K), 0.0077210 secs]
437.853: [Full GC (JvmtiEnv ForceGarbageCollection)  62518K->3124K(498112K), 0.0071288 secs]
441.240: [Full GC (JvmtiEnv ForceGarbageCollection)  62622K->2812K(498112K), 0.0082037 secs]
444.572: [Full GC (JvmtiEnv ForceGarbageCollection)  66662K->2917K(498112K), 0.0071075 secs]
447.992: [Full GC (JvmtiEnv ForceGarbageCollection)  66767K->3022K(498112K), 0.0077566 secs]
451.265: [Full GC (JvmtiEnv ForceGarbageCollection)  66872K->3126K(498112K), 0.0077558 secs]
454.564: [Full GC (JvmtiEnv ForceGarbageCollection)  66976K->2813K(498112K), 0.0081721 secs]
457.807: [Full GC (JvmtiEnv ForceGarbageCollection)  66663K->2918K(498112K), 0.0064655 secs]
461.094: [Full GC (JvmtiEnv ForceGarbageCollection)  66768K->3023K(498112K), 0.0088356 secs]
464.449: [Full GC (JvmtiEnv ForceGarbageCollection)  66873K->3128K(498112K), 0.0068645 secs]
467.795: [Full GC (JvmtiEnv ForceGarbageCollection)  66978K->2814K(498112K), 0.0073181 secs]
471.115: [Full GC (JvmtiEnv ForceGarbageCollection)  66664K->2919K(498112K), 0.0071943 secs]
474.469: [Full GC (JvmtiEnv ForceGarbageCollection)  66769K->3024K(498112K), 0.0073940 secs]
477.827: [Full GC (JvmtiEnv ForceGarbageCollection)  66874K->3130K(498112K), 0.0093725 secs]
481.079: [Full GC (JvmtiEnv ForceGarbageCollection)  66980K->2814K(498112K), 0.0110500 secs]
484.569: [Full GC (JvmtiEnv ForceGarbageCollection)  66664K->2920K(498112K), 0.0087714 secs]
488.007: [Full GC (JvmtiEnv ForceGarbageCollection)  66770K->3026K(498112K), 0.0121041 secs]
491.333: [Full GC (JvmtiEnv ForceGarbageCollection)  66876K->3132K(498112K), 0.0065360 secs]
494.822: [Full GC (JvmtiEnv ForceGarbageCollection)  66982K->2815K(498112K), 0.0076124 secs]
498.155: [Full GC (JvmtiEnv ForceGarbageCollection)  66665K->2921K(498112K), 0.0083137 secs]
501.566: [Full GC (JvmtiEnv ForceGarbageCollection)  66771K->3028K(498112K), 0.0082673 secs]
504.918: [Full GC (JvmtiEnv ForceGarbageCollection)  66878K->3134K(498112K), 0.0090671 secs]
508.407: [Full GC (JvmtiEnv ForceGarbageCollection)  66984K->2815K(498112K), 0.0072968 secs]
511.787: [Full GC (JvmtiEnv ForceGarbageCollection)  66665K->2922K(498112K), 0.0078980 secs]
515.201: [Full GC (JvmtiEnv ForceGarbageCollection)  66772K->3028K(498112K), 0.0076808 secs]
518.616: [Full GC (JvmtiEnv ForceGarbageCollection)  66878K->3135K(498112K), 0.0084810 secs]
521.987: [Full GC (JvmtiEnv ForceGarbageCollection)  66986K->2702K(498112K), 0.0099722 secs]
525.403: [Full GC (JvmtiEnv ForceGarbageCollection)  66552K->2809K(498112K), 0.0073769 secs]
528.819: [Full GC (JvmtiEnv ForceGarbageCollection)  66659K->2916K(498112K), 0.0078146 secs]
532.262: [Full GC (JvmtiEnv ForceGarbageCollection)  66766K->3023K(498112K), 0.0072455 secs]
535.728: [Full GC (JvmtiEnv ForceGarbageCollection)  66873K->2702K(498112K), 0.0063977 secs]
539.175: [Full GC (JvmtiEnv ForceGarbageCollection)  66552K->2810K(498112K), 0.0074911 secs]
542.540: [Full GC (JvmtiEnv ForceGarbageCollection)  66660K->2918K(498112K), 0.0117416 secs]
546.005: [Full GC (JvmtiEnv ForceGarbageCollection)  66768K->3026K(498112K), 0.0111220 secs]
549.470: [Full GC (JvmtiEnv ForceGarbageCollection)  66876K->2702K(498112K), 0.0085543 secs]
552.935: [Full GC (JvmtiEnv ForceGarbageCollection)  66552K->2811K(498112K), 0.0114603 secs]
556.436: [Full GC (JvmtiEnv ForceGarbageCollection)  66661K->2919K(498112K), 0.0072819 secs]
559.866: [Full GC (JvmtiEnv ForceGarbageCollection)  66769K->3028K(498112K), 0.0067679 secs]
563.308: [Full GC (JvmtiEnv ForceGarbageCollection)  66878K->2703K(498112K), 0.0078817 secs]
566.755: [Full GC (JvmtiEnv ForceGarbageCollection)  66553K->2811K(498112K), 0.0114529 secs]
570.244: [Full GC (JvmtiEnv ForceGarbageCollection)  66661K->2921K(498112K), 0.0085100 secs]
573.704: [Full GC (JvmtiEnv ForceGarbageCollection)  66771K->3030K(498112K), 0.0077241 secs]
577.116: [Full GC (JvmtiEnv ForceGarbageCollection)  66880K->2704K(498112K), 0.0078572 secs]
580.615: [Full GC (JvmtiEnv ForceGarbageCollection)  66554K->2813K(498112K), 0.0077325 secs]
584.189: [Full GC (JvmtiEnv ForceGarbageCollection)  66663K->2922K(498112K), 0.0070982 secs]
587.640: [Full GC (JvmtiEnv ForceGarbageCollection)  66772K->3031K(498112K), 0.0084868 secs]
591.103: [Full GC (JvmtiEnv ForceGarbageCollection)  66882K->2705K(498112K), 0.0110733 secs]
594.561: [Full GC (JvmtiEnv ForceGarbageCollection)  66555K->2814K(498112K), 0.0086437 secs]
598.056: [Full GC (JvmtiEnv ForceGarbageCollection)  66664K->2924K(498112K), 0.0084346 secs]
601.483: [Full GC (JvmtiEnv ForceGarbageCollection)  66774K->3034K(498112K), 0.0078639 secs]
605.066: [Full GC (JvmtiEnv ForceGarbageCollection)  66884K->2705K(498112K), 0.0089463 secs]
608.513: [Full GC (JvmtiEnv ForceGarbageCollection)  66555K->2815K(498112K), 0.0063581 secs]
612.010: [Full GC (JvmtiEnv ForceGarbageCollection)  66665K->2925K(498112K), 0.0064416 secs]
615.514: [Full GC (JvmtiEnv ForceGarbageCollection)  66776K->3036K(498112K), 0.0082488 secs]
618.984: [Full GC (JvmtiEnv ForceGarbageCollection)  66886K->2705K(498112K), 0.0083069 secs]
622.423: [Full GC (JvmtiEnv ForceGarbageCollection)  66555K->2816K(498112K), 0.0093323 secs]
626.010: [Full GC (JvmtiEnv ForceGarbageCollection)  66666K->2927K(498112K), 0.0068892 secs]
629.663: [Full GC (JvmtiEnv ForceGarbageCollection)  66777K->3038K(498112K), 0.0062784 secs]
633.243: [Full GC (JvmtiEnv ForceGarbageCollection)  66888K->2706K(498112K), 0.0078709 secs]
636.784: [Full GC (JvmtiEnv ForceGarbageCollection)  66556K->2817K(498112K), 0.0071527 secs]
640.224: [Full GC (JvmtiEnv ForceGarbageCollection)  66667K->2928K(498112K), 0.0089571 secs]
643.772: [Full GC (JvmtiEnv ForceGarbageCollection)  66778K->3040K(498112K), 0.0076733 secs]
647.260: [Full GC (JvmtiEnv ForceGarbageCollection)  66890K->2707K(498112K), 0.0092574 secs]
650.791: [Full GC (JvmtiEnv ForceGarbageCollection)  66557K->2818K(498112K), 0.0101223 secs]
654.291: [Full GC (JvmtiEnv ForceGarbageCollection)  66668K->2930K(498112K), 0.0081860 secs]
657.873: [Full GC (JvmtiEnv ForceGarbageCollection)  66780K->3042K(498112K), 0.0087671 secs]
661.455: [Full GC (JvmtiEnv ForceGarbageCollection)  71104K->2707K(498112K), 0.0103149 secs]
665.105: [Full GC (JvmtiEnv ForceGarbageCollection)  70769K->2820K(498112K), 0.0073407 secs]
668.549: [Full GC (JvmtiEnv ForceGarbageCollection)  70882K->2932K(498112K), 0.0095459 secs]
672.072: [Full GC (JvmtiEnv ForceGarbageCollection)  66782K->3044K(498112K), 0.0092183 secs]
675.615: [Full GC (JvmtiEnv ForceGarbageCollection)  71106K->2707K(498112K), 0.0087787 secs]
679.213: [Full GC (JvmtiEnv ForceGarbageCollection)  70770K->2820K(498112K), 0.0104415 secs]
682.829: [Full GC (JvmtiEnv ForceGarbageCollection)  70882K->2932K(498112K), 0.0074649 secs]
686.427: [Full GC (JvmtiEnv ForceGarbageCollection)  70994K->3044K(498112K), 0.0084921 secs]
