OpenJDK 64-Bit Server VM (25.222-b10) for linux-amd64 JRE (1.8.0_222-8u222-b10-1ubuntu1~18.04.1-b10), built on Jul 18 2019 18:52:48 by "buildd" with gcc 7.4.0
Memory: 4k page, physical 16424660k(15506928k free), swap 0k(0k free)
CommandLine flags: -XX:CompressedClassSpaceSize=45297664 -XX:InitialHeapSize=536870912 -XX:MaxHeapSize=536870912 -XX:MaxMetaspaceSize=53686272 -XX:+PrintGC -XX:+PrintGCTimeStamps -XX:+RequireSharedSpaces -XX:ReservedCodeCacheSize=26843136 -XX:-TieredCompilation -XX:+UseCompressedClassPointers -XX:+UseCompressedOops -XX:+UseSerialGC -XX:+UseSharedSpaces 
9.650: [GC (Allocation Failure)  139776K->2934K(506816K), 0.0104000 secs]
18.131: [GC (Allocation Failure)  142710K->2725K(506816K), 0.0069383 secs]
27.020: [GC (Allocation Failure)  142501K->2885K(506816K), 0.0046546 secs]
35.790: [GC (Allocation Failure)  142661K->2869K(506816K), 0.0102237 secs]
44.556: [GC (Allocation Failure)  142645K->2886K(506816K), 0.0050564 secs]
53.157: [GC (Allocation Failure)  142662K->2740K(506816K), 0.0087460 secs]
61.852: [GC (Allocation Failure)  142391K->2744K(506816K), 0.0060138 secs]
70.678: [GC (Allocation Failure)  142520K->2744K(506816K), 0.0065581 secs]
79.198: [GC (Allocation Failure)  142520K->2892K(506816K), 0.0050148 secs]
87.781: [GC (Allocation Failure)  142668K->2747K(506816K), 0.0046982 secs]
96.181: [GC (Allocation Failure)  142504K->2895K(506816K), 0.0082962 secs]
104.732: [GC (Allocation Failure)  142671K->2877K(506816K), 0.0056072 secs]
113.246: [GC (Allocation Failure)  142653K->2896K(506816K), 0.0044923 secs]
121.865: [GC (Allocation Failure)  142672K->2729K(506816K), 0.0068219 secs]
130.526: [GC (Allocation Failure)  142505K->2726K(506816K), 0.0053272 secs]
139.374: [GC (Allocation Failure)  142434K->2731K(506816K), 0.0112635 secs]
148.250: [GC (Allocation Failure)  142507K->2877K(506816K), 0.0030227 secs]
157.006: [GC (Allocation Failure)  142653K->2732K(506816K), 0.0027316 secs]
165.822: [GC (Allocation Failure)  142480K->2877K(506816K), 0.0042190 secs]
174.603: [GC (Allocation Failure)  142653K->2860K(506816K), 0.0026574 secs]
183.333: [GC (Allocation Failure)  142636K->2878K(506816K), 0.0026274 secs]
192.167: [GC (Allocation Failure)  142654K->2730K(506816K), 0.0029821 secs]
201.073: [GC (Allocation Failure)  142506K->2725K(506816K), 0.0019985 secs]
209.929: [GC (Allocation Failure)  142501K->2741K(506816K), 0.0031532 secs]
218.804: [GC (Allocation Failure)  142517K->2878K(506816K), 0.0028494 secs]
227.660: [GC (Allocation Failure)  142654K->2732K(506816K), 0.0020179 secs]
236.762: [GC (Allocation Failure)  142508K->2888K(506816K), 0.0020981 secs]
245.708: [GC (Allocation Failure)  142664K->2742K(506816K), 0.0035083 secs]
254.934: [GC (Allocation Failure)  142433K->2743K(506816K), 0.0031039 secs]
264.021: [GC (Allocation Failure)  142519K->2720K(506816K), 0.0041698 secs]
273.032: [GC (Allocation Failure)  142496K->2889K(506816K), 0.0017261 secs]
282.112: [GC (Allocation Failure)  142665K->2743K(506816K), 0.0043497 secs]
291.119: [GC (Allocation Failure)  142519K->2891K(506816K), 0.0048659 secs]
299.862: [GC (Allocation Failure)  142667K->2744K(506816K), 0.0036131 secs]
308.448: [GC (Allocation Failure)  142450K->2890K(506816K), 0.0034719 secs]
318.542: [GC (Allocation Failure)  142666K->2890K(506816K), 0.0031798 secs]
327.340: [GC (Allocation Failure)  142666K->2751K(506816K), 0.0020224 secs]
336.167: [GC (Allocation Failure)  142527K->2889K(506816K), 0.0047081 secs]
345.183: [GC (Allocation Failure)  142665K->2744K(506816K), 0.0031103 secs]
354.072: [GC (Allocation Failure)  142520K->2890K(506816K), 0.0020057 secs]
363.215: [GC (Allocation Failure)  142666K->2745K(506816K), 0.0090154 secs]
372.116: [GC (Allocation Failure)  142464K->2890K(506816K), 0.0019483 secs]
381.202: [GC (Allocation Failure)  142666K->2890K(506816K), 0.0044701 secs]
390.137: [GC (Allocation Failure)  142666K->2743K(506816K), 0.0033216 secs]
399.141: [GC (Allocation Failure)  142381K->2890K(506816K), 0.0041043 secs]
408.282: [GC (Allocation Failure)  142666K->2890K(506816K), 0.0028789 secs]
417.324: [GC (Allocation Failure)  142666K->2744K(506816K), 0.0045356 secs]
426.305: [GC (Allocation Failure)  142520K->2890K(506816K), 0.0042378 secs]
435.425: [GC (Allocation Failure)  142666K->2745K(506816K), 0.0045495 secs]
444.428: [GC (Allocation Failure)  142471K->2890K(506816K), 0.0019681 secs]
453.552: [GC (Allocation Failure)  142666K->2890K(506816K), 0.0024723 secs]
462.552: [GC (Allocation Failure)  142666K->2743K(506816K), 0.0026057 secs]
471.733: [GC (Allocation Failure)  142382K->2890K(506816K), 0.0028419 secs]
480.885: [GC (Allocation Failure)  142666K->2890K(506816K), 0.0027838 secs]
489.876: [GC (Allocation Failure)  142666K->2744K(506816K), 0.0040780 secs]
498.884: [GC (Allocation Failure)  142520K->2890K(506816K), 0.0034355 secs]
507.899: [GC (Allocation Failure)  142666K->2745K(506816K), 0.0019210 secs]
516.989: [GC (Allocation Failure)  142471K->2890K(506816K), 0.0057997 secs]
526.029: [GC (Allocation Failure)  142666K->2890K(506816K), 0.0041557 secs]
535.201: [GC (Allocation Failure)  142666K->2743K(506816K), 0.0019391 secs]
544.237: [GC (Allocation Failure)  142382K->2890K(506816K), 0.0020083 secs]
553.308: [GC (Allocation Failure)  142666K->2890K(506816K), 0.0020506 secs]
562.354: [GC (Allocation Failure)  142666K->2744K(506816K), 0.0047603 secs]
571.349: [GC (Allocation Failure)  142520K->2890K(506816K), 0.0043562 secs]
580.402: [GC (Allocation Failure)  142666K->2745K(506816K), 0.0041636 secs]
589.605: [GC (Allocation Failure)  142471K->2890K(506816K), 0.0023916 secs]
598.676: [GC (Allocation Failure)  142666K->2890K(506816K), 0.0026780 secs]
607.717: [GC (Allocation Failure)  142666K->2743K(506816K), 0.0033478 secs]
616.607: [GC (Allocation Failure)  142382K->2890K(506816K), 0.0020561 secs]
625.642: [GC (Allocation Failure)  142666K->2890K(506816K), 0.0031284 secs]
634.834: [GC (Allocation Failure)  142666K->2744K(506816K), 0.0033344 secs]
643.904: [GC (Allocation Failure)  142520K->2890K(506816K), 0.0036511 secs]
653.041: [GC (Allocation Failure)  142666K->2745K(506816K), 0.0026965 secs]
662.230: [GC (Allocation Failure)  142471K->2890K(506816K), 0.0064077 secs]
671.161: [GC (Allocation Failure)  142666K->2890K(506816K), 0.0019446 secs]
679.955: [GC (Allocation Failure)  142666K->2743K(506816K), 0.0026694 secs]
688.947: [GC (Allocation Failure)  142382K->2890K(506816K), 0.0019338 secs]
697.673: [GC (Allocation Failure)  142666K->2890K(506816K), 0.0034076 secs]
706.643: [GC (Allocation Failure)  142666K->2744K(506816K), 0.0019594 secs]
715.691: [GC (Allocation Failure)  142520K->2890K(506816K), 0.0029459 secs]
724.604: [GC (Allocation Failure)  142666K->2745K(506816K), 0.0028797 secs]
733.686: [GC (Allocation Failure)  142471K->2890K(506816K), 0.0025175 secs]
742.535: [GC (Allocation Failure)  142666K->2890K(506816K), 0.0048018 secs]
