OpenJDK 64-Bit Server VM (25.222-b10) for linux-amd64 JRE (1.8.0_222-8u222-b10-1ubuntu1~18.04.1-b10), built on Jul 18 2019 18:52:48 by "buildd" with gcc 7.4.0
Memory: 4k page, physical 16424660k(15508412k free), swap 0k(0k free)
CommandLine flags: -XX:CompressedClassSpaceSize=45297664 -XX:InitialHeapSize=536870912 -XX:MaxHeapSize=536870912 -XX:MaxMetaspaceSize=53686272 -XX:+PrintGC -XX:+PrintGCTimeStamps -XX:+RequireSharedSpaces -XX:ReservedCodeCacheSize=26843136 -XX:-TieredCompilation -XX:+UseCompressedClassPointers -XX:+UseCompressedOops -XX:+UseSerialGC -XX:+UseSharedSpaces 
9.444: [GC (Allocation Failure)  139776K->2934K(506816K), 0.0116556 secs]
17.764: [GC (Allocation Failure)  142710K->2725K(506816K), 0.0127411 secs]
26.624: [GC (Allocation Failure)  142501K->2885K(506816K), 0.0051542 secs]
35.450: [GC (Allocation Failure)  142661K->2869K(506816K), 0.0119816 secs]
44.136: [GC (Allocation Failure)  142645K->2886K(506816K), 0.0051089 secs]
52.866: [GC (Allocation Failure)  142662K->2740K(506816K), 0.0080616 secs]
61.627: [GC (Allocation Failure)  142391K->2744K(506816K), 0.0050336 secs]
70.399: [GC (Allocation Failure)  142520K->2744K(506816K), 0.0045589 secs]
79.293: [GC (Allocation Failure)  142520K->2892K(506816K), 0.0115333 secs]
87.969: [GC (Allocation Failure)  142668K->2747K(506816K), 0.0077043 secs]
96.577: [GC (Allocation Failure)  142504K->2895K(506816K), 0.0065876 secs]
105.157: [GC (Allocation Failure)  142671K->2877K(506816K), 0.0049125 secs]
113.933: [GC (Allocation Failure)  142653K->2896K(506816K), 0.0053352 secs]
122.613: [GC (Allocation Failure)  142672K->2729K(506816K), 0.0113996 secs]
131.418: [GC (Allocation Failure)  142505K->2726K(506816K), 0.0065106 secs]
140.246: [GC (Allocation Failure)  142434K->2731K(506816K), 0.0145545 secs]
149.004: [GC (Allocation Failure)  142507K->2877K(506816K), 0.0033804 secs]
157.639: [GC (Allocation Failure)  142653K->2732K(506816K), 0.0028824 secs]
166.104: [GC (Allocation Failure)  142480K->2877K(506816K), 0.0036107 secs]
174.841: [GC (Allocation Failure)  142653K->2860K(506816K), 0.0052894 secs]
183.671: [GC (Allocation Failure)  142636K->2878K(506816K), 0.0055430 secs]
192.451: [GC (Allocation Failure)  142654K->2730K(506816K), 0.0018936 secs]
201.216: [GC (Allocation Failure)  142506K->2725K(506816K), 0.0040330 secs]
210.085: [GC (Allocation Failure)  142501K->2741K(506816K), 0.0054454 secs]
218.786: [GC (Allocation Failure)  142517K->2878K(506816K), 0.0025194 secs]
227.422: [GC (Allocation Failure)  142654K->2732K(506816K), 0.0020392 secs]
236.397: [GC (Allocation Failure)  142508K->2888K(506816K), 0.0027250 secs]
245.255: [GC (Allocation Failure)  142664K->2742K(506816K), 0.0041771 secs]
254.298: [GC (Allocation Failure)  142433K->2743K(506816K), 0.0020877 secs]
263.034: [GC (Allocation Failure)  142519K->2720K(506816K), 0.0023311 secs]
271.816: [GC (Allocation Failure)  142496K->2889K(506816K), 0.0088000 secs]
280.627: [GC (Allocation Failure)  142665K->2743K(506816K), 0.0018564 secs]
289.556: [GC (Allocation Failure)  142519K->2891K(506816K), 0.0021426 secs]
298.413: [GC (Allocation Failure)  142667K->2744K(506816K), 0.0031285 secs]
307.384: [GC (Allocation Failure)  142450K->2890K(506816K), 0.0034778 secs]
316.369: [GC (Allocation Failure)  142666K->2890K(506816K), 0.0048800 secs]
325.423: [GC (Allocation Failure)  142666K->2751K(506816K), 0.0026571 secs]
334.276: [GC (Allocation Failure)  142527K->2889K(506816K), 0.0026669 secs]
342.994: [GC (Allocation Failure)  142665K->2744K(506816K), 0.0087420 secs]
351.803: [GC (Allocation Failure)  142520K->2890K(506816K), 0.0023868 secs]
360.402: [GC (Allocation Failure)  142666K->2745K(506816K), 0.0022676 secs]
369.333: [GC (Allocation Failure)  142464K->2890K(506816K), 0.0037158 secs]
378.061: [GC (Allocation Failure)  142666K->2890K(506816K), 0.0039303 secs]
386.812: [GC (Allocation Failure)  142666K->2743K(506816K), 0.0029419 secs]
395.594: [GC (Allocation Failure)  142381K->2890K(506816K), 0.0070528 secs]
404.371: [GC (Allocation Failure)  142666K->2890K(506816K), 0.0035990 secs]
413.060: [GC (Allocation Failure)  142666K->2744K(506816K), 0.0032362 secs]
421.719: [GC (Allocation Failure)  142520K->2890K(506816K), 0.0026055 secs]
430.661: [GC (Allocation Failure)  142666K->2745K(506816K), 0.0019387 secs]
439.391: [GC (Allocation Failure)  142471K->2890K(506816K), 0.0019785 secs]
448.108: [GC (Allocation Failure)  142666K->2890K(506816K), 0.0023052 secs]
456.487: [GC (Allocation Failure)  142666K->2743K(506816K), 0.0039313 secs]
465.364: [GC (Allocation Failure)  142382K->2890K(506816K), 0.0036010 secs]
474.079: [GC (Allocation Failure)  142666K->2890K(506816K), 0.0019726 secs]
482.708: [GC (Allocation Failure)  142666K->2744K(506816K), 0.0025733 secs]
491.508: [GC (Allocation Failure)  142520K->2890K(506816K), 0.0033406 secs]
500.377: [GC (Allocation Failure)  142666K->2745K(506816K), 0.0054909 secs]
509.060: [GC (Allocation Failure)  142471K->2890K(506816K), 0.0030890 secs]
517.717: [GC (Allocation Failure)  142666K->2890K(506816K), 0.0028984 secs]
526.491: [GC (Allocation Failure)  142666K->2743K(506816K), 0.0025886 secs]
535.217: [GC (Allocation Failure)  142382K->2890K(506816K), 0.0025779 secs]
543.593: [GC (Allocation Failure)  142666K->2890K(506816K), 0.0028252 secs]
552.467: [GC (Allocation Failure)  142666K->2744K(506816K), 0.0068811 secs]
561.134: [GC (Allocation Failure)  142520K->2890K(506816K), 0.0030050 secs]
569.958: [GC (Allocation Failure)  142666K->2745K(506816K), 0.0030355 secs]
578.677: [GC (Allocation Failure)  142471K->2890K(506816K), 0.0029423 secs]
587.337: [GC (Allocation Failure)  142666K->2890K(506816K), 0.0023185 secs]
596.147: [GC (Allocation Failure)  142666K->2743K(506816K), 0.0026020 secs]
604.702: [GC (Allocation Failure)  142382K->2890K(506816K), 0.0020499 secs]
613.493: [GC (Allocation Failure)  142666K->2890K(506816K), 0.0019790 secs]
622.245: [GC (Allocation Failure)  142666K->2744K(506816K), 0.0018993 secs]
631.162: [GC (Allocation Failure)  142520K->2890K(506816K), 0.0018517 secs]
639.858: [GC (Allocation Failure)  142666K->2745K(506816K), 0.0019178 secs]
648.563: [GC (Allocation Failure)  142471K->2890K(506816K), 0.0020664 secs]
657.353: [GC (Allocation Failure)  142666K->2890K(506816K), 0.0062171 secs]
666.017: [GC (Allocation Failure)  142666K->2743K(506816K), 0.0019346 secs]
674.839: [GC (Allocation Failure)  142382K->2890K(506816K), 0.0019082 secs]
683.627: [GC (Allocation Failure)  142666K->2890K(506816K), 0.0021109 secs]
692.365: [GC (Allocation Failure)  142666K->2744K(506816K), 0.0093597 secs]
701.141: [GC (Allocation Failure)  142520K->2890K(506816K), 0.0020778 secs]
709.878: [GC (Allocation Failure)  142666K->2745K(506816K), 0.0029906 secs]
718.592: [GC (Allocation Failure)  142471K->2890K(506816K), 0.0020417 secs]
727.376: [GC (Allocation Failure)  142666K->2890K(506816K), 0.0022721 secs]
