OpenJDK 64-Bit Server VM (25.222-b10) for linux-amd64 JRE (1.8.0_222-8u222-b10-1ubuntu1~18.04.1-b10), built on Jul 18 2019 18:52:48 by "buildd" with gcc 7.4.0
Memory: 4k page, physical 16424660k(15506228k free), swap 0k(0k free)
CommandLine flags: -XX:CompressedClassSpaceSize=45297664 -XX:InitialHeapSize=536870912 -XX:MaxHeapSize=536870912 -XX:MaxMetaspaceSize=53686272 -XX:+PrintGC -XX:+PrintGCTimeStamps -XX:+RequireSharedSpaces -XX:ReservedCodeCacheSize=26843136 -XX:-TieredCompilation -XX:+UseCompressedClassPointers -XX:+UseCompressedOops -XX:+UseSerialGC -XX:+UseSharedSpaces 
10.402: [GC (Allocation Failure)  139776K->2805K(506816K), 0.0092751 secs]
18.648: [GC (Allocation Failure)  142581K->2725K(506816K), 0.0103668 secs]
27.572: [GC (Allocation Failure)  142501K->2885K(506816K), 0.0090307 secs]
36.296: [GC (Allocation Failure)  142661K->2869K(506816K), 0.0052488 secs]
44.962: [GC (Allocation Failure)  142645K->2886K(506816K), 0.0090035 secs]
53.704: [GC (Allocation Failure)  142662K->2740K(506816K), 0.0084099 secs]
62.528: [GC (Allocation Failure)  142390K->2744K(506816K), 0.0062082 secs]
71.386: [GC (Allocation Failure)  142520K->2744K(506816K), 0.0082342 secs]
80.066: [GC (Allocation Failure)  142520K->2892K(506816K), 0.0054297 secs]
88.901: [GC (Allocation Failure)  142668K->2747K(506816K), 0.0047898 secs]
97.827: [GC (Allocation Failure)  142504K->2895K(506816K), 0.0057875 secs]
106.507: [GC (Allocation Failure)  142671K->2877K(506816K), 0.0047377 secs]
115.397: [GC (Allocation Failure)  142653K->2896K(506816K), 0.0064272 secs]
124.209: [GC (Allocation Failure)  142672K->2729K(506816K), 0.0078709 secs]
132.775: [GC (Allocation Failure)  142505K->2726K(506816K), 0.0060444 secs]
141.504: [GC (Allocation Failure)  142434K->2731K(506816K), 0.0102529 secs]
150.380: [GC (Allocation Failure)  142507K->2877K(506816K), 0.0027861 secs]
159.198: [GC (Allocation Failure)  142653K->2732K(506816K), 0.0047287 secs]
167.755: [GC (Allocation Failure)  142480K->2877K(506816K), 0.0031371 secs]
176.410: [GC (Allocation Failure)  142653K->2860K(506816K), 0.0027964 secs]
185.144: [GC (Allocation Failure)  142636K->2878K(506816K), 0.0028296 secs]
193.777: [GC (Allocation Failure)  142654K->2730K(506816K), 0.0049747 secs]
202.724: [GC (Allocation Failure)  142506K->2725K(506816K), 0.0031987 secs]
211.550: [GC (Allocation Failure)  142501K->2741K(506816K), 0.0031984 secs]
220.371: [GC (Allocation Failure)  142517K->2878K(506816K), 0.0032588 secs]
228.965: [GC (Allocation Failure)  142654K->2732K(506816K), 0.0022405 secs]
237.833: [GC (Allocation Failure)  142508K->2888K(506816K), 0.0020669 secs]
246.622: [GC (Allocation Failure)  142664K->2742K(506816K), 0.0016907 secs]
255.432: [GC (Allocation Failure)  142433K->2743K(506816K), 0.0027084 secs]
264.337: [GC (Allocation Failure)  142519K->2720K(506816K), 0.0020464 secs]
273.166: [GC (Allocation Failure)  142496K->2889K(506816K), 0.0035158 secs]
281.901: [GC (Allocation Failure)  142665K->2743K(506816K), 0.0020342 secs]
290.539: [GC (Allocation Failure)  142519K->2891K(506816K), 0.0025999 secs]
299.293: [GC (Allocation Failure)  142667K->2744K(506816K), 0.0039225 secs]
308.455: [GC (Allocation Failure)  142450K->2890K(506816K), 0.0023491 secs]
317.352: [GC (Allocation Failure)  142666K->2890K(506816K), 0.0020786 secs]
326.257: [GC (Allocation Failure)  142666K->2751K(506816K), 0.0055515 secs]
335.387: [GC (Allocation Failure)  142527K->2889K(506816K), 0.0027589 secs]
344.074: [GC (Allocation Failure)  142665K->2744K(506816K), 0.0027190 secs]
352.589: [GC (Allocation Failure)  142520K->2890K(506816K), 0.0024918 secs]
361.188: [GC (Allocation Failure)  142666K->2745K(506816K), 0.0046135 secs]
369.882: [GC (Allocation Failure)  142464K->2890K(506816K), 0.0045899 secs]
378.517: [GC (Allocation Failure)  142666K->2890K(506816K), 0.0041849 secs]
387.230: [GC (Allocation Failure)  142666K->2743K(506816K), 0.0053840 secs]
396.058: [GC (Allocation Failure)  142381K->2890K(506816K), 0.0023940 secs]
404.627: [GC (Allocation Failure)  142666K->2890K(506816K), 0.0058608 secs]
413.247: [GC (Allocation Failure)  142666K->2744K(506816K), 0.0037287 secs]
421.823: [GC (Allocation Failure)  142520K->2890K(506816K), 0.0021931 secs]
430.549: [GC (Allocation Failure)  142666K->2745K(506816K), 0.0044297 secs]
439.179: [GC (Allocation Failure)  142471K->2890K(506816K), 0.0059825 secs]
447.790: [GC (Allocation Failure)  142666K->2890K(506816K), 0.0037066 secs]
456.591: [GC (Allocation Failure)  142666K->2743K(506816K), 0.0041518 secs]
465.290: [GC (Allocation Failure)  142382K->2890K(506816K), 0.0029659 secs]
473.831: [GC (Allocation Failure)  142666K->2890K(506816K), 0.0062244 secs]
482.532: [GC (Allocation Failure)  142666K->2744K(506816K), 0.0068019 secs]
491.199: [GC (Allocation Failure)  142520K->2890K(506816K), 0.0029680 secs]
500.001: [GC (Allocation Failure)  142666K->2745K(506816K), 0.0048016 secs]
508.750: [GC (Allocation Failure)  142471K->2890K(506816K), 0.0022758 secs]
517.506: [GC (Allocation Failure)  142666K->2890K(506816K), 0.0027778 secs]
526.207: [GC (Allocation Failure)  142666K->2743K(506816K), 0.0105194 secs]
534.849: [GC (Allocation Failure)  142382K->2890K(506816K), 0.0019910 secs]
543.392: [GC (Allocation Failure)  142666K->2890K(506816K), 0.0025550 secs]
552.261: [GC (Allocation Failure)  142666K->2744K(506816K), 0.0026854 secs]
560.783: [GC (Allocation Failure)  142520K->2890K(506816K), 0.0028808 secs]
569.441: [GC (Allocation Failure)  142666K->2745K(506816K), 0.0020948 secs]
578.311: [GC (Allocation Failure)  142471K->2890K(506816K), 0.0057803 secs]
586.923: [GC (Allocation Failure)  142666K->2890K(506816K), 0.0049791 secs]
595.415: [GC (Allocation Failure)  142666K->2743K(506816K), 0.0025228 secs]
603.995: [GC (Allocation Failure)  142382K->2890K(506816K), 0.0038677 secs]
612.694: [GC (Allocation Failure)  142666K->2890K(506816K), 0.0032678 secs]
621.299: [GC (Allocation Failure)  142666K->2744K(506816K), 0.0023200 secs]
630.070: [GC (Allocation Failure)  142520K->2890K(506816K), 0.0039542 secs]
638.965: [GC (Allocation Failure)  142666K->2745K(506816K), 0.0040646 secs]
647.704: [GC (Allocation Failure)  142471K->2890K(506816K), 0.0021130 secs]
656.340: [GC (Allocation Failure)  142666K->2890K(506816K), 0.0020410 secs]
664.798: [GC (Allocation Failure)  142666K->2743K(506816K), 0.0071215 secs]
673.470: [GC (Allocation Failure)  142382K->2890K(506816K), 0.0020796 secs]
682.121: [GC (Allocation Failure)  142666K->2890K(506816K), 0.0021293 secs]
690.777: [GC (Allocation Failure)  142666K->2744K(506816K), 0.0023808 secs]
699.703: [GC (Allocation Failure)  142520K->2890K(506816K), 0.0023632 secs]
708.360: [GC (Allocation Failure)  142666K->2745K(506816K), 0.0058977 secs]
717.091: [GC (Allocation Failure)  142471K->2890K(506816K), 0.0036360 secs]
725.696: [GC (Allocation Failure)  142666K->2890K(506816K), 0.0019724 secs]
