OpenJDK 64-Bit Server VM (25.222-b10) for linux-amd64 JRE (1.8.0_222-8u222-b10-1ubuntu1~18.04.1-b10), built on Jul 18 2019 18:52:48 by "buildd" with gcc 7.4.0
Memory: 4k page, physical 16424660k(15504796k free), swap 0k(0k free)
CommandLine flags: -XX:CompressedClassSpaceSize=45297664 -XX:InitialHeapSize=536870912 -XX:MaxHeapSize=536870912 -XX:MaxMetaspaceSize=53686272 -XX:+PrintGC -XX:+PrintGCTimeStamps -XX:+RequireSharedSpaces -XX:ReservedCodeCacheSize=26843136 -XX:-TieredCompilation -XX:+UseCompressedClassPointers -XX:+UseCompressedOops -XX:+UseSerialGC -XX:+UseSharedSpaces 
9.426: [GC (Allocation Failure)  139776K->2805K(506816K), 0.0097600 secs]
18.121: [GC (Allocation Failure)  142581K->2725K(506816K), 0.0102644 secs]
26.824: [GC (Allocation Failure)  142501K->2885K(506816K), 0.0060513 secs]
35.601: [GC (Allocation Failure)  142661K->2869K(506816K), 0.0046988 secs]
44.383: [GC (Allocation Failure)  142645K->2886K(506816K), 0.0061560 secs]
53.219: [GC (Allocation Failure)  142662K->2740K(506816K), 0.0100269 secs]
62.058: [GC (Allocation Failure)  142390K->2744K(506816K), 0.0075862 secs]
70.813: [GC (Allocation Failure)  142520K->2744K(506816K), 0.0051244 secs]
79.657: [GC (Allocation Failure)  142520K->2892K(506816K), 0.0080124 secs]
88.561: [GC (Allocation Failure)  142668K->2747K(506816K), 0.0077370 secs]
97.328: [GC (Allocation Failure)  142504K->2895K(506816K), 0.0046704 secs]
106.044: [GC (Allocation Failure)  142671K->2877K(506816K), 0.0053803 secs]
114.852: [GC (Allocation Failure)  142653K->2896K(506816K), 0.0071123 secs]
123.598: [GC (Allocation Failure)  142672K->2729K(506816K), 0.0070382 secs]
132.383: [GC (Allocation Failure)  142505K->2726K(506816K), 0.0097739 secs]
141.328: [GC (Allocation Failure)  142434K->2731K(506816K), 0.0120052 secs]
150.319: [GC (Allocation Failure)  142507K->2877K(506816K), 0.0021340 secs]
159.193: [GC (Allocation Failure)  142653K->2732K(506816K), 0.0034859 secs]
168.137: [GC (Allocation Failure)  142480K->2877K(506816K), 0.0044782 secs]
176.865: [GC (Allocation Failure)  142653K->2860K(506816K), 0.0021733 secs]
185.706: [GC (Allocation Failure)  142636K->2878K(506816K), 0.0042661 secs]
194.428: [GC (Allocation Failure)  142654K->2730K(506816K), 0.0020101 secs]
203.293: [GC (Allocation Failure)  142506K->2725K(506816K), 0.0041176 secs]
212.268: [GC (Allocation Failure)  142501K->2741K(506816K), 0.0037593 secs]
221.044: [GC (Allocation Failure)  142517K->2878K(506816K), 0.0023948 secs]
229.925: [GC (Allocation Failure)  142654K->2732K(506816K), 0.0024862 secs]
239.008: [GC (Allocation Failure)  142508K->2888K(506816K), 0.0022692 secs]
248.327: [GC (Allocation Failure)  142664K->2742K(506816K), 0.0018569 secs]
257.473: [GC (Allocation Failure)  142433K->2743K(506816K), 0.0043885 secs]
266.501: [GC (Allocation Failure)  142519K->2720K(506816K), 0.0020138 secs]
275.701: [GC (Allocation Failure)  142496K->2889K(506816K), 0.0045152 secs]
284.744: [GC (Allocation Failure)  142665K->2743K(506816K), 0.0020174 secs]
293.725: [GC (Allocation Failure)  142519K->2891K(506816K), 0.0033092 secs]
302.364: [GC (Allocation Failure)  142667K->2744K(506816K), 0.0038289 secs]
311.216: [GC (Allocation Failure)  142450K->2890K(506816K), 0.0032402 secs]
320.093: [GC (Allocation Failure)  142666K->2890K(506816K), 0.0040516 secs]
328.841: [GC (Allocation Failure)  142666K->2751K(506816K), 0.0025510 secs]
337.895: [GC (Allocation Failure)  142527K->2889K(506816K), 0.0033749 secs]
346.960: [GC (Allocation Failure)  142665K->2744K(506816K), 0.0019643 secs]
355.917: [GC (Allocation Failure)  142520K->2890K(506816K), 0.0024295 secs]
364.889: [GC (Allocation Failure)  142666K->2745K(506816K), 0.0037392 secs]
373.800: [GC (Allocation Failure)  142464K->2890K(506816K), 0.0019846 secs]
382.846: [GC (Allocation Failure)  142666K->2890K(506816K), 0.0066511 secs]
391.904: [GC (Allocation Failure)  142666K->2743K(506816K), 0.0027437 secs]
400.944: [GC (Allocation Failure)  142381K->2890K(506816K), 0.0056099 secs]
410.058: [GC (Allocation Failure)  142666K->2890K(506816K), 0.0042692 secs]
419.075: [GC (Allocation Failure)  142666K->2744K(506816K), 0.0027540 secs]
428.105: [GC (Allocation Failure)  142520K->2890K(506816K), 0.0041337 secs]
437.288: [GC (Allocation Failure)  142666K->2745K(506816K), 0.0019735 secs]
446.224: [GC (Allocation Failure)  142471K->2890K(506816K), 0.0035493 secs]
455.485: [GC (Allocation Failure)  142666K->2890K(506816K), 0.0042968 secs]
464.551: [GC (Allocation Failure)  142666K->2743K(506816K), 0.0023125 secs]
473.818: [GC (Allocation Failure)  142382K->2890K(506816K), 0.0038143 secs]
482.987: [GC (Allocation Failure)  142666K->2890K(506816K), 0.0021965 secs]
491.820: [GC (Allocation Failure)  142666K->2744K(506816K), 0.0018796 secs]
501.008: [GC (Allocation Failure)  142520K->2890K(506816K), 0.0033555 secs]
510.142: [GC (Allocation Failure)  142666K->2745K(506816K), 0.0019970 secs]
519.305: [GC (Allocation Failure)  142471K->2890K(506816K), 0.0017260 secs]
528.366: [GC (Allocation Failure)  142666K->2890K(506816K), 0.0020872 secs]
537.410: [GC (Allocation Failure)  142666K->2743K(506816K), 0.0072260 secs]
546.460: [GC (Allocation Failure)  142382K->2890K(506816K), 0.0022152 secs]
555.426: [GC (Allocation Failure)  142666K->2890K(506816K), 0.0030500 secs]
564.523: [GC (Allocation Failure)  142666K->2744K(506816K), 0.0034423 secs]
573.274: [GC (Allocation Failure)  142520K->2890K(506816K), 0.0020533 secs]
582.402: [GC (Allocation Failure)  142666K->2745K(506816K), 0.0052601 secs]
591.397: [GC (Allocation Failure)  142471K->2890K(506816K), 0.0059525 secs]
600.284: [GC (Allocation Failure)  142666K->2890K(506816K), 0.0019330 secs]
609.385: [GC (Allocation Failure)  142666K->2743K(506816K), 0.0062893 secs]
618.269: [GC (Allocation Failure)  142382K->2890K(506816K), 0.0018946 secs]
627.266: [GC (Allocation Failure)  142666K->2890K(506816K), 0.0035282 secs]
636.284: [GC (Allocation Failure)  142666K->2744K(506816K), 0.0030738 secs]
645.443: [GC (Allocation Failure)  142520K->2890K(506816K), 0.0028737 secs]
654.596: [GC (Allocation Failure)  142666K->2745K(506816K), 0.0017132 secs]
663.733: [GC (Allocation Failure)  142471K->2890K(506816K), 0.0043235 secs]
672.761: [GC (Allocation Failure)  142666K->2890K(506816K), 0.0027990 secs]
681.690: [GC (Allocation Failure)  142666K->2743K(506816K), 0.0038670 secs]
690.660: [GC (Allocation Failure)  142382K->2890K(506816K), 0.0019981 secs]
699.737: [GC (Allocation Failure)  142666K->2890K(506816K), 0.0079445 secs]
708.767: [GC (Allocation Failure)  142666K->2744K(506816K), 0.0022829 secs]
717.738: [GC (Allocation Failure)  142520K->2890K(506816K), 0.0044884 secs]
726.783: [GC (Allocation Failure)  142666K->2745K(506816K), 0.0031895 secs]
735.900: [GC (Allocation Failure)  142471K->2890K(506816K), 0.0020413 secs]
744.846: [GC (Allocation Failure)  142666K->2890K(506816K), 0.0017182 secs]
