OpenJDK 64-Bit Server VM (25.222-b10) for linux-amd64 JRE (1.8.0_222-8u222-b10-1ubuntu1~18.04.1-b10), built on Jul 18 2019 18:52:48 by "buildd" with gcc 7.4.0
Memory: 4k page, physical 16424660k(15505904k free), swap 0k(0k free)
CommandLine flags: -XX:CompressedClassSpaceSize=45297664 -XX:InitialHeapSize=536870912 -XX:MaxHeapSize=536870912 -XX:MaxMetaspaceSize=53686272 -XX:+PrintGC -XX:+PrintGCTimeStamps -XX:+RequireSharedSpaces -XX:ReservedCodeCacheSize=26843136 -XX:-TieredCompilation -XX:+UseCompressedClassPointers -XX:+UseCompressedOops -XX:+UseSerialGC -XX:+UseSharedSpaces 
9.094: [GC (Allocation Failure)  139776K->2934K(506816K), 0.0115069 secs]
17.565: [GC (Allocation Failure)  142710K->2725K(506816K), 0.0095851 secs]
26.352: [GC (Allocation Failure)  142501K->2885K(506816K), 0.0088699 secs]
34.918: [GC (Allocation Failure)  142661K->2869K(506816K), 0.0044585 secs]
43.530: [GC (Allocation Failure)  142645K->2886K(506816K), 0.0053873 secs]
52.280: [GC (Allocation Failure)  142662K->2740K(506816K), 0.0082386 secs]
61.132: [GC (Allocation Failure)  142391K->2744K(506816K), 0.0081988 secs]
69.875: [GC (Allocation Failure)  142520K->2744K(506816K), 0.0050214 secs]
78.648: [GC (Allocation Failure)  142520K->2892K(506816K), 0.0050050 secs]
87.506: [GC (Allocation Failure)  142668K->2747K(506816K), 0.0081820 secs]
96.285: [GC (Allocation Failure)  142504K->2895K(506816K), 0.0056720 secs]
104.926: [GC (Allocation Failure)  142671K->2877K(506816K), 0.0046535 secs]
113.730: [GC (Allocation Failure)  142653K->2896K(506816K), 0.0085323 secs]
122.706: [GC (Allocation Failure)  142672K->2729K(506816K), 0.0073572 secs]
131.379: [GC (Allocation Failure)  142505K->2726K(506816K), 0.0060473 secs]
140.373: [GC (Allocation Failure)  142434K->2731K(506816K), 0.0113778 secs]
149.145: [GC (Allocation Failure)  142507K->2877K(506816K), 0.0033061 secs]
158.042: [GC (Allocation Failure)  142653K->2732K(506816K), 0.0021698 secs]
166.961: [GC (Allocation Failure)  142480K->2877K(506816K), 0.0036367 secs]
175.619: [GC (Allocation Failure)  142653K->2860K(506816K), 0.0022389 secs]
184.513: [GC (Allocation Failure)  142636K->2878K(506816K), 0.0028908 secs]
192.897: [GC (Allocation Failure)  142654K->2730K(506816K), 0.0020216 secs]
201.699: [GC (Allocation Failure)  142506K->2725K(506816K), 0.0020060 secs]
210.433: [GC (Allocation Failure)  142501K->2741K(506816K), 0.0029388 secs]
219.269: [GC (Allocation Failure)  142517K->2878K(506816K), 0.0017226 secs]
227.986: [GC (Allocation Failure)  142654K->2732K(506816K), 0.0024995 secs]
237.053: [GC (Allocation Failure)  142508K->2888K(506816K), 0.0020714 secs]
246.360: [GC (Allocation Failure)  142664K->2742K(506816K), 0.0051210 secs]
255.534: [GC (Allocation Failure)  142433K->2743K(506816K), 0.0037024 secs]
264.684: [GC (Allocation Failure)  142519K->2720K(506816K), 0.0020113 secs]
273.727: [GC (Allocation Failure)  142496K->2889K(506816K), 0.0078673 secs]
282.743: [GC (Allocation Failure)  142665K->2743K(506816K), 0.0037045 secs]
291.629: [GC (Allocation Failure)  142519K->2891K(506816K), 0.0046222 secs]
300.389: [GC (Allocation Failure)  142667K->2744K(506816K), 0.0044829 secs]
309.129: [GC (Allocation Failure)  142450K->2890K(506816K), 0.0028340 secs]
318.087: [GC (Allocation Failure)  142666K->2890K(506816K), 0.0070174 secs]
326.913: [GC (Allocation Failure)  142666K->2751K(506816K), 0.0044184 secs]
335.723: [GC (Allocation Failure)  142527K->2889K(506816K), 0.0026441 secs]
344.758: [GC (Allocation Failure)  142665K->2744K(506816K), 0.0033074 secs]
353.873: [GC (Allocation Failure)  142520K->2890K(506816K), 0.0021348 secs]
363.113: [GC (Allocation Failure)  142666K->2745K(506816K), 0.0041081 secs]
372.208: [GC (Allocation Failure)  142464K->2890K(506816K), 0.0022166 secs]
381.304: [GC (Allocation Failure)  142666K->2890K(506816K), 0.0022556 secs]
390.310: [GC (Allocation Failure)  142666K->2743K(506816K), 0.0023990 secs]
399.413: [GC (Allocation Failure)  142381K->2890K(506816K), 0.0056890 secs]
408.597: [GC (Allocation Failure)  142666K->2890K(506816K), 0.0046862 secs]
417.611: [GC (Allocation Failure)  142666K->2744K(506816K), 0.0039118 secs]
426.614: [GC (Allocation Failure)  142520K->2890K(506816K), 0.0024424 secs]
435.589: [GC (Allocation Failure)  142666K->2745K(506816K), 0.0019719 secs]
444.732: [GC (Allocation Failure)  142471K->2890K(506816K), 0.0052788 secs]
453.752: [GC (Allocation Failure)  142666K->2890K(506816K), 0.0020405 secs]
462.691: [GC (Allocation Failure)  142666K->2743K(506816K), 0.0041890 secs]
471.744: [GC (Allocation Failure)  142382K->2890K(506816K), 0.0027191 secs]
480.736: [GC (Allocation Failure)  142666K->2890K(506816K), 0.0024295 secs]
489.662: [GC (Allocation Failure)  142666K->2744K(506816K), 0.0022062 secs]
498.733: [GC (Allocation Failure)  142520K->2890K(506816K), 0.0074155 secs]
507.794: [GC (Allocation Failure)  142666K->2745K(506816K), 0.0028111 secs]
516.823: [GC (Allocation Failure)  142471K->2890K(506816K), 0.0035252 secs]
525.796: [GC (Allocation Failure)  142666K->2890K(506816K), 0.0048577 secs]
534.813: [GC (Allocation Failure)  142666K->2743K(506816K), 0.0046165 secs]
543.915: [GC (Allocation Failure)  142382K->2890K(506816K), 0.0034055 secs]
552.746: [GC (Allocation Failure)  142666K->2890K(506816K), 0.0029516 secs]
561.719: [GC (Allocation Failure)  142666K->2744K(506816K), 0.0027233 secs]
570.684: [GC (Allocation Failure)  142520K->2890K(506816K), 0.0017527 secs]
579.778: [GC (Allocation Failure)  142666K->2745K(506816K), 0.0022486 secs]
588.813: [GC (Allocation Failure)  142471K->2890K(506816K), 0.0030256 secs]
597.914: [GC (Allocation Failure)  142666K->2890K(506816K), 0.0039612 secs]
607.056: [GC (Allocation Failure)  142666K->2743K(506816K), 0.0022565 secs]
615.960: [GC (Allocation Failure)  142382K->2890K(506816K), 0.0020521 secs]
624.922: [GC (Allocation Failure)  142666K->2890K(506816K), 0.0030110 secs]
634.002: [GC (Allocation Failure)  142666K->2744K(506816K), 0.0030463 secs]
642.922: [GC (Allocation Failure)  142520K->2890K(506816K), 0.0037917 secs]
652.075: [GC (Allocation Failure)  142666K->2745K(506816K), 0.0028465 secs]
661.266: [GC (Allocation Failure)  142471K->2890K(506816K), 0.0035903 secs]
670.382: [GC (Allocation Failure)  142666K->2890K(506816K), 0.0029928 secs]
679.309: [GC (Allocation Failure)  142666K->2743K(506816K), 0.0028039 secs]
688.345: [GC (Allocation Failure)  142382K->2890K(506816K), 0.0030523 secs]
697.398: [GC (Allocation Failure)  142666K->2890K(506816K), 0.0029753 secs]
706.402: [GC (Allocation Failure)  142666K->2744K(506816K), 0.0025994 secs]
715.487: [GC (Allocation Failure)  142520K->2890K(506816K), 0.0032850 secs]
724.554: [GC (Allocation Failure)  142666K->2745K(506816K), 0.0042109 secs]
733.726: [GC (Allocation Failure)  142471K->2890K(506816K), 0.0017445 secs]
742.778: [GC (Allocation Failure)  142666K->2890K(506816K), 0.0027494 secs]
