OpenJDK 64-Bit Server VM (25.222-b10) for linux-amd64 JRE (1.8.0_222-8u222-b10-1ubuntu1~18.04.1-b10), built on Jul 18 2019 18:52:48 by "buildd" with gcc 7.4.0
Memory: 4k page, physical 16424660k(15507076k free), swap 0k(0k free)
CommandLine flags: -XX:CompressedClassSpaceSize=45297664 -XX:InitialHeapSize=536870912 -XX:MaxHeapSize=536870912 -XX:MaxMetaspaceSize=53686272 -XX:+PrintGC -XX:+PrintGCTimeStamps -XX:+RequireSharedSpaces -XX:ReservedCodeCacheSize=26843136 -XX:-TieredCompilation -XX:+UseCompressedClassPointers -XX:+UseCompressedOops -XX:+UseSerialGC -XX:+UseSharedSpaces 
9.245: [GC (Allocation Failure)  139776K->2934K(506816K), 0.0108129 secs]
17.829: [GC (Allocation Failure)  142710K->2725K(506816K), 0.0080839 secs]
26.630: [GC (Allocation Failure)  142501K->2885K(506816K), 0.0045448 secs]
35.342: [GC (Allocation Failure)  142661K->2869K(506816K), 0.0074848 secs]
44.089: [GC (Allocation Failure)  142645K->2886K(506816K), 0.0050006 secs]
52.794: [GC (Allocation Failure)  142662K->2740K(506816K), 0.0072244 secs]
61.707: [GC (Allocation Failure)  142391K->2744K(506816K), 0.0040924 secs]
70.432: [GC (Allocation Failure)  142520K->2744K(506816K), 0.0057050 secs]
79.270: [GC (Allocation Failure)  142520K->2892K(506816K), 0.0078344 secs]
87.999: [GC (Allocation Failure)  142668K->2747K(506816K), 0.0046708 secs]
96.758: [GC (Allocation Failure)  142504K->2895K(506816K), 0.0048263 secs]
105.389: [GC (Allocation Failure)  142671K->2877K(506816K), 0.0054458 secs]
114.151: [GC (Allocation Failure)  142653K->2896K(506816K), 0.0041886 secs]
123.045: [GC (Allocation Failure)  142672K->2729K(506816K), 0.0071847 secs]
131.711: [GC (Allocation Failure)  142505K->2726K(506816K), 0.0071780 secs]
140.470: [GC (Allocation Failure)  142434K->2731K(506816K), 0.0136350 secs]
149.178: [GC (Allocation Failure)  142507K->2877K(506816K), 0.0050311 secs]
158.096: [GC (Allocation Failure)  142653K->2732K(506816K), 0.0053999 secs]
166.974: [GC (Allocation Failure)  142480K->2877K(506816K), 0.0047517 secs]
175.700: [GC (Allocation Failure)  142653K->2860K(506816K), 0.0064187 secs]
184.586: [GC (Allocation Failure)  142636K->2878K(506816K), 0.0020679 secs]
193.304: [GC (Allocation Failure)  142654K->2730K(506816K), 0.0037137 secs]
202.380: [GC (Allocation Failure)  142506K->2725K(506816K), 0.0040968 secs]
211.283: [GC (Allocation Failure)  142501K->2741K(506816K), 0.0031227 secs]
220.202: [GC (Allocation Failure)  142517K->2878K(506816K), 0.0053977 secs]
229.038: [GC (Allocation Failure)  142654K->2732K(506816K), 0.0020490 secs]
238.721: [GC (Allocation Failure)  142508K->2888K(506816K), 0.0021620 secs]
247.640: [GC (Allocation Failure)  142664K->2742K(506816K), 0.0030535 secs]
256.969: [GC (Allocation Failure)  142433K->2743K(506816K), 0.0028441 secs]
266.035: [GC (Allocation Failure)  142519K->2720K(506816K), 0.0033518 secs]
275.084: [GC (Allocation Failure)  142496K->2889K(506816K), 0.0039268 secs]
284.212: [GC (Allocation Failure)  142665K->2743K(506816K), 0.0022016 secs]
293.231: [GC (Allocation Failure)  142519K->2891K(506816K), 0.0044795 secs]
301.960: [GC (Allocation Failure)  142667K->2744K(506816K), 0.0020273 secs]
310.714: [GC (Allocation Failure)  142450K->2890K(506816K), 0.0021890 secs]
319.594: [GC (Allocation Failure)  142666K->2890K(506816K), 0.0032302 secs]
328.251: [GC (Allocation Failure)  142666K->2751K(506816K), 0.0020239 secs]
337.093: [GC (Allocation Failure)  142527K->2889K(506816K), 0.0038439 secs]
345.973: [GC (Allocation Failure)  142665K->2744K(506816K), 0.0019861 secs]
354.997: [GC (Allocation Failure)  142520K->2890K(506816K), 0.0036935 secs]
364.073: [GC (Allocation Failure)  142666K->2745K(506816K), 0.0020384 secs]
373.086: [GC (Allocation Failure)  142464K->2890K(506816K), 0.0029320 secs]
382.130: [GC (Allocation Failure)  142666K->2890K(506816K), 0.0051790 secs]
391.091: [GC (Allocation Failure)  142666K->2743K(506816K), 0.0035933 secs]
400.050: [GC (Allocation Failure)  142381K->2890K(506816K), 0.0075380 secs]
409.090: [GC (Allocation Failure)  142666K->2890K(506816K), 0.0029770 secs]
418.159: [GC (Allocation Failure)  142666K->2744K(506816K), 0.0039548 secs]
427.354: [GC (Allocation Failure)  142520K->2890K(506816K), 0.0030455 secs]
436.308: [GC (Allocation Failure)  142666K->2745K(506816K), 0.0030550 secs]
445.074: [GC (Allocation Failure)  142471K->2890K(506816K), 0.0033809 secs]
454.144: [GC (Allocation Failure)  142666K->2890K(506816K), 0.0059395 secs]
463.032: [GC (Allocation Failure)  142666K->2743K(506816K), 0.0035863 secs]
472.030: [GC (Allocation Failure)  142382K->2890K(506816K), 0.0018890 secs]
481.201: [GC (Allocation Failure)  142666K->2890K(506816K), 0.0020174 secs]
490.183: [GC (Allocation Failure)  142666K->2744K(506816K), 0.0043841 secs]
499.034: [GC (Allocation Failure)  142520K->2890K(506816K), 0.0019361 secs]
508.112: [GC (Allocation Failure)  142666K->2745K(506816K), 0.0032929 secs]
517.220: [GC (Allocation Failure)  142471K->2890K(506816K), 0.0041486 secs]
526.390: [GC (Allocation Failure)  142666K->2890K(506816K), 0.0053386 secs]
535.307: [GC (Allocation Failure)  142666K->2743K(506816K), 0.0024017 secs]
544.409: [GC (Allocation Failure)  142382K->2890K(506816K), 0.0020112 secs]
553.468: [GC (Allocation Failure)  142666K->2890K(506816K), 0.0097931 secs]
562.284: [GC (Allocation Failure)  142666K->2744K(506816K), 0.0033269 secs]
571.385: [GC (Allocation Failure)  142520K->2890K(506816K), 0.0042524 secs]
580.472: [GC (Allocation Failure)  142666K->2745K(506816K), 0.0064714 secs]
589.498: [GC (Allocation Failure)  142471K->2890K(506816K), 0.0020734 secs]
598.546: [GC (Allocation Failure)  142666K->2890K(506816K), 0.0032709 secs]
607.774: [GC (Allocation Failure)  142666K->2743K(506816K), 0.0026593 secs]
616.778: [GC (Allocation Failure)  142382K->2890K(506816K), 0.0050808 secs]
625.787: [GC (Allocation Failure)  142666K->2890K(506816K), 0.0024975 secs]
634.888: [GC (Allocation Failure)  142666K->2744K(506816K), 0.0020371 secs]
644.002: [GC (Allocation Failure)  142520K->2890K(506816K), 0.0023532 secs]
653.009: [GC (Allocation Failure)  142666K->2745K(506816K), 0.0028602 secs]
662.178: [GC (Allocation Failure)  142471K->2890K(506816K), 0.0035637 secs]
671.165: [GC (Allocation Failure)  142666K->2890K(506816K), 0.0020682 secs]
680.203: [GC (Allocation Failure)  142666K->2743K(506816K), 0.0053114 secs]
689.222: [GC (Allocation Failure)  142382K->2890K(506816K), 0.0023152 secs]
698.189: [GC (Allocation Failure)  142666K->2890K(506816K), 0.0020782 secs]
707.185: [GC (Allocation Failure)  142666K->2744K(506816K), 0.0066443 secs]
716.174: [GC (Allocation Failure)  142520K->2890K(506816K), 0.0025293 secs]
725.271: [GC (Allocation Failure)  142666K->2745K(506816K), 0.0033450 secs]
734.177: [GC (Allocation Failure)  142471K->2890K(506816K), 0.0052015 secs]
743.053: [GC (Allocation Failure)  142666K->2890K(506816K), 0.0030421 secs]
