[0.011s][info][gc] Using G1
[16.428s][info][gc] GC(0) Pause Full (JvmtiEnv ForceGarbageCollection) 50M->4M(128M) 40.975ms
[37.881s][info][gc] GC(1) Pause Full (JvmtiEnv ForceGarbageCollection) 55M->4M(128M) 37.243ms
[58.872s][info][gc] GC(2) Pause Full (JvmtiEnv ForceGarbageCollection) 56M->4M(128M) 30.105ms
[69.131s][info][gc] GC(3) Pause Full (JvmtiEnv ForceGarbageCollection) 30M->4M(128M) 22.413ms
[79.700s][info][gc] GC(4) Pause Full (JvmtiEnv ForceGarbageCollection) 30M->4M(128M) 32.613ms
[100.580s][info][gc] GC(5) Pause Full (JvmtiEnv ForceGarbageCollection) 54M->5M(128M) 32.333ms
[121.443s][info][gc] GC(6) Pause Full (JvmtiEnv ForceGarbageCollection) 56M->5M(128M) 44.516ms
[131.870s][info][gc] GC(7) Pause Full (JvmtiEnv ForceGarbageCollection) 30M->4M(128M) 60.201ms
[142.373s][info][gc] GC(8) Pause Full (JvmtiEnv ForceGarbageCollection) 30M->4M(128M) 53.615ms
[152.858s][info][gc] GC(9) Pause Full (JvmtiEnv ForceGarbageCollection) 30M->4M(128M) 48.253ms
[163.291s][info][gc] GC(10) Pause Full (JvmtiEnv ForceGarbageCollection) 30M->4M(128M) 39.417ms
[173.803s][info][gc] GC(11) Pause Full (JvmtiEnv ForceGarbageCollection) 30M->4M(128M) 37.502ms
[184.213s][info][gc] GC(12) Pause Full (JvmtiEnv ForceGarbageCollection) 30M->4M(128M) 41.820ms
[194.738s][info][gc] GC(13) Pause Full (JvmtiEnv ForceGarbageCollection) 30M->4M(128M) 27.467ms
[205.178s][info][gc] GC(14) Pause Full (JvmtiEnv ForceGarbageCollection) 30M->4M(128M) 33.980ms
[226.414s][info][gc] GC(15) Pause Full (JvmtiEnv ForceGarbageCollection) 55M->4M(128M) 31.797ms
[236.851s][info][gc] GC(16) Pause Full (JvmtiEnv ForceGarbageCollection) 30M->4M(128M) 22.480ms
[247.298s][info][gc] GC(17) Pause Full (JvmtiEnv ForceGarbageCollection) 30M->4M(128M) 31.244ms
[257.652s][info][gc] GC(18) Pause Full (JvmtiEnv ForceGarbageCollection) 30M->4M(128M) 22.697ms
[268.152s][info][gc] GC(19) Pause Full (JvmtiEnv ForceGarbageCollection) 30M->4M(128M) 30.012ms
[278.731s][info][gc] GC(20) Pause Full (JvmtiEnv ForceGarbageCollection) 30M->4M(128M) 23.012ms
[289.037s][info][gc] GC(21) Pause Full (JvmtiEnv ForceGarbageCollection) 30M->4M(128M) 31.882ms
[299.541s][info][gc] GC(22) Pause Full (JvmtiEnv ForceGarbageCollection) 30M->4M(128M) 26.641ms
[310.127s][info][gc] GC(23) Pause Full (JvmtiEnv ForceGarbageCollection) 30M->4M(128M) 33.529ms
[320.624s][info][gc] GC(24) Pause Full (JvmtiEnv ForceGarbageCollection) 30M->4M(128M) 38.190ms
[331.074s][info][gc] GC(25) Pause Full (JvmtiEnv ForceGarbageCollection) 30M->4M(128M) 20.498ms
[351.914s][info][gc] GC(26) Pause Full (JvmtiEnv ForceGarbageCollection) 55M->4M(128M) 39.322ms
[372.637s][info][gc] GC(27) Pause Full (JvmtiEnv ForceGarbageCollection) 55M->4M(128M) 31.795ms
[383.289s][info][gc] GC(28) Pause Full (JvmtiEnv ForceGarbageCollection) 29M->4M(128M) 49.130ms
[403.857s][info][gc] GC(29) Pause Full (JvmtiEnv ForceGarbageCollection) 55M->4M(128M) 36.009ms
[424.576s][info][gc] GC(30) Pause Full (JvmtiEnv ForceGarbageCollection) 54M->4M(128M) 36.473ms
[434.995s][info][gc] GC(31) Pause Full (JvmtiEnv ForceGarbageCollection) 30M->4M(128M) 19.962ms
[445.656s][info][gc] GC(32) Pause Full (JvmtiEnv ForceGarbageCollection) 30M->4M(128M) 33.430ms
[456.117s][info][gc] GC(33) Pause Full (JvmtiEnv ForceGarbageCollection) 30M->4M(128M) 18.897ms
[466.537s][info][gc] GC(34) Pause Full (JvmtiEnv ForceGarbageCollection) 30M->4M(128M) 34.360ms
[476.959s][info][gc] GC(35) Pause Full (JvmtiEnv ForceGarbageCollection) 30M->4M(128M) 23.064ms
[487.482s][info][gc] GC(36) Pause Full (JvmtiEnv ForceGarbageCollection) 30M->4M(128M) 38.018ms
[497.855s][info][gc] GC(37) Pause Full (JvmtiEnv ForceGarbageCollection) 30M->4M(128M) 26.514ms
[508.364s][info][gc] GC(38) Pause Full (JvmtiEnv ForceGarbageCollection) 30M->4M(128M) 55.641ms
[518.852s][info][gc] GC(39) Pause Full (JvmtiEnv ForceGarbageCollection) 30M->4M(128M) 35.399ms
[529.459s][info][gc] GC(40) Pause Full (JvmtiEnv ForceGarbageCollection) 30M->4M(128M) 29.563ms
[540.128s][info][gc] GC(41) Pause Full (JvmtiEnv ForceGarbageCollection) 30M->4M(128M) 64.417ms
[551.170s][info][gc] GC(42) Pause Full (JvmtiEnv ForceGarbageCollection) 30M->4M(128M) 35.784ms
[572.441s][info][gc] GC(43) Pause Full (JvmtiEnv ForceGarbageCollection) 55M->4M(128M) 34.979ms
[582.973s][info][gc] GC(44) Pause Full (JvmtiEnv ForceGarbageCollection) 30M->4M(128M) 23.059ms
[593.546s][info][gc] GC(45) Pause Full (JvmtiEnv ForceGarbageCollection) 30M->4M(128M) 26.032ms
[604.295s][info][gc] GC(46) Pause Full (JvmtiEnv ForceGarbageCollection) 30M->4M(128M) 38.287ms
[625.728s][info][gc] GC(47) Pause Full (JvmtiEnv ForceGarbageCollection) 55M->4M(128M) 40.741ms
[646.884s][info][gc] GC(48) Pause Full (JvmtiEnv ForceGarbageCollection) 55M->4M(128M) 39.234ms
[667.972s][info][gc] GC(49) Pause Full (JvmtiEnv ForceGarbageCollection) 55M->4M(128M) 49.718ms
[689.020s][info][gc] GC(50) Pause Full (JvmtiEnv ForceGarbageCollection) 55M->4M(128M) 56.825ms
[709.918s][info][gc] GC(51) Pause Full (JvmtiEnv ForceGarbageCollection) 55M->4M(128M) 36.655ms
[720.376s][info][gc] GC(52) Pause Full (JvmtiEnv ForceGarbageCollection) 30M->4M(128M) 17.027ms
[730.904s][info][gc] GC(53) Pause Full (JvmtiEnv ForceGarbageCollection) 30M->4M(128M) 30.433ms
[741.516s][info][gc] GC(54) Pause Full (JvmtiEnv ForceGarbageCollection) 30M->4M(128M) 20.879ms
[751.986s][info][gc] GC(55) Pause Full (JvmtiEnv ForceGarbageCollection) 30M->4M(128M) 29.341ms
[762.468s][info][gc] GC(56) Pause Full (JvmtiEnv ForceGarbageCollection) 30M->4M(128M) 21.584ms
[783.349s][info][gc] GC(57) Pause Full (JvmtiEnv ForceGarbageCollection) 55M->4M(128M) 35.313ms
