[0.013s][info][gc] Using G1
[16.529s][info][gc] GC(0) Pause Full (JvmtiEnv ForceGarbageCollection) 50M->4M(128M) 40.047ms
[37.569s][info][gc] GC(1) Pause Full (JvmtiEnv ForceGarbageCollection) 57M->4M(128M) 34.306ms
[58.707s][info][gc] GC(2) Pause Full (JvmtiEnv ForceGarbageCollection) 56M->4M(128M) 38.751ms
[69.025s][info][gc] GC(3) Pause Full (JvmtiEnv ForceGarbageCollection) 30M->4M(128M) 25.919ms
[79.737s][info][gc] GC(4) Pause Full (JvmtiEnv ForceGarbageCollection) 30M->4M(128M) 48.931ms
[90.236s][info][gc] GC(5) Pause Full (JvmtiEnv ForceGarbageCollection) 30M->4M(128M) 36.860ms
[100.797s][info][gc] GC(6) Pause Full (JvmtiEnv ForceGarbageCollection) 30M->4M(128M) 48.535ms
[111.297s][info][gc] GC(7) Pause Full (JvmtiEnv ForceGarbageCollection) 30M->4M(128M) 30.586ms
[121.838s][info][gc] GC(8) Pause Full (JvmtiEnv ForceGarbageCollection) 30M->4M(128M) 31.394ms
[132.240s][info][gc] GC(9) Pause Full (JvmtiEnv ForceGarbageCollection) 30M->4M(128M) 23.824ms
[142.672s][info][gc] GC(10) Pause Full (JvmtiEnv ForceGarbageCollection) 30M->4M(128M) 38.914ms
[153.405s][info][gc] GC(11) Pause Full (JvmtiEnv ForceGarbageCollection) 30M->4M(128M) 29.191ms
[163.982s][info][gc] GC(12) Pause Full (JvmtiEnv ForceGarbageCollection) 30M->4M(128M) 32.739ms
[174.438s][info][gc] GC(13) Pause Full (JvmtiEnv ForceGarbageCollection) 30M->4M(128M) 21.303ms
[184.779s][info][gc] GC(14) Pause Full (JvmtiEnv ForceGarbageCollection) 30M->4M(128M) 44.787ms
[195.232s][info][gc] GC(15) Pause Full (JvmtiEnv ForceGarbageCollection) 30M->4M(128M) 24.247ms
[205.671s][info][gc] GC(16) Pause Full (JvmtiEnv ForceGarbageCollection) 30M->4M(128M) 23.822ms
[216.272s][info][gc] GC(17) Pause Full (JvmtiEnv ForceGarbageCollection) 30M->4M(128M) 33.007ms
[237.302s][info][gc] GC(18) Pause Full (JvmtiEnv ForceGarbageCollection) 56M->4M(128M) 38.419ms
[258.348s][info][gc] GC(19) Pause Full (JvmtiEnv ForceGarbageCollection) 55M->4M(128M) 37.740ms
[269.030s][info][gc] GC(20) Pause Full (JvmtiEnv ForceGarbageCollection) 30M->4M(128M) 38.746ms
[279.549s][info][gc] GC(21) Pause Full (JvmtiEnv ForceGarbageCollection) 30M->4M(128M) 29.131ms
[290.028s][info][gc] GC(22) Pause Full (JvmtiEnv ForceGarbageCollection) 30M->4M(128M) 44.063ms
[300.659s][info][gc] GC(23) Pause Full (JvmtiEnv ForceGarbageCollection) 30M->4M(128M) 36.707ms
[311.246s][info][gc] GC(24) Pause Full (JvmtiEnv ForceGarbageCollection) 30M->4M(128M) 29.818ms
[321.960s][info][gc] GC(25) Pause Full (JvmtiEnv ForceGarbageCollection) 30M->4M(128M) 24.355ms
[332.536s][info][gc] GC(26) Pause Full (JvmtiEnv ForceGarbageCollection) 30M->4M(128M) 33.269ms
[343.034s][info][gc] GC(27) Pause Full (JvmtiEnv ForceGarbageCollection) 30M->4M(128M) 23.212ms
[353.664s][info][gc] GC(28) Pause Full (JvmtiEnv ForceGarbageCollection) 30M->4M(128M) 35.562ms
[364.179s][info][gc] GC(29) Pause Full (JvmtiEnv ForceGarbageCollection) 30M->4M(128M) 23.627ms
[374.626s][info][gc] GC(30) Pause Full (JvmtiEnv ForceGarbageCollection) 30M->4M(128M) 41.626ms
[395.890s][info][gc] GC(31) Pause Full (JvmtiEnv ForceGarbageCollection) 55M->4M(128M) 31.843ms
[417.075s][info][gc] GC(32) Pause Full (JvmtiEnv ForceGarbageCollection) 55M->4M(128M) 39.326ms
[427.513s][info][gc] GC(33) Pause Full (JvmtiEnv ForceGarbageCollection) 29M->4M(128M) 50.909ms
[438.124s][info][gc] GC(34) Pause Full (JvmtiEnv ForceGarbageCollection) 30M->4M(128M) 30.167ms
[448.842s][info][gc] GC(35) Pause Full (JvmtiEnv ForceGarbageCollection) 30M->4M(128M) 27.175ms
[459.313s][info][gc] GC(36) Pause Full (JvmtiEnv ForceGarbageCollection) 30M->4M(128M) 28.864ms
[469.837s][info][gc] GC(37) Pause Full (JvmtiEnv ForceGarbageCollection) 30M->4M(128M) 29.983ms
[480.514s][info][gc] GC(38) Pause Full (JvmtiEnv ForceGarbageCollection) 30M->4M(128M) 23.320ms
[501.682s][info][gc] GC(39) Pause Full (JvmtiEnv ForceGarbageCollection) 55M->4M(128M) 36.724ms
[523.026s][info][gc] GC(40) Pause Full (JvmtiEnv ForceGarbageCollection) 55M->4M(128M) 37.647ms
[533.567s][info][gc] GC(41) Pause Full (JvmtiEnv ForceGarbageCollection) 30M->4M(128M) 29.360ms
[544.195s][info][gc] GC(42) Pause Full (JvmtiEnv ForceGarbageCollection) 30M->4M(128M) 45.713ms
[554.888s][info][gc] GC(43) Pause Full (JvmtiEnv ForceGarbageCollection) 30M->4M(128M) 39.902ms
[565.474s][info][gc] GC(44) Pause Full (JvmtiEnv ForceGarbageCollection) 30M->4M(128M) 36.920ms
[576.013s][info][gc] GC(45) Pause Full (JvmtiEnv ForceGarbageCollection) 30M->4M(128M) 43.111ms
[586.578s][info][gc] GC(46) Pause Full (JvmtiEnv ForceGarbageCollection) 30M->4M(128M) 25.654ms
[597.272s][info][gc] GC(47) Pause Full (JvmtiEnv ForceGarbageCollection) 30M->4M(128M) 41.935ms
[607.946s][info][gc] GC(48) Pause Full (JvmtiEnv ForceGarbageCollection) 30M->4M(128M) 22.431ms
[618.698s][info][gc] GC(49) Pause Full (JvmtiEnv ForceGarbageCollection) 30M->4M(128M) 39.114ms
[639.964s][info][gc] GC(50) Pause Full (JvmtiEnv ForceGarbageCollection) 55M->4M(128M) 43.703ms
[650.706s][info][gc] GC(51) Pause Full (JvmtiEnv ForceGarbageCollection) 30M->4M(128M) 33.108ms
[661.236s][info][gc] GC(52) Pause Full (JvmtiEnv ForceGarbageCollection) 30M->4M(128M) 30.488ms
[671.880s][info][gc] GC(53) Pause Full (JvmtiEnv ForceGarbageCollection) 30M->4M(128M) 33.997ms
[693.003s][info][gc] GC(54) Pause Full (JvmtiEnv ForceGarbageCollection) 55M->4M(128M) 55.938ms
[714.168s][info][gc] GC(55) Pause Full (JvmtiEnv ForceGarbageCollection) 55M->4M(128M) 31.201ms
[735.377s][info][gc] GC(56) Pause Full (JvmtiEnv ForceGarbageCollection) 55M->4M(128M) 34.186ms
[756.546s][info][gc] GC(57) Pause Full (JvmtiEnv ForceGarbageCollection) 55M->4M(128M) 33.856ms
[777.588s][info][gc] GC(58) Pause Full (JvmtiEnv ForceGarbageCollection) 55M->4M(128M) 34.576ms
[798.581s][info][gc] GC(59) Pause Full (JvmtiEnv ForceGarbageCollection) 55M->4M(128M) 28.527ms
