[0.011s][info][gc] Using G1
[16.444s][info][gc] GC(0) Pause Full (JvmtiEnv ForceGarbageCollection) 50M->4M(128M) 41.550ms
[38.022s][info][gc] GC(1) Pause Full (JvmtiEnv ForceGarbageCollection) 57M->4M(128M) 41.818ms
[48.531s][info][gc] GC(2) Pause Full (JvmtiEnv ForceGarbageCollection) 30M->4M(128M) 25.593ms
[59.170s][info][gc] GC(3) Pause Full (JvmtiEnv ForceGarbageCollection) 30M->4M(128M) 31.663ms
[69.685s][info][gc] GC(4) Pause Full (JvmtiEnv ForceGarbageCollection) 30M->4M(128M) 37.543ms
[80.124s][info][gc] GC(5) Pause Full (JvmtiEnv ForceGarbageCollection) 30M->4M(128M) 24.293ms
[90.730s][info][gc] GC(6) Pause Full (JvmtiEnv ForceGarbageCollection) 29M->4M(128M) 45.958ms
[101.385s][info][gc] GC(7) Pause Full (JvmtiEnv ForceGarbageCollection) 29M->4M(128M) 42.487ms
[111.954s][info][gc] GC(8) Pause Full (JvmtiEnv ForceGarbageCollection) 30M->4M(128M) 32.424ms
[122.568s][info][gc] GC(9) Pause Full (JvmtiEnv ForceGarbageCollection) 30M->4M(128M) 38.305ms
[133.236s][info][gc] GC(10) Pause Full (JvmtiEnv ForceGarbageCollection) 30M->4M(128M) 22.133ms
[144.037s][info][gc] GC(11) Pause Full (JvmtiEnv ForceGarbageCollection) 30M->4M(128M) 45.747ms
[154.458s][info][gc] GC(12) Pause Full (JvmtiEnv ForceGarbageCollection) 30M->4M(128M) 34.162ms
[164.911s][info][gc] GC(13) Pause Full (JvmtiEnv ForceGarbageCollection) 30M->4M(128M) 31.206ms
[175.416s][info][gc] GC(14) Pause Full (JvmtiEnv ForceGarbageCollection) 30M->4M(128M) 24.444ms
[185.939s][info][gc] GC(15) Pause Full (JvmtiEnv ForceGarbageCollection) 30M->4M(128M) 29.755ms
[196.444s][info][gc] GC(16) Pause Full (JvmtiEnv ForceGarbageCollection) 30M->4M(128M) 23.955ms
[206.783s][info][gc] GC(17) Pause Full (JvmtiEnv ForceGarbageCollection) 30M->4M(128M) 25.822ms
[227.819s][info][gc] GC(18) Pause Full (JvmtiEnv ForceGarbageCollection) 56M->4M(128M) 31.405ms
[238.322s][info][gc] GC(19) Pause Full (JvmtiEnv ForceGarbageCollection) 30M->4M(128M) 39.949ms
[248.699s][info][gc] GC(20) Pause Full (JvmtiEnv ForceGarbageCollection) 30M->4M(128M) 20.379ms
[269.811s][info][gc] GC(21) Pause Full (JvmtiEnv ForceGarbageCollection) 56M->4M(128M) 38.122ms
[290.511s][info][gc] GC(22) Pause Full (JvmtiEnv ForceGarbageCollection) 54M->4M(128M) 19.020ms
[311.156s][info][gc] GC(23) Pause Full (JvmtiEnv ForceGarbageCollection) 54M->4M(128M) 32.217ms
[332.281s][info][gc] GC(24) Pause Full (JvmtiEnv ForceGarbageCollection) 54M->4M(128M) 42.912ms
[353.499s][info][gc] GC(25) Pause Full (JvmtiEnv ForceGarbageCollection) 55M->4M(128M) 43.844ms
[374.871s][info][gc] GC(26) Pause Full (JvmtiEnv ForceGarbageCollection) 54M->4M(128M) 33.001ms
[385.454s][info][gc] GC(27) Pause Full (JvmtiEnv ForceGarbageCollection) 30M->4M(128M) 39.017ms
[395.949s][info][gc] GC(28) Pause Full (JvmtiEnv ForceGarbageCollection) 30M->4M(128M) 23.116ms
[406.332s][info][gc] GC(29) Pause Full (JvmtiEnv ForceGarbageCollection) 30M->4M(128M) 33.320ms
[416.824s][info][gc] GC(30) Pause Full (JvmtiEnv ForceGarbageCollection) 30M->4M(128M) 23.832ms
[427.285s][info][gc] GC(31) Pause Full (JvmtiEnv ForceGarbageCollection) 30M->4M(128M) 39.788ms
[448.299s][info][gc] GC(32) Pause Full (JvmtiEnv ForceGarbageCollection) 55M->4M(128M) 40.062ms
[458.864s][info][gc] GC(33) Pause Full (JvmtiEnv ForceGarbageCollection) 30M->4M(128M) 37.746ms
[479.722s][info][gc] GC(34) Pause Full (JvmtiEnv ForceGarbageCollection) 55M->4M(128M) 35.586ms
[490.069s][info][gc] GC(35) Pause Full (JvmtiEnv ForceGarbageCollection) 30M->4M(128M) 21.483ms
[500.674s][info][gc] GC(36) Pause Full (JvmtiEnv ForceGarbageCollection) 30M->4M(128M) 34.829ms
[511.129s][info][gc] GC(37) Pause Full (JvmtiEnv ForceGarbageCollection) 30M->4M(128M) 29.812ms
[521.763s][info][gc] GC(38) Pause Full (JvmtiEnv ForceGarbageCollection) 30M->4M(128M) 37.533ms
[532.264s][info][gc] GC(39) Pause Full (JvmtiEnv ForceGarbageCollection) 30M->4M(128M) 24.213ms
[553.429s][info][gc] GC(40) Pause Full (JvmtiEnv ForceGarbageCollection) 55M->4M(128M) 61.995ms
[563.988s][info][gc] GC(41) Pause Full (JvmtiEnv ForceGarbageCollection) 30M->4M(128M) 45.697ms
[574.696s][info][gc] GC(42) Pause Full (JvmtiEnv ForceGarbageCollection) 30M->4M(128M) 36.278ms
[585.276s][info][gc] GC(43) Pause Full (JvmtiEnv ForceGarbageCollection) 30M->4M(128M) 26.434ms
[606.674s][info][gc] GC(44) Pause Full (JvmtiEnv ForceGarbageCollection) 55M->4M(128M) 34.410ms
[617.314s][info][gc] GC(45) Pause Full (JvmtiEnv ForceGarbageCollection) 30M->4M(128M) 32.511ms
[638.760s][info][gc] GC(46) Pause Full (JvmtiEnv ForceGarbageCollection) 55M->4M(128M) 38.509ms
[649.299s][info][gc] GC(47) Pause Full (JvmtiEnv ForceGarbageCollection) 30M->4M(128M) 24.869ms
[659.994s][info][gc] GC(48) Pause Full (JvmtiEnv ForceGarbageCollection) 30M->4M(128M) 34.517ms
[681.098s][info][gc] GC(49) Pause Full (JvmtiEnv ForceGarbageCollection) 55M->4M(128M) 53.108ms
[691.655s][info][gc] GC(50) Pause Full (JvmtiEnv ForceGarbageCollection) 30M->4M(128M) 24.865ms
[702.198s][info][gc] GC(51) Pause Full (JvmtiEnv ForceGarbageCollection) 30M->4M(128M) 34.961ms
[712.719s][info][gc] GC(52) Pause Full (JvmtiEnv ForceGarbageCollection) 30M->4M(128M) 23.982ms
[723.254s][info][gc] GC(53) Pause Full (JvmtiEnv ForceGarbageCollection) 30M->4M(128M) 32.228ms
[733.710s][info][gc] GC(54) Pause Full (JvmtiEnv ForceGarbageCollection) 30M->4M(128M) 23.215ms
[744.285s][info][gc] GC(55) Pause Full (JvmtiEnv ForceGarbageCollection) 30M->4M(128M) 32.479ms
[754.845s][info][gc] GC(56) Pause Full (JvmtiEnv ForceGarbageCollection) 30M->4M(128M) 22.637ms
[775.981s][info][gc] GC(57) Pause Full (JvmtiEnv ForceGarbageCollection) 55M->4M(128M) 39.580ms
[786.502s][info][gc] GC(58) Pause Full (JvmtiEnv ForceGarbageCollection) 30M->4M(128M) 36.319ms
[797.329s][info][gc] GC(59) Pause Full (JvmtiEnv ForceGarbageCollection) 30M->4M(128M) 25.012ms
