[0.007s][info][gc] Using Serial
[22.906s][info][gc] GC(0) Pause Young (Allocation Failure) 67M->4M(243M) 20.225ms
[50.877s][info][gc] GC(1) Pause Young (Allocation Failure) 71M->4M(243M) 19.184ms
[78.824s][info][gc] GC(2) Pause Young (Allocation Failure) 71M->4M(243M) 17.500ms
[107.309s][info][gc] GC(3) Pause Young (Allocation Failure) 71M->4M(243M) 14.847ms
[135.725s][info][gc] GC(4) Pause Young (Allocation Failure) 71M->4M(243M) 15.705ms
[164.126s][info][gc] GC(5) Pause Young (Allocation Failure) 71M->4M(243M) 19.160ms
[192.559s][info][gc] GC(6) Pause Young (Allocation Failure) 71M->4M(243M) 18.516ms
[221.182s][info][gc] GC(7) Pause Young (Allocation Failure) 71M->4M(243M) 20.627ms
[249.268s][info][gc] GC(8) Pause Young (Allocation Failure) 71M->4M(243M) 16.800ms
[277.294s][info][gc] GC(9) Pause Young (Allocation Failure) 71M->4M(243M) 15.230ms
[305.737s][info][gc] GC(10) Pause Young (Allocation Failure) 71M->4M(243M) 14.977ms
[334.191s][info][gc] GC(11) Pause Young (Allocation Failure) 71M->4M(243M) 15.958ms
[362.449s][info][gc] GC(12) Pause Young (Allocation Failure) 71M->4M(243M) 16.670ms
[390.952s][info][gc] GC(13) Pause Young (Allocation Failure) 71M->4M(243M) 15.551ms
[419.326s][info][gc] GC(14) Pause Young (Allocation Failure) 71M->4M(243M) 17.610ms
[447.879s][info][gc] GC(15) Pause Young (Allocation Failure) 71M->4M(243M) 15.367ms
[476.597s][info][gc] GC(16) Pause Young (Allocation Failure) 71M->4M(243M) 5.286ms
[505.569s][info][gc] GC(17) Pause Young (Allocation Failure) 71M->4M(243M) 6.719ms
[533.804s][info][gc] GC(18) Pause Young (Allocation Failure) 71M->4M(243M) 3.823ms
[562.444s][info][gc] GC(19) Pause Young (Allocation Failure) 71M->4M(243M) 4.440ms
[591.171s][info][gc] GC(20) Pause Young (Allocation Failure) 71M->4M(243M) 6.370ms
[620.056s][info][gc] GC(21) Pause Young (Allocation Failure) 71M->4M(243M) 3.546ms
[648.623s][info][gc] GC(22) Pause Young (Allocation Failure) 71M->4M(243M) 4.064ms
[677.009s][info][gc] GC(23) Pause Young (Allocation Failure) 71M->4M(243M) 3.499ms
[706.093s][info][gc] GC(24) Pause Young (Allocation Failure) 71M->4M(243M) 5.047ms
[734.795s][info][gc] GC(25) Pause Young (Allocation Failure) 71M->4M(243M) 3.672ms
[763.619s][info][gc] GC(26) Pause Young (Allocation Failure) 71M->4M(243M) 4.669ms
[792.629s][info][gc] GC(27) Pause Young (Allocation Failure) 71M->4M(243M) 5.329ms
