[0.009s][info][gc] Using Serial
[22.874s][info][gc] GC(0) Pause Young (Allocation Failure) 67M->4M(243M) 15.340ms
[50.246s][info][gc] GC(1) Pause Young (Allocation Failure) 71M->4M(243M) 14.211ms
[78.159s][info][gc] GC(2) Pause Young (Allocation Failure) 71M->4M(243M) 16.386ms
[106.405s][info][gc] GC(3) Pause Young (Allocation Failure) 71M->4M(243M) 18.659ms
[134.611s][info][gc] GC(4) Pause Young (Allocation Failure) 71M->4M(243M) 18.292ms
[163.063s][info][gc] GC(5) Pause Young (Allocation Failure) 71M->4M(243M) 12.444ms
[192.855s][info][gc] GC(6) Pause Young (Allocation Failure) 71M->4M(243M) 19.752ms
[222.103s][info][gc] GC(7) Pause Young (Allocation Failure) 71M->4M(243M) 22.459ms
[251.099s][info][gc] GC(8) Pause Young (Allocation Failure) 71M->4M(243M) 22.526ms
[279.831s][info][gc] GC(9) Pause Young (Allocation Failure) 71M->4M(243M) 14.763ms
[308.479s][info][gc] GC(10) Pause Young (Allocation Failure) 71M->4M(243M) 20.671ms
[336.960s][info][gc] GC(11) Pause Young (Allocation Failure) 71M->4M(243M) 14.551ms
[365.511s][info][gc] GC(12) Pause Young (Allocation Failure) 71M->4M(243M) 17.908ms
[393.848s][info][gc] GC(13) Pause Young (Allocation Failure) 71M->4M(243M) 14.519ms
[422.230s][info][gc] GC(14) Pause Young (Allocation Failure) 71M->4M(243M) 16.164ms
[450.742s][info][gc] GC(15) Pause Young (Allocation Failure) 71M->4M(243M) 12.917ms
[478.666s][info][gc] GC(16) Pause Young (Allocation Failure) 71M->4M(243M) 4.579ms
[507.249s][info][gc] GC(17) Pause Young (Allocation Failure) 71M->4M(243M) 3.481ms
[535.885s][info][gc] GC(18) Pause Young (Allocation Failure) 71M->4M(243M) 2.858ms
[564.190s][info][gc] GC(19) Pause Young (Allocation Failure) 71M->4M(243M) 4.379ms
[592.974s][info][gc] GC(20) Pause Young (Allocation Failure) 71M->4M(243M) 3.579ms
[621.264s][info][gc] GC(21) Pause Young (Allocation Failure) 71M->4M(243M) 6.120ms
[649.446s][info][gc] GC(22) Pause Young (Allocation Failure) 71M->4M(243M) 4.137ms
[677.811s][info][gc] GC(23) Pause Young (Allocation Failure) 71M->4M(243M) 4.472ms
[706.708s][info][gc] GC(24) Pause Young (Allocation Failure) 71M->4M(243M) 3.387ms
[735.151s][info][gc] GC(25) Pause Young (Allocation Failure) 71M->4M(243M) 4.081ms
[763.787s][info][gc] GC(26) Pause Young (Allocation Failure) 71M->4M(243M) 4.774ms
[792.560s][info][gc] GC(27) Pause Young (Allocation Failure) 71M->4M(243M) 4.324ms
[821.063s][info][gc] GC(28) Pause Young (Allocation Failure) 71M->4M(243M) 3.542ms
