[0.007s][info][gc] Using Serial
[22.979s][info][gc] GC(0) Pause Young (Allocation Failure) 67M->4M(243M) 22.676ms
[50.647s][info][gc] GC(1) Pause Young (Allocation Failure) 71M->4M(243M) 13.877ms
[79.018s][info][gc] GC(2) Pause Young (Allocation Failure) 71M->4M(243M) 16.838ms
[107.380s][info][gc] GC(3) Pause Young (Allocation Failure) 71M->4M(243M) 16.141ms
[136.147s][info][gc] GC(4) Pause Young (Allocation Failure) 71M->4M(243M) 19.923ms
[164.755s][info][gc] GC(5) Pause Young (Allocation Failure) 71M->4M(243M) 19.264ms
[193.780s][info][gc] GC(6) Pause Young (Allocation Failure) 71M->4M(243M) 20.163ms
[222.268s][info][gc] GC(7) Pause Young (Allocation Failure) 71M->4M(243M) 20.402ms
[250.458s][info][gc] GC(8) Pause Young (Allocation Failure) 71M->4M(243M) 21.245ms
[278.698s][info][gc] GC(9) Pause Young (Allocation Failure) 71M->4M(243M) 13.738ms
[308.154s][info][gc] GC(10) Pause Young (Allocation Failure) 71M->4M(243M) 19.814ms
[337.183s][info][gc] GC(11) Pause Young (Allocation Failure) 71M->4M(243M) 14.304ms
[365.938s][info][gc] GC(12) Pause Young (Allocation Failure) 71M->4M(243M) 14.598ms
[394.782s][info][gc] GC(13) Pause Young (Allocation Failure) 71M->4M(243M) 15.218ms
[423.772s][info][gc] GC(14) Pause Young (Allocation Failure) 71M->4M(243M) 15.677ms
[452.273s][info][gc] GC(15) Pause Young (Allocation Failure) 71M->4M(243M) 21.520ms
[480.655s][info][gc] GC(16) Pause Young (Allocation Failure) 71M->4M(243M) 6.382ms
[509.350s][info][gc] GC(17) Pause Young (Allocation Failure) 71M->4M(243M) 2.760ms
[538.157s][info][gc] GC(18) Pause Young (Allocation Failure) 71M->4M(243M) 5.982ms
[566.782s][info][gc] GC(19) Pause Young (Allocation Failure) 71M->4M(243M) 5.043ms
[595.650s][info][gc] GC(20) Pause Young (Allocation Failure) 71M->4M(243M) 4.317ms
[624.662s][info][gc] GC(21) Pause Young (Allocation Failure) 71M->4M(243M) 3.306ms
[653.621s][info][gc] GC(22) Pause Young (Allocation Failure) 71M->4M(243M) 5.987ms
[682.843s][info][gc] GC(23) Pause Young (Allocation Failure) 71M->4M(243M) 3.551ms
[711.941s][info][gc] GC(24) Pause Young (Allocation Failure) 71M->4M(243M) 5.346ms
[741.031s][info][gc] GC(25) Pause Young (Allocation Failure) 71M->4M(243M) 2.991ms
[770.416s][info][gc] GC(26) Pause Young (Allocation Failure) 71M->4M(243M) 6.134ms
[799.822s][info][gc] GC(27) Pause Young (Allocation Failure) 71M->4M(243M) 3.743ms
[829.353s][info][gc] GC(28) Pause Young (Allocation Failure) 71M->4M(243M) 3.441ms
