[0.007s][info][gc] Using Serial
[22.783s][info][gc] GC(0) Pause Young (Allocation Failure) 67M->4M(243M) 18.164ms
[50.387s][info][gc] GC(1) Pause Young (Allocation Failure) 71M->4M(243M) 15.780ms
[78.160s][info][gc] GC(2) Pause Young (Allocation Failure) 71M->4M(243M) 20.066ms
[106.282s][info][gc] GC(3) Pause Young (Allocation Failure) 71M->4M(243M) 16.243ms
[134.126s][info][gc] GC(4) Pause Young (Allocation Failure) 71M->4M(243M) 13.698ms
[162.394s][info][gc] GC(5) Pause Young (Allocation Failure) 71M->4M(243M) 14.955ms
[190.545s][info][gc] GC(6) Pause Young (Allocation Failure) 71M->4M(243M) 17.495ms
[218.975s][info][gc] GC(7) Pause Young (Allocation Failure) 71M->4M(243M) 19.896ms
[247.061s][info][gc] GC(8) Pause Young (Allocation Failure) 71M->4M(243M) 18.501ms
[275.562s][info][gc] GC(9) Pause Young (Allocation Failure) 71M->4M(243M) 14.809ms
[304.044s][info][gc] GC(10) Pause Young (Allocation Failure) 71M->4M(243M) 20.511ms
[332.540s][info][gc] GC(11) Pause Young (Allocation Failure) 71M->4M(243M) 14.458ms
[360.720s][info][gc] GC(12) Pause Young (Allocation Failure) 71M->4M(243M) 16.485ms
[389.088s][info][gc] GC(13) Pause Young (Allocation Failure) 71M->4M(243M) 19.161ms
[417.188s][info][gc] GC(14) Pause Young (Allocation Failure) 71M->4M(243M) 17.838ms
[445.618s][info][gc] GC(15) Pause Young (Allocation Failure) 71M->4M(243M) 14.113ms
[473.343s][info][gc] GC(16) Pause Young (Allocation Failure) 71M->4M(243M) 4.761ms
[502.034s][info][gc] GC(17) Pause Young (Allocation Failure) 71M->4M(243M) 4.205ms
[530.945s][info][gc] GC(18) Pause Young (Allocation Failure) 71M->4M(243M) 5.250ms
[560.189s][info][gc] GC(19) Pause Young (Allocation Failure) 71M->4M(243M) 4.518ms
[589.676s][info][gc] GC(20) Pause Young (Allocation Failure) 71M->4M(243M) 7.097ms
[618.679s][info][gc] GC(21) Pause Young (Allocation Failure) 71M->4M(243M) 4.606ms
[647.756s][info][gc] GC(22) Pause Young (Allocation Failure) 71M->4M(243M) 4.206ms
[676.826s][info][gc] GC(23) Pause Young (Allocation Failure) 71M->4M(243M) 3.391ms
[706.129s][info][gc] GC(24) Pause Young (Allocation Failure) 71M->4M(243M) 2.932ms
[735.139s][info][gc] GC(25) Pause Young (Allocation Failure) 71M->4M(243M) 3.170ms
[764.254s][info][gc] GC(26) Pause Young (Allocation Failure) 71M->4M(243M) 5.652ms
[793.133s][info][gc] GC(27) Pause Young (Allocation Failure) 71M->4M(243M) 5.192ms
[823.277s][info][gc] GC(28) Pause Young (Allocation Failure) 71M->4M(243M) 6.171ms
