[0.007s][info][gc] Using Serial
[23.456s][info][gc] GC(0) Pause Young (Allocation Failure) 67M->4M(243M) 21.675ms
[52.893s][info][gc] GC(1) Pause Young (Allocation Failure) 71M->4M(243M) 19.991ms
[81.395s][info][gc] GC(2) Pause Young (Allocation Failure) 71M->4M(243M) 15.261ms
[110.311s][info][gc] GC(3) Pause Young (Allocation Failure) 71M->4M(243M) 20.452ms
[138.652s][info][gc] GC(4) Pause Young (Allocation Failure) 71M->4M(243M) 17.116ms
[167.192s][info][gc] GC(5) Pause Young (Allocation Failure) 71M->4M(243M) 16.477ms
[195.770s][info][gc] GC(6) Pause Young (Allocation Failure) 71M->4M(243M) 16.932ms
[224.013s][info][gc] GC(7) Pause Young (Allocation Failure) 71M->4M(243M) 19.587ms
[252.194s][info][gc] GC(8) Pause Young (Allocation Failure) 71M->4M(243M) 15.633ms
[280.751s][info][gc] GC(9) Pause Young (Allocation Failure) 71M->4M(243M) 11.903ms
[309.318s][info][gc] GC(10) Pause Young (Allocation Failure) 71M->4M(243M) 13.650ms
[338.074s][info][gc] GC(11) Pause Young (Allocation Failure) 71M->4M(243M) 16.256ms
[366.595s][info][gc] GC(12) Pause Young (Allocation Failure) 71M->4M(243M) 18.895ms
[394.920s][info][gc] GC(13) Pause Young (Allocation Failure) 71M->4M(243M) 20.415ms
[423.091s][info][gc] GC(14) Pause Young (Allocation Failure) 71M->4M(243M) 16.318ms
[451.296s][info][gc] GC(15) Pause Young (Allocation Failure) 71M->4M(243M) 13.696ms
[478.995s][info][gc] GC(16) Pause Young (Allocation Failure) 71M->4M(243M) 3.332ms
[507.554s][info][gc] GC(17) Pause Young (Allocation Failure) 71M->4M(243M) 4.332ms
[536.231s][info][gc] GC(18) Pause Young (Allocation Failure) 71M->4M(243M) 3.770ms
[565.224s][info][gc] GC(19) Pause Young (Allocation Failure) 71M->4M(243M) 4.766ms
[595.050s][info][gc] GC(20) Pause Young (Allocation Failure) 71M->4M(243M) 5.249ms
[624.426s][info][gc] GC(21) Pause Young (Allocation Failure) 71M->4M(243M) 4.566ms
[653.498s][info][gc] GC(22) Pause Young (Allocation Failure) 71M->4M(243M) 3.563ms
[682.658s][info][gc] GC(23) Pause Young (Allocation Failure) 71M->4M(243M) 4.379ms
[711.543s][info][gc] GC(24) Pause Young (Allocation Failure) 71M->4M(243M) 4.382ms
[740.423s][info][gc] GC(25) Pause Young (Allocation Failure) 71M->4M(243M) 3.827ms
[769.228s][info][gc] GC(26) Pause Young (Allocation Failure) 71M->4M(243M) 2.732ms
[798.111s][info][gc] GC(27) Pause Young (Allocation Failure) 71M->4M(243M) 3.905ms
[826.761s][info][gc] GC(28) Pause Young (Allocation Failure) 71M->4M(243M) 4.070ms
