[0.007s][info][gc] Using Serial
[24.946s][info][gc] GC(0) Pause Young (Allocation Failure) 67M->4M(243M) 24.936ms
[53.177s][info][gc] GC(1) Pause Young (Allocation Failure) 71M->4M(243M) 15.931ms
[81.410s][info][gc] GC(2) Pause Young (Allocation Failure) 71M->4M(243M) 21.405ms
[109.825s][info][gc] GC(3) Pause Young (Allocation Failure) 71M->4M(243M) 15.267ms
[138.197s][info][gc] GC(4) Pause Young (Allocation Failure) 71M->4M(243M) 20.830ms
[166.692s][info][gc] GC(5) Pause Young (Allocation Failure) 71M->4M(243M) 18.952ms
[195.305s][info][gc] GC(6) Pause Young (Allocation Failure) 71M->4M(243M) 15.430ms
[223.617s][info][gc] GC(7) Pause Young (Allocation Failure) 71M->4M(243M) 15.818ms
[251.713s][info][gc] GC(8) Pause Young (Allocation Failure) 71M->4M(243M) 18.157ms
[279.869s][info][gc] GC(9) Pause Young (Allocation Failure) 71M->4M(243M) 12.428ms
[308.248s][info][gc] GC(10) Pause Young (Allocation Failure) 71M->4M(243M) 19.383ms
[336.900s][info][gc] GC(11) Pause Young (Allocation Failure) 71M->4M(243M) 15.944ms
[365.395s][info][gc] GC(12) Pause Young (Allocation Failure) 71M->4M(243M) 20.460ms
[393.906s][info][gc] GC(13) Pause Young (Allocation Failure) 71M->4M(243M) 18.460ms
[422.024s][info][gc] GC(14) Pause Young (Allocation Failure) 71M->4M(243M) 14.331ms
[450.277s][info][gc] GC(15) Pause Young (Allocation Failure) 71M->4M(243M) 15.601ms
[478.081s][info][gc] GC(16) Pause Young (Allocation Failure) 71M->4M(243M) 4.919ms
[506.558s][info][gc] GC(17) Pause Young (Allocation Failure) 71M->4M(243M) 4.556ms
[534.954s][info][gc] GC(18) Pause Young (Allocation Failure) 71M->4M(243M) 3.555ms
[563.586s][info][gc] GC(19) Pause Young (Allocation Failure) 71M->4M(243M) 3.023ms
[592.287s][info][gc] GC(20) Pause Young (Allocation Failure) 71M->4M(243M) 5.393ms
[620.948s][info][gc] GC(21) Pause Young (Allocation Failure) 71M->4M(243M) 3.092ms
[649.329s][info][gc] GC(22) Pause Young (Allocation Failure) 71M->4M(243M) 4.242ms
[678.021s][info][gc] GC(23) Pause Young (Allocation Failure) 71M->4M(243M) 4.065ms
[706.357s][info][gc] GC(24) Pause Young (Allocation Failure) 71M->4M(243M) 6.149ms
[734.662s][info][gc] GC(25) Pause Young (Allocation Failure) 71M->4M(243M) 3.788ms
[763.253s][info][gc] GC(26) Pause Young (Allocation Failure) 71M->4M(243M) 6.228ms
[791.950s][info][gc] GC(27) Pause Young (Allocation Failure) 71M->4M(243M) 4.848ms
[820.989s][info][gc] GC(28) Pause Young (Allocation Failure) 71M->4M(243M) 4.037ms
