OpenJDK 64-Bit Server VM (25.222-b10) for linux-amd64 JRE (1.8.0_222-8u222-b10-1ubuntu1~18.04.1-b10), built on Jul 18 2019 18:52:48 by "buildd" with gcc 7.4.0
Memory: 4k page, physical 16424660k(15516644k free), swap 0k(0k free)
CommandLine flags: -XX:CompressedClassSpaceSize=45297664 -XX:InitialHeapSize=536870912 -XX:MaxHeapSize=536870912 -XX:MaxMetaspaceSize=53686272 -XX:NewRatio=1 -XX:+PrintGC -XX:+PrintGCTimeStamps -XX:+RequireSharedSpaces -XX:ReservedCodeCacheSize=26843136 -XX:-TieredCompilation -XX:+UseCompressedClassPointers -XX:+UseCompressedOops -XX:+UseSerialGC -XX:+UseSharedSpaces 
14.378: [GC (Allocation Failure)  209792K->11439K(498112K), 0.0310804 secs]
18.603: [Full GC (JvmtiEnv ForceGarbageCollection)  58392K->10970K(498112K), 0.0274737 secs]
32.819: [Full GC (JvmtiEnv ForceGarbageCollection)  130110K->11082K(498112K), 0.0119600 secs]
46.751: [Full GC (JvmtiEnv ForceGarbageCollection)  128074K->11192K(498112K), 0.0168039 secs]
60.604: [Full GC (JvmtiEnv ForceGarbageCollection)  127310K->11027K(498112K), 0.0211210 secs]
74.824: [Full GC (JvmtiEnv ForceGarbageCollection)  127374K->11137K(498112K), 0.0127978 secs]
89.076: [Full GC (JvmtiEnv ForceGarbageCollection)  128391K->11249K(498112K), 0.0153105 secs]
103.352: [Full GC (JvmtiEnv ForceGarbageCollection)  126966K->11361K(498112K), 0.0119722 secs]
117.743: [Full GC (JvmtiEnv ForceGarbageCollection)  131069K->11028K(498112K), 0.0148441 secs]
131.824: [Full GC (JvmtiEnv ForceGarbageCollection)  131251K->11139K(498112K), 0.0136325 secs]
146.063: [Full GC (JvmtiEnv ForceGarbageCollection)  126791K->11250K(498112K), 0.0125572 secs]
160.500: [Full GC (JvmtiEnv ForceGarbageCollection)  132313K->11362K(498112K), 0.0135735 secs]
174.877: [Full GC (JvmtiEnv ForceGarbageCollection)  127817K->11028K(498112K), 0.0122353 secs]
189.266: [Full GC (JvmtiEnv ForceGarbageCollection)  132278K->11141K(498112K), 0.0132950 secs]
203.596: [Full GC (JvmtiEnv ForceGarbageCollection)  127648K->11253K(498112K), 0.0126241 secs]
218.118: [Full GC (JvmtiEnv ForceGarbageCollection)  129746K->11365K(498112K), 0.0159636 secs]
232.695: [Full GC (JvmtiEnv ForceGarbageCollection)  130638K->11030K(498112K), 0.0163776 secs]
247.122: [Full GC (JvmtiEnv ForceGarbageCollection)  130620K->11143K(498112K), 0.0161986 secs]
261.690: [Full GC (JvmtiEnv ForceGarbageCollection)  130544K->11255K(498112K), 0.0150065 secs]
276.355: [Full GC (JvmtiEnv ForceGarbageCollection)  130594K->11368K(498112K), 0.0108984 secs]
290.827: [Full GC (JvmtiEnv ForceGarbageCollection)  130688K->11032K(498112K), 0.0117795 secs]
305.391: [Full GC (JvmtiEnv ForceGarbageCollection)  130346K->11147K(498112K), 0.0164810 secs]
320.058: [Full GC (JvmtiEnv ForceGarbageCollection)  130457K->11260K(498112K), 0.0167936 secs]
334.792: [Full GC (JvmtiEnv ForceGarbageCollection)  130863K->11373K(498112K), 0.0177996 secs]
349.444: [Full GC (JvmtiEnv ForceGarbageCollection)  131071K->11034K(498112K), 0.0154709 secs]
364.088: [Full GC (JvmtiEnv ForceGarbageCollection)  130762K->11149K(498112K), 0.0126018 secs]
378.723: [Full GC (JvmtiEnv ForceGarbageCollection)  130888K->11264K(498112K), 0.0130176 secs]
393.573: [Full GC (JvmtiEnv ForceGarbageCollection)  131006K->11378K(498112K), 0.0129717 secs]
408.346: [Full GC (JvmtiEnv ForceGarbageCollection)  131414K->11038K(498112K), 0.0124982 secs]
422.993: [Full GC (JvmtiEnv ForceGarbageCollection)  131169K->11152K(498112K), 0.0141286 secs]
437.667: [Full GC (JvmtiEnv ForceGarbageCollection)  131314K->11267K(498112K), 0.0130742 secs]
452.481: [Full GC (JvmtiEnv ForceGarbageCollection)  135899K->11382K(498112K), 0.0121468 secs]
467.260: [Full GC (JvmtiEnv ForceGarbageCollection)  136025K->11040K(498112K), 0.0160971 secs]
482.123: [Full GC (JvmtiEnv ForceGarbageCollection)  132047K->11155K(498112K), 0.0130309 secs]
496.887: [Full GC (JvmtiEnv ForceGarbageCollection)  132313K->11269K(498112K), 0.0113991 secs]
512.052: [Full GC (JvmtiEnv ForceGarbageCollection)  131994K->11384K(498112K), 0.0122251 secs]
526.843: [Full GC (JvmtiEnv ForceGarbageCollection)  135464K->10940K(498112K), 0.0208976 secs]
541.362: [Full GC (JvmtiEnv ForceGarbageCollection)  139474K->11056K(498112K), 0.0206218 secs]
555.887: [Full GC (JvmtiEnv ForceGarbageCollection)  135560K->11171K(498112K), 0.0165785 secs]
570.261: [Full GC (JvmtiEnv ForceGarbageCollection)  135612K->11286K(498112K), 0.0127824 secs]
584.920: [Full GC (JvmtiEnv ForceGarbageCollection)  135737K->10860K(498112K), 0.0221735 secs]
599.632: [Full GC (JvmtiEnv ForceGarbageCollection)  135314K->10976K(498112K), 0.0154851 secs]
614.246: [Full GC (JvmtiEnv ForceGarbageCollection)  135431K->11092K(498112K), 0.0138893 secs]
628.905: [Full GC (JvmtiEnv ForceGarbageCollection)  135840K->11208K(498112K), 0.0120882 secs]
643.712: [Full GC (JvmtiEnv ForceGarbageCollection)  136727K->10861K(498112K), 0.0161944 secs]
658.381: [Full GC (JvmtiEnv ForceGarbageCollection)  136000K->10977K(498112K), 0.0177176 secs]
673.112: [Full GC (JvmtiEnv ForceGarbageCollection)  135616K->11094K(498112K), 0.0140920 secs]
687.827: [Full GC (JvmtiEnv ForceGarbageCollection)  135873K->11210K(498112K), 0.0131536 secs]
702.652: [Full GC (JvmtiEnv ForceGarbageCollection)  137145K->10863K(498112K), 0.0196248 secs]
717.404: [Full GC (JvmtiEnv ForceGarbageCollection)  140602K->10980K(498112K), 0.0137998 secs]
732.188: [Full GC (JvmtiEnv ForceGarbageCollection)  134939K->11097K(498112K), 0.0147630 secs]
747.019: [Full GC (JvmtiEnv ForceGarbageCollection)  135525K->11214K(498112K), 0.0146110 secs]
762.063: [Full GC (JvmtiEnv ForceGarbageCollection)  136921K->10864K(498112K), 0.0116407 secs]
776.826: [Full GC (JvmtiEnv ForceGarbageCollection)  137068K->10981K(498112K), 0.0193717 secs]
791.582: [Full GC (JvmtiEnv ForceGarbageCollection)  134846K->11099K(498112K), 0.0121191 secs]
806.363: [Full GC (JvmtiEnv ForceGarbageCollection)  134780K->11216K(498112K), 0.0107050 secs]
821.369: [Full GC (JvmtiEnv ForceGarbageCollection)  140001K->10865K(498112K), 0.0156019 secs]
836.381: [Full GC (JvmtiEnv ForceGarbageCollection)  139878K->10983K(498112K), 0.0117684 secs]
851.338: [Full GC (JvmtiEnv ForceGarbageCollection)  136421K->11101K(498112K), 0.0144103 secs]
866.394: [Full GC (JvmtiEnv ForceGarbageCollection)  136811K->11219K(498112K), 0.0133268 secs]
881.583: [Full GC (JvmtiEnv ForceGarbageCollection)  137290K->10866K(498112K), 0.0119039 secs]
896.624: [Full GC (JvmtiEnv ForceGarbageCollection)  139401K->10984K(498112K), 0.0157865 secs]
911.493: [Full GC (JvmtiEnv ForceGarbageCollection)  139496K->11102K(498112K), 0.0115984 secs]
926.574: [Full GC (JvmtiEnv ForceGarbageCollection)  136649K->11221K(498112K), 0.0247710 secs]
941.677: [Full GC (JvmtiEnv ForceGarbageCollection)  137348K->10866K(498112K), 0.0133827 secs]
956.820: [Full GC (JvmtiEnv ForceGarbageCollection)  141526K->10988K(498112K), 0.0223224 secs]
971.954: [Full GC (JvmtiEnv ForceGarbageCollection)  139125K->11107K(498112K), 0.0137924 secs]
987.236: [Full GC (JvmtiEnv ForceGarbageCollection)  137370K->11226K(498112K), 0.0121581 secs]
1002.439: [Full GC (JvmtiEnv ForceGarbageCollection)  137570K->10870K(498112K), 0.0168321 secs]
1017.747: [Full GC (JvmtiEnv ForceGarbageCollection)  139550K->10989K(498112K), 0.0143708 secs]
1033.054: [Full GC (JvmtiEnv ForceGarbageCollection)  140133K->11108K(498112K), 0.0153703 secs]
1048.323: [Full GC (JvmtiEnv ForceGarbageCollection)  139652K->11229K(498112K), 0.0123644 secs]
1063.672: [Full GC (JvmtiEnv ForceGarbageCollection)  139577K->10871K(498112K), 0.0203673 secs]
