OpenJDK 64-Bit Server VM (25.222-b10) for linux-amd64 JRE (1.8.0_222-8u222-b10-1ubuntu1~18.04.1-b10), built on Jul 18 2019 18:52:48 by "buildd" with gcc 7.4.0
Memory: 4k page, physical 16424660k(15516380k free), swap 0k(0k free)
CommandLine flags: -XX:CompressedClassSpaceSize=45297664 -XX:InitialHeapSize=536870912 -XX:MaxHeapSize=536870912 -XX:MaxMetaspaceSize=53686272 -XX:+PrintGC -XX:+PrintGCTimeStamps -XX:+RequireSharedSpaces -XX:ReservedCodeCacheSize=26843136 -XX:-TieredCompilation -XX:+UseCompressedClassPointers -XX:+UseCompressedOops -XX:+UseSerialGC -XX:+UseSharedSpaces 
8.097: [GC (Allocation Failure)  139653K->11263K(506816K), 0.0241716 secs]
23.858: [GC (Allocation Failure)  151039K->11436K(506816K), 0.0184938 secs]
41.038: [GC (Allocation Failure)  151212K->10943K(506816K), 0.0029592 secs]
58.062: [GC (Allocation Failure)  150719K->11351K(506816K), 0.0034716 secs]
75.216: [GC (Allocation Failure)  151127K->11445K(506816K), 0.0049468 secs]
92.243: [GC (Allocation Failure)  151221K->11445K(506816K), 0.0028510 secs]
109.372: [GC (Allocation Failure)  151221K->11352K(506816K), 0.0020706 secs]
126.264: [GC (Allocation Failure)  151128K->10943K(506816K), 0.0011547 secs]
143.370: [GC (Allocation Failure)  150719K->10943K(506816K), 0.0020077 secs]
160.428: [GC (Allocation Failure)  150719K->10943K(506816K), 0.0011876 secs]
177.741: [GC (Allocation Failure)  150719K->10943K(506816K), 0.0020779 secs]
194.784: [GC (Allocation Failure)  150719K->10943K(506816K), 0.0023819 secs]
212.021: [GC (Allocation Failure)  150719K->10943K(506816K), 0.0024375 secs]
229.230: [GC (Allocation Failure)  150719K->10943K(506816K), 0.0019356 secs]
246.452: [GC (Allocation Failure)  150719K->10943K(506816K), 0.0027052 secs]
263.428: [GC (Allocation Failure)  150719K->10943K(506816K), 0.0018373 secs]
280.520: [GC (Allocation Failure)  150719K->10949K(506816K), 0.0015802 secs]
297.716: [GC (Allocation Failure)  150725K->10949K(506816K), 0.0017854 secs]
314.831: [GC (Allocation Failure)  150725K->10950K(506816K), 0.0014658 secs]
332.065: [GC (Allocation Failure)  150726K->10950K(506816K), 0.0013107 secs]
349.044: [GC (Allocation Failure)  150726K->10950K(506816K), 0.0022768 secs]
366.191: [GC (Allocation Failure)  150726K->10950K(506816K), 0.0022269 secs]
383.337: [GC (Allocation Failure)  150726K->10950K(506816K), 0.0022047 secs]
400.392: [GC (Allocation Failure)  150726K->10950K(506816K), 0.0017006 secs]
417.590: [GC (Allocation Failure)  150726K->10950K(506816K), 0.0025287 secs]
434.566: [GC (Allocation Failure)  150726K->10951K(506816K), 0.0022247 secs]
451.614: [GC (Allocation Failure)  150727K->10951K(506816K), 0.0031846 secs]
468.665: [GC (Allocation Failure)  150727K->10951K(506816K), 0.0015472 secs]
485.781: [GC (Allocation Failure)  150727K->10951K(506816K), 0.0021795 secs]
502.841: [GC (Allocation Failure)  150727K->10951K(506816K), 0.0012836 secs]
519.914: [GC (Allocation Failure)  150727K->10953K(506816K), 0.0024342 secs]
537.064: [GC (Allocation Failure)  150729K->10953K(506816K), 0.0021962 secs]
553.869: [GC (Allocation Failure)  150391K->10928K(506816K), 0.0018558 secs]
570.626: [GC (Allocation Failure)  150704K->11430K(506816K), 0.0026843 secs]
587.754: [GC (Allocation Failure)  151206K->10930K(506816K), 0.0030100 secs]
604.850: [GC (Allocation Failure)  150706K->10930K(506816K), 0.0025527 secs]
621.977: [GC (Allocation Failure)  150706K->10930K(506816K), 0.0052738 secs]
639.056: [GC (Allocation Failure)  150706K->10930K(506816K), 0.0051606 secs]
656.260: [GC (Allocation Failure)  150706K->10930K(506816K), 0.0023882 secs]
673.482: [GC (Allocation Failure)  150706K->10931K(506816K), 0.0028706 secs]
690.590: [GC (Allocation Failure)  150707K->10931K(506816K), 0.0059629 secs]
707.661: [GC (Allocation Failure)  150707K->10931K(506816K), 0.0034378 secs]
724.937: [GC (Allocation Failure)  150707K->10931K(506816K), 0.0011411 secs]
741.989: [GC (Allocation Failure)  150707K->10932K(506816K), 0.0026205 secs]
759.156: [GC (Allocation Failure)  150708K->10932K(506816K), 0.0020253 secs]
776.320: [GC (Allocation Failure)  150708K->10932K(506816K), 0.0016583 secs]
793.333: [GC (Allocation Failure)  150708K->10932K(506816K), 0.0035490 secs]
810.493: [GC (Allocation Failure)  150708K->10932K(506816K), 0.0044468 secs]
827.545: [GC (Allocation Failure)  150708K->10935K(506816K), 0.0018111 secs]
844.736: [GC (Allocation Failure)  150711K->10935K(506816K), 0.0106866 secs]
861.736: [GC (Allocation Failure)  150711K->10935K(506816K), 0.0032254 secs]
878.808: [GC (Allocation Failure)  150711K->10935K(506816K), 0.0012564 secs]
895.962: [GC (Allocation Failure)  150711K->10935K(506816K), 0.0011371 secs]
913.222: [GC (Allocation Failure)  150711K->10935K(506816K), 0.0024427 secs]
930.234: [GC (Allocation Failure)  150711K->10935K(506816K), 0.0035305 secs]
947.218: [GC (Allocation Failure)  150711K->10935K(506816K), 0.0024939 secs]
964.500: [GC (Allocation Failure)  150711K->10935K(506816K), 0.0026049 secs]
981.406: [GC (Allocation Failure)  150711K->10935K(506816K), 0.0017503 secs]
998.733: [GC (Allocation Failure)  150711K->10935K(506816K), 0.0023817 secs]
1015.766: [GC (Allocation Failure)  150711K->10935K(506816K), 0.0029152 secs]
1032.750: [GC (Allocation Failure)  150711K->10935K(506816K), 0.0018513 secs]
1049.790: [GC (Allocation Failure)  150711K->10935K(506816K), 0.0023840 secs]
1066.823: [GC (Allocation Failure)  150711K->10935K(506816K), 0.0018221 secs]
1084.093: [GC (Allocation Failure)  150711K->10935K(506816K), 0.0018331 secs]
