OpenJDK 64-Bit Server VM (25.222-b10) for linux-amd64 JRE (1.8.0_222-8u222-b10-1ubuntu1~18.04.1-b10), built on Jul 18 2019 18:52:48 by "buildd" with gcc 7.4.0
Memory: 4k page, physical 16424660k(15719096k free), swap 0k(0k free)
CommandLine flags: -XX:CompressedClassSpaceSize=45297664 -XX:InitialHeapSize=456340480 -XX:MaxHeapSize=456340480 -XX:MaxMetaspaceSize=53686272 -XX:MaxNewSize=411041792 -XX:NewRatio=1 -XX:NewSize=411041792 -XX:+PrintGC -XX:+PrintGCTimeStamps -XX:+RequireSharedSpaces -XX:ReservedCodeCacheSize=26843136 -XX:-TieredCompilation -XX:+UseCompressedClassPointers -XX:+UseCompressedOops -XX:+UseSerialGC -XX:+UseSharedSpaces 
8.278: [GC (Allocation Failure)  318679K->18410K(406336K), 0.0279719 secs]
13.511: [GC (Allocation Failure)  328818K->18122K(406336K), 0.0432130 secs]
19.057: [GC (Allocation Failure)  329147K->18040K(406336K), 0.0123227 secs]
24.664: [GC (Allocation Failure)  329833K->18040K(406336K), 0.0125997 secs]
30.281: [GC (Allocation Failure)  329888K->18040K(406336K), 0.0122289 secs]
35.840: [GC (Allocation Failure)  329107K->18040K(406336K), 0.0130993 secs]
39.999: [Full GC (JvmtiEnv ForceGarbageCollection)  258943K->18106K(406336K), 0.0332542 secs]
45.567: [GC (Allocation Failure)  333178K->18178K(406336K), 0.0015342 secs]
51.121: [GC (Allocation Failure)  331364K->18179K(406336K), 0.0008304 secs]
56.533: [GC (Allocation Failure)  329309K->18179K(406336K), 0.0021897 secs]
62.180: [GC (Allocation Failure)  329395K->18179K(406336K), 0.0015658 secs]
67.736: [GC (Allocation Failure)  330180K->18179K(406336K), 0.0007966 secs]
73.364: [GC (Allocation Failure)  339331K->32692K(406336K), 0.0064182 secs]
79.065: [GC (Allocation Failure)  347428K->18200K(406336K), 0.0009571 secs]
84.638: [GC (Allocation Failure)  339352K->32713K(406336K), 0.0060590 secs]
90.300: [GC (Allocation Failure)  344880K->18179K(406336K), 0.0008197 secs]
95.990: [GC (Allocation Failure)  339331K->32692K(406336K), 0.0109071 secs]
101.910: [GC (Allocation Failure)  342587K->18179K(406336K), 0.0008841 secs]
107.379: [GC (Allocation Failure)  339312K->32692K(406336K), 0.0057258 secs]
111.116: [Full GC (JvmtiEnv ForceGarbageCollection)  236039K->18144K(406336K), 0.0110720 secs]
116.606: [GC (Allocation Failure)  330562K->18215K(406336K), 0.0012596 secs]
122.273: [GC (Allocation Failure)  324988K->18215K(406336K), 0.0020700 secs]
127.888: [GC (Allocation Failure)  330287K->18215K(406336K), 0.0008925 secs]
133.363: [GC (Allocation Failure)  329315K->18215K(406336K), 0.0008372 secs]
138.901: [GC (Allocation Failure)  329395K->18215K(406336K), 0.0012454 secs]
144.573: [GC (Allocation Failure)  328581K->18215K(406336K), 0.0025831 secs]
147.163: [Full GC (JvmtiEnv ForceGarbageCollection)  157248K->18177K(406336K), 0.0125993 secs]
152.778: [GC (Allocation Failure)  330357K->18248K(406336K), 0.0008147 secs]
158.227: [GC (Allocation Failure)  329456K->18249K(406336K), 0.0008557 secs]
163.838: [GC (Allocation Failure)  329427K->18249K(406336K), 0.0007925 secs]
169.472: [GC (Allocation Failure)  328613K->18249K(406336K), 0.0012095 secs]
175.116: [GC (Allocation Failure)  339401K->32762K(406336K), 0.0063745 secs]
180.788: [GC (Allocation Failure)  344034K->18250K(406336K), 0.0008358 secs]
182.960: [Full GC (JvmtiEnv ForceGarbageCollection)  142167K->18101K(406336K), 0.0204893 secs]
188.618: [GC (Allocation Failure)  330268K->18173K(406336K), 0.0012000 secs]
194.420: [GC (Allocation Failure)  329366K->18173K(406336K), 0.0036228 secs]
199.908: [GC (Allocation Failure)  329380K->18173K(406336K), 0.0007880 secs]
205.536: [GC (Allocation Failure)  328556K->18175K(406336K), 0.0011316 secs]
211.122: [GC (Allocation Failure)  339327K->32697K(406336K), 0.0062941 secs]
217.033: [GC (Allocation Failure)  345590K->18175K(406336K), 0.0019882 secs]
222.717: [GC (Allocation Failure)  325635K->18196K(406336K), 0.0016520 secs]
228.198: [GC (Allocation Failure)  330254K->18196K(406336K), 0.0009057 secs]
233.778: [GC (Allocation Failure)  329310K->18175K(406336K), 0.0010198 secs]
239.516: [GC (Allocation Failure)  329348K->18176K(406336K), 0.0012111 secs]
245.042: [GC (Allocation Failure)  328537K->18176K(406336K), 0.0012506 secs]
250.775: [GC (Allocation Failure)  339328K->32689K(406336K), 0.0055470 secs]
255.143: [Full GC (JvmtiEnv ForceGarbageCollection)  264411K->18142K(406336K), 0.0143077 secs]
260.665: [GC (Allocation Failure)  330193K->18213K(406336K), 0.0011340 secs]
266.170: [GC (Allocation Failure)  339365K->32736K(406336K), 0.0049556 secs]
272.013: [GC (Allocation Failure)  340068K->18214K(406336K), 0.0021043 secs]
277.683: [GC (Allocation Failure)  339366K->32727K(406336K), 0.0053456 secs]
283.576: [GC (Allocation Failure)  345548K->18214K(406336K), 0.0012128 secs]
289.193: [GC (Allocation Failure)  329328K->18214K(406336K), 0.0015486 secs]
291.363: [Full GC (JvmtiEnv ForceGarbageCollection)  141536K->18175K(406336K), 0.0185821 secs]
296.984: [GC (Allocation Failure)  329377K->18246K(406336K), 0.0012309 secs]
302.517: [GC (Allocation Failure)  339398K->32759K(406336K), 0.0067742 secs]
308.174: [GC (Allocation Failure)  343064K->18247K(406336K), 0.0008337 secs]
313.823: [GC (Allocation Failure)  329465K->18246K(406336K), 0.0012698 secs]
319.484: [GC (Allocation Failure)  339398K->32759K(406336K), 0.0059146 secs]
325.259: [GC (Allocation Failure)  344042K->18247K(406336K), 0.0008408 secs]
327.393: [Full GC (JvmtiEnv ForceGarbageCollection)  141631K->18208K(406336K), 0.0158985 secs]
332.945: [GC (Allocation Failure)  330328K->18279K(406336K), 0.0014776 secs]
338.713: [GC (Allocation Failure)  329436K->18279K(406336K), 0.0018270 secs]
344.470: [GC (Allocation Failure)  329491K->18279K(406336K), 0.0010613 secs]
349.955: [GC (Allocation Failure)  328665K->18279K(406336K), 0.0008525 secs]
355.656: [GC (Allocation Failure)  339431K->32792K(406336K), 0.0050313 secs]
361.509: [GC (Allocation Failure)  344073K->18280K(406336K), 0.0018767 secs]
364.061: [Full GC (JvmtiEnv ForceGarbageCollection)  156714K->18105K(406336K), 0.0112302 secs]
369.852: [GC (Allocation Failure)  330224K->18176K(406336K), 0.0008004 secs]
375.418: [GC (Allocation Failure)  329338K->18176K(406336K), 0.0011911 secs]
380.959: [GC (Allocation Failure)  329391K->18176K(406336K), 0.0008674 secs]
386.617: [GC (Allocation Failure)  328564K->18176K(406336K), 0.0015508 secs]
392.156: [GC (Allocation Failure)  339328K->32689K(406336K), 0.0062369 secs]
398.107: [GC (Allocation Failure)  343971K->18177K(406336K), 0.0012046 secs]
400.771: [Full GC (JvmtiEnv ForceGarbageCollection)  156611K->18138K(406336K), 0.0101385 secs]
406.406: [GC (Allocation Failure)  330258K->18209K(406336K), 0.0008239 secs]
411.891: [GC (Allocation Failure)  329372K->18210K(406336K), 0.0008771 secs]
417.629: [GC (Allocation Failure)  329424K->18210K(406336K), 0.0010772 secs]
423.332: [GC (Allocation Failure)  328597K->18210K(406336K), 0.0018094 secs]
428.926: [GC (Allocation Failure)  339362K->32732K(406336K), 0.0056088 secs]
434.837: [GC (Allocation Failure)  345627K->18210K(406336K), 0.0010683 secs]
437.625: [Full GC (JvmtiEnv ForceGarbageCollection)  171888K->18172K(406336K), 0.0106611 secs]
443.171: [GC (Allocation Failure)  336716K->18243K(406336K), 0.0009768 secs]
448.848: [GC (Allocation Failure)  329279K->18244K(406336K), 0.0008925 secs]
454.335: [GC (Allocation Failure)  328616K->18244K(406336K), 0.0010717 secs]
460.315: [GC (Allocation Failure)  329236K->18245K(406336K), 0.0007938 secs]
465.845: [GC (Allocation Failure)  329475K->18245K(406336K), 0.0013454 secs]
471.279: [GC (Allocation Failure)  329222K->18245K(406336K), 0.0008073 secs]
474.010: [Full GC (JvmtiEnv ForceGarbageCollection)  177413K->18207K(406336K), 0.0141338 secs]
479.523: [GC (Allocation Failure)  329441K->18279K(406336K), 0.0010049 secs]
485.173: [GC (Allocation Failure)  328658K->18279K(406336K), 0.0011328 secs]
490.760: [GC (Allocation Failure)  339431K->32792K(406336K), 0.0066195 secs]
496.535: [GC (Allocation Failure)  344068K->18280K(406336K), 0.0011330 secs]
502.156: [GC (Allocation Failure)  339432K->32792K(406336K), 0.0057413 secs]
507.875: [GC (Allocation Failure)  345041K->18280K(406336K), 0.0012798 secs]
510.352: [Full GC (JvmtiEnv ForceGarbageCollection)  156770K->17934K(406336K), 0.0183557 secs]
516.015: [GC (Allocation Failure)  339086K->32518K(406336K), 0.0053596 secs]
521.880: [GC (Allocation Failure)  343650K->18006K(406336K), 0.0008990 secs]
527.664: [GC (Allocation Failure)  339158K->32519K(406336K), 0.0092836 secs]
533.789: [GC (Allocation Failure)  345332K->18006K(406336K), 0.0012416 secs]
539.615: [GC (Allocation Failure)  329115K->18006K(406336K), 0.0010574 secs]
545.185: [GC (Allocation Failure)  329191K->18006K(406336K), 0.0011290 secs]
547.662: [Full GC (JvmtiEnv ForceGarbageCollection)  156399K->17968K(406336K), 0.0096516 secs]
553.908: [GC (Allocation Failure)  329426K->18041K(406336K), 0.0009591 secs]
560.064: [GC (Allocation Failure)  339193K->32554K(406336K), 0.0053567 secs]
566.472: [GC (Allocation Failure)  342882K->18042K(406336K), 0.0014918 secs]
572.202: [GC (Allocation Failure)  329274K->18041K(406336K), 0.0011465 secs]
577.749: [GC (Allocation Failure)  339193K->32554K(406336K), 0.0060178 secs]
583.776: [GC (Allocation Failure)  342424K->18042K(406336K), 0.0011650 secs]
586.293: [Full GC (JvmtiEnv ForceGarbageCollection)  156525K->18003K(406336K), 0.0166330 secs]
592.260: [GC (Allocation Failure)  339139K->32587K(406336K), 0.0053253 secs]
598.235: [GC (Allocation Failure)  343167K->18075K(406336K), 0.0010880 secs]
604.035: [GC (Allocation Failure)  339227K->32588K(406336K), 0.0054451 secs]
609.959: [GC (Allocation Failure)  344859K->18075K(406336K), 0.0008455 secs]
615.631: [GC (Allocation Failure)  339227K->32588K(406336K), 0.0054241 secs]
621.676: [GC (Allocation Failure)  345402K->18075K(406336K), 0.0011676 secs]
627.335: [GC (Allocation Failure)  329598K->18096K(406336K), 0.0011420 secs]
632.935: [GC (Allocation Failure)  329273K->18096K(406336K), 0.0010735 secs]
638.488: [GC (Allocation Failure)  328466K->18075K(406336K), 0.0007909 secs]
644.304: [GC (Allocation Failure)  339227K->32588K(406336K), 0.0076249 secs]
650.699: [GC (Allocation Failure)  343860K->18075K(406336K), 0.0010784 secs]
656.908: [GC (Allocation Failure)  339227K->32588K(406336K), 0.0068643 secs]
661.628: [Full GC (JvmtiEnv ForceGarbageCollection)  279257K->18042K(406336K), 0.0113449 secs]
667.309: [GC (Allocation Failure)  330147K->18113K(406336K), 0.0012457 secs]
673.010: [GC (Allocation Failure)  339265K->32627K(406336K), 0.0082734 secs]
678.879: [GC (Allocation Failure)  345469K->18114K(406336K), 0.0010350 secs]
684.492: [GC (Allocation Failure)  329241K->18114K(406336K), 0.0009897 secs]
690.297: [GC (Allocation Failure)  329310K->18114K(406336K), 0.0015934 secs]
695.974: [GC (Allocation Failure)  328490K->18114K(406336K), 0.0009453 secs]
698.479: [Full GC (JvmtiEnv ForceGarbageCollection)  156307K->17937K(406336K), 0.0110962 secs]
704.845: [GC (Allocation Failure)  329980K->18008K(406336K), 0.0026272 secs]
710.778: [GC (Allocation Failure)  329122K->18008K(406336K), 0.0012002 secs]
716.452: [GC (Allocation Failure)  329193K->18008K(406336K), 0.0008983 secs]
722.070: [GC (Allocation Failure)  328377K->18008K(406336K), 0.0011172 secs]
727.874: [GC (Allocation Failure)  339160K->32521K(406336K), 0.0054023 secs]
733.846: [GC (Allocation Failure)  343796K->18009K(406336K), 0.0012238 secs]
736.461: [Full GC (JvmtiEnv ForceGarbageCollection)  156226K->17970K(406336K), 0.0149040 secs]
742.283: [GC (Allocation Failure)  330085K->18041K(406336K), 0.0009594 secs]
747.870: [GC (Allocation Failure)  329201K->18042K(406336K), 0.0008603 secs]
753.652: [GC (Allocation Failure)  329255K->18042K(406336K), 0.0010808 secs]
759.278: [GC (Allocation Failure)  328428K->18042K(406336K), 0.0010462 secs]
765.065: [GC (Allocation Failure)  339194K->32555K(406336K), 0.0067056 secs]
770.909: [GC (Allocation Failure)  343837K->18043K(406336K), 0.0008351 secs]
773.598: [Full GC (JvmtiEnv ForceGarbageCollection)  171505K->18004K(406336K), 0.0115647 secs]
779.324: [GC (Allocation Failure)  330124K->18076K(406336K), 0.0010887 secs]
784.929: [GC (Allocation Failure)  329240K->18076K(406336K), 0.0015641 secs]
790.584: [GC (Allocation Failure)  329292K->18076K(406336K), 0.0011829 secs]
796.029: [GC (Allocation Failure)  328464K->18076K(406336K), 0.0011650 secs]
801.637: [GC (Allocation Failure)  339228K->32590K(406336K), 0.0062199 secs]
807.557: [GC (Allocation Failure)  343873K->18078K(406336K), 0.0015472 secs]
810.393: [Full GC (JvmtiEnv ForceGarbageCollection)  171541K->18040K(406336K), 0.0147549 secs]
816.049: [GC (Allocation Failure)  330160K->18111K(406336K), 0.0020009 secs]
821.711: [GC (Allocation Failure)  329276K->18112K(406336K), 0.0010536 secs]
827.311: [GC (Allocation Failure)  329327K->18112K(406336K), 0.0008250 secs]
832.831: [GC (Allocation Failure)  328500K->18112K(406336K), 0.0008012 secs]
838.445: [GC (Allocation Failure)  339264K->32625K(406336K), 0.0058795 secs]
844.374: [GC (Allocation Failure)  343907K->18112K(406336K), 0.0011605 secs]
847.134: [Full GC (JvmtiEnv ForceGarbageCollection)  171575K->17939K(406336K), 0.0117312 secs]
852.751: [GC (Allocation Failure)  330059K->18010K(406336K), 0.0008669 secs]
858.264: [GC (Allocation Failure)  329175K->18012K(406336K), 0.0021234 secs]
863.942: [GC (Allocation Failure)  329228K->18012K(406336K), 0.0013081 secs]
869.899: [GC (Allocation Failure)  328400K->18012K(406336K), 0.0014395 secs]
875.807: [GC (Allocation Failure)  339164K->32525K(406336K), 0.0062044 secs]
881.915: [GC (Allocation Failure)  343807K->18012K(406336K), 0.0008580 secs]
884.780: [Full GC (JvmtiEnv ForceGarbageCollection)  171475K->17974K(406336K), 0.0125074 secs]
890.839: [GC (Allocation Failure)  330094K->18045K(406336K), 0.0011417 secs]
896.706: [GC (Allocation Failure)  329210K->18046K(406336K), 0.0008329 secs]
902.366: [GC (Allocation Failure)  329262K->18046K(406336K), 0.0008386 secs]
907.936: [GC (Allocation Failure)  328434K->18046K(406336K), 0.0008362 secs]
913.621: [GC (Allocation Failure)  339198K->32559K(406336K), 0.0059478 secs]
919.505: [GC (Allocation Failure)  343841K->18046K(406336K), 0.0011688 secs]
922.275: [Full GC (JvmtiEnv ForceGarbageCollection)  171509K->18008K(406336K), 0.0124180 secs]
927.910: [GC (Allocation Failure)  330128K->18079K(406336K), 0.0010595 secs]
933.377: [GC (Allocation Failure)  329244K->18080K(406336K), 0.0011202 secs]
938.957: [GC (Allocation Failure)  329296K->18080K(406336K), 0.0010771 secs]
944.475: [GC (Allocation Failure)  328468K->18080K(406336K), 0.0008571 secs]
950.270: [GC (Allocation Failure)  339232K->32593K(406336K), 0.0054190 secs]
956.183: [GC (Allocation Failure)  343875K->18080K(406336K), 0.0008187 secs]
959.232: [Full GC (JvmtiEnv ForceGarbageCollection)  192380K->18043K(406336K), 0.0107598 secs]
964.865: [GC (Allocation Failure)  330105K->18114K(406336K), 0.0011757 secs]
970.519: [GC (Allocation Failure)  339266K->32628K(406336K), 0.0059930 secs]
976.251: [GC (Allocation Failure)  342499K->18115K(406336K), 0.0008812 secs]
981.829: [GC (Allocation Failure)  339238K->32628K(406336K), 0.0068157 secs]
987.669: [GC (Allocation Failure)  342964K->18115K(406336K), 0.0017487 secs]
993.348: [GC (Allocation Failure)  339267K->32628K(406336K), 0.0090503 secs]
996.072: [Full GC (JvmtiEnv ForceGarbageCollection)  177033K->17940K(406336K), 0.0099372 secs]
1001.738: [GC (Allocation Failure)  339047K->32524K(406336K), 0.0055647 secs]
1007.544: [GC (Allocation Failure)  345386K->18012K(406336K), 0.0012011 secs]
1013.138: [GC (Allocation Failure)  329148K->18012K(406336K), 0.0012121 secs]
1018.680: [GC (Allocation Failure)  329213K->18012K(406336K), 0.0011827 secs]
1024.292: [GC (Allocation Failure)  328391K->18012K(406336K), 0.0012968 secs]
1030.558: [GC (Allocation Failure)  339164K->32525K(406336K), 0.0053037 secs]
1033.707: [Full GC (JvmtiEnv ForceGarbageCollection)  190680K->17975K(406336K), 0.0110538 secs]
1039.601: [GC (Allocation Failure)  328537K->18046K(406336K), 0.0011980 secs]
1045.439: [GC (Allocation Failure)  339198K->32559K(406336K), 0.0060118 secs]
1051.513: [GC (Allocation Failure)  345380K->18047K(406336K), 0.0011015 secs]
1057.183: [GC (Allocation Failure)  329160K->18046K(406336K), 0.0007894 secs]
1062.823: [GC (Allocation Failure)  329234K->18046K(406336K), 0.0010552 secs]
1068.420: [GC (Allocation Failure)  328417K->18046K(406336K), 0.0007743 secs]
1071.655: [Full GC (JvmtiEnv ForceGarbageCollection)  192237K->18009K(406336K), 0.0120663 secs]
1077.407: [GC (Allocation Failure)  329485K->18081K(406336K), 0.0008730 secs]
1083.020: [GC (Allocation Failure)  339233K->32594K(406336K), 0.0055418 secs]
1088.937: [GC (Allocation Failure)  345406K->18082K(406336K), 0.0019517 secs]
1094.771: [GC (Allocation Failure)  339234K->32604K(406336K), 0.0052439 secs]
1100.476: [GC (Allocation Failure)  342941K->18082K(406336K), 0.0013144 secs]
1106.090: [GC (Allocation Failure)  328438K->18081K(406336K), 0.0010782 secs]
1108.903: [Full GC (JvmtiEnv ForceGarbageCollection)  171435K->18044K(406336K), 0.0121172 secs]
1114.500: [GC (Allocation Failure)  330109K->18115K(406336K), 0.0010874 secs]
1120.055: [GC (Allocation Failure)  329245K->18115K(406336K), 0.0010899 secs]
1125.591: [GC (Allocation Failure)  329310K->18115K(406336K), 0.0016387 secs]
1131.785: [GC (Allocation Failure)  328490K->18115K(406336K), 0.0012233 secs]
1137.755: [GC (Allocation Failure)  339267K->32628K(406336K), 0.0050535 secs]
1143.805: [GC (Allocation Failure)  343905K->18116K(406336K), 0.0016934 secs]
1147.159: [Full GC (JvmtiEnv ForceGarbageCollection)  206835K->17941K(406336K), 0.0117130 secs]
1152.950: [GC (Allocation Failure)  330016K->18012K(406336K), 0.0009214 secs]
1158.731: [GC (Allocation Failure)  339164K->32526K(406336K), 0.0054253 secs]
1164.765: [GC (Allocation Failure)  342414K->18013K(406336K), 0.0024911 secs]
1170.676: [GC (Allocation Failure)  339143K->32526K(406336K), 0.0102995 secs]
1176.726: [GC (Allocation Failure)  342869K->18013K(406336K), 0.0007913 secs]
1182.305: [GC (Allocation Failure)  339165K->32526K(406336K), 0.0054522 secs]
1185.233: [Full GC (JvmtiEnv ForceGarbageCollection)  191387K->17976K(406336K), 0.0104571 secs]
1190.840: [GC (Allocation Failure)  339085K->32560K(406336K), 0.0087547 secs]
1196.664: [GC (Allocation Failure)  345424K->18048K(406336K), 0.0010665 secs]
1202.131: [GC (Allocation Failure)  329185K->18048K(406336K), 0.0010365 secs]
1207.691: [GC (Allocation Failure)  329250K->18048K(406336K), 0.0008441 secs]
1213.255: [GC (Allocation Failure)  328428K->18048K(406336K), 0.0008636 secs]
1218.836: [GC (Allocation Failure)  339200K->32561K(406336K), 0.0054928 secs]
1222.061: [Full GC (JvmtiEnv ForceGarbageCollection)  205170K->18011K(406336K), 0.0092022 secs]
1227.601: [GC (Allocation Failure)  329478K->18083K(406336K), 0.0012767 secs]
1233.213: [GC (Allocation Failure)  339235K->32596K(406336K), 0.0096088 secs]
1238.920: [GC (Allocation Failure)  344866K->18084K(406336K), 0.0012026 secs]
1244.480: [GC (Allocation Failure)  339236K->32596K(406336K), 0.0065099 secs]
1250.225: [GC (Allocation Failure)  345410K->18084K(406336K), 0.0018560 secs]
1255.863: [GC (Allocation Failure)  329193K->18083K(406336K), 0.0011602 secs]
1258.946: [Full GC (JvmtiEnv ForceGarbageCollection)  191396K->18046K(406336K), 0.0152148 secs]
1264.419: [GC (Allocation Failure)  329229K->18117K(406336K), 0.0008635 secs]
1269.954: [GC (Allocation Failure)  339269K->32631K(406336K), 0.0079736 secs]
1275.853: [GC (Allocation Failure)  342943K->18118K(406336K), 0.0012605 secs]
1281.476: [GC (Allocation Failure)  329341K->18118K(406336K), 0.0011597 secs]
1287.151: [GC (Allocation Failure)  339270K->32631K(406336K), 0.0060948 secs]
1292.904: [GC (Allocation Failure)  342497K->18118K(406336K), 0.0008707 secs]
1295.995: [Full GC (JvmtiEnv ForceGarbageCollection)  186733K->17941K(406336K), 0.0094567 secs]
1301.804: [GC (Allocation Failure)  339046K->32525K(406336K), 0.0066529 secs]
1307.546: [GC (Allocation Failure)  345386K->18013K(406336K), 0.0011243 secs]
1313.247: [GC (Allocation Failure)  329148K->18013K(406336K), 0.0008633 secs]
1318.792: [GC (Allocation Failure)  329214K->18013K(406336K), 0.0008441 secs]
1324.265: [GC (Allocation Failure)  328392K->18013K(406336K), 0.0009034 secs]
1329.784: [GC (Allocation Failure)  339165K->32526K(406336K), 0.0081354 secs]
1333.090: [Full GC (JvmtiEnv ForceGarbageCollection)  205103K->17976K(406336K), 0.0111066 secs]
1338.624: [GC (Allocation Failure)  329444K->18047K(406336K), 0.0011198 secs]
1344.357: [GC (Allocation Failure)  339199K->32561K(406336K), 0.0105068 secs]
1350.095: [GC (Allocation Failure)  344832K->18049K(406336K), 0.0012813 secs]
1355.600: [GC (Allocation Failure)  339201K->32561K(406336K), 0.0055024 secs]
1361.467: [GC (Allocation Failure)  345375K->18049K(406336K), 0.0011616 secs]
1367.040: [GC (Allocation Failure)  329158K->18048K(406336K), 0.0011577 secs]
1370.368: [Full GC (JvmtiEnv ForceGarbageCollection)  205853K->18012K(406336K), 0.0097568 secs]
1376.000: [GC (Allocation Failure)  329209K->18083K(406336K), 0.0009292 secs]
1381.520: [GC (Allocation Failure)  339235K->32596K(406336K), 0.0062781 secs]
1387.356: [GC (Allocation Failure)  342915K->18084K(406336K), 0.0011686 secs]
1392.941: [GC (Allocation Failure)  329311K->18059K(406336K), 0.0012056 secs]
