OpenJDK 64-Bit Server VM (25.222-b10) for linux-amd64 JRE (1.8.0_222-8u222-b10-1ubuntu1~18.04.1-b10), built on Jul 18 2019 18:52:48 by "buildd" with gcc 7.4.0
Memory: 4k page, physical 16424660k(15711436k free), swap 0k(0k free)
CommandLine flags: -XX:CompressedClassSpaceSize=45297664 -XX:InitialHeapSize=456340480 -XX:MaxHeapSize=456340480 -XX:MaxMetaspaceSize=53686272 -XX:NewRatio=1 -XX:+PrintGC -XX:+PrintGCTimeStamps -XX:+RequireSharedSpaces -XX:ReservedCodeCacheSize=26843136 -XX:-TieredCompilation -XX:+UseCompressedClassPointers -XX:+UseCompressedOops -XX:+UseSerialGC -XX:+UseSharedSpaces 
4.804: [GC (Allocation Failure)  178404K->18273K(424192K), 0.0324218 secs]
7.927: [GC (Allocation Failure)  196636K->17994K(424192K), 0.0340537 secs]
11.065: [GC (Allocation Failure)  189143K->17994K(424192K), 0.0009957 secs]
14.194: [GC (Allocation Failure)  186643K->17994K(424192K), 0.0010977 secs]
17.337: [GC (Allocation Failure)  186526K->17994K(424192K), 0.0010305 secs]
20.410: [GC (Allocation Failure)  189213K->17994K(424192K), 0.0010721 secs]
23.410: [GC (Allocation Failure)  189190K->17994K(424192K), 0.0007223 secs]
26.445: [GC (Allocation Failure)  186618K->17995K(424192K), 0.0017962 secs]
29.565: [GC (Allocation Failure)  186510K->17995K(424192K), 0.0010511 secs]
32.756: [GC (Allocation Failure)  189198K->17995K(424192K), 0.0017389 secs]
35.858: [GC (Allocation Failure)  189213K->17995K(424192K), 0.0010428 secs]
39.001: [GC (Allocation Failure)  189208K->17995K(424192K), 0.0010429 secs]
42.118: [GC (Allocation Failure)  186626K->17995K(424192K), 0.0010822 secs]
45.161: [GC (Allocation Failure)  186515K->17995K(424192K), 0.0008779 secs]
48.276: [GC (Allocation Failure)  189203K->17995K(424192K), 0.0012150 secs]
51.312: [GC (Allocation Failure)  189216K->17995K(424192K), 0.0010911 secs]
54.350: [GC (Allocation Failure)  189210K->17995K(424192K), 0.0014604 secs]
57.381: [GC (Allocation Failure)  186627K->17995K(424192K), 0.0010137 secs]
60.462: [GC (Allocation Failure)  186516K->17995K(424192K), 0.0010734 secs]
63.591: [GC (Allocation Failure)  189204K->17995K(424192K), 0.0010204 secs]
66.688: [GC (Allocation Failure)  189217K->17995K(424192K), 0.0023819 secs]
69.794: [GC (Allocation Failure)  189211K->17995K(424192K), 0.0007453 secs]
72.779: [GC (Allocation Failure)  186627K->17995K(424192K), 0.0008002 secs]
75.891: [GC (Allocation Failure)  186516K->17995K(424192K), 0.0020265 secs]
79.026: [GC (Allocation Failure)  189204K->17995K(424192K), 0.0010315 secs]
82.117: [GC (Allocation Failure)  189217K->17995K(424192K), 0.0013622 secs]
85.243: [GC (Allocation Failure)  189211K->17995K(424192K), 0.0010223 secs]
88.228: [GC (Allocation Failure)  186627K->17995K(424192K), 0.0012398 secs]
91.296: [GC (Allocation Failure)  186516K->17995K(424192K), 0.0010665 secs]
94.531: [GC (Allocation Failure)  189204K->17995K(424192K), 0.0016449 secs]
97.580: [GC (Allocation Failure)  189217K->17995K(424192K), 0.0017210 secs]
100.614: [GC (Allocation Failure)  189211K->17995K(424192K), 0.0011729 secs]
103.693: [GC (Allocation Failure)  186627K->17995K(424192K), 0.0017983 secs]
106.811: [GC (Allocation Failure)  186516K->17995K(424192K), 0.0010618 secs]
109.925: [GC (Allocation Failure)  189204K->17995K(424192K), 0.0010287 secs]
113.017: [GC (Allocation Failure)  189217K->17995K(424192K), 0.0010270 secs]
116.094: [GC (Allocation Failure)  189211K->17995K(424192K), 0.0006860 secs]
119.121: [GC (Allocation Failure)  186627K->17995K(424192K), 0.0012629 secs]
122.205: [GC (Allocation Failure)  186516K->17995K(424192K), 0.0013544 secs]
125.286: [GC (Allocation Failure)  189204K->17995K(424192K), 0.0010311 secs]
128.374: [GC (Allocation Failure)  189217K->17995K(424192K), 0.0010228 secs]
131.496: [GC (Allocation Failure)  189211K->17995K(424192K), 0.0019272 secs]
134.531: [GC (Allocation Failure)  186627K->17995K(424192K), 0.0016990 secs]
137.689: [GC (Allocation Failure)  186516K->17995K(424192K), 0.0010207 secs]
140.766: [GC (Allocation Failure)  189204K->17995K(424192K), 0.0015169 secs]
143.841: [GC (Allocation Failure)  189217K->17995K(424192K), 0.0007097 secs]
146.875: [GC (Allocation Failure)  189211K->17995K(424192K), 0.0007547 secs]
150.019: [GC (Allocation Failure)  186627K->17995K(424192K), 0.0026956 secs]
153.171: [GC (Allocation Failure)  186516K->17995K(424192K), 0.0010205 secs]
156.370: [GC (Allocation Failure)  189204K->17995K(424192K), 0.0010204 secs]
159.490: [GC (Allocation Failure)  189217K->17995K(424192K), 0.0009031 secs]
162.555: [GC (Allocation Failure)  189211K->17995K(424192K), 0.0007208 secs]
165.569: [GC (Allocation Failure)  186627K->17995K(424192K), 0.0007784 secs]
168.654: [GC (Allocation Failure)  186516K->17995K(424192K), 0.0010473 secs]
171.715: [GC (Allocation Failure)  189204K->17995K(424192K), 0.0010170 secs]
174.835: [GC (Allocation Failure)  189217K->17995K(424192K), 0.0016426 secs]
178.011: [GC (Allocation Failure)  189211K->17995K(424192K), 0.0028915 secs]
181.144: [GC (Allocation Failure)  186627K->17995K(424192K), 0.0015698 secs]
184.269: [GC (Allocation Failure)  186516K->17995K(424192K), 0.0010757 secs]
187.355: [GC (Allocation Failure)  189204K->17995K(424192K), 0.0010239 secs]
190.423: [GC (Allocation Failure)  189217K->17995K(424192K), 0.0020048 secs]
193.499: [GC (Allocation Failure)  189211K->17995K(424192K), 0.0021048 secs]
196.637: [GC (Allocation Failure)  186627K->17995K(424192K), 0.0010370 secs]
199.775: [GC (Allocation Failure)  186516K->17995K(424192K), 0.0010061 secs]
202.869: [GC (Allocation Failure)  189204K->17995K(424192K), 0.0008985 secs]
205.941: [GC (Allocation Failure)  189217K->17995K(424192K), 0.0010082 secs]
209.028: [GC (Allocation Failure)  189211K->17995K(424192K), 0.0009584 secs]
212.073: [GC (Allocation Failure)  186627K->17995K(424192K), 0.0006844 secs]
215.287: [GC (Allocation Failure)  186516K->17996K(424192K), 0.0013226 secs]
218.472: [GC (Allocation Failure)  189205K->17996K(424192K), 0.0018745 secs]
221.634: [GC (Allocation Failure)  189218K->17996K(424192K), 0.0029610 secs]
224.719: [GC (Allocation Failure)  189212K->17996K(424192K), 0.0010505 secs]
227.883: [GC (Allocation Failure)  186629K->17996K(424192K), 0.0009441 secs]
230.975: [GC (Allocation Failure)  186517K->17996K(424192K), 0.0007931 secs]
234.018: [GC (Allocation Failure)  189205K->17996K(424192K), 0.0007032 secs]
237.063: [GC (Allocation Failure)  189218K->17996K(424192K), 0.0027062 secs]
240.239: [GC (Allocation Failure)  189212K->17997K(424192K), 0.0013938 secs]
243.399: [GC (Allocation Failure)  186629K->17997K(424192K), 0.0019137 secs]
246.518: [GC (Allocation Failure)  186518K->17997K(424192K), 0.0010141 secs]
249.601: [GC (Allocation Failure)  189206K->17997K(424192K), 0.0010239 secs]
252.574: [GC (Allocation Failure)  189218K->17997K(424192K), 0.0006926 secs]
255.619: [GC (Allocation Failure)  189212K->17997K(424192K), 0.0012713 secs]
258.695: [GC (Allocation Failure)  186629K->17997K(424192K), 0.0016584 secs]
261.742: [GC (Allocation Failure)  186518K->17997K(424192K), 0.0010406 secs]
264.923: [GC (Allocation Failure)  189206K->17997K(424192K), 0.0010565 secs]
268.104: [GC (Allocation Failure)  189218K->17997K(424192K), 0.0010683 secs]
271.250: [GC (Allocation Failure)  189212K->17997K(424192K), 0.0037367 secs]
274.347: [GC (Allocation Failure)  186629K->17997K(424192K), 0.0007102 secs]
277.458: [GC (Allocation Failure)  186518K->17997K(424192K), 0.0010643 secs]
280.489: [GC (Allocation Failure)  189206K->17997K(424192K), 0.0006754 secs]
283.581: [GC (Allocation Failure)  189218K->17997K(424192K), 0.0010756 secs]
286.675: [GC (Allocation Failure)  189212K->17997K(424192K), 0.0013527 secs]
289.871: [GC (Allocation Failure)  186629K->17997K(424192K), 0.0013707 secs]
293.026: [GC (Allocation Failure)  186518K->17997K(424192K), 0.0010670 secs]
296.133: [GC (Allocation Failure)  189206K->17997K(424192K), 0.0010738 secs]
299.242: [GC (Allocation Failure)  189218K->17997K(424192K), 0.0012644 secs]
302.327: [GC (Allocation Failure)  189212K->17997K(424192K), 0.0010683 secs]
305.397: [GC (Allocation Failure)  186629K->17997K(424192K), 0.0010199 secs]
308.470: [GC (Allocation Failure)  186518K->17997K(424192K), 0.0010259 secs]
311.572: [GC (Allocation Failure)  189206K->17997K(424192K), 0.0016493 secs]
314.650: [GC (Allocation Failure)  189218K->17997K(424192K), 0.0010704 secs]
317.866: [GC (Allocation Failure)  189213K->17997K(424192K), 0.0010343 secs]
320.912: [GC (Allocation Failure)  186630K->17997K(424192K), 0.0031521 secs]
323.980: [GC (Allocation Failure)  186519K->17997K(424192K), 0.0014381 secs]
327.042: [GC (Allocation Failure)  189206K->17997K(424192K), 0.0011614 secs]
330.246: [GC (Allocation Failure)  189219K->17997K(424192K), 0.0010209 secs]
333.406: [GC (Allocation Failure)  189213K->17997K(424192K), 0.0011905 secs]
336.487: [GC (Allocation Failure)  186630K->17997K(424192K), 0.0010502 secs]
339.684: [GC (Allocation Failure)  186519K->17997K(424192K), 0.0011278 secs]
342.775: [GC (Allocation Failure)  189206K->17997K(424192K), 0.0007011 secs]
345.833: [GC (Allocation Failure)  189219K->17997K(424192K), 0.0007522 secs]
348.878: [GC (Allocation Failure)  189213K->17997K(424192K), 0.0034068 secs]
351.893: [GC (Allocation Failure)  186630K->17997K(424192K), 0.0010266 secs]
355.058: [GC (Allocation Failure)  186519K->17997K(424192K), 0.0010306 secs]
358.213: [GC (Allocation Failure)  189206K->17997K(424192K), 0.0010482 secs]
361.381: [GC (Allocation Failure)  189219K->17997K(424192K), 0.0012449 secs]
364.484: [GC (Allocation Failure)  189213K->17997K(424192K), 0.0014170 secs]
367.546: [GC (Allocation Failure)  186630K->17997K(424192K), 0.0013023 secs]
370.549: [GC (Allocation Failure)  186519K->17997K(424192K), 0.0058071 secs]
373.737: [GC (Allocation Failure)  189206K->17997K(424192K), 0.0007126 secs]
376.732: [GC (Allocation Failure)  189219K->17997K(424192K), 0.0037573 secs]
379.903: [GC (Allocation Failure)  189213K->17997K(424192K), 0.0013370 secs]
383.022: [GC (Allocation Failure)  186630K->17997K(424192K), 0.0010224 secs]
386.132: [GC (Allocation Failure)  186519K->17997K(424192K), 0.0013724 secs]
389.308: [GC (Allocation Failure)  189206K->17997K(424192K), 0.0037243 secs]
392.455: [GC (Allocation Failure)  189219K->17997K(424192K), 0.0010433 secs]
395.560: [GC (Allocation Failure)  189213K->17997K(424192K), 0.0013136 secs]
398.673: [GC (Allocation Failure)  186630K->17997K(424192K), 0.0024830 secs]
401.832: [GC (Allocation Failure)  186519K->17997K(424192K), 0.0011023 secs]
404.869: [GC (Allocation Failure)  189206K->17997K(424192K), 0.0010467 secs]
408.060: [GC (Allocation Failure)  189219K->17997K(424192K), 0.0018652 secs]
411.350: [GC (Allocation Failure)  189213K->17997K(424192K), 0.0010859 secs]
414.441: [GC (Allocation Failure)  186630K->17997K(424192K), 0.0010655 secs]
417.786: [GC (Allocation Failure)  186519K->17997K(424192K), 0.0008984 secs]
420.947: [GC (Allocation Failure)  189206K->17997K(424192K), 0.0012841 secs]
424.163: [GC (Allocation Failure)  189219K->17997K(424192K), 0.0009098 secs]
427.229: [GC (Allocation Failure)  189213K->17997K(424192K), 0.0024166 secs]
430.191: [GC (Allocation Failure)  186630K->17997K(424192K), 0.0006779 secs]
433.166: [GC (Allocation Failure)  186519K->17997K(424192K), 0.0011109 secs]
436.242: [GC (Allocation Failure)  189206K->17997K(424192K), 0.0009988 secs]
439.446: [GC (Allocation Failure)  189219K->17997K(424192K), 0.0010613 secs]
442.557: [GC (Allocation Failure)  189213K->17997K(424192K), 0.0010029 secs]
445.629: [GC (Allocation Failure)  186630K->17997K(424192K), 0.0010617 secs]
448.681: [GC (Allocation Failure)  186519K->17997K(424192K), 0.0010038 secs]
451.804: [GC (Allocation Failure)  189206K->17997K(424192K), 0.0030703 secs]
454.915: [GC (Allocation Failure)  189219K->17997K(424192K), 0.0017125 secs]
457.975: [GC (Allocation Failure)  189213K->17997K(424192K), 0.0015649 secs]
461.122: [GC (Allocation Failure)  186630K->17997K(424192K), 0.0010492 secs]
464.132: [GC (Allocation Failure)  186519K->17997K(424192K), 0.0010469 secs]
467.281: [GC (Allocation Failure)  189206K->17997K(424192K), 0.0010657 secs]
470.415: [GC (Allocation Failure)  189219K->17997K(424192K), 0.0010454 secs]
473.439: [GC (Allocation Failure)  189213K->17997K(424192K), 0.0007000 secs]
476.439: [GC (Allocation Failure)  186630K->17997K(424192K), 0.0007269 secs]
479.506: [GC (Allocation Failure)  186519K->17997K(424192K), 0.0056610 secs]
482.626: [GC (Allocation Failure)  189206K->17997K(424192K), 0.0013286 secs]
485.813: [GC (Allocation Failure)  189219K->17997K(424192K), 0.0010001 secs]
488.907: [GC (Allocation Failure)  189213K->17997K(424192K), 0.0014518 secs]
491.972: [GC (Allocation Failure)  186630K->17997K(424192K), 0.0029044 secs]
495.033: [GC (Allocation Failure)  186519K->17997K(424192K), 0.0010835 secs]
498.254: [GC (Allocation Failure)  189206K->17997K(424192K), 0.0009030 secs]
501.395: [GC (Allocation Failure)  189219K->17997K(424192K), 0.0010430 secs]
504.565: [GC (Allocation Failure)  189213K->17997K(424192K), 0.0010725 secs]
507.650: [GC (Allocation Failure)  186630K->17997K(424192K), 0.0011881 secs]
510.734: [GC (Allocation Failure)  186519K->17997K(424192K), 0.0011370 secs]
513.851: [GC (Allocation Failure)  189206K->17997K(424192K), 0.0010091 secs]
517.002: [GC (Allocation Failure)  189219K->17997K(424192K), 0.0010300 secs]
520.084: [GC (Allocation Failure)  189213K->17997K(424192K), 0.0033516 secs]
523.286: [GC (Allocation Failure)  186630K->17997K(424192K), 0.0012701 secs]
526.307: [GC (Allocation Failure)  186519K->17997K(424192K), 0.0012205 secs]
529.462: [GC (Allocation Failure)  189206K->17997K(424192K), 0.0010580 secs]
532.579: [GC (Allocation Failure)  189219K->17997K(424192K), 0.0024613 secs]
535.683: [GC (Allocation Failure)  189213K->17997K(424192K), 0.0014283 secs]
538.782: [GC (Allocation Failure)  186630K->17999K(424192K), 0.0010406 secs]
541.941: [GC (Allocation Failure)  186520K->17999K(424192K), 0.0009130 secs]
545.085: [GC (Allocation Failure)  189208K->17999K(424192K), 0.0022330 secs]
548.184: [GC (Allocation Failure)  189220K->17999K(424192K), 0.0017920 secs]
551.278: [GC (Allocation Failure)  189214K->17999K(424192K), 0.0010640 secs]
554.354: [GC (Allocation Failure)  186631K->17999K(424192K), 0.0009124 secs]
557.523: [GC (Allocation Failure)  186520K->17999K(424192K), 0.0017769 secs]
560.653: [GC (Allocation Failure)  189208K->17999K(424192K), 0.0009706 secs]
563.818: [GC (Allocation Failure)  189220K->17999K(424192K), 0.0010099 secs]
566.944: [GC (Allocation Failure)  189214K->17999K(424192K), 0.0017109 secs]
570.106: [GC (Allocation Failure)  186631K->17999K(424192K), 0.0009997 secs]
573.268: [GC (Allocation Failure)  186520K->17999K(424192K), 0.0017734 secs]
576.359: [GC (Allocation Failure)  189208K->17999K(424192K), 0.0006838 secs]
579.432: [GC (Allocation Failure)  189220K->17999K(424192K), 0.0011722 secs]
582.726: [GC (Allocation Failure)  189214K->17999K(424192K), 0.0007791 secs]
585.858: [GC (Allocation Failure)  186631K->17999K(424192K), 0.0011870 secs]
588.981: [GC (Allocation Failure)  186520K->17999K(424192K), 0.0009999 secs]
592.137: [GC (Allocation Failure)  189208K->17999K(424192K), 0.0010152 secs]
595.284: [GC (Allocation Failure)  189220K->17999K(424192K), 0.0010869 secs]
598.329: [GC (Allocation Failure)  189214K->17999K(424192K), 0.0012220 secs]
601.377: [GC (Allocation Failure)  186631K->17999K(424192K), 0.0012459 secs]
604.546: [GC (Allocation Failure)  186520K->17999K(424192K), 0.0019901 secs]
607.686: [GC (Allocation Failure)  189208K->17999K(424192K), 0.0010354 secs]
610.797: [GC (Allocation Failure)  189220K->17999K(424192K), 0.0010693 secs]
613.942: [GC (Allocation Failure)  189214K->17999K(424192K), 0.0010205 secs]
617.078: [GC (Allocation Failure)  186631K->17999K(424192K), 0.0033258 secs]
620.132: [GC (Allocation Failure)  186520K->17999K(424192K), 0.0012030 secs]
623.174: [GC (Allocation Failure)  189208K->17999K(424192K), 0.0013481 secs]
626.184: [GC (Allocation Failure)  189220K->17999K(424192K), 0.0012060 secs]
629.277: [GC (Allocation Failure)  189214K->17999K(424192K), 0.0010400 secs]
632.377: [GC (Allocation Failure)  186631K->17999K(424192K), 0.0010097 secs]
635.535: [GC (Allocation Failure)  186520K->17999K(424192K), 0.0010222 secs]
638.655: [GC (Allocation Failure)  189208K->17999K(424192K), 0.0010136 secs]
641.894: [GC (Allocation Failure)  189220K->17999K(424192K), 0.0010540 secs]
644.994: [GC (Allocation Failure)  189214K->17999K(424192K), 0.0007529 secs]
648.114: [GC (Allocation Failure)  186631K->17999K(424192K), 0.0012355 secs]
651.231: [GC (Allocation Failure)  186520K->17999K(424192K), 0.0018701 secs]
654.366: [GC (Allocation Failure)  189208K->17999K(424192K), 0.0010315 secs]
657.493: [GC (Allocation Failure)  189220K->17999K(424192K), 0.0010226 secs]
660.648: [GC (Allocation Failure)  189214K->17999K(424192K), 0.0021303 secs]
663.865: [GC (Allocation Failure)  186631K->17999K(424192K), 0.0010328 secs]
666.970: [GC (Allocation Failure)  186520K->17999K(424192K), 0.0026044 secs]
670.034: [GC (Allocation Failure)  189208K->17999K(424192K), 0.0010833 secs]
673.070: [GC (Allocation Failure)  189221K->17999K(424192K), 0.0012897 secs]
676.136: [GC (Allocation Failure)  189215K->17999K(424192K), 0.0010851 secs]
679.286: [GC (Allocation Failure)  186631K->17999K(424192K), 0.0010266 secs]
682.350: [GC (Allocation Failure)  186520K->17999K(424192K), 0.0010156 secs]
685.461: [GC (Allocation Failure)  189208K->17999K(424192K), 0.0010089 secs]
688.538: [GC (Allocation Failure)  189221K->17999K(424192K), 0.0007210 secs]
691.652: [GC (Allocation Failure)  189215K->17999K(424192K), 0.0011232 secs]
694.806: [GC (Allocation Failure)  186631K->17999K(424192K), 0.0013093 secs]
697.806: [GC (Allocation Failure)  186520K->17999K(424192K), 0.0012468 secs]
700.835: [GC (Allocation Failure)  189208K->17999K(424192K), 0.0011093 secs]
703.974: [GC (Allocation Failure)  189221K->17999K(424192K), 0.0010281 secs]
707.114: [GC (Allocation Failure)  189215K->17999K(424192K), 0.0010216 secs]
710.265: [GC (Allocation Failure)  186631K->17999K(424192K), 0.0006952 secs]
713.370: [GC (Allocation Failure)  186520K->17999K(424192K), 0.0007116 secs]
716.475: [GC (Allocation Failure)  189208K->17999K(424192K), 0.0010170 secs]
719.619: [GC (Allocation Failure)  189221K->17999K(424192K), 0.0014225 secs]
722.698: [GC (Allocation Failure)  189215K->17999K(424192K), 0.0007212 secs]
725.688: [GC (Allocation Failure)  186631K->17999K(424192K), 0.0020255 secs]
728.757: [GC (Allocation Failure)  186520K->17999K(424192K), 0.0007035 secs]
731.827: [GC (Allocation Failure)  189208K->17999K(424192K), 0.0007201 secs]
734.981: [GC (Allocation Failure)  189221K->17999K(424192K), 0.0010212 secs]
738.102: [GC (Allocation Failure)  189215K->17999K(424192K), 0.0010133 secs]
741.262: [GC (Allocation Failure)  186631K->17999K(424192K), 0.0010102 secs]
744.442: [GC (Allocation Failure)  186520K->17999K(424192K), 0.0011815 secs]
747.422: [GC (Allocation Failure)  189208K->17999K(424192K), 0.0009009 secs]
750.500: [GC (Allocation Failure)  189221K->17999K(424192K), 0.0015744 secs]
753.608: [GC (Allocation Failure)  189215K->17999K(424192K), 0.0011002 secs]
756.696: [GC (Allocation Failure)  186631K->17999K(424192K), 0.0013802 secs]
759.846: [GC (Allocation Failure)  186520K->17999K(424192K), 0.0010648 secs]
762.970: [GC (Allocation Failure)  189208K->17999K(424192K), 0.0009229 secs]
766.191: [GC (Allocation Failure)  189221K->17999K(424192K), 0.0010066 secs]
769.294: [GC (Allocation Failure)  189215K->17999K(424192K), 0.0007000 secs]
772.335: [GC (Allocation Failure)  186631K->17999K(424192K), 0.0012970 secs]
775.441: [GC (Allocation Failure)  186520K->17999K(424192K), 0.0010391 secs]
778.539: [GC (Allocation Failure)  189208K->17999K(424192K), 0.0020081 secs]
781.659: [GC (Allocation Failure)  189221K->17999K(424192K), 0.0021971 secs]
784.850: [GC (Allocation Failure)  189215K->17999K(424192K), 0.0010028 secs]
787.972: [GC (Allocation Failure)  186631K->17999K(424192K), 0.0014674 secs]
790.977: [GC (Allocation Failure)  186520K->17999K(424192K), 0.0007396 secs]
794.061: [GC (Allocation Failure)  189208K->17999K(424192K), 0.0011321 secs]
797.227: [GC (Allocation Failure)  189221K->17999K(424192K), 0.0019453 secs]
800.375: [GC (Allocation Failure)  189215K->17999K(424192K), 0.0009960 secs]
803.462: [GC (Allocation Failure)  186631K->17999K(424192K), 0.0010513 secs]
806.526: [GC (Allocation Failure)  186520K->17999K(424192K), 0.0010631 secs]
809.610: [GC (Allocation Failure)  189208K->17999K(424192K), 0.0015735 secs]
812.661: [GC (Allocation Failure)  189221K->17999K(424192K), 0.0007720 secs]
815.751: [GC (Allocation Failure)  189215K->17999K(424192K), 0.0032939 secs]
818.826: [GC (Allocation Failure)  186631K->17999K(424192K), 0.0010502 secs]
821.905: [GC (Allocation Failure)  186520K->17999K(424192K), 0.0010098 secs]
825.192: [GC (Allocation Failure)  189208K->17999K(424192K), 0.0016285 secs]
828.335: [GC (Allocation Failure)  189221K->17999K(424192K), 0.0010037 secs]
831.394: [GC (Allocation Failure)  189215K->17999K(424192K), 0.0014184 secs]
834.398: [GC (Allocation Failure)  186631K->17999K(424192K), 0.0032672 secs]
837.423: [GC (Allocation Failure)  186520K->17999K(424192K), 0.0023003 secs]
840.482: [GC (Allocation Failure)  189208K->17999K(424192K), 0.0010643 secs]
843.570: [GC (Allocation Failure)  189221K->17999K(424192K), 0.0010418 secs]
846.630: [GC (Allocation Failure)  189215K->18000K(424192K), 0.0010983 secs]
849.790: [GC (Allocation Failure)  186633K->18000K(424192K), 0.0010320 secs]
852.875: [GC (Allocation Failure)  186522K->18000K(424192K), 0.0011730 secs]
855.919: [GC (Allocation Failure)  189209K->18000K(424192K), 0.0010238 secs]
859.066: [GC (Allocation Failure)  189222K->18000K(424192K), 0.0010323 secs]
862.086: [GC (Allocation Failure)  189216K->18000K(424192K), 0.0014932 secs]
865.101: [GC (Allocation Failure)  186633K->18000K(424192K), 0.0011859 secs]
868.094: [GC (Allocation Failure)  186522K->18000K(424192K), 0.0010267 secs]
871.203: [GC (Allocation Failure)  189209K->18000K(424192K), 0.0016842 secs]
874.418: [GC (Allocation Failure)  189222K->18000K(424192K), 0.0010336 secs]
877.568: [GC (Allocation Failure)  189216K->18000K(424192K), 0.0013836 secs]
880.677: [GC (Allocation Failure)  186633K->18000K(424192K), 0.0009707 secs]
883.874: [GC (Allocation Failure)  186522K->18000K(424192K), 0.0010049 secs]
887.127: [GC (Allocation Failure)  189209K->18000K(424192K), 0.0007133 secs]
890.155: [GC (Allocation Failure)  189222K->18001K(424192K), 0.0023670 secs]
893.232: [GC (Allocation Failure)  189217K->18001K(424192K), 0.0011464 secs]
896.303: [GC (Allocation Failure)  186634K->18001K(424192K), 0.0009096 secs]
899.452: [GC (Allocation Failure)  186523K->18001K(424192K), 0.0016093 secs]
902.624: [GC (Allocation Failure)  189210K->18001K(424192K), 0.0019057 secs]
905.829: [GC (Allocation Failure)  189223K->18001K(424192K), 0.0009497 secs]
908.791: [GC (Allocation Failure)  189217K->18001K(424192K), 0.0025778 secs]
911.753: [GC (Allocation Failure)  186634K->18001K(424192K), 0.0007918 secs]
914.765: [GC (Allocation Failure)  186523K->18001K(424192K), 0.0013432 secs]
917.938: [GC (Allocation Failure)  189210K->18001K(424192K), 0.0010496 secs]
921.092: [GC (Allocation Failure)  189223K->18001K(424192K), 0.0010575 secs]
924.240: [GC (Allocation Failure)  189217K->18001K(424192K), 0.0011103 secs]
927.293: [GC (Allocation Failure)  186634K->18001K(424192K), 0.0010307 secs]
930.314: [GC (Allocation Failure)  186523K->18001K(424192K), 0.0012517 secs]
933.350: [GC (Allocation Failure)  189210K->18001K(424192K), 0.0011556 secs]
936.463: [GC (Allocation Failure)  189223K->18001K(424192K), 0.0015721 secs]
939.507: [GC (Allocation Failure)  189217K->18001K(424192K), 0.0009095 secs]
942.534: [GC (Allocation Failure)  186634K->18001K(424192K), 0.0009909 secs]
945.707: [GC (Allocation Failure)  186523K->18001K(424192K), 0.0014018 secs]
948.874: [GC (Allocation Failure)  189210K->18001K(424192K), 0.0010721 secs]
952.004: [GC (Allocation Failure)  189223K->18001K(424192K), 0.0023496 secs]
955.032: [GC (Allocation Failure)  189217K->18001K(424192K), 0.0012856 secs]
958.021: [GC (Allocation Failure)  186634K->18001K(424192K), 0.0061216 secs]
961.087: [GC (Allocation Failure)  186523K->18001K(424192K), 0.0010453 secs]
964.151: [GC (Allocation Failure)  189210K->18001K(424192K), 0.0010380 secs]
967.294: [GC (Allocation Failure)  189223K->18001K(424192K), 0.0010971 secs]
970.419: [GC (Allocation Failure)  189217K->18001K(424192K), 0.0010673 secs]
973.432: [GC (Allocation Failure)  186634K->18001K(424192K), 0.0016101 secs]
976.470: [GC (Allocation Failure)  186523K->18001K(424192K), 0.0011406 secs]
979.578: [GC (Allocation Failure)  189210K->18001K(424192K), 0.0010619 secs]
982.713: [GC (Allocation Failure)  189223K->18001K(424192K), 0.0010034 secs]
985.829: [GC (Allocation Failure)  189217K->18001K(424192K), 0.0006823 secs]
988.910: [GC (Allocation Failure)  186634K->18001K(424192K), 0.0009839 secs]
991.930: [GC (Allocation Failure)  186523K->18001K(424192K), 0.0010218 secs]
995.094: [GC (Allocation Failure)  189210K->18001K(424192K), 0.0010110 secs]
998.209: [GC (Allocation Failure)  189223K->18001K(424192K), 0.0010259 secs]
1001.242: [GC (Allocation Failure)  189217K->18001K(424192K), 0.0032213 secs]
1004.261: [GC (Allocation Failure)  186634K->18001K(424192K), 0.0010109 secs]
1007.481: [GC (Allocation Failure)  186523K->18001K(424192K), 0.0009119 secs]
1010.586: [GC (Allocation Failure)  189210K->18001K(424192K), 0.0010468 secs]
1013.727: [GC (Allocation Failure)  189223K->18001K(424192K), 0.0009154 secs]
1016.907: [GC (Allocation Failure)  189217K->18001K(424192K), 0.0009044 secs]
1019.910: [GC (Allocation Failure)  186634K->18001K(424192K), 0.0007121 secs]
1022.931: [GC (Allocation Failure)  186523K->18001K(424192K), 0.0014036 secs]
1026.077: [GC (Allocation Failure)  189210K->18001K(424192K), 0.0010121 secs]
1029.225: [GC (Allocation Failure)  189223K->18001K(424192K), 0.0010083 secs]
1032.350: [GC (Allocation Failure)  189217K->18001K(424192K), 0.0010391 secs]
1035.514: [GC (Allocation Failure)  186634K->18001K(424192K), 0.0009926 secs]
1038.645: [GC (Allocation Failure)  186523K->18001K(424192K), 0.0010289 secs]
1041.688: [GC (Allocation Failure)  189210K->18001K(424192K), 0.0049744 secs]
1044.821: [GC (Allocation Failure)  189223K->18001K(424192K), 0.0024277 secs]
1047.873: [GC (Allocation Failure)  189217K->18001K(424192K), 0.0006843 secs]
1050.898: [GC (Allocation Failure)  186634K->18001K(424192K), 0.0006912 secs]
1054.014: [GC (Allocation Failure)  186523K->18001K(424192K), 0.0010222 secs]
1057.183: [GC (Allocation Failure)  189210K->18001K(424192K), 0.0010116 secs]
1060.322: [GC (Allocation Failure)  189223K->18001K(424192K), 0.0017635 secs]
1063.341: [GC (Allocation Failure)  189217K->18001K(424192K), 0.0011786 secs]
1066.478: [GC (Allocation Failure)  186634K->18001K(424192K), 0.0010671 secs]
1069.650: [GC (Allocation Failure)  186523K->18001K(424192K), 0.0010336 secs]
1072.794: [GC (Allocation Failure)  189210K->18001K(424192K), 0.0010176 secs]
1075.897: [GC (Allocation Failure)  189223K->18001K(424192K), 0.0010312 secs]
1079.044: [GC (Allocation Failure)  189217K->18001K(424192K), 0.0024799 secs]
1082.125: [GC (Allocation Failure)  186634K->18001K(424192K), 0.0012388 secs]
1085.111: [GC (Allocation Failure)  186523K->18001K(424192K), 0.0008303 secs]
1088.212: [GC (Allocation Failure)  189210K->18001K(424192K), 0.0028772 secs]
1091.323: [GC (Allocation Failure)  189223K->18001K(424192K), 0.0016821 secs]
1094.419: [GC (Allocation Failure)  189217K->18001K(424192K), 0.0010105 secs]
1097.527: [GC (Allocation Failure)  186634K->18001K(424192K), 0.0010336 secs]
1100.631: [GC (Allocation Failure)  186523K->18001K(424192K), 0.0010427 secs]
1103.791: [GC (Allocation Failure)  189210K->18001K(424192K), 0.0009548 secs]
1106.967: [GC (Allocation Failure)  189223K->18001K(424192K), 0.0009028 secs]
1110.075: [GC (Allocation Failure)  189217K->18001K(424192K), 0.0010336 secs]
1113.210: [GC (Allocation Failure)  186634K->18001K(424192K), 0.0010250 secs]
1116.243: [GC (Allocation Failure)  186523K->18001K(424192K), 0.0010153 secs]
1119.313: [GC (Allocation Failure)  189210K->18001K(424192K), 0.0011308 secs]
1122.353: [GC (Allocation Failure)  189223K->18001K(424192K), 0.0009974 secs]
1125.458: [GC (Allocation Failure)  189217K->18001K(424192K), 0.0010692 secs]
1128.611: [GC (Allocation Failure)  186634K->18001K(424192K), 0.0013745 secs]
1131.714: [GC (Allocation Failure)  186523K->18001K(424192K), 0.0010482 secs]
1134.802: [GC (Allocation Failure)  189210K->18001K(424192K), 0.0011022 secs]
1137.949: [GC (Allocation Failure)  189223K->18001K(424192K), 0.0010216 secs]
1140.949: [GC (Allocation Failure)  189217K->18001K(424192K), 0.0006989 secs]
1143.968: [GC (Allocation Failure)  186634K->18001K(424192K), 0.0007971 secs]
1146.974: [GC (Allocation Failure)  186523K->18001K(424192K), 0.0006880 secs]
1150.104: [GC (Allocation Failure)  189210K->18001K(424192K), 0.0010703 secs]
1153.232: [GC (Allocation Failure)  189223K->18001K(424192K), 0.0011010 secs]
1156.333: [GC (Allocation Failure)  189217K->18001K(424192K), 0.0010953 secs]
1159.450: [GC (Allocation Failure)  186634K->18001K(424192K), 0.0010432 secs]
1162.495: [GC (Allocation Failure)  186523K->18001K(424192K), 0.0019020 secs]
1165.595: [GC (Allocation Failure)  189210K->18001K(424192K), 0.0018221 secs]
1168.707: [GC (Allocation Failure)  189223K->18001K(424192K), 0.0017223 secs]
1171.782: [GC (Allocation Failure)  189217K->18001K(424192K), 0.0010819 secs]
1174.898: [GC (Allocation Failure)  186634K->18001K(424192K), 0.0010183 secs]
1178.007: [GC (Allocation Failure)  186523K->18001K(424192K), 0.0023113 secs]
1181.088: [GC (Allocation Failure)  189210K->18001K(424192K), 0.0007520 secs]
1184.097: [GC (Allocation Failure)  189223K->18001K(424192K), 0.0007013 secs]
1187.154: [GC (Allocation Failure)  189217K->18001K(424192K), 0.0010218 secs]
1190.338: [GC (Allocation Failure)  186634K->18001K(424192K), 0.0009983 secs]
1193.404: [GC (Allocation Failure)  186523K->18001K(424192K), 0.0019142 secs]
1196.530: [GC (Allocation Failure)  189210K->18001K(424192K), 0.0010223 secs]
1199.686: [GC (Allocation Failure)  189223K->18001K(424192K), 0.0010413 secs]
1202.822: [GC (Allocation Failure)  189217K->18001K(424192K), 0.0018133 secs]
1205.862: [GC (Allocation Failure)  186634K->18001K(424192K), 0.0017135 secs]
1208.969: [GC (Allocation Failure)  186523K->18001K(424192K), 0.0011204 secs]
1212.034: [GC (Allocation Failure)  189210K->18001K(424192K), 0.0010362 secs]
1215.146: [GC (Allocation Failure)  189223K->18001K(424192K), 0.0010422 secs]
1218.267: [GC (Allocation Failure)  189217K->18001K(424192K), 0.0016729 secs]
1221.330: [GC (Allocation Failure)  186634K->18001K(424192K), 0.0010109 secs]
1224.413: [GC (Allocation Failure)  186523K->18001K(424192K), 0.0006955 secs]
1227.481: [GC (Allocation Failure)  189210K->18001K(424192K), 0.0010119 secs]
1230.624: [GC (Allocation Failure)  189223K->18001K(424192K), 0.0014488 secs]
1233.732: [GC (Allocation Failure)  189217K->18001K(424192K), 0.0023439 secs]
1236.763: [GC (Allocation Failure)  186634K->18001K(424192K), 0.0007628 secs]
1239.798: [GC (Allocation Failure)  186523K->18001K(424192K), 0.0010315 secs]
1242.875: [GC (Allocation Failure)  189210K->18001K(424192K), 0.0010375 secs]
1245.911: [GC (Allocation Failure)  189223K->18001K(424192K), 0.0010558 secs]
1249.053: [GC (Allocation Failure)  189217K->18001K(424192K), 0.0014135 secs]
1252.190: [GC (Allocation Failure)  186634K->18001K(424192K), 0.0010041 secs]
1255.286: [GC (Allocation Failure)  186523K->18001K(424192K), 0.0010088 secs]
1258.361: [GC (Allocation Failure)  189210K->18001K(424192K), 0.0007745 secs]
1261.382: [GC (Allocation Failure)  189223K->18001K(424192K), 0.0011350 secs]
1264.454: [GC (Allocation Failure)  189217K->18001K(424192K), 0.0006956 secs]
1267.565: [GC (Allocation Failure)  186634K->18001K(424192K), 0.0010026 secs]
1270.677: [GC (Allocation Failure)  186523K->18001K(424192K), 0.0006820 secs]
1273.776: [GC (Allocation Failure)  189210K->18001K(424192K), 0.0010810 secs]
1276.910: [GC (Allocation Failure)  189223K->18001K(424192K), 0.0011075 secs]
1279.941: [GC (Allocation Failure)  189217K->18001K(424192K), 0.0012212 secs]
1282.907: [GC (Allocation Failure)  186634K->18001K(424192K), 0.0012054 secs]
1285.871: [GC (Allocation Failure)  186523K->18001K(424192K), 0.0012992 secs]
1288.985: [GC (Allocation Failure)  189210K->18001K(424192K), 0.0010370 secs]
1292.070: [GC (Allocation Failure)  189223K->18001K(424192K), 0.0010115 secs]
1295.270: [GC (Allocation Failure)  189217K->18002K(424192K), 0.0010593 secs]
1298.359: [GC (Allocation Failure)  186634K->18002K(424192K), 0.0016673 secs]
1301.441: [GC (Allocation Failure)  186523K->18002K(424192K), 0.0010585 secs]
1304.473: [GC (Allocation Failure)  189211K->18002K(424192K), 0.0007112 secs]
1307.541: [GC (Allocation Failure)  189224K->18002K(424192K), 0.0018833 secs]
1310.608: [GC (Allocation Failure)  189218K->18002K(424192K), 0.0018652 secs]
1313.759: [GC (Allocation Failure)  186634K->18002K(424192K), 0.0010393 secs]
1316.854: [GC (Allocation Failure)  186523K->18002K(424192K), 0.0010605 secs]
1319.934: [GC (Allocation Failure)  189211K->18002K(424192K), 0.0010466 secs]
1323.126: [GC (Allocation Failure)  189224K->18002K(424192K), 0.0010850 secs]
1326.269: [GC (Allocation Failure)  189218K->18002K(424192K), 0.0010988 secs]
1329.403: [GC (Allocation Failure)  186634K->18002K(424192K), 0.0010623 secs]
1332.501: [GC (Allocation Failure)  186523K->18002K(424192K), 0.0011343 secs]
1335.566: [GC (Allocation Failure)  189211K->18002K(424192K), 0.0010099 secs]
1338.714: [GC (Allocation Failure)  189224K->18002K(424192K), 0.0011449 secs]
1341.734: [GC (Allocation Failure)  189218K->18002K(424192K), 0.0011049 secs]
1344.832: [GC (Allocation Failure)  186634K->18002K(424192K), 0.0014222 secs]
1347.923: [GC (Allocation Failure)  186523K->18002K(424192K), 0.0010591 secs]
1351.011: [GC (Allocation Failure)  189211K->18002K(424192K), 0.0010427 secs]
1354.192: [GC (Allocation Failure)  189224K->18002K(424192K), 0.0056655 secs]
1357.274: [GC (Allocation Failure)  189218K->18002K(424192K), 0.0012769 secs]
1360.325: [GC (Allocation Failure)  186634K->18002K(424192K), 0.0019028 secs]
1363.418: [GC (Allocation Failure)  186523K->18002K(424192K), 0.0010235 secs]
1366.570: [GC (Allocation Failure)  189211K->18002K(424192K), 0.0010294 secs]
1369.782: [GC (Allocation Failure)  189224K->18002K(424192K), 0.0010220 secs]
1372.911: [GC (Allocation Failure)  189218K->18002K(424192K), 0.0010121 secs]
1376.045: [GC (Allocation Failure)  186634K->18002K(424192K), 0.0010277 secs]
1379.152: [GC (Allocation Failure)  186523K->18002K(424192K), 0.0013870 secs]
1382.181: [GC (Allocation Failure)  189211K->18002K(424192K), 0.0007058 secs]
1385.200: [GC (Allocation Failure)  189224K->18002K(424192K), 0.0030965 secs]
1388.236: [GC (Allocation Failure)  189218K->18002K(424192K), 0.0015681 secs]
1391.246: [GC (Allocation Failure)  186634K->17977K(424192K), 0.0010329 secs]
1394.318: [GC (Allocation Failure)  186498K->17977K(424192K), 0.0010349 secs]
1397.502: [GC (Allocation Failure)  189186K->17977K(424192K), 0.0010008 secs]
1400.625: [GC (Allocation Failure)  189199K->17977K(424192K), 0.0047560 secs]
1403.730: [GC (Allocation Failure)  189193K->17977K(424192K), 0.0007821 secs]
1406.820: [GC (Allocation Failure)  186610K->17977K(424192K), 0.0013771 secs]
1409.889: [GC (Allocation Failure)  186498K->17977K(424192K), 0.0010536 secs]
