[0.007s][info][gc] Using G1
[72.550s][info][gc] GC(0) Pause Full (JvmtiEnv ForceGarbageCollection) 83M->4M(128M) 22.494ms
[77.223s][info][gc] GC(1) Pause Full (JvmtiEnv ForceGarbageCollection) 65M->4M(128M) 15.283ms
[81.942s][info][gc] GC(2) Pause Full (JvmtiEnv ForceGarbageCollection) 64M->4M(128M) 16.703ms
[86.457s][info][gc] GC(3) Pause Full (JvmtiEnv ForceGarbageCollection) 64M->4M(128M) 18.366ms
[91.013s][info][gc] GC(4) Pause Full (JvmtiEnv ForceGarbageCollection) 64M->4M(128M) 15.662ms
[95.673s][info][gc] GC(5) Pause Full (JvmtiEnv ForceGarbageCollection) 64M->4M(128M) 16.080ms
[100.300s][info][gc] GC(6) Pause Full (JvmtiEnv ForceGarbageCollection) 64M->4M(128M) 14.474ms
[104.980s][info][gc] GC(7) Pause Full (JvmtiEnv ForceGarbageCollection) 64M->4M(128M) 15.666ms
[109.583s][info][gc] GC(8) Pause Full (JvmtiEnv ForceGarbageCollection) 63M->4M(128M) 16.002ms
[114.277s][info][gc] GC(9) Pause Full (JvmtiEnv ForceGarbageCollection) 63M->4M(128M) 16.034ms
[119.061s][info][gc] GC(10) Pause Full (JvmtiEnv ForceGarbageCollection) 64M->4M(128M) 14.818ms
[123.671s][info][gc] GC(11) Pause Full (JvmtiEnv ForceGarbageCollection) 64M->4M(128M) 15.435ms
