OpenJDK 64-Bit Server VM (25.222-b10) for linux-amd64 JRE (1.8.0_222-8u222-b10-1ubuntu1~18.04.1-b10), built on Jul 18 2019 18:52:48 by "buildd" with gcc 7.4.0
Memory: 4k page, physical 16424660k(15511316k free), swap 0k(0k free)
CommandLine flags: -XX:CompressedClassSpaceSize=45297664 -XX:InitialHeapSize=536870912 -XX:MaxHeapSize=536870912 -XX:MaxMetaspaceSize=53686272 -XX:NewRatio=1 -XX:+PrintGC -XX:+PrintGCTimeStamps -XX:+RequireSharedSpaces -XX:ReservedCodeCacheSize=26843136 -XX:-TieredCompilation -XX:+UseCompressedClassPointers -XX:+UseCompressedOops -XX:+UseSerialGC -XX:+UseSharedSpaces 
4.778: [Full GC (JvmtiEnv ForceGarbageCollection)  77777K->2882K(498112K), 0.0171295 secs]
7.677: [Full GC (JvmtiEnv ForceGarbageCollection)  70615K->2973K(498112K), 0.0069267 secs]
10.447: [Full GC (JvmtiEnv ForceGarbageCollection)  62314K->3062K(498112K), 0.0079238 secs]
13.289: [Full GC (JvmtiEnv ForceGarbageCollection)  62404K->2766K(498112K), 0.0099487 secs]
16.198: [Full GC (JvmtiEnv ForceGarbageCollection)  57911K->2855K(498112K), 0.0083534 secs]
19.114: [Full GC (JvmtiEnv ForceGarbageCollection)  58001K->2947K(498112K), 0.0078753 secs]
22.030: [Full GC (JvmtiEnv ForceGarbageCollection)  58093K->3040K(498112K), 0.0079356 secs]
24.915: [Full GC (JvmtiEnv ForceGarbageCollection)  58186K->2769K(498112K), 0.0126788 secs]
27.794: [Full GC (JvmtiEnv ForceGarbageCollection)  57915K->2860K(498112K), 0.0114535 secs]
30.634: [Full GC (JvmtiEnv ForceGarbageCollection)  58005K->2950K(498112K), 0.0076299 secs]
33.578: [Full GC (JvmtiEnv ForceGarbageCollection)  58096K->3041K(498112K), 0.0083723 secs]
36.654: [Full GC (JvmtiEnv ForceGarbageCollection)  58187K->2770K(498112K), 0.0123627 secs]
39.627: [Full GC (JvmtiEnv ForceGarbageCollection)  57915K->2861K(498112K), 0.0075082 secs]
42.578: [Full GC (JvmtiEnv ForceGarbageCollection)  58007K->2952K(498112K), 0.0066726 secs]
45.507: [Full GC (JvmtiEnv ForceGarbageCollection)  58098K->3043K(498112K), 0.0078845 secs]
48.459: [Full GC (JvmtiEnv ForceGarbageCollection)  58189K->2771K(498112K), 0.0074332 secs]
51.396: [Full GC (JvmtiEnv ForceGarbageCollection)  57917K->2863K(498112K), 0.0100535 secs]
54.414: [Full GC (JvmtiEnv ForceGarbageCollection)  58009K->2955K(498112K), 0.0110676 secs]
57.387: [Full GC (JvmtiEnv ForceGarbageCollection)  58101K->3047K(498112K), 0.0071660 secs]
60.322: [Full GC (JvmtiEnv ForceGarbageCollection)  58185K->2774K(498112K), 0.0079659 secs]
63.432: [Full GC (JvmtiEnv ForceGarbageCollection)  57920K->2868K(498112K), 0.0075379 secs]
66.406: [Full GC (JvmtiEnv ForceGarbageCollection)  58005K->2962K(498112K), 0.0068078 secs]
69.380: [Full GC (JvmtiEnv ForceGarbageCollection)  58108K->3055K(498112K), 0.0083114 secs]
72.347: [Full GC (JvmtiEnv ForceGarbageCollection)  58201K->2778K(498112K), 0.0078092 secs]
75.164: [Full GC (JvmtiEnv ForceGarbageCollection)  57924K->2871K(498112K), 0.0065783 secs]
78.208: [Full GC (JvmtiEnv ForceGarbageCollection)  58016K->2963K(498112K), 0.0072099 secs]
81.258: [Full GC (JvmtiEnv ForceGarbageCollection)  58109K->3056K(498112K), 0.0065187 secs]
84.265: [Full GC (JvmtiEnv ForceGarbageCollection)  58202K->2779K(498112K), 0.0070122 secs]
87.295: [Full GC (JvmtiEnv ForceGarbageCollection)  57925K->2872K(498112K), 0.0075409 secs]
90.275: [Full GC (JvmtiEnv ForceGarbageCollection)  58018K->2965K(498112K), 0.0074338 secs]
93.261: [Full GC (JvmtiEnv ForceGarbageCollection)  58111K->3058K(498112K), 0.0076079 secs]
96.203: [Full GC (JvmtiEnv ForceGarbageCollection)  58204K->2779K(498112K), 0.0075760 secs]
99.200: [Full GC (JvmtiEnv ForceGarbageCollection)  57925K->2873K(498112K), 0.0077381 secs]
102.267: [Full GC (JvmtiEnv ForceGarbageCollection)  58019K->2968K(498112K), 0.0077665 secs]
105.530: [Full GC (JvmtiEnv ForceGarbageCollection)  58114K->3062K(498112K), 0.0069368 secs]
108.552: [Full GC (JvmtiEnv ForceGarbageCollection)  58208K->2781K(498112K), 0.0066624 secs]
111.478: [Full GC (JvmtiEnv ForceGarbageCollection)  57927K->2876K(498112K), 0.0082835 secs]
114.439: [Full GC (JvmtiEnv ForceGarbageCollection)  58022K->2972K(498112K), 0.0098767 secs]
117.390: [Full GC (JvmtiEnv ForceGarbageCollection)  66510K->3070K(498112K), 0.0078368 secs]
120.315: [Full GC (JvmtiEnv ForceGarbageCollection)  58216K->2788K(498112K), 0.0107228 secs]
123.298: [Full GC (JvmtiEnv ForceGarbageCollection)  57933K->2882K(498112K), 0.0072461 secs]
126.495: [Full GC (JvmtiEnv ForceGarbageCollection)  58028K->2978K(498112K), 0.0072548 secs]
129.459: [Full GC (JvmtiEnv ForceGarbageCollection)  58123K->3072K(498112K), 0.0061908 secs]
132.391: [Full GC (JvmtiEnv ForceGarbageCollection)  58218K->2789K(498112K), 0.0072108 secs]
135.318: [Full GC (JvmtiEnv ForceGarbageCollection)  57935K->2884K(498112K), 0.0060335 secs]
138.250: [Full GC (JvmtiEnv ForceGarbageCollection)  58030K->2979K(498112K), 0.0077741 secs]
141.198: [Full GC (JvmtiEnv ForceGarbageCollection)  58125K->3074K(498112K), 0.0071808 secs]
144.141: [Full GC (JvmtiEnv ForceGarbageCollection)  58220K->2790K(498112K), 0.0107228 secs]
147.133: [Full GC (JvmtiEnv ForceGarbageCollection)  57936K->2886K(498112K), 0.0065315 secs]
150.133: [Full GC (JvmtiEnv ForceGarbageCollection)  58031K->2981K(498112K), 0.0071212 secs]
153.153: [Full GC (JvmtiEnv ForceGarbageCollection)  58127K->3076K(498112K), 0.0081164 secs]
156.080: [Full GC (JvmtiEnv ForceGarbageCollection)  58222K->2790K(498112K), 0.0079446 secs]
159.026: [Full GC (JvmtiEnv ForceGarbageCollection)  57936K->2886K(498112K), 0.0082689 secs]
161.993: [Full GC (JvmtiEnv ForceGarbageCollection)  58032K->2982K(498112K), 0.0078927 secs]
164.954: [Full GC (JvmtiEnv ForceGarbageCollection)  58127K->3084K(498112K), 0.0093131 secs]
167.926: [Full GC (JvmtiEnv ForceGarbageCollection)  58229K->2791K(498112K), 0.0076442 secs]
170.880: [Full GC (JvmtiEnv ForceGarbageCollection)  57936K->2887K(498112K), 0.0088061 secs]
173.871: [Full GC (JvmtiEnv ForceGarbageCollection)  58032K->2983K(498112K), 0.0084375 secs]
176.919: [Full GC (JvmtiEnv ForceGarbageCollection)  58129K->3079K(498112K), 0.0066687 secs]
179.948: [Full GC (JvmtiEnv ForceGarbageCollection)  58225K->2791K(498112K), 0.0068898 secs]
182.991: [Full GC (JvmtiEnv ForceGarbageCollection)  57937K->2887K(498112K), 0.0060543 secs]
186.064: [Full GC (JvmtiEnv ForceGarbageCollection)  62385K->2984K(498112K), 0.0123778 secs]
189.076: [Full GC (JvmtiEnv ForceGarbageCollection)  58130K->3080K(498112K), 0.0063799 secs]
192.078: [Full GC (JvmtiEnv ForceGarbageCollection)  62578K->2792K(498112K), 0.0073324 secs]
195.055: [Full GC (JvmtiEnv ForceGarbageCollection)  62290K->2889K(498112K), 0.0081924 secs]
198.090: [Full GC (JvmtiEnv ForceGarbageCollection)  62387K->2985K(498112K), 0.0073606 secs]
201.018: [Full GC (JvmtiEnv ForceGarbageCollection)  58131K->3082K(498112K), 0.0086900 secs]
204.073: [Full GC (JvmtiEnv ForceGarbageCollection)  62580K->2792K(498112K), 0.0079681 secs]
207.040: [Full GC (JvmtiEnv ForceGarbageCollection)  62290K->2889K(498112K), 0.0067231 secs]
210.086: [Full GC (JvmtiEnv ForceGarbageCollection)  62387K->2986K(498112K), 0.0069508 secs]
213.172: [Full GC (JvmtiEnv ForceGarbageCollection)  62484K->3083K(498112K), 0.0075406 secs]
216.154: [Full GC (JvmtiEnv ForceGarbageCollection)  62581K->2792K(498112K), 0.0099369 secs]
219.203: [Full GC (JvmtiEnv ForceGarbageCollection)  62290K->2890K(498112K), 0.0125172 secs]
222.232: [Full GC (JvmtiEnv ForceGarbageCollection)  62388K->2988K(498112K), 0.0101855 secs]
225.331: [Full GC (JvmtiEnv ForceGarbageCollection)  62486K->3085K(498112K), 0.0072442 secs]
228.422: [Full GC (JvmtiEnv ForceGarbageCollection)  62583K->2794K(498112K), 0.0108480 secs]
231.457: [Full GC (JvmtiEnv ForceGarbageCollection)  62291K->2891K(498112K), 0.0074181 secs]
234.474: [Full GC (JvmtiEnv ForceGarbageCollection)  62389K->2989K(498112K), 0.0081615 secs]
237.499: [Full GC (JvmtiEnv ForceGarbageCollection)  62487K->3087K(498112K), 0.0084439 secs]
240.539: [Full GC (JvmtiEnv ForceGarbageCollection)  62585K->2794K(498112K), 0.0072882 secs]
243.630: [Full GC (JvmtiEnv ForceGarbageCollection)  62292K->2892K(498112K), 0.0086344 secs]
246.827: [Full GC (JvmtiEnv ForceGarbageCollection)  62390K->2990K(498112K), 0.0082446 secs]
249.941: [Full GC (JvmtiEnv ForceGarbageCollection)  62488K->3089K(498112K), 0.0059091 secs]
253.025: [Full GC (JvmtiEnv ForceGarbageCollection)  62587K->2795K(498112K), 0.0061093 secs]
256.084: [Full GC (JvmtiEnv ForceGarbageCollection)  62293K->2894K(498112K), 0.0079864 secs]
259.201: [Full GC (JvmtiEnv ForceGarbageCollection)  62392K->2993K(498112K), 0.0073887 secs]
262.187: [Full GC (JvmtiEnv ForceGarbageCollection)  62491K->3091K(498112K), 0.0081601 secs]
265.306: [Full GC (JvmtiEnv ForceGarbageCollection)  62581K->2802K(498112K), 0.0079342 secs]
268.470: [Full GC (JvmtiEnv ForceGarbageCollection)  62300K->2902K(498112K), 0.0110877 secs]
271.562: [Full GC (JvmtiEnv ForceGarbageCollection)  62400K->3001K(498112K), 0.0084513 secs]
274.734: [Full GC (JvmtiEnv ForceGarbageCollection)  62499K->3101K(498112K), 0.0092536 secs]
277.856: [Full GC (JvmtiEnv ForceGarbageCollection)  62599K->2803K(498112K), 0.0078991 secs]
280.941: [Full GC (JvmtiEnv ForceGarbageCollection)  62301K->2903K(498112K), 0.0077319 secs]
284.094: [Full GC (JvmtiEnv ForceGarbageCollection)  62401K->3006K(498112K), 0.0082723 secs]
287.308: [Full GC (JvmtiEnv ForceGarbageCollection)  62487K->3106K(498112K), 0.0065931 secs]
290.496: [Full GC (JvmtiEnv ForceGarbageCollection)  62588K->2807K(498112K), 0.0070617 secs]
293.672: [Full GC (JvmtiEnv ForceGarbageCollection)  62288K->2907K(498112K), 0.0078630 secs]
296.861: [Full GC (JvmtiEnv ForceGarbageCollection)  62388K->3007K(498112K), 0.0109692 secs]
300.038: [Full GC (JvmtiEnv ForceGarbageCollection)  62489K->3108K(498112K), 0.0063476 secs]
303.143: [Full GC (JvmtiEnv ForceGarbageCollection)  62590K->2808K(498112K), 0.0104741 secs]
306.308: [Full GC (JvmtiEnv ForceGarbageCollection)  62305K->2909K(498112K), 0.0079619 secs]
309.482: [Full GC (JvmtiEnv ForceGarbageCollection)  62390K->3009K(498112K), 0.0066038 secs]
312.627: [Full GC (JvmtiEnv ForceGarbageCollection)  62491K->3111K(498112K), 0.0067011 secs]
315.770: [Full GC (JvmtiEnv ForceGarbageCollection)  62593K->2809K(498112K), 0.0081776 secs]
318.979: [Full GC (JvmtiEnv ForceGarbageCollection)  62291K->2911K(498112K), 0.0079935 secs]
322.154: [Full GC (JvmtiEnv ForceGarbageCollection)  62392K->3012K(498112K), 0.0078886 secs]
325.236: [Full GC (JvmtiEnv ForceGarbageCollection)  62493K->3113K(498112K), 0.0075599 secs]
328.528: [Full GC (JvmtiEnv ForceGarbageCollection)  62595K->2810K(498112K), 0.0108626 secs]
331.811: [Full GC (JvmtiEnv ForceGarbageCollection)  62292K->2912K(498112K), 0.0079921 secs]
335.099: [Full GC (JvmtiEnv ForceGarbageCollection)  62393K->3014K(498112K), 0.0060623 secs]
338.421: [Full GC (JvmtiEnv ForceGarbageCollection)  62496K->3117K(498112K), 0.0084180 secs]
341.641: [Full GC (JvmtiEnv ForceGarbageCollection)  62616K->2810K(498112K), 0.0075245 secs]
344.963: [Full GC (JvmtiEnv ForceGarbageCollection)  62308K->2913K(498112K), 0.0081926 secs]
348.346: [Full GC (JvmtiEnv ForceGarbageCollection)  62411K->3016K(498112K), 0.0081318 secs]
351.650: [Full GC (JvmtiEnv ForceGarbageCollection)  62514K->3118K(498112K), 0.0072639 secs]
354.991: [Full GC (JvmtiEnv ForceGarbageCollection)  62616K->2811K(498112K), 0.0069513 secs]
358.301: [Full GC (JvmtiEnv ForceGarbageCollection)  62309K->2914K(498112K), 0.0065353 secs]
361.547: [Full GC (JvmtiEnv ForceGarbageCollection)  62412K->3017K(498112K), 0.0077869 secs]
364.856: [Full GC (JvmtiEnv ForceGarbageCollection)  62515K->3120K(498112K), 0.0084595 secs]
368.261: [Full GC (JvmtiEnv ForceGarbageCollection)  62618K->2812K(498112K), 0.0086496 secs]
371.503: [Full GC (JvmtiEnv ForceGarbageCollection)  62310K->2915K(498112K), 0.0116759 secs]
374.828: [Full GC (JvmtiEnv ForceGarbageCollection)  62413K->3018K(498112K), 0.0076579 secs]
378.137: [Full GC (JvmtiEnv ForceGarbageCollection)  62516K->3121K(498112K), 0.0066464 secs]
381.426: [Full GC (JvmtiEnv ForceGarbageCollection)  62619K->2812K(498112K), 0.0074048 secs]
384.704: [Full GC (JvmtiEnv ForceGarbageCollection)  62310K->2915K(498112K), 0.0080953 secs]
387.898: [Full GC (JvmtiEnv ForceGarbageCollection)  62413K->3018K(498112K), 0.0083672 secs]
391.128: [Full GC (JvmtiEnv ForceGarbageCollection)  62516K->3122K(498112K), 0.0136395 secs]
394.484: [Full GC (JvmtiEnv ForceGarbageCollection)  62619K->2812K(498112K), 0.0087321 secs]
397.771: [Full GC (JvmtiEnv ForceGarbageCollection)  62310K->2916K(498112K), 0.0079419 secs]
401.153: [Full GC (JvmtiEnv ForceGarbageCollection)  62414K->3020K(498112K), 0.0069874 secs]
404.487: [Full GC (JvmtiEnv ForceGarbageCollection)  62518K->3124K(498112K), 0.0068797 secs]
407.842: [Full GC (JvmtiEnv ForceGarbageCollection)  62622K->2812K(498112K), 0.0086677 secs]
411.150: [Full GC (JvmtiEnv ForceGarbageCollection)  66662K->2917K(498112K), 0.0075606 secs]
414.467: [Full GC (JvmtiEnv ForceGarbageCollection)  66767K->3021K(498112K), 0.0099130 secs]
417.753: [Full GC (JvmtiEnv ForceGarbageCollection)  66872K->3126K(498112K), 0.0082383 secs]
421.059: [Full GC (JvmtiEnv ForceGarbageCollection)  62624K->2812K(498112K), 0.0062148 secs]
424.403: [Full GC (JvmtiEnv ForceGarbageCollection)  66662K->2917K(498112K), 0.0077878 secs]
427.770: [Full GC (JvmtiEnv ForceGarbageCollection)  66767K->3021K(498112K), 0.0093521 secs]
431.203: [Full GC (JvmtiEnv ForceGarbageCollection)  66872K->3126K(498112K), 0.0067158 secs]
434.543: [Full GC (JvmtiEnv ForceGarbageCollection)  66976K->2813K(498112K), 0.0070729 secs]
437.958: [Full GC (JvmtiEnv ForceGarbageCollection)  66663K->2917K(498112K), 0.0091482 secs]
441.297: [Full GC (JvmtiEnv ForceGarbageCollection)  66768K->3023K(498112K), 0.0076045 secs]
444.610: [Full GC (JvmtiEnv ForceGarbageCollection)  66873K->3128K(498112K), 0.0080407 secs]
447.915: [Full GC (JvmtiEnv ForceGarbageCollection)  66978K->2814K(498112K), 0.0090457 secs]
451.179: [Full GC (JvmtiEnv ForceGarbageCollection)  66664K->2919K(498112K), 0.0085734 secs]
454.524: [Full GC (JvmtiEnv ForceGarbageCollection)  66769K->3024K(498112K), 0.0088279 secs]
457.928: [Full GC (JvmtiEnv ForceGarbageCollection)  66874K->3130K(498112K), 0.0068347 secs]
461.309: [Full GC (JvmtiEnv ForceGarbageCollection)  66980K->2814K(498112K), 0.0091127 secs]
464.726: [Full GC (JvmtiEnv ForceGarbageCollection)  66664K->2920K(498112K), 0.0079744 secs]
468.119: [Full GC (JvmtiEnv ForceGarbageCollection)  66770K->3026K(498112K), 0.0086194 secs]
471.501: [Full GC (JvmtiEnv ForceGarbageCollection)  66876K->3132K(498112K), 0.0081172 secs]
474.876: [Full GC (JvmtiEnv ForceGarbageCollection)  66982K->2815K(498112K), 0.0084787 secs]
478.334: [Full GC (JvmtiEnv ForceGarbageCollection)  66665K->2921K(498112K), 0.0075200 secs]
481.850: [Full GC (JvmtiEnv ForceGarbageCollection)  66772K->3028K(498112K), 0.0076965 secs]
485.274: [Full GC (JvmtiEnv ForceGarbageCollection)  66878K->3135K(498112K), 0.0073723 secs]
488.658: [Full GC (JvmtiEnv ForceGarbageCollection)  66985K->2815K(498112K), 0.0075318 secs]
492.107: [Full GC (JvmtiEnv ForceGarbageCollection)  66665K->2922K(498112K), 0.0073836 secs]
495.486: [Full GC (JvmtiEnv ForceGarbageCollection)  66772K->3029K(498112K), 0.0075832 secs]
498.864: [Full GC (JvmtiEnv ForceGarbageCollection)  66879K->3136K(498112K), 0.0073549 secs]
502.277: [Full GC (JvmtiEnv ForceGarbageCollection)  66987K->2815K(498112K), 0.0075418 secs]
505.709: [Full GC (JvmtiEnv ForceGarbageCollection)  66666K->2923K(498112K), 0.0088211 secs]
509.178: [Full GC (JvmtiEnv ForceGarbageCollection)  66773K->3031K(498112K), 0.0100111 secs]
512.695: [Full GC (JvmtiEnv ForceGarbageCollection)  66881K->3138K(498112K), 0.0087783 secs]
516.055: [Full GC (JvmtiEnv ForceGarbageCollection)  66988K->2702K(498112K), 0.0086489 secs]
519.307: [Full GC (JvmtiEnv ForceGarbageCollection)  66552K->2810K(498112K), 0.0069584 secs]
522.617: [Full GC (JvmtiEnv ForceGarbageCollection)  66660K->2918K(498112K), 0.0073729 secs]
525.937: [Full GC (JvmtiEnv ForceGarbageCollection)  66768K->3026K(498112K), 0.0070124 secs]
529.343: [Full GC (JvmtiEnv ForceGarbageCollection)  66876K->2703K(498112K), 0.0084050 secs]
532.805: [Full GC (JvmtiEnv ForceGarbageCollection)  66553K->2811K(498112K), 0.0065332 secs]
536.266: [Full GC (JvmtiEnv ForceGarbageCollection)  66661K->2920K(498112K), 0.0077066 secs]
539.607: [Full GC (JvmtiEnv ForceGarbageCollection)  66770K->3028K(498112K), 0.0066430 secs]
543.058: [Full GC (JvmtiEnv ForceGarbageCollection)  66878K->2703K(498112K), 0.0087369 secs]
546.432: [Full GC (JvmtiEnv ForceGarbageCollection)  66553K->2812K(498112K), 0.0076927 secs]
549.794: [Full GC (JvmtiEnv ForceGarbageCollection)  66662K->2922K(498112K), 0.0083388 secs]
553.305: [Full GC (JvmtiEnv ForceGarbageCollection)  66772K->3031K(498112K), 0.0071041 secs]
556.723: [Full GC (JvmtiEnv ForceGarbageCollection)  66881K->2703K(498112K), 0.0097923 secs]
560.244: [Full GC (JvmtiEnv ForceGarbageCollection)  66553K->2813K(498112K), 0.0070859 secs]
563.760: [Full GC (JvmtiEnv ForceGarbageCollection)  66663K->2923K(498112K), 0.0074868 secs]
567.262: [Full GC (JvmtiEnv ForceGarbageCollection)  66773K->3033K(498112K), 0.0077044 secs]
570.731: [Full GC (JvmtiEnv ForceGarbageCollection)  66883K->2704K(498112K), 0.0126596 secs]
574.171: [Full GC (JvmtiEnv ForceGarbageCollection)  66554K->2814K(498112K), 0.0072076 secs]
577.545: [Full GC (JvmtiEnv ForceGarbageCollection)  66664K->2925K(498112K), 0.0094136 secs]
581.035: [Full GC (JvmtiEnv ForceGarbageCollection)  66775K->3035K(498112K), 0.0071099 secs]
584.551: [Full GC (JvmtiEnv ForceGarbageCollection)  66885K->2705K(498112K), 0.0068887 secs]
588.077: [Full GC (JvmtiEnv ForceGarbageCollection)  66555K->2815K(498112K), 0.0058870 secs]
591.619: [Full GC (JvmtiEnv ForceGarbageCollection)  66666K->2926K(498112K), 0.0076552 secs]
595.112: [Full GC (JvmtiEnv ForceGarbageCollection)  66776K->3037K(498112K), 0.0073032 secs]
598.663: [Full GC (JvmtiEnv ForceGarbageCollection)  66887K->2706K(498112K), 0.0083970 secs]
602.226: [Full GC (JvmtiEnv ForceGarbageCollection)  66556K->2817K(498112K), 0.0099858 secs]
605.813: [Full GC (JvmtiEnv ForceGarbageCollection)  66667K->2928K(498112K), 0.0068661 secs]
609.304: [Full GC (JvmtiEnv ForceGarbageCollection)  66778K->3039K(498112K), 0.0077563 secs]
612.873: [Full GC (JvmtiEnv ForceGarbageCollection)  66889K->2706K(498112K), 0.0084083 secs]
616.393: [Full GC (JvmtiEnv ForceGarbageCollection)  66556K->2818K(498112K), 0.0117302 secs]
619.945: [Full GC (JvmtiEnv ForceGarbageCollection)  66668K->2929K(498112K), 0.0076458 secs]
623.626: [Full GC (JvmtiEnv ForceGarbageCollection)  66779K->3041K(498112K), 0.0079300 secs]
627.241: [Full GC (JvmtiEnv ForceGarbageCollection)  66891K->2706K(498112K), 0.0116678 secs]
630.746: [Full GC (JvmtiEnv ForceGarbageCollection)  66556K->2818K(498112K), 0.0076729 secs]
634.256: [Full GC (JvmtiEnv ForceGarbageCollection)  66668K->2930K(498112K), 0.0074601 secs]
637.807: [Full GC (JvmtiEnv ForceGarbageCollection)  66780K->3042K(498112K), 0.0071409 secs]
641.295: [Full GC (JvmtiEnv ForceGarbageCollection)  71104K->2707K(498112K), 0.0072281 secs]
644.801: [Full GC (JvmtiEnv ForceGarbageCollection)  70769K->2819K(498112K), 0.0070790 secs]
648.407: [Full GC (JvmtiEnv ForceGarbageCollection)  70882K->2932K(498112K), 0.0077867 secs]
651.990: [Full GC (JvmtiEnv ForceGarbageCollection)  70994K->3044K(498112K), 0.0080763 secs]
655.576: [Full GC (JvmtiEnv ForceGarbageCollection)  71106K->2707K(498112K), 0.0072350 secs]
659.108: [Full GC (JvmtiEnv ForceGarbageCollection)  70769K->2820K(498112K), 0.0075603 secs]
662.700: [Full GC (JvmtiEnv ForceGarbageCollection)  70882K->2933K(498112K), 0.0112729 secs]
666.220: [Full GC (JvmtiEnv ForceGarbageCollection)  70995K->3046K(498112K), 0.0109075 secs]
669.741: [Full GC (JvmtiEnv ForceGarbageCollection)  71108K->2708K(498112K), 0.0080729 secs]
673.466: [Full GC (JvmtiEnv ForceGarbageCollection)  70770K->2821K(498112K), 0.0117165 secs]
677.071: [Full GC (JvmtiEnv ForceGarbageCollection)  70883K->2934K(498112K), 0.0075505 secs]
