OpenJDK 64-Bit Server VM (25.222-b10) for linux-amd64 JRE (1.8.0_222-8u222-b10-1ubuntu1~18.04.1-b10), built on Jul 18 2019 18:52:48 by "buildd" with gcc 7.4.0
Memory: 4k page, physical 16424660k(15510400k free), swap 0k(0k free)
CommandLine flags: -XX:CompressedClassSpaceSize=45297664 -XX:InitialHeapSize=536870912 -XX:MaxHeapSize=536870912 -XX:MaxMetaspaceSize=53686272 -XX:NewRatio=1 -XX:+PrintGC -XX:+PrintGCTimeStamps -XX:+RequireSharedSpaces -XX:ReservedCodeCacheSize=26843136 -XX:-TieredCompilation -XX:+UseCompressedClassPointers -XX:+UseCompressedOops -XX:+UseSerialGC -XX:+UseSharedSpaces 
4.762: [Full GC (JvmtiEnv ForceGarbageCollection)  77777K->2882K(498112K), 0.0155758 secs]
7.676: [Full GC (JvmtiEnv ForceGarbageCollection)  70615K->2973K(498112K), 0.0085621 secs]
10.547: [Full GC (JvmtiEnv ForceGarbageCollection)  62314K->3062K(498112K), 0.0062404 secs]
13.427: [Full GC (JvmtiEnv ForceGarbageCollection)  62404K->2766K(498112K), 0.0065575 secs]
16.562: [Full GC (JvmtiEnv ForceGarbageCollection)  57911K->2856K(498112K), 0.0055437 secs]
19.591: [Full GC (JvmtiEnv ForceGarbageCollection)  58002K->2947K(498112K), 0.0086059 secs]
22.574: [Full GC (JvmtiEnv ForceGarbageCollection)  58093K->3040K(498112K), 0.0068032 secs]
25.535: [Full GC (JvmtiEnv ForceGarbageCollection)  58186K->2769K(498112K), 0.0073180 secs]
28.545: [Full GC (JvmtiEnv ForceGarbageCollection)  57915K->2860K(498112K), 0.0063082 secs]
31.600: [Full GC (JvmtiEnv ForceGarbageCollection)  58005K->2950K(498112K), 0.0084779 secs]
34.647: [Full GC (JvmtiEnv ForceGarbageCollection)  58096K->3041K(498112K), 0.0055337 secs]
37.664: [Full GC (JvmtiEnv ForceGarbageCollection)  58187K->2770K(498112K), 0.0085151 secs]
40.662: [Full GC (JvmtiEnv ForceGarbageCollection)  57916K->2861K(498112K), 0.0072197 secs]
43.698: [Full GC (JvmtiEnv ForceGarbageCollection)  58007K->2952K(498112K), 0.0078277 secs]
46.654: [Full GC (JvmtiEnv ForceGarbageCollection)  58098K->3043K(498112K), 0.0068893 secs]
49.754: [Full GC (JvmtiEnv ForceGarbageCollection)  58189K->2771K(498112K), 0.0094458 secs]
52.839: [Full GC (JvmtiEnv ForceGarbageCollection)  57917K->2863K(498112K), 0.0078064 secs]
55.923: [Full GC (JvmtiEnv ForceGarbageCollection)  58009K->2955K(498112K), 0.0103136 secs]
58.923: [Full GC (JvmtiEnv ForceGarbageCollection)  58101K->3047K(498112K), 0.0082038 secs]
61.903: [Full GC (JvmtiEnv ForceGarbageCollection)  58185K->2774K(498112K), 0.0074274 secs]
64.842: [Full GC (JvmtiEnv ForceGarbageCollection)  57920K->2867K(498112K), 0.0096667 secs]
67.932: [Full GC (JvmtiEnv ForceGarbageCollection)  58005K->2962K(498112K), 0.0073037 secs]
70.994: [Full GC (JvmtiEnv ForceGarbageCollection)  58108K->3054K(498112K), 0.0062657 secs]
74.071: [Full GC (JvmtiEnv ForceGarbageCollection)  58200K->2778K(498112K), 0.0082496 secs]
77.111: [Full GC (JvmtiEnv ForceGarbageCollection)  57924K->2871K(498112K), 0.0077848 secs]
80.125: [Full GC (JvmtiEnv ForceGarbageCollection)  58016K->2963K(498112K), 0.0074836 secs]
83.166: [Full GC (JvmtiEnv ForceGarbageCollection)  58109K->3056K(498112K), 0.0114672 secs]
86.249: [Full GC (JvmtiEnv ForceGarbageCollection)  58202K->2779K(498112K), 0.0078533 secs]
89.303: [Full GC (JvmtiEnv ForceGarbageCollection)  57925K->2872K(498112K), 0.0070824 secs]
92.356: [Full GC (JvmtiEnv ForceGarbageCollection)  58018K->2965K(498112K), 0.0072214 secs]
95.439: [Full GC (JvmtiEnv ForceGarbageCollection)  58111K->3058K(498112K), 0.0092249 secs]
98.574: [Full GC (JvmtiEnv ForceGarbageCollection)  58204K->2779K(498112K), 0.0067649 secs]
101.699: [Full GC (JvmtiEnv ForceGarbageCollection)  57925K->2873K(498112K), 0.0073289 secs]
104.871: [Full GC (JvmtiEnv ForceGarbageCollection)  58019K->2968K(498112K), 0.0070837 secs]
107.975: [Full GC (JvmtiEnv ForceGarbageCollection)  58114K->3062K(498112K), 0.0089797 secs]
110.989: [Full GC (JvmtiEnv ForceGarbageCollection)  58208K->2781K(498112K), 0.0073711 secs]
113.996: [Full GC (JvmtiEnv ForceGarbageCollection)  57927K->2876K(498112K), 0.0106602 secs]
116.960: [Full GC (JvmtiEnv ForceGarbageCollection)  58022K->2972K(498112K), 0.0112804 secs]
120.004: [Full GC (JvmtiEnv ForceGarbageCollection)  66510K->3070K(498112K), 0.0081809 secs]
122.949: [Full GC (JvmtiEnv ForceGarbageCollection)  58215K->2788K(498112K), 0.0087762 secs]
125.910: [Full GC (JvmtiEnv ForceGarbageCollection)  57933K->2882K(498112K), 0.0071550 secs]
128.840: [Full GC (JvmtiEnv ForceGarbageCollection)  58028K->2978K(498112K), 0.0071686 secs]
131.871: [Full GC (JvmtiEnv ForceGarbageCollection)  58123K->3072K(498112K), 0.0087417 secs]
134.912: [Full GC (JvmtiEnv ForceGarbageCollection)  58218K->2789K(498112K), 0.0086131 secs]
137.915: [Full GC (JvmtiEnv ForceGarbageCollection)  57935K->2884K(498112K), 0.0075517 secs]
140.956: [Full GC (JvmtiEnv ForceGarbageCollection)  58030K->2979K(498112K), 0.0101635 secs]
143.837: [Full GC (JvmtiEnv ForceGarbageCollection)  58125K->3074K(498112K), 0.0071410 secs]
146.806: [Full GC (JvmtiEnv ForceGarbageCollection)  58220K->2790K(498112K), 0.0070647 secs]
149.820: [Full GC (JvmtiEnv ForceGarbageCollection)  57936K->2885K(498112K), 0.0081938 secs]
152.792: [Full GC (JvmtiEnv ForceGarbageCollection)  58031K->2981K(498112K), 0.0139450 secs]
155.732: [Full GC (JvmtiEnv ForceGarbageCollection)  58127K->3076K(498112K), 0.0114524 secs]
158.763: [Full GC (JvmtiEnv ForceGarbageCollection)  58222K->2790K(498112K), 0.0078521 secs]
161.807: [Full GC (JvmtiEnv ForceGarbageCollection)  57936K->2886K(498112K), 0.0077751 secs]
164.880: [Full GC (JvmtiEnv ForceGarbageCollection)  58032K->2982K(498112K), 0.0078184 secs]
167.894: [Full GC (JvmtiEnv ForceGarbageCollection)  58127K->3078K(498112K), 0.0076553 secs]
170.901: [Full GC (JvmtiEnv ForceGarbageCollection)  58224K->2791K(498112K), 0.0083078 secs]
173.850: [Full GC (JvmtiEnv ForceGarbageCollection)  57937K->2887K(498112K), 0.0070989 secs]
176.898: [Full GC (JvmtiEnv ForceGarbageCollection)  58033K->2984K(498112K), 0.0079659 secs]
179.969: [Full GC (JvmtiEnv ForceGarbageCollection)  58129K->3079K(498112K), 0.0065637 secs]
182.939: [Full GC (JvmtiEnv ForceGarbageCollection)  58225K->2791K(498112K), 0.0079055 secs]
185.901: [Full GC (JvmtiEnv ForceGarbageCollection)  57937K->2887K(498112K), 0.0075621 secs]
188.901: [Full GC (JvmtiEnv ForceGarbageCollection)  58033K->2984K(498112K), 0.0071827 secs]
191.859: [Full GC (JvmtiEnv ForceGarbageCollection)  58129K->3080K(498112K), 0.0075815 secs]
194.866: [Full GC (JvmtiEnv ForceGarbageCollection)  58225K->2791K(498112K), 0.0091354 secs]
197.883: [Full GC (JvmtiEnv ForceGarbageCollection)  62289K->2888K(498112K), 0.0081452 secs]
201.036: [Full GC (JvmtiEnv ForceGarbageCollection)  62386K->2985K(498112K), 0.0071164 secs]
204.058: [Full GC (JvmtiEnv ForceGarbageCollection)  62483K->3082K(498112K), 0.0057720 secs]
206.945: [Full GC (JvmtiEnv ForceGarbageCollection)  62580K->2792K(498112K), 0.0075573 secs]
209.995: [Full GC (JvmtiEnv ForceGarbageCollection)  62290K->2889K(498112K), 0.0083479 secs]
213.000: [Full GC (JvmtiEnv ForceGarbageCollection)  62387K->2987K(498112K), 0.0080443 secs]
216.006: [Full GC (JvmtiEnv ForceGarbageCollection)  62484K->3084K(498112K), 0.0102715 secs]
219.039: [Full GC (JvmtiEnv ForceGarbageCollection)  62582K->2793K(498112K), 0.0062081 secs]
222.164: [Full GC (JvmtiEnv ForceGarbageCollection)  62291K->2891K(498112K), 0.0067596 secs]
225.287: [Full GC (JvmtiEnv ForceGarbageCollection)  62389K->2988K(498112K), 0.0075404 secs]
228.432: [Full GC (JvmtiEnv ForceGarbageCollection)  62486K->3087K(498112K), 0.0062970 secs]
231.453: [Full GC (JvmtiEnv ForceGarbageCollection)  62585K->2794K(498112K), 0.0074846 secs]
234.552: [Full GC (JvmtiEnv ForceGarbageCollection)  62292K->2892K(498112K), 0.0083933 secs]
237.589: [Full GC (JvmtiEnv ForceGarbageCollection)  62390K->2990K(498112K), 0.0091771 secs]
240.730: [Full GC (JvmtiEnv ForceGarbageCollection)  62488K->3089K(498112K), 0.0078774 secs]
243.776: [Full GC (JvmtiEnv ForceGarbageCollection)  62586K->2795K(498112K), 0.0063015 secs]
246.952: [Full GC (JvmtiEnv ForceGarbageCollection)  62293K->2894K(498112K), 0.0095735 secs]
250.028: [Full GC (JvmtiEnv ForceGarbageCollection)  62392K->2992K(498112K), 0.0075919 secs]
253.172: [Full GC (JvmtiEnv ForceGarbageCollection)  62490K->3091K(498112K), 0.0109244 secs]
256.291: [Full GC (JvmtiEnv ForceGarbageCollection)  62589K->2795K(498112K), 0.0091842 secs]
259.499: [Full GC (JvmtiEnv ForceGarbageCollection)  62293K->2896K(498112K), 0.0083207 secs]
262.621: [Full GC (JvmtiEnv ForceGarbageCollection)  62394K->2995K(498112K), 0.0071384 secs]
265.728: [Full GC (JvmtiEnv ForceGarbageCollection)  62493K->3095K(498112K), 0.0062049 secs]
268.836: [Full GC (JvmtiEnv ForceGarbageCollection)  62593K->2802K(498112K), 0.0073758 secs]
271.963: [Full GC (JvmtiEnv ForceGarbageCollection)  62300K->2902K(498112K), 0.0075539 secs]
275.067: [Full GC (JvmtiEnv ForceGarbageCollection)  62400K->3002K(498112K), 0.0090755 secs]
278.228: [Full GC (JvmtiEnv ForceGarbageCollection)  62500K->3103K(498112K), 0.0156453 secs]
281.411: [Full GC (JvmtiEnv ForceGarbageCollection)  62601K->2804K(498112K), 0.0087618 secs]
284.618: [Full GC (JvmtiEnv ForceGarbageCollection)  62302K->2906K(498112K), 0.0061278 secs]
287.857: [Full GC (JvmtiEnv ForceGarbageCollection)  62404K->3006K(498112K), 0.0079872 secs]
291.059: [Full GC (JvmtiEnv ForceGarbageCollection)  62488K->3108K(498112K), 0.0072528 secs]
294.224: [Full GC (JvmtiEnv ForceGarbageCollection)  62589K->2807K(498112K), 0.0076373 secs]
297.409: [Full GC (JvmtiEnv ForceGarbageCollection)  62289K->2907K(498112K), 0.0064889 secs]
300.610: [Full GC (JvmtiEnv ForceGarbageCollection)  62389K->3008K(498112K), 0.0078661 secs]
303.814: [Full GC (JvmtiEnv ForceGarbageCollection)  62490K->3109K(498112K), 0.0062359 secs]
306.983: [Full GC (JvmtiEnv ForceGarbageCollection)  62591K->2808K(498112K), 0.0098398 secs]
310.195: [Full GC (JvmtiEnv ForceGarbageCollection)  62290K->2909K(498112K), 0.0063878 secs]
313.466: [Full GC (JvmtiEnv ForceGarbageCollection)  62390K->3009K(498112K), 0.0104866 secs]
316.699: [Full GC (JvmtiEnv ForceGarbageCollection)  62491K->3111K(498112K), 0.0089577 secs]
319.870: [Full GC (JvmtiEnv ForceGarbageCollection)  62593K->2809K(498112K), 0.0076723 secs]
323.112: [Full GC (JvmtiEnv ForceGarbageCollection)  62291K->2911K(498112K), 0.0082060 secs]
326.255: [Full GC (JvmtiEnv ForceGarbageCollection)  62392K->3012K(498112K), 0.0077541 secs]
329.467: [Full GC (JvmtiEnv ForceGarbageCollection)  62493K->3113K(498112K), 0.0075069 secs]
332.586: [Full GC (JvmtiEnv ForceGarbageCollection)  62611K->2810K(498112K), 0.0066150 secs]
335.760: [Full GC (JvmtiEnv ForceGarbageCollection)  62291K->2912K(498112K), 0.0076343 secs]
338.979: [Full GC (JvmtiEnv ForceGarbageCollection)  62393K->3014K(498112K), 0.0105903 secs]
342.248: [Full GC (JvmtiEnv ForceGarbageCollection)  62496K->3117K(498112K), 0.0085675 secs]
345.495: [Full GC (JvmtiEnv ForceGarbageCollection)  62615K->2810K(498112K), 0.0077778 secs]
348.682: [Full GC (JvmtiEnv ForceGarbageCollection)  62308K->2913K(498112K), 0.0104915 secs]
351.921: [Full GC (JvmtiEnv ForceGarbageCollection)  62411K->3016K(498112K), 0.0075219 secs]
355.131: [Full GC (JvmtiEnv ForceGarbageCollection)  62514K->3118K(498112K), 0.0082637 secs]
358.398: [Full GC (JvmtiEnv ForceGarbageCollection)  62616K->2811K(498112K), 0.0063010 secs]
361.604: [Full GC (JvmtiEnv ForceGarbageCollection)  62309K->2914K(498112K), 0.0080072 secs]
364.724: [Full GC (JvmtiEnv ForceGarbageCollection)  62412K->3017K(498112K), 0.0090242 secs]
367.901: [Full GC (JvmtiEnv ForceGarbageCollection)  62515K->3120K(498112K), 0.0065185 secs]
371.160: [Full GC (JvmtiEnv ForceGarbageCollection)  62618K->2812K(498112K), 0.0077367 secs]
374.484: [Full GC (JvmtiEnv ForceGarbageCollection)  62310K->2915K(498112K), 0.0108377 secs]
377.677: [Full GC (JvmtiEnv ForceGarbageCollection)  62413K->3018K(498112K), 0.0081545 secs]
380.928: [Full GC (JvmtiEnv ForceGarbageCollection)  62516K->3122K(498112K), 0.0082716 secs]
384.102: [Full GC (JvmtiEnv ForceGarbageCollection)  62620K->2812K(498112K), 0.0084713 secs]
387.364: [Full GC (JvmtiEnv ForceGarbageCollection)  62310K->2916K(498112K), 0.0093491 secs]
390.625: [Full GC (JvmtiEnv ForceGarbageCollection)  62414K->3020K(498112K), 0.0064430 secs]
393.815: [Full GC (JvmtiEnv ForceGarbageCollection)  62517K->3123K(498112K), 0.0070499 secs]
397.025: [Full GC (JvmtiEnv ForceGarbageCollection)  62621K->2812K(498112K), 0.0076090 secs]
400.249: [Full GC (JvmtiEnv ForceGarbageCollection)  62310K->2916K(498112K), 0.0083870 secs]
403.569: [Full GC (JvmtiEnv ForceGarbageCollection)  62414K->3020K(498112K), 0.0082651 secs]
406.877: [Full GC (JvmtiEnv ForceGarbageCollection)  66870K->3125K(498112K), 0.0099690 secs]
410.174: [Full GC (JvmtiEnv ForceGarbageCollection)  66975K->2813K(498112K), 0.0098649 secs]
413.473: [Full GC (JvmtiEnv ForceGarbageCollection)  66663K->2917K(498112K), 0.0078057 secs]
416.757: [Full GC (JvmtiEnv ForceGarbageCollection)  66768K->3022K(498112K), 0.0088597 secs]
420.077: [Full GC (JvmtiEnv ForceGarbageCollection)  66872K->3127K(498112K), 0.0080881 secs]
423.342: [Full GC (JvmtiEnv ForceGarbageCollection)  66977K->2814K(498112K), 0.0080862 secs]
426.604: [Full GC (JvmtiEnv ForceGarbageCollection)  66664K->2919K(498112K), 0.0082809 secs]
429.844: [Full GC (JvmtiEnv ForceGarbageCollection)  66769K->3024K(498112K), 0.0080997 secs]
433.163: [Full GC (JvmtiEnv ForceGarbageCollection)  66874K->3129K(498112K), 0.0132146 secs]
436.537: [Full GC (JvmtiEnv ForceGarbageCollection)  66979K->2814K(498112K), 0.0065136 secs]
439.838: [Full GC (JvmtiEnv ForceGarbageCollection)  66664K->2919K(498112K), 0.0066032 secs]
443.276: [Full GC (JvmtiEnv ForceGarbageCollection)  66770K->3025K(498112K), 0.0078762 secs]
446.557: [Full GC (JvmtiEnv ForceGarbageCollection)  66875K->3131K(498112K), 0.0089787 secs]
449.945: [Full GC (JvmtiEnv ForceGarbageCollection)  66981K->2814K(498112K), 0.0080975 secs]
453.226: [Full GC (JvmtiEnv ForceGarbageCollection)  66664K->2920K(498112K), 0.0067574 secs]
456.487: [Full GC (JvmtiEnv ForceGarbageCollection)  66770K->3027K(498112K), 0.0078178 secs]
459.811: [Full GC (JvmtiEnv ForceGarbageCollection)  66877K->3133K(498112K), 0.0122328 secs]
463.155: [Full GC (JvmtiEnv ForceGarbageCollection)  66983K->2815K(498112K), 0.0082449 secs]
466.512: [Full GC (JvmtiEnv ForceGarbageCollection)  66665K->2921K(498112K), 0.0086153 secs]
469.824: [Full GC (JvmtiEnv ForceGarbageCollection)  66771K->3028K(498112K), 0.0078142 secs]
473.192: [Full GC (JvmtiEnv ForceGarbageCollection)  66878K->3135K(498112K), 0.0121098 secs]
476.612: [Full GC (JvmtiEnv ForceGarbageCollection)  66985K->2815K(498112K), 0.0068913 secs]
479.978: [Full GC (JvmtiEnv ForceGarbageCollection)  66666K->2923K(498112K), 0.0080618 secs]
483.330: [Full GC (JvmtiEnv ForceGarbageCollection)  66773K->3030K(498112K), 0.0092868 secs]
486.635: [Full GC (JvmtiEnv ForceGarbageCollection)  66880K->3137K(498112K), 0.0085228 secs]
489.975: [Full GC (JvmtiEnv ForceGarbageCollection)  66987K->2816K(498112K), 0.0079741 secs]
493.391: [Full GC (JvmtiEnv ForceGarbageCollection)  66666K->2924K(498112K), 0.0078596 secs]
496.824: [Full GC (JvmtiEnv ForceGarbageCollection)  66774K->3032K(498112K), 0.0076203 secs]
500.215: [Full GC (JvmtiEnv ForceGarbageCollection)  66882K->3140K(498112K), 0.0076826 secs]
503.711: [Full GC (JvmtiEnv ForceGarbageCollection)  66990K->2816K(498112K), 0.0068354 secs]
507.059: [Full GC (JvmtiEnv ForceGarbageCollection)  66666K->2925K(498112K), 0.0089139 secs]
510.504: [Full GC (JvmtiEnv ForceGarbageCollection)  66775K->3033K(498112K), 0.0082095 secs]
513.883: [Full GC (JvmtiEnv ForceGarbageCollection)  66883K->3142K(498112K), 0.0085354 secs]
517.280: [Full GC (JvmtiEnv ForceGarbageCollection)  66992K->2703K(498112K), 0.0079420 secs]
520.679: [Full GC (JvmtiEnv ForceGarbageCollection)  66553K->2811K(498112K), 0.0060656 secs]
524.069: [Full GC (JvmtiEnv ForceGarbageCollection)  66661K->2920K(498112K), 0.0081833 secs]
527.466: [Full GC (JvmtiEnv ForceGarbageCollection)  66770K->3029K(498112K), 0.0087425 secs]
530.859: [Full GC (JvmtiEnv ForceGarbageCollection)  66880K->2703K(498112K), 0.0074191 secs]
534.309: [Full GC (JvmtiEnv ForceGarbageCollection)  66553K->2812K(498112K), 0.0125057 secs]
537.813: [Full GC (JvmtiEnv ForceGarbageCollection)  66662K->2922K(498112K), 0.0086812 secs]
541.231: [Full GC (JvmtiEnv ForceGarbageCollection)  66772K->3031K(498112K), 0.0065880 secs]
544.653: [Full GC (JvmtiEnv ForceGarbageCollection)  66881K->2704K(498112K), 0.0080977 secs]
548.045: [Full GC (JvmtiEnv ForceGarbageCollection)  66554K->2814K(498112K), 0.0083331 secs]
551.557: [Full GC (JvmtiEnv ForceGarbageCollection)  66664K->2924K(498112K), 0.0092396 secs]
555.081: [Full GC (JvmtiEnv ForceGarbageCollection)  66774K->3033K(498112K), 0.0081258 secs]
558.605: [Full GC (JvmtiEnv ForceGarbageCollection)  66883K->2705K(498112K), 0.0082753 secs]
562.169: [Full GC (JvmtiEnv ForceGarbageCollection)  66555K->2815K(498112K), 0.0064016 secs]
565.571: [Full GC (JvmtiEnv ForceGarbageCollection)  66665K->2925K(498112K), 0.0080420 secs]
569.075: [Full GC (JvmtiEnv ForceGarbageCollection)  66776K->3036K(498112K), 0.0077516 secs]
572.520: [Full GC (JvmtiEnv ForceGarbageCollection)  66886K->2705K(498112K), 0.0073759 secs]
576.021: [Full GC (JvmtiEnv ForceGarbageCollection)  70750K->2816K(498112K), 0.0071145 secs]
579.503: [Full GC (JvmtiEnv ForceGarbageCollection)  66666K->2927K(498112K), 0.0090765 secs]
583.040: [Full GC (JvmtiEnv ForceGarbageCollection)  66777K->3038K(498112K), 0.0065026 secs]
586.449: [Full GC (JvmtiEnv ForceGarbageCollection)  66888K->2706K(498112K), 0.0080021 secs]
589.896: [Full GC (JvmtiEnv ForceGarbageCollection)  66556K->2817K(498112K), 0.0074159 secs]
593.379: [Full GC (JvmtiEnv ForceGarbageCollection)  66667K->2928K(498112K), 0.0074255 secs]
596.781: [Full GC (JvmtiEnv ForceGarbageCollection)  66778K->3039K(498112K), 0.0074954 secs]
600.308: [Full GC (JvmtiEnv ForceGarbageCollection)  66889K->2706K(498112K), 0.0072100 secs]
603.863: [Full GC (JvmtiEnv ForceGarbageCollection)  66556K->2817K(498112K), 0.0074220 secs]
607.410: [Full GC (JvmtiEnv ForceGarbageCollection)  66667K->2929K(498112K), 0.0070927 secs]
610.863: [Full GC (JvmtiEnv ForceGarbageCollection)  66779K->3041K(498112K), 0.0075873 secs]
614.456: [Full GC (JvmtiEnv ForceGarbageCollection)  66891K->2706K(498112K), 0.0077194 secs]
617.884: [Full GC (JvmtiEnv ForceGarbageCollection)  66556K->2818K(498112K), 0.0087257 secs]
621.458: [Full GC (JvmtiEnv ForceGarbageCollection)  70880K->2930K(498112K), 0.0092743 secs]
625.069: [Full GC (JvmtiEnv ForceGarbageCollection)  70993K->3043K(498112K), 0.0095473 secs]
628.644: [Full GC (JvmtiEnv ForceGarbageCollection)  71105K->2707K(498112K), 0.0110546 secs]
632.259: [Full GC (JvmtiEnv ForceGarbageCollection)  70769K->2819K(498112K), 0.0071551 secs]
635.741: [Full GC (JvmtiEnv ForceGarbageCollection)  70882K->2932K(498112K), 0.0078992 secs]
639.255: [Full GC (JvmtiEnv ForceGarbageCollection)  70994K->3045K(498112K), 0.0100997 secs]
642.842: [Full GC (JvmtiEnv ForceGarbageCollection)  71107K->2708K(498112K), 0.0071510 secs]
646.394: [Full GC (JvmtiEnv ForceGarbageCollection)  70770K->2821K(498112K), 0.0072888 secs]
649.875: [Full GC (JvmtiEnv ForceGarbageCollection)  70883K->2934K(498112K), 0.0076848 secs]
653.411: [Full GC (JvmtiEnv ForceGarbageCollection)  70996K->3047K(498112K), 0.0120804 secs]
657.075: [Full GC (JvmtiEnv ForceGarbageCollection)  71109K->2708K(498112K), 0.0081430 secs]
660.675: [Full GC (JvmtiEnv ForceGarbageCollection)  70771K->2822K(498112K), 0.0059014 secs]
664.115: [Full GC (JvmtiEnv ForceGarbageCollection)  70884K->2936K(498112K), 0.0072788 secs]
667.594: [Full GC (JvmtiEnv ForceGarbageCollection)  70998K->3049K(498112K), 0.0075362 secs]
671.166: [Full GC (JvmtiEnv ForceGarbageCollection)  71112K->2708K(498112K), 0.0086818 secs]
674.863: [Full GC (JvmtiEnv ForceGarbageCollection)  70771K->2823K(498112K), 0.0085133 secs]
