OpenJDK 64-Bit Server VM (25.222-b10) for linux-amd64 JRE (1.8.0_222-8u222-b10-1ubuntu1~18.04.1-b10), built on Jul 18 2019 18:52:48 by "buildd" with gcc 7.4.0
Memory: 4k page, physical 16424660k(15511236k free), swap 0k(0k free)
CommandLine flags: -XX:CompressedClassSpaceSize=45297664 -XX:InitialHeapSize=536870912 -XX:MaxHeapSize=536870912 -XX:MaxMetaspaceSize=53686272 -XX:NewRatio=1 -XX:+PrintGC -XX:+PrintGCTimeStamps -XX:+RequireSharedSpaces -XX:ReservedCodeCacheSize=26843136 -XX:-TieredCompilation -XX:+UseCompressedClassPointers -XX:+UseCompressedOops -XX:+UseSerialGC -XX:+UseSharedSpaces 
4.835: [Full GC (JvmtiEnv ForceGarbageCollection)  77777K->2882K(498112K), 0.0126879 secs]
7.734: [Full GC (JvmtiEnv ForceGarbageCollection)  70615K->2973K(498112K), 0.0076453 secs]
10.541: [Full GC (JvmtiEnv ForceGarbageCollection)  62314K->3062K(498112K), 0.0071619 secs]
13.406: [Full GC (JvmtiEnv ForceGarbageCollection)  62404K->2766K(498112K), 0.0130487 secs]
16.336: [Full GC (JvmtiEnv ForceGarbageCollection)  57911K->2856K(498112K), 0.0067649 secs]
19.343: [Full GC (JvmtiEnv ForceGarbageCollection)  58002K->2947K(498112K), 0.0079816 secs]
22.382: [Full GC (JvmtiEnv ForceGarbageCollection)  58093K->3040K(498112K), 0.0086245 secs]
25.532: [Full GC (JvmtiEnv ForceGarbageCollection)  58186K->2769K(498112K), 0.0083573 secs]
28.570: [Full GC (JvmtiEnv ForceGarbageCollection)  57915K->2860K(498112K), 0.0071761 secs]
31.519: [Full GC (JvmtiEnv ForceGarbageCollection)  58005K->2950K(498112K), 0.0075061 secs]
34.557: [Full GC (JvmtiEnv ForceGarbageCollection)  58096K->3041K(498112K), 0.0069208 secs]
37.538: [Full GC (JvmtiEnv ForceGarbageCollection)  58187K->2770K(498112K), 0.0114428 secs]
40.531: [Full GC (JvmtiEnv ForceGarbageCollection)  57916K->2861K(498112K), 0.0077745 secs]
43.562: [Full GC (JvmtiEnv ForceGarbageCollection)  58007K->2952K(498112K), 0.0078766 secs]
46.539: [Full GC (JvmtiEnv ForceGarbageCollection)  58098K->3043K(498112K), 0.0080215 secs]
49.662: [Full GC (JvmtiEnv ForceGarbageCollection)  58189K->2770K(498112K), 0.0075635 secs]
52.747: [Full GC (JvmtiEnv ForceGarbageCollection)  57916K->2863K(498112K), 0.0058064 secs]
55.783: [Full GC (JvmtiEnv ForceGarbageCollection)  58008K->2954K(498112K), 0.0061897 secs]
58.819: [Full GC (JvmtiEnv ForceGarbageCollection)  58100K->3046K(498112K), 0.0058596 secs]
61.815: [Full GC (JvmtiEnv ForceGarbageCollection)  58184K->2774K(498112K), 0.0096630 secs]
64.894: [Full GC (JvmtiEnv ForceGarbageCollection)  57920K->2867K(498112K), 0.0081334 secs]
67.908: [Full GC (JvmtiEnv ForceGarbageCollection)  58005K->2962K(498112K), 0.0072493 secs]
70.903: [Full GC (JvmtiEnv ForceGarbageCollection)  58108K->3053K(498112K), 0.0073490 secs]
73.928: [Full GC (JvmtiEnv ForceGarbageCollection)  58199K->2778K(498112K), 0.0058792 secs]
76.970: [Full GC (JvmtiEnv ForceGarbageCollection)  57924K->2871K(498112K), 0.0075494 secs]
80.087: [Full GC (JvmtiEnv ForceGarbageCollection)  58016K->2962K(498112K), 0.0088405 secs]
83.090: [Full GC (JvmtiEnv ForceGarbageCollection)  58108K->3055K(498112K), 0.0076152 secs]
86.183: [Full GC (JvmtiEnv ForceGarbageCollection)  58201K->2778K(498112K), 0.0077593 secs]
89.183: [Full GC (JvmtiEnv ForceGarbageCollection)  57924K->2871K(498112K), 0.0076833 secs]
92.265: [Full GC (JvmtiEnv ForceGarbageCollection)  58017K->2963K(498112K), 0.0061689 secs]
95.337: [Full GC (JvmtiEnv ForceGarbageCollection)  58109K->3055K(498112K), 0.0074022 secs]
98.467: [Full GC (JvmtiEnv ForceGarbageCollection)  58201K->2779K(498112K), 0.0068093 secs]
101.541: [Full GC (JvmtiEnv ForceGarbageCollection)  57925K->2872K(498112K), 0.0079051 secs]
104.574: [Full GC (JvmtiEnv ForceGarbageCollection)  58018K->2966K(498112K), 0.0108437 secs]
107.611: [Full GC (JvmtiEnv ForceGarbageCollection)  58112K->3059K(498112K), 0.0073520 secs]
110.636: [Full GC (JvmtiEnv ForceGarbageCollection)  58205K->2780K(498112K), 0.0075346 secs]
113.543: [Full GC (JvmtiEnv ForceGarbageCollection)  57926K->2875K(498112K), 0.0072526 secs]
116.521: [Full GC (JvmtiEnv ForceGarbageCollection)  58020K->2970K(498112K), 0.0060917 secs]
119.511: [Full GC (JvmtiEnv ForceGarbageCollection)  66508K->3067K(498112K), 0.0081298 secs]
122.482: [Full GC (JvmtiEnv ForceGarbageCollection)  58213K->2786K(498112K), 0.0083192 secs]
125.403: [Full GC (JvmtiEnv ForceGarbageCollection)  57932K->2881K(498112K), 0.0089629 secs]
128.291: [Full GC (JvmtiEnv ForceGarbageCollection)  58026K->2974K(498112K), 0.0104107 secs]
131.166: [Full GC (JvmtiEnv ForceGarbageCollection)  58120K->3068K(498112K), 0.0110086 secs]
134.078: [Full GC (JvmtiEnv ForceGarbageCollection)  58214K->2788K(498112K), 0.0079899 secs]
136.967: [Full GC (JvmtiEnv ForceGarbageCollection)  57934K->2881K(498112K), 0.0104768 secs]
139.982: [Full GC (JvmtiEnv ForceGarbageCollection)  58027K->2976K(498112K), 0.0082307 secs]
142.915: [Full GC (JvmtiEnv ForceGarbageCollection)  58122K->3070K(498112K), 0.0072985 secs]
145.791: [Full GC (JvmtiEnv ForceGarbageCollection)  58216K->2788K(498112K), 0.0075062 secs]
148.874: [Full GC (JvmtiEnv ForceGarbageCollection)  57934K->2883K(498112K), 0.0067722 secs]
151.826: [Full GC (JvmtiEnv ForceGarbageCollection)  58029K->2977K(498112K), 0.0080067 secs]
154.790: [Full GC (JvmtiEnv ForceGarbageCollection)  58123K->3072K(498112K), 0.0082566 secs]
157.814: [Full GC (JvmtiEnv ForceGarbageCollection)  58218K->2790K(498112K), 0.0082339 secs]
160.795: [Full GC (JvmtiEnv ForceGarbageCollection)  57936K->2885K(498112K), 0.0109478 secs]
163.753: [Full GC (JvmtiEnv ForceGarbageCollection)  58031K->2980K(498112K), 0.0105334 secs]
166.759: [Full GC (JvmtiEnv ForceGarbageCollection)  58125K->3075K(498112K), 0.0067352 secs]
169.805: [Full GC (JvmtiEnv ForceGarbageCollection)  58220K->2791K(498112K), 0.0090722 secs]
172.782: [Full GC (JvmtiEnv ForceGarbageCollection)  57936K->2886K(498112K), 0.0076212 secs]
175.764: [Full GC (JvmtiEnv ForceGarbageCollection)  58032K->2982K(498112K), 0.0083348 secs]
178.726: [Full GC (JvmtiEnv ForceGarbageCollection)  58127K->3077K(498112K), 0.0091123 secs]
181.711: [Full GC (JvmtiEnv ForceGarbageCollection)  58223K->2791K(498112K), 0.0071392 secs]
184.815: [Full GC (JvmtiEnv ForceGarbageCollection)  57936K->2887K(498112K), 0.0080896 secs]
187.857: [Full GC (JvmtiEnv ForceGarbageCollection)  58032K->2983K(498112K), 0.0068000 secs]
190.897: [Full GC (JvmtiEnv ForceGarbageCollection)  58129K->3079K(498112K), 0.0069853 secs]
193.886: [Full GC (JvmtiEnv ForceGarbageCollection)  58225K->2791K(498112K), 0.0100758 secs]
196.834: [Full GC (JvmtiEnv ForceGarbageCollection)  57937K->2887K(498112K), 0.0081067 secs]
199.832: [Full GC (JvmtiEnv ForceGarbageCollection)  62385K->2984K(498112K), 0.0074838 secs]
202.829: [Full GC (JvmtiEnv ForceGarbageCollection)  62482K->3081K(498112K), 0.0083000 secs]
205.877: [Full GC (JvmtiEnv ForceGarbageCollection)  62579K->2792K(498112K), 0.0063412 secs]
209.069: [Full GC (JvmtiEnv ForceGarbageCollection)  62290K->2889K(498112K), 0.0102321 secs]
212.110: [Full GC (JvmtiEnv ForceGarbageCollection)  62387K->2986K(498112K), 0.0073091 secs]
215.115: [Full GC (JvmtiEnv ForceGarbageCollection)  62484K->3083K(498112K), 0.0075677 secs]
218.129: [Full GC (JvmtiEnv ForceGarbageCollection)  62581K->2793K(498112K), 0.0075216 secs]
221.120: [Full GC (JvmtiEnv ForceGarbageCollection)  62291K->2891K(498112K), 0.0115923 secs]
224.134: [Full GC (JvmtiEnv ForceGarbageCollection)  62389K->2988K(498112K), 0.0107056 secs]
227.195: [Full GC (JvmtiEnv ForceGarbageCollection)  62486K->3086K(498112K), 0.0060820 secs]
230.249: [Full GC (JvmtiEnv ForceGarbageCollection)  62584K->2794K(498112K), 0.0081407 secs]
233.305: [Full GC (JvmtiEnv ForceGarbageCollection)  62291K->2892K(498112K), 0.0071567 secs]
236.303: [Full GC (JvmtiEnv ForceGarbageCollection)  62390K->2989K(498112K), 0.0066161 secs]
239.320: [Full GC (JvmtiEnv ForceGarbageCollection)  62487K->3087K(498112K), 0.0073777 secs]
242.337: [Full GC (JvmtiEnv ForceGarbageCollection)  62585K->2794K(498112K), 0.0087186 secs]
245.435: [Full GC (JvmtiEnv ForceGarbageCollection)  62292K->2892K(498112K), 0.0085194 secs]
248.547: [Full GC (JvmtiEnv ForceGarbageCollection)  62390K->2990K(498112K), 0.0119506 secs]
251.771: [Full GC (JvmtiEnv ForceGarbageCollection)  62488K->3088K(498112K), 0.0066272 secs]
254.885: [Full GC (JvmtiEnv ForceGarbageCollection)  62586K->2794K(498112K), 0.0069187 secs]
257.940: [Full GC (JvmtiEnv ForceGarbageCollection)  62292K->2893K(498112K), 0.0085862 secs]
260.949: [Full GC (JvmtiEnv ForceGarbageCollection)  62391K->2991K(498112K), 0.0082864 secs]
263.978: [Full GC (JvmtiEnv ForceGarbageCollection)  62489K->3089K(498112K), 0.0082982 secs]
267.027: [Full GC (JvmtiEnv ForceGarbageCollection)  62579K->2801K(498112K), 0.0066776 secs]
270.191: [Full GC (JvmtiEnv ForceGarbageCollection)  62299K->2900K(498112K), 0.0101416 secs]
273.394: [Full GC (JvmtiEnv ForceGarbageCollection)  62398K->2999K(498112K), 0.0084362 secs]
276.510: [Full GC (JvmtiEnv ForceGarbageCollection)  62497K->3098K(498112K), 0.0075103 secs]
279.630: [Full GC (JvmtiEnv ForceGarbageCollection)  62596K->2801K(498112K), 0.0082939 secs]
282.740: [Full GC (JvmtiEnv ForceGarbageCollection)  62299K->2900K(498112K), 0.0086723 secs]
285.845: [Full GC (JvmtiEnv ForceGarbageCollection)  62398K->3001K(498112K), 0.0081727 secs]
288.977: [Full GC (JvmtiEnv ForceGarbageCollection)  62483K->3100K(498112K), 0.0111249 secs]
292.250: [Full GC (JvmtiEnv ForceGarbageCollection)  62581K->2805K(498112K), 0.0104277 secs]
295.411: [Full GC (JvmtiEnv ForceGarbageCollection)  62286K->2903K(498112K), 0.0103184 secs]
298.594: [Full GC (JvmtiEnv ForceGarbageCollection)  62385K->3004K(498112K), 0.0088270 secs]
301.764: [Full GC (JvmtiEnv ForceGarbageCollection)  62486K->3104K(498112K), 0.0102548 secs]
304.898: [Full GC (JvmtiEnv ForceGarbageCollection)  62586K->2806K(498112K), 0.0075942 secs]
308.021: [Full GC (JvmtiEnv ForceGarbageCollection)  62288K->2906K(498112K), 0.0085001 secs]
311.170: [Full GC (JvmtiEnv ForceGarbageCollection)  62388K->3005K(498112K), 0.0082180 secs]
314.418: [Full GC (JvmtiEnv ForceGarbageCollection)  62487K->3105K(498112K), 0.0087415 secs]
317.663: [Full GC (JvmtiEnv ForceGarbageCollection)  62587K->2808K(498112K), 0.0099744 secs]
320.854: [Full GC (JvmtiEnv ForceGarbageCollection)  62289K->2908K(498112K), 0.0067014 secs]
323.920: [Full GC (JvmtiEnv ForceGarbageCollection)  62389K->3008K(498112K), 0.0073131 secs]
327.039: [Full GC (JvmtiEnv ForceGarbageCollection)  62490K->3108K(498112K), 0.0082417 secs]
330.179: [Full GC (JvmtiEnv ForceGarbageCollection)  62590K->2808K(498112K), 0.0102430 secs]
333.521: [Full GC (JvmtiEnv ForceGarbageCollection)  62290K->2909K(498112K), 0.0075123 secs]
336.737: [Full GC (JvmtiEnv ForceGarbageCollection)  62390K->3009K(498112K), 0.0088760 secs]
339.963: [Full GC (JvmtiEnv ForceGarbageCollection)  62491K->3110K(498112K), 0.0079374 secs]
343.172: [Full GC (JvmtiEnv ForceGarbageCollection)  62592K->2810K(498112K), 0.0089236 secs]
346.401: [Full GC (JvmtiEnv ForceGarbageCollection)  62308K->2911K(498112K), 0.0121563 secs]
349.651: [Full GC (JvmtiEnv ForceGarbageCollection)  62409K->3012K(498112K), 0.0060790 secs]
352.844: [Full GC (JvmtiEnv ForceGarbageCollection)  62510K->3114K(498112K), 0.0070475 secs]
355.974: [Full GC (JvmtiEnv ForceGarbageCollection)  62612K->2810K(498112K), 0.0091004 secs]
359.142: [Full GC (JvmtiEnv ForceGarbageCollection)  62308K->2911K(498112K), 0.0079679 secs]
362.279: [Full GC (JvmtiEnv ForceGarbageCollection)  62409K->3012K(498112K), 0.0095743 secs]
365.446: [Full GC (JvmtiEnv ForceGarbageCollection)  62510K->3114K(498112K), 0.0118530 secs]
368.684: [Full GC (JvmtiEnv ForceGarbageCollection)  62612K->2810K(498112K), 0.0090074 secs]
371.907: [Full GC (JvmtiEnv ForceGarbageCollection)  62308K->2912K(498112K), 0.0151388 secs]
375.070: [Full GC (JvmtiEnv ForceGarbageCollection)  62410K->3014K(498112K), 0.0069470 secs]
378.298: [Full GC (JvmtiEnv ForceGarbageCollection)  62512K->3116K(498112K), 0.0087922 secs]
381.453: [Full GC (JvmtiEnv ForceGarbageCollection)  62614K->2811K(498112K), 0.0079691 secs]
384.617: [Full GC (JvmtiEnv ForceGarbageCollection)  62309K->2914K(498112K), 0.0074772 secs]
387.818: [Full GC (JvmtiEnv ForceGarbageCollection)  62412K->3016K(498112K), 0.0102579 secs]
391.095: [Full GC (JvmtiEnv ForceGarbageCollection)  62514K->3119K(498112K), 0.0090879 secs]
394.460: [Full GC (JvmtiEnv ForceGarbageCollection)  62617K->2811K(498112K), 0.0070012 secs]
397.645: [Full GC (JvmtiEnv ForceGarbageCollection)  62309K->2914K(498112K), 0.0078912 secs]
400.836: [Full GC (JvmtiEnv ForceGarbageCollection)  62412K->3018K(498112K), 0.0077692 secs]
404.002: [Full GC (JvmtiEnv ForceGarbageCollection)  62516K->3121K(498112K), 0.0088306 secs]
407.180: [Full GC (JvmtiEnv ForceGarbageCollection)  62619K->2812K(498112K), 0.0090603 secs]
410.436: [Full GC (JvmtiEnv ForceGarbageCollection)  62310K->2915K(498112K), 0.0066918 secs]
413.567: [Full GC (JvmtiEnv ForceGarbageCollection)  62413K->3019K(498112K), 0.0073564 secs]
416.854: [Full GC (JvmtiEnv ForceGarbageCollection)  62517K->3123K(498112K), 0.0105927 secs]
420.138: [Full GC (JvmtiEnv ForceGarbageCollection)  62621K->2812K(498112K), 0.0083300 secs]
423.409: [Full GC (JvmtiEnv ForceGarbageCollection)  62310K->2916K(498112K), 0.0120253 secs]
426.631: [Full GC (JvmtiEnv ForceGarbageCollection)  62414K->3020K(498112K), 0.0082307 secs]
429.909: [Full GC (JvmtiEnv ForceGarbageCollection)  66870K->3125K(498112K), 0.0087463 secs]
433.185: [Full GC (JvmtiEnv ForceGarbageCollection)  66975K->2813K(498112K), 0.0079574 secs]
436.503: [Full GC (JvmtiEnv ForceGarbageCollection)  66663K->2917K(498112K), 0.0086999 secs]
439.855: [Full GC (JvmtiEnv ForceGarbageCollection)  66768K->3022K(498112K), 0.0070336 secs]
443.086: [Full GC (JvmtiEnv ForceGarbageCollection)  66872K->3127K(498112K), 0.0078690 secs]
446.388: [Full GC (JvmtiEnv ForceGarbageCollection)  66977K->2814K(498112K), 0.0094326 secs]
449.619: [Full GC (JvmtiEnv ForceGarbageCollection)  66664K->2919K(498112K), 0.0117933 secs]
452.911: [Full GC (JvmtiEnv ForceGarbageCollection)  66769K->3023K(498112K), 0.0102682 secs]
456.302: [Full GC (JvmtiEnv ForceGarbageCollection)  66873K->3129K(498112K), 0.0079872 secs]
459.645: [Full GC (JvmtiEnv ForceGarbageCollection)  66979K->2814K(498112K), 0.0062391 secs]
462.882: [Full GC (JvmtiEnv ForceGarbageCollection)  66664K->2919K(498112K), 0.0075126 secs]
466.174: [Full GC (JvmtiEnv ForceGarbageCollection)  66769K->3024K(498112K), 0.0079915 secs]
469.401: [Full GC (JvmtiEnv ForceGarbageCollection)  66874K->3129K(498112K), 0.0073381 secs]
472.677: [Full GC (JvmtiEnv ForceGarbageCollection)  66979K->2814K(498112K), 0.0077266 secs]
475.971: [Full GC (JvmtiEnv ForceGarbageCollection)  66664K->2920K(498112K), 0.0076497 secs]
479.290: [Full GC (JvmtiEnv ForceGarbageCollection)  66770K->3026K(498112K), 0.0082020 secs]
482.683: [Full GC (JvmtiEnv ForceGarbageCollection)  66876K->3132K(498112K), 0.0080928 secs]
486.050: [Full GC (JvmtiEnv ForceGarbageCollection)  66982K->2814K(498112K), 0.0085148 secs]
489.380: [Full GC (JvmtiEnv ForceGarbageCollection)  66664K->2921K(498112K), 0.0070981 secs]
492.668: [Full GC (JvmtiEnv ForceGarbageCollection)  66771K->3027K(498112K), 0.0073096 secs]
495.962: [Full GC (JvmtiEnv ForceGarbageCollection)  66877K->3134K(498112K), 0.0087493 secs]
499.317: [Full GC (JvmtiEnv ForceGarbageCollection)  66984K->2815K(498112K), 0.0077499 secs]
502.615: [Full GC (JvmtiEnv ForceGarbageCollection)  66665K->2921K(498112K), 0.0082801 secs]
506.035: [Full GC (JvmtiEnv ForceGarbageCollection)  66771K->3029K(498112K), 0.0114275 secs]
509.490: [Full GC (JvmtiEnv ForceGarbageCollection)  66879K->3136K(498112K), 0.0117340 secs]
512.854: [Full GC (JvmtiEnv ForceGarbageCollection)  66986K->2701K(498112K), 0.0093155 secs]
516.155: [Full GC (JvmtiEnv ForceGarbageCollection)  66551K->2809K(498112K), 0.0083290 secs]
519.610: [Full GC (JvmtiEnv ForceGarbageCollection)  66659K->2916K(498112K), 0.0072332 secs]
522.903: [Full GC (JvmtiEnv ForceGarbageCollection)  66766K->3024K(498112K), 0.0086216 secs]
526.336: [Full GC (JvmtiEnv ForceGarbageCollection)  66874K->2702K(498112K), 0.0083367 secs]
529.765: [Full GC (JvmtiEnv ForceGarbageCollection)  66552K->2810K(498112K), 0.0072699 secs]
533.106: [Full GC (JvmtiEnv ForceGarbageCollection)  66660K->2918K(498112K), 0.0075533 secs]
536.442: [Full GC (JvmtiEnv ForceGarbageCollection)  66768K->3026K(498112K), 0.0125277 secs]
539.849: [Full GC (JvmtiEnv ForceGarbageCollection)  66876K->2703K(498112K), 0.0075868 secs]
543.224: [Full GC (JvmtiEnv ForceGarbageCollection)  66553K->2811K(498112K), 0.0070502 secs]
546.612: [Full GC (JvmtiEnv ForceGarbageCollection)  66661K->2920K(498112K), 0.0059153 secs]
550.018: [Full GC (JvmtiEnv ForceGarbageCollection)  66770K->3028K(498112K), 0.0065677 secs]
553.399: [Full GC (JvmtiEnv ForceGarbageCollection)  66878K->2703K(498112K), 0.0064287 secs]
556.837: [Full GC (JvmtiEnv ForceGarbageCollection)  66553K->2812K(498112K), 0.0083443 secs]
560.309: [Full GC (JvmtiEnv ForceGarbageCollection)  66662K->2921K(498112K), 0.0076064 secs]
563.720: [Full GC (JvmtiEnv ForceGarbageCollection)  66771K->3030K(498112K), 0.0069664 secs]
567.141: [Full GC (JvmtiEnv ForceGarbageCollection)  66880K->2703K(498112K), 0.0076676 secs]
570.593: [Full GC (JvmtiEnv ForceGarbageCollection)  66553K->2812K(498112K), 0.0122649 secs]
574.109: [Full GC (JvmtiEnv ForceGarbageCollection)  66663K->2923K(498112K), 0.0080959 secs]
577.677: [Full GC (JvmtiEnv ForceGarbageCollection)  66773K->3033K(498112K), 0.0059514 secs]
581.106: [Full GC (JvmtiEnv ForceGarbageCollection)  66883K->2704K(498112K), 0.0071741 secs]
584.474: [Full GC (JvmtiEnv ForceGarbageCollection)  66554K->2814K(498112K), 0.0112775 secs]
587.919: [Full GC (JvmtiEnv ForceGarbageCollection)  66664K->2924K(498112K), 0.0116556 secs]
591.358: [Full GC (JvmtiEnv ForceGarbageCollection)  66774K->3034K(498112K), 0.0119494 secs]
594.855: [Full GC (JvmtiEnv ForceGarbageCollection)  66885K->2705K(498112K), 0.0071739 secs]
598.325: [Full GC (JvmtiEnv ForceGarbageCollection)  66555K->2816K(498112K), 0.0068023 secs]
601.805: [Full GC (JvmtiEnv ForceGarbageCollection)  66666K->2926K(498112K), 0.0078343 secs]
605.282: [Full GC (JvmtiEnv ForceGarbageCollection)  66776K->3036K(498112K), 0.0085719 secs]
608.728: [Full GC (JvmtiEnv ForceGarbageCollection)  66886K->2706K(498112K), 0.0080458 secs]
612.178: [Full GC (JvmtiEnv ForceGarbageCollection)  66556K->2817K(498112K), 0.0113233 secs]
615.669: [Full GC (JvmtiEnv ForceGarbageCollection)  66667K->2928K(498112K), 0.0061470 secs]
619.254: [Full GC (JvmtiEnv ForceGarbageCollection)  66778K->3039K(498112K), 0.0067522 secs]
622.735: [Full GC (JvmtiEnv ForceGarbageCollection)  66889K->2706K(498112K), 0.0077517 secs]
626.246: [Full GC (JvmtiEnv ForceGarbageCollection)  66556K->2817K(498112K), 0.0071815 secs]
629.718: [Full GC (JvmtiEnv ForceGarbageCollection)  66667K->2929K(498112K), 0.0072576 secs]
633.226: [Full GC (JvmtiEnv ForceGarbageCollection)  66779K->3041K(498112K), 0.0085666 secs]
636.793: [Full GC (JvmtiEnv ForceGarbageCollection)  66891K->2706K(498112K), 0.0081810 secs]
640.252: [Full GC (JvmtiEnv ForceGarbageCollection)  66556K->2818K(498112K), 0.0071199 secs]
643.805: [Full GC (JvmtiEnv ForceGarbageCollection)  70881K->2931K(498112K), 0.0065679 secs]
647.371: [Full GC (JvmtiEnv ForceGarbageCollection)  70993K->3043K(498112K), 0.0072885 secs]
650.945: [Full GC (JvmtiEnv ForceGarbageCollection)  71105K->2707K(498112K), 0.0130762 secs]
654.455: [Full GC (JvmtiEnv ForceGarbageCollection)  70769K->2819K(498112K), 0.0097318 secs]
657.921: [Full GC (JvmtiEnv ForceGarbageCollection)  70882K->2932K(498112K), 0.0078695 secs]
661.485: [Full GC (JvmtiEnv ForceGarbageCollection)  70994K->3045K(498112K), 0.0072543 secs]
665.063: [Full GC (JvmtiEnv ForceGarbageCollection)  71107K->2708K(498112K), 0.0078804 secs]
668.652: [Full GC (JvmtiEnv ForceGarbageCollection)  70770K->2821K(498112K), 0.0065549 secs]
672.206: [Full GC (JvmtiEnv ForceGarbageCollection)  70883K->2934K(498112K), 0.0072535 secs]
675.848: [Full GC (JvmtiEnv ForceGarbageCollection)  70996K->3047K(498112K), 0.0074578 secs]
