OpenJDK 64-Bit Server VM (25.222-b10) for linux-amd64 JRE (1.8.0_222-8u222-b10-1ubuntu1~18.04.1-b10), built on Jul 18 2019 18:52:48 by "buildd" with gcc 7.4.0
Memory: 4k page, physical 16424660k(15510616k free), swap 0k(0k free)
CommandLine flags: -XX:CompressedClassSpaceSize=45297664 -XX:InitialHeapSize=536870912 -XX:MaxHeapSize=536870912 -XX:MaxMetaspaceSize=53686272 -XX:NewRatio=1 -XX:+PrintGC -XX:+PrintGCTimeStamps -XX:+RequireSharedSpaces -XX:ReservedCodeCacheSize=26843136 -XX:-TieredCompilation -XX:+UseCompressedClassPointers -XX:+UseCompressedOops -XX:+UseSerialGC -XX:+UseSharedSpaces 
4.866: [Full GC (JvmtiEnv ForceGarbageCollection)  77777K->2882K(498112K), 0.0178794 secs]
7.801: [Full GC (JvmtiEnv ForceGarbageCollection)  70615K->2973K(498112K), 0.0060861 secs]
10.722: [Full GC (JvmtiEnv ForceGarbageCollection)  62314K->3062K(498112K), 0.0074095 secs]
13.643: [Full GC (JvmtiEnv ForceGarbageCollection)  62404K->2766K(498112K), 0.0111860 secs]
16.585: [Full GC (JvmtiEnv ForceGarbageCollection)  57911K->2856K(498112K), 0.0068980 secs]
19.522: [Full GC (JvmtiEnv ForceGarbageCollection)  58002K->2947K(498112K), 0.0071689 secs]
22.417: [Full GC (JvmtiEnv ForceGarbageCollection)  58093K->3040K(498112K), 0.0080073 secs]
25.462: [Full GC (JvmtiEnv ForceGarbageCollection)  58186K->2769K(498112K), 0.0101754 secs]
28.475: [Full GC (JvmtiEnv ForceGarbageCollection)  57915K->2859K(498112K), 0.0070245 secs]
31.510: [Full GC (JvmtiEnv ForceGarbageCollection)  58005K->2949K(498112K), 0.0127632 secs]
34.493: [Full GC (JvmtiEnv ForceGarbageCollection)  58095K->3040K(498112K), 0.0085059 secs]
37.498: [Full GC (JvmtiEnv ForceGarbageCollection)  58186K->2769K(498112K), 0.0070574 secs]
40.495: [Full GC (JvmtiEnv ForceGarbageCollection)  57915K->2860K(498112K), 0.0078879 secs]
43.484: [Full GC (JvmtiEnv ForceGarbageCollection)  58005K->2950K(498112K), 0.0082019 secs]
46.445: [Full GC (JvmtiEnv ForceGarbageCollection)  58096K->3041K(498112K), 0.0063379 secs]
49.532: [Full GC (JvmtiEnv ForceGarbageCollection)  58187K->2770K(498112K), 0.0082486 secs]
52.551: [Full GC (JvmtiEnv ForceGarbageCollection)  57916K->2862K(498112K), 0.0074110 secs]
55.548: [Full GC (JvmtiEnv ForceGarbageCollection)  58008K->2953K(498112K), 0.0070902 secs]
58.655: [Full GC (JvmtiEnv ForceGarbageCollection)  58099K->3044K(498112K), 0.0071658 secs]
61.738: [Full GC (JvmtiEnv ForceGarbageCollection)  58190K->2773K(498112K), 0.0072154 secs]
64.795: [Full GC (JvmtiEnv ForceGarbageCollection)  57919K->2866K(498112K), 0.0078316 secs]
67.939: [Full GC (JvmtiEnv ForceGarbageCollection)  58012K->2960K(498112K), 0.0081477 secs]
71.007: [Full GC (JvmtiEnv ForceGarbageCollection)  58106K->3052K(498112K), 0.0055271 secs]
74.007: [Full GC (JvmtiEnv ForceGarbageCollection)  58198K->2777K(498112K), 0.0077969 secs]
77.071: [Full GC (JvmtiEnv ForceGarbageCollection)  57923K->2869K(498112K), 0.0078933 secs]
80.124: [Full GC (JvmtiEnv ForceGarbageCollection)  58015K->2962K(498112K), 0.0084826 secs]
83.111: [Full GC (JvmtiEnv ForceGarbageCollection)  58107K->3054K(498112K), 0.0081913 secs]
86.127: [Full GC (JvmtiEnv ForceGarbageCollection)  58200K->2778K(498112K), 0.0080205 secs]
89.261: [Full GC (JvmtiEnv ForceGarbageCollection)  57924K->2871K(498112K), 0.0085102 secs]
92.331: [Full GC (JvmtiEnv ForceGarbageCollection)  58017K->2963K(498112K), 0.0091581 secs]
95.412: [Full GC (JvmtiEnv ForceGarbageCollection)  58109K->3056K(498112K), 0.0093997 secs]
98.486: [Full GC (JvmtiEnv ForceGarbageCollection)  58202K->2779K(498112K), 0.0081829 secs]
101.556: [Full GC (JvmtiEnv ForceGarbageCollection)  57925K->2872K(498112K), 0.0070657 secs]
104.620: [Full GC (JvmtiEnv ForceGarbageCollection)  58018K->2966K(498112K), 0.0080980 secs]
107.679: [Full GC (JvmtiEnv ForceGarbageCollection)  58112K->3059K(498112K), 0.0062593 secs]
110.776: [Full GC (JvmtiEnv ForceGarbageCollection)  58205K->2781K(498112K), 0.0070959 secs]
113.815: [Full GC (JvmtiEnv ForceGarbageCollection)  57927K->2875K(498112K), 0.0077068 secs]
116.880: [Full GC (JvmtiEnv ForceGarbageCollection)  58021K->2971K(498112K), 0.0107281 secs]
119.930: [Full GC (JvmtiEnv ForceGarbageCollection)  66508K->3068K(498112K), 0.0107548 secs]
122.827: [Full GC (JvmtiEnv ForceGarbageCollection)  58213K->2787K(498112K), 0.0082758 secs]
125.805: [Full GC (JvmtiEnv ForceGarbageCollection)  57933K->2882K(498112K), 0.0075968 secs]
128.746: [Full GC (JvmtiEnv ForceGarbageCollection)  58028K->2976K(498112K), 0.0087001 secs]
131.688: [Full GC (JvmtiEnv ForceGarbageCollection)  58122K->3071K(498112K), 0.0075340 secs]
134.608: [Full GC (JvmtiEnv ForceGarbageCollection)  58216K->2788K(498112K), 0.0075541 secs]
137.569: [Full GC (JvmtiEnv ForceGarbageCollection)  57934K->2882K(498112K), 0.0081038 secs]
140.531: [Full GC (JvmtiEnv ForceGarbageCollection)  58028K->2976K(498112K), 0.0069722 secs]
143.469: [Full GC (JvmtiEnv ForceGarbageCollection)  58122K->3071K(498112K), 0.0077929 secs]
146.352: [Full GC (JvmtiEnv ForceGarbageCollection)  58216K->2788K(498112K), 0.0073675 secs]
149.260: [Full GC (JvmtiEnv ForceGarbageCollection)  57934K->2883K(498112K), 0.0059677 secs]
152.217: [Full GC (JvmtiEnv ForceGarbageCollection)  58029K->2978K(498112K), 0.0074781 secs]
155.191: [Full GC (JvmtiEnv ForceGarbageCollection)  58124K->3073K(498112K), 0.0076091 secs]
158.227: [Full GC (JvmtiEnv ForceGarbageCollection)  58219K->2790K(498112K), 0.0097757 secs]
161.258: [Full GC (JvmtiEnv ForceGarbageCollection)  57936K->2885K(498112K), 0.0061953 secs]
164.264: [Full GC (JvmtiEnv ForceGarbageCollection)  58031K->2980K(498112K), 0.0081090 secs]
167.172: [Full GC (JvmtiEnv ForceGarbageCollection)  58125K->3075K(498112K), 0.0121945 secs]
170.081: [Full GC (JvmtiEnv ForceGarbageCollection)  58220K->2791K(498112K), 0.0072925 secs]
173.045: [Full GC (JvmtiEnv ForceGarbageCollection)  57936K->2886K(498112K), 0.0068427 secs]
176.073: [Full GC (JvmtiEnv ForceGarbageCollection)  58032K->2982K(498112K), 0.0127513 secs]
178.962: [Full GC (JvmtiEnv ForceGarbageCollection)  58127K->3077K(498112K), 0.0066507 secs]
181.984: [Full GC (JvmtiEnv ForceGarbageCollection)  58223K->2791K(498112K), 0.0073856 secs]
184.969: [Full GC (JvmtiEnv ForceGarbageCollection)  57936K->2887K(498112K), 0.0081690 secs]
187.947: [Full GC (JvmtiEnv ForceGarbageCollection)  58032K->2983K(498112K), 0.0087080 secs]
190.989: [Full GC (JvmtiEnv ForceGarbageCollection)  58129K->3079K(498112K), 0.0072560 secs]
193.953: [Full GC (JvmtiEnv ForceGarbageCollection)  58225K->2791K(498112K), 0.0077820 secs]
196.938: [Full GC (JvmtiEnv ForceGarbageCollection)  57937K->2887K(498112K), 0.0086747 secs]
199.980: [Full GC (JvmtiEnv ForceGarbageCollection)  62385K->2984K(498112K), 0.0076739 secs]
203.004: [Full GC (JvmtiEnv ForceGarbageCollection)  62482K->3081K(498112K), 0.0086920 secs]
206.076: [Full GC (JvmtiEnv ForceGarbageCollection)  62579K->2792K(498112K), 0.0078170 secs]
208.964: [Full GC (JvmtiEnv ForceGarbageCollection)  57938K->2888K(498112K), 0.0062040 secs]
212.005: [Full GC (JvmtiEnv ForceGarbageCollection)  62386K->2985K(498112K), 0.0066109 secs]
215.066: [Full GC (JvmtiEnv ForceGarbageCollection)  62483K->3082K(498112K), 0.0059912 secs]
218.117: [Full GC (JvmtiEnv ForceGarbageCollection)  62580K->2792K(498112K), 0.0083243 secs]
221.242: [Full GC (JvmtiEnv ForceGarbageCollection)  62290K->2889K(498112K), 0.0097927 secs]
224.257: [Full GC (JvmtiEnv ForceGarbageCollection)  62387K->2987K(498112K), 0.0080998 secs]
227.297: [Full GC (JvmtiEnv ForceGarbageCollection)  62484K->3083K(498112K), 0.0071822 secs]
230.349: [Full GC (JvmtiEnv ForceGarbageCollection)  62581K->2794K(498112K), 0.0072600 secs]
233.395: [Full GC (JvmtiEnv ForceGarbageCollection)  62291K->2891K(498112K), 0.0078368 secs]
236.406: [Full GC (JvmtiEnv ForceGarbageCollection)  62389K->2989K(498112K), 0.0084272 secs]
239.457: [Full GC (JvmtiEnv ForceGarbageCollection)  62487K->3086K(498112K), 0.0076845 secs]
242.693: [Full GC (JvmtiEnv ForceGarbageCollection)  62584K->2794K(498112K), 0.0091199 secs]
245.825: [Full GC (JvmtiEnv ForceGarbageCollection)  62292K->2892K(498112K), 0.0090623 secs]
248.954: [Full GC (JvmtiEnv ForceGarbageCollection)  62390K->2990K(498112K), 0.0111616 secs]
252.059: [Full GC (JvmtiEnv ForceGarbageCollection)  62488K->3088K(498112K), 0.0096515 secs]
255.226: [Full GC (JvmtiEnv ForceGarbageCollection)  62586K->2794K(498112K), 0.0092900 secs]
258.301: [Full GC (JvmtiEnv ForceGarbageCollection)  62292K->2893K(498112K), 0.0078658 secs]
261.391: [Full GC (JvmtiEnv ForceGarbageCollection)  62391K->2992K(498112K), 0.0084595 secs]
264.604: [Full GC (JvmtiEnv ForceGarbageCollection)  62490K->3090K(498112K), 0.0117497 secs]
267.780: [Full GC (JvmtiEnv ForceGarbageCollection)  62588K->2795K(498112K), 0.0071973 secs]
270.857: [Full GC (JvmtiEnv ForceGarbageCollection)  62285K->2900K(498112K), 0.0064421 secs]
273.920: [Full GC (JvmtiEnv ForceGarbageCollection)  62398K->2999K(498112K), 0.0090320 secs]
277.004: [Full GC (JvmtiEnv ForceGarbageCollection)  62497K->3100K(498112K), 0.0075068 secs]
280.192: [Full GC (JvmtiEnv ForceGarbageCollection)  66794K->2803K(498112K), 0.0079674 secs]
283.274: [Full GC (JvmtiEnv ForceGarbageCollection)  62301K->2903K(498112K), 0.0082391 secs]
286.432: [Full GC (JvmtiEnv ForceGarbageCollection)  62393K->3004K(498112K), 0.0127816 secs]
289.632: [Full GC (JvmtiEnv ForceGarbageCollection)  62486K->3104K(498112K), 0.0085517 secs]
292.829: [Full GC (JvmtiEnv ForceGarbageCollection)  62586K->2807K(498112K), 0.0077402 secs]
296.013: [Full GC (JvmtiEnv ForceGarbageCollection)  62288K->2907K(498112K), 0.0064512 secs]
299.169: [Full GC (JvmtiEnv ForceGarbageCollection)  62389K->3007K(498112K), 0.0080803 secs]
302.454: [Full GC (JvmtiEnv ForceGarbageCollection)  62489K->3107K(498112K), 0.0125277 secs]
305.644: [Full GC (JvmtiEnv ForceGarbageCollection)  62589K->2807K(498112K), 0.0074276 secs]
308.911: [Full GC (JvmtiEnv ForceGarbageCollection)  62289K->2908K(498112K), 0.0088455 secs]
312.139: [Full GC (JvmtiEnv ForceGarbageCollection)  62390K->3009K(498112K), 0.0083068 secs]
315.374: [Full GC (JvmtiEnv ForceGarbageCollection)  62490K->3110K(498112K), 0.0062446 secs]
318.614: [Full GC (JvmtiEnv ForceGarbageCollection)  62591K->2809K(498112K), 0.0070008 secs]
321.737: [Full GC (JvmtiEnv ForceGarbageCollection)  62290K->2909K(498112K), 0.0084827 secs]
324.986: [Full GC (JvmtiEnv ForceGarbageCollection)  62391K->3011K(498112K), 0.0079482 secs]
328.135: [Full GC (JvmtiEnv ForceGarbageCollection)  62492K->3112K(498112K), 0.0092618 secs]
331.351: [Full GC (JvmtiEnv ForceGarbageCollection)  62594K->2809K(498112K), 0.0110959 secs]
334.428: [Full GC (JvmtiEnv ForceGarbageCollection)  62291K->2911K(498112K), 0.0064020 secs]
337.623: [Full GC (JvmtiEnv ForceGarbageCollection)  62392K->3012K(498112K), 0.0078608 secs]
340.863: [Full GC (JvmtiEnv ForceGarbageCollection)  62494K->3114K(498112K), 0.0092644 secs]
344.009: [Full GC (JvmtiEnv ForceGarbageCollection)  62596K->2812K(498112K), 0.0082430 secs]
347.165: [Full GC (JvmtiEnv ForceGarbageCollection)  62310K->2914K(498112K), 0.0085735 secs]
350.384: [Full GC (JvmtiEnv ForceGarbageCollection)  62412K->3016K(498112K), 0.0086012 secs]
353.613: [Full GC (JvmtiEnv ForceGarbageCollection)  62514K->3118K(498112K), 0.0080601 secs]
356.815: [Full GC (JvmtiEnv ForceGarbageCollection)  62616K->2811K(498112K), 0.0070827 secs]
359.997: [Full GC (JvmtiEnv ForceGarbageCollection)  62309K->2914K(498112K), 0.0090393 secs]
363.255: [Full GC (JvmtiEnv ForceGarbageCollection)  62412K->3016K(498112K), 0.0077188 secs]
366.426: [Full GC (JvmtiEnv ForceGarbageCollection)  62514K->3119K(498112K), 0.0078710 secs]
369.726: [Full GC (JvmtiEnv ForceGarbageCollection)  62616K->2811K(498112K), 0.0089277 secs]
372.976: [Full GC (JvmtiEnv ForceGarbageCollection)  62309K->2914K(498112K), 0.0069801 secs]
376.177: [Full GC (JvmtiEnv ForceGarbageCollection)  62412K->3017K(498112K), 0.0068325 secs]
379.353: [Full GC (JvmtiEnv ForceGarbageCollection)  62514K->3119K(498112K), 0.0077042 secs]
382.527: [Full GC (JvmtiEnv ForceGarbageCollection)  62617K->2812K(498112K), 0.0076530 secs]
385.747: [Full GC (JvmtiEnv ForceGarbageCollection)  62310K->2915K(498112K), 0.0079121 secs]
388.905: [Full GC (JvmtiEnv ForceGarbageCollection)  62413K->3018K(498112K), 0.0081686 secs]
392.062: [Full GC (JvmtiEnv ForceGarbageCollection)  62516K->3122K(498112K), 0.0084649 secs]
395.257: [Full GC (JvmtiEnv ForceGarbageCollection)  62620K->2812K(498112K), 0.0060820 secs]
398.450: [Full GC (JvmtiEnv ForceGarbageCollection)  62310K->2916K(498112K), 0.0075856 secs]
401.680: [Full GC (JvmtiEnv ForceGarbageCollection)  62414K->3020K(498112K), 0.0079185 secs]
404.959: [Full GC (JvmtiEnv ForceGarbageCollection)  62518K->3124K(498112K), 0.0080762 secs]
408.215: [Full GC (JvmtiEnv ForceGarbageCollection)  62622K->2812K(498112K), 0.0088927 secs]
411.459: [Full GC (JvmtiEnv ForceGarbageCollection)  62310K->2916K(498112K), 0.0071580 secs]
414.741: [Full GC (JvmtiEnv ForceGarbageCollection)  66766K->3021K(498112K), 0.0091788 secs]
418.030: [Full GC (JvmtiEnv ForceGarbageCollection)  66871K->3126K(498112K), 0.0102640 secs]
421.345: [Full GC (JvmtiEnv ForceGarbageCollection)  66976K->2813K(498112K), 0.0095773 secs]
424.746: [Full GC (JvmtiEnv ForceGarbageCollection)  66663K->2918K(498112K), 0.0091200 secs]
427.977: [Full GC (JvmtiEnv ForceGarbageCollection)  66768K->3022K(498112K), 0.0077362 secs]
431.276: [Full GC (JvmtiEnv ForceGarbageCollection)  66872K->3128K(498112K), 0.0084715 secs]
434.504: [Full GC (JvmtiEnv ForceGarbageCollection)  66978K->2814K(498112K), 0.0077764 secs]
437.741: [Full GC (JvmtiEnv ForceGarbageCollection)  66664K->2919K(498112K), 0.0086728 secs]
441.096: [Full GC (JvmtiEnv ForceGarbageCollection)  66769K->3024K(498112K), 0.0111091 secs]
444.472: [Full GC (JvmtiEnv ForceGarbageCollection)  66874K->3130K(498112K), 0.0077493 secs]
447.772: [Full GC (JvmtiEnv ForceGarbageCollection)  66980K->2814K(498112K), 0.0064096 secs]
451.110: [Full GC (JvmtiEnv ForceGarbageCollection)  66665K->2920K(498112K), 0.0095961 secs]
454.382: [Full GC (JvmtiEnv ForceGarbageCollection)  66770K->3026K(498112K), 0.0086785 secs]
457.662: [Full GC (JvmtiEnv ForceGarbageCollection)  66876K->3132K(498112K), 0.0105636 secs]
460.964: [Full GC (JvmtiEnv ForceGarbageCollection)  66982K->2814K(498112K), 0.0077692 secs]
464.291: [Full GC (JvmtiEnv ForceGarbageCollection)  66664K->2921K(498112K), 0.0081370 secs]
467.860: [Full GC (JvmtiEnv ForceGarbageCollection)  66771K->3028K(498112K), 0.0082887 secs]
471.218: [Full GC (JvmtiEnv ForceGarbageCollection)  66878K->3134K(498112K), 0.0076639 secs]
474.582: [Full GC (JvmtiEnv ForceGarbageCollection)  66984K->2815K(498112K), 0.0075790 secs]
477.946: [Full GC (JvmtiEnv ForceGarbageCollection)  66665K->2922K(498112K), 0.0080567 secs]
481.204: [Full GC (JvmtiEnv ForceGarbageCollection)  66772K->3029K(498112K), 0.0095628 secs]
484.592: [Full GC (JvmtiEnv ForceGarbageCollection)  66879K->3136K(498112K), 0.0095434 secs]
488.031: [Full GC (JvmtiEnv ForceGarbageCollection)  66986K->2816K(498112K), 0.0102467 secs]
491.391: [Full GC (JvmtiEnv ForceGarbageCollection)  66666K->2923K(498112K), 0.0078251 secs]
494.819: [Full GC (JvmtiEnv ForceGarbageCollection)  66773K->3030K(498112K), 0.0092080 secs]
498.197: [Full GC (JvmtiEnv ForceGarbageCollection)  66880K->3138K(498112K), 0.0099959 secs]
501.578: [Full GC (JvmtiEnv ForceGarbageCollection)  66988K->2816K(498112K), 0.0076106 secs]
505.014: [Full GC (JvmtiEnv ForceGarbageCollection)  66666K->2924K(498112K), 0.0082551 secs]
508.315: [Full GC (JvmtiEnv ForceGarbageCollection)  66774K->3032K(498112K), 0.0088582 secs]
511.643: [Full GC (JvmtiEnv ForceGarbageCollection)  66882K->3140K(498112K), 0.0086648 secs]
515.085: [Full GC (JvmtiEnv ForceGarbageCollection)  66990K->2703K(498112K), 0.0084789 secs]
518.473: [Full GC (JvmtiEnv ForceGarbageCollection)  66553K->2811K(498112K), 0.0061782 secs]
521.929: [Full GC (JvmtiEnv ForceGarbageCollection)  66662K->2920K(498112K), 0.0072886 secs]
525.327: [Full GC (JvmtiEnv ForceGarbageCollection)  66770K->3028K(498112K), 0.0093894 secs]
528.703: [Full GC (JvmtiEnv ForceGarbageCollection)  66878K->2703K(498112K), 0.0109080 secs]
532.128: [Full GC (JvmtiEnv ForceGarbageCollection)  66553K->2812K(498112K), 0.0086368 secs]
535.630: [Full GC (JvmtiEnv ForceGarbageCollection)  66662K->2921K(498112K), 0.0087220 secs]
539.062: [Full GC (JvmtiEnv ForceGarbageCollection)  66771K->3030K(498112K), 0.0061474 secs]
542.471: [Full GC (JvmtiEnv ForceGarbageCollection)  66881K->2704K(498112K), 0.0073037 secs]
545.982: [Full GC (JvmtiEnv ForceGarbageCollection)  66554K->2813K(498112K), 0.0073390 secs]
549.484: [Full GC (JvmtiEnv ForceGarbageCollection)  66663K->2923K(498112K), 0.0075647 secs]
552.934: [Full GC (JvmtiEnv ForceGarbageCollection)  66773K->3032K(498112K), 0.0082553 secs]
556.415: [Full GC (JvmtiEnv ForceGarbageCollection)  66882K->2704K(498112K), 0.0085569 secs]
559.921: [Full GC (JvmtiEnv ForceGarbageCollection)  66554K->2814K(498112K), 0.0101693 secs]
563.354: [Full GC (JvmtiEnv ForceGarbageCollection)  66664K->2924K(498112K), 0.0087376 secs]
566.861: [Full GC (JvmtiEnv ForceGarbageCollection)  66774K->3034K(498112K), 0.0075986 secs]
570.319: [Full GC (JvmtiEnv ForceGarbageCollection)  66884K->2704K(498112K), 0.0077463 secs]
573.788: [Full GC (JvmtiEnv ForceGarbageCollection)  66554K->2815K(498112K), 0.0083650 secs]
577.198: [Full GC (JvmtiEnv ForceGarbageCollection)  66665K->2926K(498112K), 0.0075190 secs]
580.732: [Full GC (JvmtiEnv ForceGarbageCollection)  66776K->3036K(498112K), 0.0073292 secs]
584.226: [Full GC (JvmtiEnv ForceGarbageCollection)  66886K->2705K(498112K), 0.0072291 secs]
587.685: [Full GC (JvmtiEnv ForceGarbageCollection)  66555K->2816K(498112K), 0.0071930 secs]
591.140: [Full GC (JvmtiEnv ForceGarbageCollection)  66666K->2927K(498112K), 0.0073599 secs]
594.588: [Full GC (JvmtiEnv ForceGarbageCollection)  66777K->3038K(498112K), 0.0080170 secs]
598.078: [Full GC (JvmtiEnv ForceGarbageCollection)  66888K->2706K(498112K), 0.0076754 secs]
601.571: [Full GC (JvmtiEnv ForceGarbageCollection)  66556K->2817K(498112K), 0.0063073 secs]
605.093: [Full GC (JvmtiEnv ForceGarbageCollection)  66667K->2928K(498112K), 0.0067362 secs]
608.753: [Full GC (JvmtiEnv ForceGarbageCollection)  66778K->3040K(498112K), 0.0061553 secs]
612.255: [Full GC (JvmtiEnv ForceGarbageCollection)  66890K->2707K(498112K), 0.0078484 secs]
615.767: [Full GC (JvmtiEnv ForceGarbageCollection)  66557K->2818K(498112K), 0.0114199 secs]
619.262: [Full GC (JvmtiEnv ForceGarbageCollection)  66668K->2929K(498112K), 0.0078758 secs]
622.722: [Full GC (JvmtiEnv ForceGarbageCollection)  66780K->3041K(498112K), 0.0110381 secs]
626.380: [Full GC (JvmtiEnv ForceGarbageCollection)  66891K->2707K(498112K), 0.0095125 secs]
629.939: [Full GC (JvmtiEnv ForceGarbageCollection)  66557K->2818K(498112K), 0.0067127 secs]
633.499: [Full GC (JvmtiEnv ForceGarbageCollection)  66668K->2930K(498112K), 0.0076702 secs]
637.046: [Full GC (JvmtiEnv ForceGarbageCollection)  70992K->3042K(498112K), 0.0074203 secs]
640.588: [Full GC (JvmtiEnv ForceGarbageCollection)  71105K->2707K(498112K), 0.0089313 secs]
644.129: [Full GC (JvmtiEnv ForceGarbageCollection)  70770K->2820K(498112K), 0.0084374 secs]
647.703: [Full GC (JvmtiEnv ForceGarbageCollection)  70882K->2932K(498112K), 0.0110416 secs]
651.314: [Full GC (JvmtiEnv ForceGarbageCollection)  70994K->3044K(498112K), 0.0065671 secs]
654.938: [Full GC (JvmtiEnv ForceGarbageCollection)  71107K->2708K(498112K), 0.0063839 secs]
658.369: [Full GC (JvmtiEnv ForceGarbageCollection)  70770K->2821K(498112K), 0.0073886 secs]
661.901: [Full GC (JvmtiEnv ForceGarbageCollection)  70883K->2934K(498112K), 0.0081922 secs]
665.502: [Full GC (JvmtiEnv ForceGarbageCollection)  70996K->3047K(498112K), 0.0084196 secs]
669.215: [Full GC (JvmtiEnv ForceGarbageCollection)  71109K->2707K(498112K), 0.0076107 secs]
672.809: [Full GC (JvmtiEnv ForceGarbageCollection)  70770K->2820K(498112K), 0.0085211 secs]
676.394: [Full GC (JvmtiEnv ForceGarbageCollection)  70883K->2933K(498112K), 0.0067066 secs]
