OpenJDK 64-Bit Server VM (25.222-b10) for linux-amd64 JRE (1.8.0_222-8u222-b10-1ubuntu1~18.04.1-b10), built on Jul 18 2019 18:52:48 by "buildd" with gcc 7.4.0
Memory: 4k page, physical 16424660k(15511196k free), swap 0k(0k free)
CommandLine flags: -XX:CompressedClassSpaceSize=45297664 -XX:InitialHeapSize=536870912 -XX:MaxHeapSize=536870912 -XX:MaxMetaspaceSize=53686272 -XX:NewRatio=1 -XX:+PrintGC -XX:+PrintGCTimeStamps -XX:+RequireSharedSpaces -XX:ReservedCodeCacheSize=26843136 -XX:-TieredCompilation -XX:+UseCompressedClassPointers -XX:+UseCompressedOops -XX:+UseSerialGC -XX:+UseSharedSpaces 
4.685: [Full GC (JvmtiEnv ForceGarbageCollection)  77777K->2882K(498112K), 0.0173031 secs]
7.514: [Full GC (JvmtiEnv ForceGarbageCollection)  70615K->2973K(498112K), 0.0081798 secs]
10.330: [Full GC (JvmtiEnv ForceGarbageCollection)  62314K->3062K(498112K), 0.0069836 secs]
13.341: [Full GC (JvmtiEnv ForceGarbageCollection)  62404K->2766K(498112K), 0.0104887 secs]
16.244: [Full GC (JvmtiEnv ForceGarbageCollection)  57911K->2855K(498112K), 0.0055913 secs]
19.172: [Full GC (JvmtiEnv ForceGarbageCollection)  58001K->2947K(498112K), 0.0075660 secs]
22.092: [Full GC (JvmtiEnv ForceGarbageCollection)  58093K->3040K(498112K), 0.0081505 secs]
24.966: [Full GC (JvmtiEnv ForceGarbageCollection)  58186K->2769K(498112K), 0.0066947 secs]
27.867: [Full GC (JvmtiEnv ForceGarbageCollection)  57915K->2860K(498112K), 0.0080920 secs]
30.806: [Full GC (JvmtiEnv ForceGarbageCollection)  58005K->2950K(498112K), 0.0072132 secs]
33.786: [Full GC (JvmtiEnv ForceGarbageCollection)  58096K->3041K(498112K), 0.0057932 secs]
36.724: [Full GC (JvmtiEnv ForceGarbageCollection)  58187K->2770K(498112K), 0.0097636 secs]
39.733: [Full GC (JvmtiEnv ForceGarbageCollection)  57915K->2861K(498112K), 0.0082785 secs]
42.630: [Full GC (JvmtiEnv ForceGarbageCollection)  58007K->2952K(498112K), 0.0076824 secs]
45.576: [Full GC (JvmtiEnv ForceGarbageCollection)  58098K->3043K(498112K), 0.0071662 secs]
48.491: [Full GC (JvmtiEnv ForceGarbageCollection)  58189K->2771K(498112K), 0.0069856 secs]
51.379: [Full GC (JvmtiEnv ForceGarbageCollection)  57917K->2863K(498112K), 0.0069030 secs]
54.317: [Full GC (JvmtiEnv ForceGarbageCollection)  58009K->2955K(498112K), 0.0076343 secs]
57.242: [Full GC (JvmtiEnv ForceGarbageCollection)  58101K->3047K(498112K), 0.0082644 secs]
60.252: [Full GC (JvmtiEnv ForceGarbageCollection)  58185K->2774K(498112K), 0.0074086 secs]
63.227: [Full GC (JvmtiEnv ForceGarbageCollection)  57920K->2868K(498112K), 0.0059437 secs]
66.187: [Full GC (JvmtiEnv ForceGarbageCollection)  58013K->2962K(498112K), 0.0055796 secs]
69.135: [Full GC (JvmtiEnv ForceGarbageCollection)  58108K->3055K(498112K), 0.0088959 secs]
72.060: [Full GC (JvmtiEnv ForceGarbageCollection)  58201K->2778K(498112K), 0.0059798 secs]
75.018: [Full GC (JvmtiEnv ForceGarbageCollection)  57924K->2871K(498112K), 0.0075582 secs]
77.940: [Full GC (JvmtiEnv ForceGarbageCollection)  58016K->2965K(498112K), 0.0071268 secs]
80.918: [Full GC (JvmtiEnv ForceGarbageCollection)  58111K->3058K(498112K), 0.0067646 secs]
83.873: [Full GC (JvmtiEnv ForceGarbageCollection)  58204K->2780K(498112K), 0.0085860 secs]
86.882: [Full GC (JvmtiEnv ForceGarbageCollection)  57925K->2873K(498112K), 0.0067606 secs]
89.882: [Full GC (JvmtiEnv ForceGarbageCollection)  58018K->2966K(498112K), 0.0073724 secs]
92.800: [Full GC (JvmtiEnv ForceGarbageCollection)  58112K->3059K(498112K), 0.0064826 secs]
95.804: [Full GC (JvmtiEnv ForceGarbageCollection)  58205K->2780K(498112K), 0.0082933 secs]
98.781: [Full GC (JvmtiEnv ForceGarbageCollection)  57926K->2873K(498112K), 0.0072855 secs]
101.791: [Full GC (JvmtiEnv ForceGarbageCollection)  58019K->2968K(498112K), 0.0075663 secs]
104.897: [Full GC (JvmtiEnv ForceGarbageCollection)  58114K->3062K(498112K), 0.0077233 secs]
107.892: [Full GC (JvmtiEnv ForceGarbageCollection)  58208K->2782K(498112K), 0.0073720 secs]
110.967: [Full GC (JvmtiEnv ForceGarbageCollection)  57928K->2877K(498112K), 0.0081879 secs]
113.975: [Full GC (JvmtiEnv ForceGarbageCollection)  58023K->2971K(498112K), 0.0063168 secs]
116.888: [Full GC (JvmtiEnv ForceGarbageCollection)  66508K->3068K(498112K), 0.0070364 secs]
119.900: [Full GC (JvmtiEnv ForceGarbageCollection)  58214K->2787K(498112K), 0.0079615 secs]
122.829: [Full GC (JvmtiEnv ForceGarbageCollection)  57933K->2882K(498112K), 0.0084642 secs]
125.753: [Full GC (JvmtiEnv ForceGarbageCollection)  58028K->2977K(498112K), 0.0142688 secs]
128.703: [Full GC (JvmtiEnv ForceGarbageCollection)  58123K->3071K(498112K), 0.0083009 secs]
131.611: [Full GC (JvmtiEnv ForceGarbageCollection)  58217K->2789K(498112K), 0.0075099 secs]
134.708: [Full GC (JvmtiEnv ForceGarbageCollection)  57935K->2884K(498112K), 0.0114196 secs]
137.677: [Full GC (JvmtiEnv ForceGarbageCollection)  58030K->2979K(498112K), 0.0063932 secs]
140.666: [Full GC (JvmtiEnv ForceGarbageCollection)  58125K->3074K(498112K), 0.0085518 secs]
143.696: [Full GC (JvmtiEnv ForceGarbageCollection)  58219K->2789K(498112K), 0.0108044 secs]
146.659: [Full GC (JvmtiEnv ForceGarbageCollection)  57935K->2885K(498112K), 0.0118144 secs]
149.707: [Full GC (JvmtiEnv ForceGarbageCollection)  58031K->2980K(498112K), 0.0081473 secs]
152.699: [Full GC (JvmtiEnv ForceGarbageCollection)  58126K->3076K(498112K), 0.0076574 secs]
155.663: [Full GC (JvmtiEnv ForceGarbageCollection)  58222K->2790K(498112K), 0.0126416 secs]
158.648: [Full GC (JvmtiEnv ForceGarbageCollection)  57936K->2886K(498112K), 0.0071237 secs]
161.677: [Full GC (JvmtiEnv ForceGarbageCollection)  58032K->2982K(498112K), 0.0067290 secs]
164.755: [Full GC (JvmtiEnv ForceGarbageCollection)  58128K->3078K(498112K), 0.0077504 secs]
167.797: [Full GC (JvmtiEnv ForceGarbageCollection)  58224K->2791K(498112K), 0.0061703 secs]
170.863: [Full GC (JvmtiEnv ForceGarbageCollection)  57937K->2887K(498112K), 0.0071198 secs]
173.895: [Full GC (JvmtiEnv ForceGarbageCollection)  58033K->2983K(498112K), 0.0060522 secs]
176.892: [Full GC (JvmtiEnv ForceGarbageCollection)  62481K->3080K(498112K), 0.0086525 secs]
180.022: [Full GC (JvmtiEnv ForceGarbageCollection)  62578K->2792K(498112K), 0.0077738 secs]
183.015: [Full GC (JvmtiEnv ForceGarbageCollection)  62290K->2888K(498112K), 0.0083581 secs]
186.042: [Full GC (JvmtiEnv ForceGarbageCollection)  62386K->2985K(498112K), 0.0076844 secs]
189.013: [Full GC (JvmtiEnv ForceGarbageCollection)  62483K->3082K(498112K), 0.0075835 secs]
192.022: [Full GC (JvmtiEnv ForceGarbageCollection)  62580K->2792K(498112K), 0.0074233 secs]
195.318: [Full GC (JvmtiEnv ForceGarbageCollection)  62290K->2890K(498112K), 0.0082940 secs]
198.339: [Full GC (JvmtiEnv ForceGarbageCollection)  62388K->2987K(498112K), 0.0076278 secs]
201.413: [Full GC (JvmtiEnv ForceGarbageCollection)  62485K->3085K(498112K), 0.0064700 secs]
204.536: [Full GC (JvmtiEnv ForceGarbageCollection)  62583K->2792K(498112K), 0.0072016 secs]
207.596: [Full GC (JvmtiEnv ForceGarbageCollection)  62290K->2890K(498112K), 0.0066804 secs]
210.671: [Full GC (JvmtiEnv ForceGarbageCollection)  62388K->2989K(498112K), 0.0084574 secs]
213.709: [Full GC (JvmtiEnv ForceGarbageCollection)  62487K->3087K(498112K), 0.0079559 secs]
216.741: [Full GC (JvmtiEnv ForceGarbageCollection)  62585K->2793K(498112K), 0.0072211 secs]
219.825: [Full GC (JvmtiEnv ForceGarbageCollection)  62291K->2892K(498112K), 0.0082246 secs]
223.000: [Full GC (JvmtiEnv ForceGarbageCollection)  62390K->2991K(498112K), 0.0101235 secs]
226.157: [Full GC (JvmtiEnv ForceGarbageCollection)  62489K->3090K(498112K), 0.0068793 secs]
229.248: [Full GC (JvmtiEnv ForceGarbageCollection)  62588K->2795K(498112K), 0.0084715 secs]
232.332: [Full GC (JvmtiEnv ForceGarbageCollection)  62293K->2894K(498112K), 0.0076007 secs]
235.394: [Full GC (JvmtiEnv ForceGarbageCollection)  62392K->2993K(498112K), 0.0091809 secs]
238.480: [Full GC (JvmtiEnv ForceGarbageCollection)  62491K->3094K(498112K), 0.0079088 secs]
241.582: [Full GC (JvmtiEnv ForceGarbageCollection)  62592K->2796K(498112K), 0.0104303 secs]
244.776: [Full GC (JvmtiEnv ForceGarbageCollection)  62294K->2896K(498112K), 0.0089459 secs]
247.875: [Full GC (JvmtiEnv ForceGarbageCollection)  62394K->2995K(498112K), 0.0071928 secs]
250.980: [Full GC (JvmtiEnv ForceGarbageCollection)  62493K->3094K(498112K), 0.0088559 secs]
254.085: [Full GC (JvmtiEnv ForceGarbageCollection)  62592K->2796K(498112K), 0.0072903 secs]
257.152: [Full GC (JvmtiEnv ForceGarbageCollection)  62294K->2896K(498112K), 0.0077153 secs]
260.380: [Full GC (JvmtiEnv ForceGarbageCollection)  62394K->2995K(498112K), 0.0085073 secs]
263.464: [Full GC (JvmtiEnv ForceGarbageCollection)  62493K->3094K(498112K), 0.0095048 secs]
266.583: [Full GC (JvmtiEnv ForceGarbageCollection)  62584K->2802K(498112K), 0.0071398 secs]
269.812: [Full GC (JvmtiEnv ForceGarbageCollection)  62300K->2902K(498112K), 0.0075778 secs]
272.893: [Full GC (JvmtiEnv ForceGarbageCollection)  62400K->3002K(498112K), 0.0081066 secs]
276.014: [Full GC (JvmtiEnv ForceGarbageCollection)  62500K->3101K(498112K), 0.0087813 secs]
279.091: [Full GC (JvmtiEnv ForceGarbageCollection)  62599K->2803K(498112K), 0.0085532 secs]
282.237: [Full GC (JvmtiEnv ForceGarbageCollection)  62301K->2903K(498112K), 0.0091800 secs]
285.454: [Full GC (JvmtiEnv ForceGarbageCollection)  62393K->3006K(498112K), 0.0093637 secs]
288.679: [Full GC (JvmtiEnv ForceGarbageCollection)  62487K->3106K(498112K), 0.0064426 secs]
291.809: [Full GC (JvmtiEnv ForceGarbageCollection)  62604K->2807K(498112K), 0.0084052 secs]
295.008: [Full GC (JvmtiEnv ForceGarbageCollection)  62288K->2907K(498112K), 0.0076734 secs]
298.198: [Full GC (JvmtiEnv ForceGarbageCollection)  62389K->3008K(498112K), 0.0075648 secs]
301.373: [Full GC (JvmtiEnv ForceGarbageCollection)  62489K->3109K(498112K), 0.0063318 secs]
304.508: [Full GC (JvmtiEnv ForceGarbageCollection)  62590K->2808K(498112K), 0.0077678 secs]
307.700: [Full GC (JvmtiEnv ForceGarbageCollection)  62289K->2909K(498112K), 0.0079637 secs]
310.900: [Full GC (JvmtiEnv ForceGarbageCollection)  62391K->3010K(498112K), 0.0063508 secs]
314.254: [Full GC (JvmtiEnv ForceGarbageCollection)  62491K->3111K(498112K), 0.0059084 secs]
317.629: [Full GC (JvmtiEnv ForceGarbageCollection)  62593K->2809K(498112K), 0.0067249 secs]
320.812: [Full GC (JvmtiEnv ForceGarbageCollection)  62291K->2911K(498112K), 0.0084410 secs]
323.987: [Full GC (JvmtiEnv ForceGarbageCollection)  62392K->3012K(498112K), 0.0080919 secs]
327.150: [Full GC (JvmtiEnv ForceGarbageCollection)  62494K->3114K(498112K), 0.0079973 secs]
330.432: [Full GC (JvmtiEnv ForceGarbageCollection)  62595K->2810K(498112K), 0.0084141 secs]
333.671: [Full GC (JvmtiEnv ForceGarbageCollection)  62292K->2912K(498112K), 0.0062520 secs]
336.925: [Full GC (JvmtiEnv ForceGarbageCollection)  62394K->3014K(498112K), 0.0089938 secs]
340.138: [Full GC (JvmtiEnv ForceGarbageCollection)  62496K->3116K(498112K), 0.0059438 secs]
343.359: [Full GC (JvmtiEnv ForceGarbageCollection)  62598K->2812K(498112K), 0.0104047 secs]
346.551: [Full GC (JvmtiEnv ForceGarbageCollection)  62310K->2914K(498112K), 0.0078711 secs]
349.735: [Full GC (JvmtiEnv ForceGarbageCollection)  62412K->3017K(498112K), 0.0074211 secs]
352.960: [Full GC (JvmtiEnv ForceGarbageCollection)  62515K->3120K(498112K), 0.0081247 secs]
356.157: [Full GC (JvmtiEnv ForceGarbageCollection)  62618K->2811K(498112K), 0.0075475 secs]
359.394: [Full GC (JvmtiEnv ForceGarbageCollection)  62308K->2913K(498112K), 0.0135307 secs]
362.641: [Full GC (JvmtiEnv ForceGarbageCollection)  62411K->3016K(498112K), 0.0087621 secs]
365.854: [Full GC (JvmtiEnv ForceGarbageCollection)  62514K->3119K(498112K), 0.0130673 secs]
369.040: [Full GC (JvmtiEnv ForceGarbageCollection)  62616K->2811K(498112K), 0.0096618 secs]
372.171: [Full GC (JvmtiEnv ForceGarbageCollection)  62309K->2914K(498112K), 0.0077102 secs]
375.365: [Full GC (JvmtiEnv ForceGarbageCollection)  62412K->3017K(498112K), 0.0075017 secs]
378.645: [Full GC (JvmtiEnv ForceGarbageCollection)  62515K->3120K(498112K), 0.0066829 secs]
381.951: [Full GC (JvmtiEnv ForceGarbageCollection)  62619K->2812K(498112K), 0.0122761 secs]
385.221: [Full GC (JvmtiEnv ForceGarbageCollection)  62310K->2915K(498112K), 0.0062598 secs]
388.489: [Full GC (JvmtiEnv ForceGarbageCollection)  62413K->3018K(498112K), 0.0087413 secs]
391.727: [Full GC (JvmtiEnv ForceGarbageCollection)  62516K->3122K(498112K), 0.0091875 secs]
394.962: [Full GC (JvmtiEnv ForceGarbageCollection)  62620K->2812K(498112K), 0.0081609 secs]
398.151: [Full GC (JvmtiEnv ForceGarbageCollection)  62310K->2916K(498112K), 0.0088181 secs]
401.351: [Full GC (JvmtiEnv ForceGarbageCollection)  62414K->3020K(498112K), 0.0085500 secs]
404.690: [Full GC (JvmtiEnv ForceGarbageCollection)  62518K->3124K(498112K), 0.0072556 secs]
407.953: [Full GC (JvmtiEnv ForceGarbageCollection)  66974K->2813K(498112K), 0.0072824 secs]
411.201: [Full GC (JvmtiEnv ForceGarbageCollection)  66663K->2918K(498112K), 0.0081165 secs]
414.440: [Full GC (JvmtiEnv ForceGarbageCollection)  66768K->3022K(498112K), 0.0120551 secs]
417.740: [Full GC (JvmtiEnv ForceGarbageCollection)  66872K->3127K(498112K), 0.0081713 secs]
421.052: [Full GC (JvmtiEnv ForceGarbageCollection)  66977K->2813K(498112K), 0.0075670 secs]
424.328: [Full GC (JvmtiEnv ForceGarbageCollection)  66663K->2918K(498112K), 0.0118851 secs]
427.630: [Full GC (JvmtiEnv ForceGarbageCollection)  66768K->3024K(498112K), 0.0078184 secs]
430.959: [Full GC (JvmtiEnv ForceGarbageCollection)  66874K->3129K(498112K), 0.0085649 secs]
434.232: [Full GC (JvmtiEnv ForceGarbageCollection)  66979K->2814K(498112K), 0.0070535 secs]
437.443: [Full GC (JvmtiEnv ForceGarbageCollection)  66664K->2919K(498112K), 0.0083339 secs]
440.875: [Full GC (JvmtiEnv ForceGarbageCollection)  66769K->3025K(498112K), 0.0123095 secs]
444.124: [Full GC (JvmtiEnv ForceGarbageCollection)  66875K->3131K(498112K), 0.0080058 secs]
447.385: [Full GC (JvmtiEnv ForceGarbageCollection)  66981K->2814K(498112K), 0.0074645 secs]
450.723: [Full GC (JvmtiEnv ForceGarbageCollection)  66665K->2920K(498112K), 0.0115734 secs]
454.138: [Full GC (JvmtiEnv ForceGarbageCollection)  66770K->3026K(498112K), 0.0062609 secs]
457.463: [Full GC (JvmtiEnv ForceGarbageCollection)  66876K->3133K(498112K), 0.0085402 secs]
460.767: [Full GC (JvmtiEnv ForceGarbageCollection)  66983K->2815K(498112K), 0.0092695 secs]
464.152: [Full GC (JvmtiEnv ForceGarbageCollection)  66665K->2922K(498112K), 0.0078644 secs]
467.502: [Full GC (JvmtiEnv ForceGarbageCollection)  66772K->3028K(498112K), 0.0080215 secs]
470.821: [Full GC (JvmtiEnv ForceGarbageCollection)  66878K->3135K(498112K), 0.0073695 secs]
474.176: [Full GC (JvmtiEnv ForceGarbageCollection)  66985K->2816K(498112K), 0.0080210 secs]
477.539: [Full GC (JvmtiEnv ForceGarbageCollection)  66666K->2923K(498112K), 0.0079669 secs]
481.012: [Full GC (JvmtiEnv ForceGarbageCollection)  66773K->3030K(498112K), 0.0089513 secs]
484.418: [Full GC (JvmtiEnv ForceGarbageCollection)  66880K->3137K(498112K), 0.0092489 secs]
487.796: [Full GC (JvmtiEnv ForceGarbageCollection)  66987K->2816K(498112K), 0.0075245 secs]
491.175: [Full GC (JvmtiEnv ForceGarbageCollection)  66666K->2924K(498112K), 0.0076671 secs]
494.539: [Full GC (JvmtiEnv ForceGarbageCollection)  66774K->3031K(498112K), 0.0085911 secs]
497.895: [Full GC (JvmtiEnv ForceGarbageCollection)  66882K->3139K(498112K), 0.0098424 secs]
501.408: [Full GC (JvmtiEnv ForceGarbageCollection)  66989K->2816K(498112K), 0.0068574 secs]
504.737: [Full GC (JvmtiEnv ForceGarbageCollection)  66666K->2924K(498112K), 0.0102022 secs]
508.178: [Full GC (JvmtiEnv ForceGarbageCollection)  66774K->3033K(498112K), 0.0064794 secs]
511.564: [Full GC (JvmtiEnv ForceGarbageCollection)  66883K->3141K(498112K), 0.0090660 secs]
514.960: [Full GC (JvmtiEnv ForceGarbageCollection)  66991K->2703K(498112K), 0.0107385 secs]
518.391: [Full GC (JvmtiEnv ForceGarbageCollection)  66553K->2811K(498112K), 0.0072208 secs]
521.835: [Full GC (JvmtiEnv ForceGarbageCollection)  66662K->2920K(498112K), 0.0074185 secs]
525.340: [Full GC (JvmtiEnv ForceGarbageCollection)  66770K->3029K(498112K), 0.0091712 secs]
528.836: [Full GC (JvmtiEnv ForceGarbageCollection)  66879K->2704K(498112K), 0.0064443 secs]
532.249: [Full GC (JvmtiEnv ForceGarbageCollection)  66554K->2813K(498112K), 0.0077926 secs]
535.669: [Full GC (JvmtiEnv ForceGarbageCollection)  66663K->2922K(498112K), 0.0073036 secs]
539.152: [Full GC (JvmtiEnv ForceGarbageCollection)  66772K->3031K(498112K), 0.0109190 secs]
542.590: [Full GC (JvmtiEnv ForceGarbageCollection)  66881K->2704K(498112K), 0.0078997 secs]
546.108: [Full GC (JvmtiEnv ForceGarbageCollection)  66554K->2814K(498112K), 0.0073495 secs]
549.529: [Full GC (JvmtiEnv ForceGarbageCollection)  66664K->2923K(498112K), 0.0069143 secs]
553.044: [Full GC (JvmtiEnv ForceGarbageCollection)  66773K->3033K(498112K), 0.0118075 secs]
556.487: [Full GC (JvmtiEnv ForceGarbageCollection)  66883K->2704K(498112K), 0.0058025 secs]
560.047: [Full GC (JvmtiEnv ForceGarbageCollection)  66554K->2814K(498112K), 0.0072851 secs]
563.479: [Full GC (JvmtiEnv ForceGarbageCollection)  66664K->2924K(498112K), 0.0077699 secs]
566.902: [Full GC (JvmtiEnv ForceGarbageCollection)  66774K->3034K(498112K), 0.0077919 secs]
570.396: [Full GC (JvmtiEnv ForceGarbageCollection)  66884K->2705K(498112K), 0.0072139 secs]
573.969: [Full GC (JvmtiEnv ForceGarbageCollection)  66555K->2815K(498112K), 0.0078355 secs]
577.493: [Full GC (JvmtiEnv ForceGarbageCollection)  66665K->2926K(498112K), 0.0071781 secs]
580.938: [Full GC (JvmtiEnv ForceGarbageCollection)  66776K->3037K(498112K), 0.0084355 secs]
584.429: [Full GC (JvmtiEnv ForceGarbageCollection)  66887K->2705K(498112K), 0.0072414 secs]
587.944: [Full GC (JvmtiEnv ForceGarbageCollection)  66555K->2816K(498112K), 0.0074749 secs]
591.428: [Full GC (JvmtiEnv ForceGarbageCollection)  66667K->2928K(498112K), 0.0070273 secs]
595.024: [Full GC (JvmtiEnv ForceGarbageCollection)  66778K->3039K(498112K), 0.0097748 secs]
598.583: [Full GC (JvmtiEnv ForceGarbageCollection)  66889K->2706K(498112K), 0.0070147 secs]
602.161: [Full GC (JvmtiEnv ForceGarbageCollection)  66556K->2817K(498112K), 0.0066975 secs]
605.655: [Full GC (JvmtiEnv ForceGarbageCollection)  66667K->2929K(498112K), 0.0071721 secs]
609.181: [Full GC (JvmtiEnv ForceGarbageCollection)  66779K->3041K(498112K), 0.0078544 secs]
612.660: [Full GC (JvmtiEnv ForceGarbageCollection)  66891K->2707K(498112K), 0.0074984 secs]
616.180: [Full GC (JvmtiEnv ForceGarbageCollection)  66557K->2818K(498112K), 0.0119806 secs]
619.816: [Full GC (JvmtiEnv ForceGarbageCollection)  66668K->2930K(498112K), 0.0080679 secs]
623.460: [Full GC (JvmtiEnv ForceGarbageCollection)  70993K->3043K(498112K), 0.0124763 secs]
627.012: [Full GC (JvmtiEnv ForceGarbageCollection)  71105K->2707K(498112K), 0.0099321 secs]
630.597: [Full GC (JvmtiEnv ForceGarbageCollection)  70770K->2820K(498112K), 0.0070569 secs]
634.117: [Full GC (JvmtiEnv ForceGarbageCollection)  70882K->2932K(498112K), 0.0078083 secs]
637.590: [Full GC (JvmtiEnv ForceGarbageCollection)  70994K->3044K(498112K), 0.0090804 secs]
641.217: [Full GC (JvmtiEnv ForceGarbageCollection)  71107K->2708K(498112K), 0.0059680 secs]
644.824: [Full GC (JvmtiEnv ForceGarbageCollection)  70770K->2821K(498112K), 0.0108327 secs]
648.412: [Full GC (JvmtiEnv ForceGarbageCollection)  70883K->2933K(498112K), 0.0062972 secs]
651.935: [Full GC (JvmtiEnv ForceGarbageCollection)  70996K->3046K(498112K), 0.0080763 secs]
655.444: [Full GC (JvmtiEnv ForceGarbageCollection)  71109K->2708K(498112K), 0.0075609 secs]
659.045: [Full GC (JvmtiEnv ForceGarbageCollection)  70770K->2821K(498112K), 0.0071706 secs]
662.535: [Full GC (JvmtiEnv ForceGarbageCollection)  70883K->2934K(498112K), 0.0072302 secs]
666.145: [Full GC (JvmtiEnv ForceGarbageCollection)  70996K->3047K(498112K), 0.0065956 secs]
669.783: [Full GC (JvmtiEnv ForceGarbageCollection)  71109K->2709K(498112K), 0.0114084 secs]
673.377: [Full GC (JvmtiEnv ForceGarbageCollection)  70771K->2822K(498112K), 0.0068671 secs]
