OpenJDK 64-Bit Server VM (25.222-b10) for linux-amd64 JRE (1.8.0_222-8u222-b10-1ubuntu1~18.04.1-b10), built on Jul 18 2019 18:52:48 by "buildd" with gcc 7.4.0
Memory: 4k page, physical 16424660k(15510812k free), swap 0k(0k free)
CommandLine flags: -XX:CompressedClassSpaceSize=45297664 -XX:InitialHeapSize=536870912 -XX:MaxHeapSize=536870912 -XX:MaxMetaspaceSize=53686272 -XX:NewRatio=1 -XX:+PrintGC -XX:+PrintGCTimeStamps -XX:+RequireSharedSpaces -XX:ReservedCodeCacheSize=26843136 -XX:-TieredCompilation -XX:+UseCompressedClassPointers -XX:+UseCompressedOops -XX:+UseSerialGC -XX:+UseSharedSpaces 
4.693: [Full GC (JvmtiEnv ForceGarbageCollection)  77777K->2881K(498112K), 0.0146171 secs]
7.511: [Full GC (JvmtiEnv ForceGarbageCollection)  70615K->2972K(498112K), 0.0100774 secs]
10.424: [Full GC (JvmtiEnv ForceGarbageCollection)  62313K->3062K(498112K), 0.0075490 secs]
13.379: [Full GC (JvmtiEnv ForceGarbageCollection)  62403K->2766K(498112K), 0.0081302 secs]
16.326: [Full GC (JvmtiEnv ForceGarbageCollection)  57911K->2855K(498112K), 0.0091951 secs]
19.331: [Full GC (JvmtiEnv ForceGarbageCollection)  58001K->2947K(498112K), 0.0065659 secs]
22.439: [Full GC (JvmtiEnv ForceGarbageCollection)  58093K->3040K(498112K), 0.0083183 secs]
25.437: [Full GC (JvmtiEnv ForceGarbageCollection)  58186K->2769K(498112K), 0.0090023 secs]
28.375: [Full GC (JvmtiEnv ForceGarbageCollection)  57915K->2860K(498112K), 0.0081513 secs]
31.400: [Full GC (JvmtiEnv ForceGarbageCollection)  58005K->2949K(498112K), 0.0098223 secs]
34.336: [Full GC (JvmtiEnv ForceGarbageCollection)  58095K->3040K(498112K), 0.0068728 secs]
37.332: [Full GC (JvmtiEnv ForceGarbageCollection)  58186K->2769K(498112K), 0.0073302 secs]
40.425: [Full GC (JvmtiEnv ForceGarbageCollection)  57915K->2859K(498112K), 0.0116870 secs]
43.458: [Full GC (JvmtiEnv ForceGarbageCollection)  58005K->2950K(498112K), 0.0059120 secs]
46.426: [Full GC (JvmtiEnv ForceGarbageCollection)  58095K->3040K(498112K), 0.0070365 secs]
49.500: [Full GC (JvmtiEnv ForceGarbageCollection)  58186K->2770K(498112K), 0.0077676 secs]
52.460: [Full GC (JvmtiEnv ForceGarbageCollection)  57916K->2861K(498112K), 0.0075241 secs]
55.435: [Full GC (JvmtiEnv ForceGarbageCollection)  58006K->2951K(498112K), 0.0095642 secs]
58.547: [Full GC (JvmtiEnv ForceGarbageCollection)  58097K->3042K(498112K), 0.0105782 secs]
61.543: [Full GC (JvmtiEnv ForceGarbageCollection)  58188K->2773K(498112K), 0.0063977 secs]
64.507: [Full GC (JvmtiEnv ForceGarbageCollection)  57919K->2866K(498112K), 0.0067884 secs]
67.488: [Full GC (JvmtiEnv ForceGarbageCollection)  58011K->2959K(498112K), 0.0084756 secs]
70.482: [Full GC (JvmtiEnv ForceGarbageCollection)  58105K->3050K(498112K), 0.0069040 secs]
73.440: [Full GC (JvmtiEnv ForceGarbageCollection)  58196K->2777K(498112K), 0.0072354 secs]
76.490: [Full GC (JvmtiEnv ForceGarbageCollection)  57923K->2869K(498112K), 0.0064329 secs]
79.567: [Full GC (JvmtiEnv ForceGarbageCollection)  58015K->2962K(498112K), 0.0077505 secs]
82.563: [Full GC (JvmtiEnv ForceGarbageCollection)  58108K->3054K(498112K), 0.0069734 secs]
85.591: [Full GC (JvmtiEnv ForceGarbageCollection)  58200K->2779K(498112K), 0.0075922 secs]
88.600: [Full GC (JvmtiEnv ForceGarbageCollection)  57925K->2871K(498112K), 0.0075914 secs]
91.653: [Full GC (JvmtiEnv ForceGarbageCollection)  58017K->2964K(498112K), 0.0070635 secs]
94.833: [Full GC (JvmtiEnv ForceGarbageCollection)  58110K->3056K(498112K), 0.0072375 secs]
97.970: [Full GC (JvmtiEnv ForceGarbageCollection)  58202K->2780K(498112K), 0.0063141 secs]
101.070: [Full GC (JvmtiEnv ForceGarbageCollection)  57925K->2872K(498112K), 0.0062905 secs]
104.084: [Full GC (JvmtiEnv ForceGarbageCollection)  58018K->2966K(498112K), 0.0070421 secs]
107.097: [Full GC (JvmtiEnv ForceGarbageCollection)  58112K->3059K(498112K), 0.0063604 secs]
110.115: [Full GC (JvmtiEnv ForceGarbageCollection)  58205K->2782K(498112K), 0.0082160 secs]
113.075: [Full GC (JvmtiEnv ForceGarbageCollection)  57927K->2875K(498112K), 0.0074463 secs]
116.043: [Full GC (JvmtiEnv ForceGarbageCollection)  58021K->2968K(498112K), 0.0071620 secs]
118.977: [Full GC (JvmtiEnv ForceGarbageCollection)  62310K->3066K(498112K), 0.0070839 secs]
121.912: [Full GC (JvmtiEnv ForceGarbageCollection)  58212K->2787K(498112K), 0.0060671 secs]
124.765: [Full GC (JvmtiEnv ForceGarbageCollection)  57933K->2881K(498112K), 0.0067168 secs]
127.731: [Full GC (JvmtiEnv ForceGarbageCollection)  58026K->2975K(498112K), 0.0060592 secs]
130.684: [Full GC (JvmtiEnv ForceGarbageCollection)  58121K->3069K(498112K), 0.0082634 secs]
133.548: [Full GC (JvmtiEnv ForceGarbageCollection)  58214K->2788K(498112K), 0.0104264 secs]
136.458: [Full GC (JvmtiEnv ForceGarbageCollection)  57934K->2883K(498112K), 0.0096591 secs]
139.357: [Full GC (JvmtiEnv ForceGarbageCollection)  58028K->2977K(498112K), 0.0076767 secs]
142.325: [Full GC (JvmtiEnv ForceGarbageCollection)  58123K->3071K(498112K), 0.0091521 secs]
145.305: [Full GC (JvmtiEnv ForceGarbageCollection)  58217K->2788K(498112K), 0.0064066 secs]
148.254: [Full GC (JvmtiEnv ForceGarbageCollection)  57934K->2883K(498112K), 0.0057013 secs]
151.151: [Full GC (JvmtiEnv ForceGarbageCollection)  58029K->2979K(498112K), 0.0079659 secs]
154.195: [Full GC (JvmtiEnv ForceGarbageCollection)  58124K->3074K(498112K), 0.0073643 secs]
157.174: [Full GC (JvmtiEnv ForceGarbageCollection)  58219K->2790K(498112K), 0.0097182 secs]
160.181: [Full GC (JvmtiEnv ForceGarbageCollection)  57936K->2885K(498112K), 0.0082515 secs]
163.141: [Full GC (JvmtiEnv ForceGarbageCollection)  58030K->2980K(498112K), 0.0069654 secs]
166.112: [Full GC (JvmtiEnv ForceGarbageCollection)  58126K->3076K(498112K), 0.0078583 secs]
169.121: [Full GC (JvmtiEnv ForceGarbageCollection)  58222K->2791K(498112K), 0.0070497 secs]
172.133: [Full GC (JvmtiEnv ForceGarbageCollection)  57936K->2886K(498112K), 0.0063064 secs]
175.127: [Full GC (JvmtiEnv ForceGarbageCollection)  58032K->2982K(498112K), 0.0063912 secs]
178.091: [Full GC (JvmtiEnv ForceGarbageCollection)  58127K->3078K(498112K), 0.0077697 secs]
181.080: [Full GC (JvmtiEnv ForceGarbageCollection)  58224K->2791K(498112K), 0.0077058 secs]
184.078: [Full GC (JvmtiEnv ForceGarbageCollection)  57937K->2887K(498112K), 0.0091448 secs]
187.069: [Full GC (JvmtiEnv ForceGarbageCollection)  58033K->2984K(498112K), 0.0066265 secs]
190.156: [Full GC (JvmtiEnv ForceGarbageCollection)  58129K->3080K(498112K), 0.0061223 secs]
193.189: [Full GC (JvmtiEnv ForceGarbageCollection)  62578K->2792K(498112K), 0.0085841 secs]
196.174: [Full GC (JvmtiEnv ForceGarbageCollection)  62290K->2889K(498112K), 0.0084895 secs]
199.195: [Full GC (JvmtiEnv ForceGarbageCollection)  62387K->2985K(498112K), 0.0068754 secs]
202.184: [Full GC (JvmtiEnv ForceGarbageCollection)  62483K->3082K(498112K), 0.0112080 secs]
205.259: [Full GC (JvmtiEnv ForceGarbageCollection)  62580K->2792K(498112K), 0.0080069 secs]
208.283: [Full GC (JvmtiEnv ForceGarbageCollection)  62290K->2889K(498112K), 0.0079573 secs]
211.325: [Full GC (JvmtiEnv ForceGarbageCollection)  62387K->2987K(498112K), 0.0062468 secs]
214.468: [Full GC (JvmtiEnv ForceGarbageCollection)  62485K->3085K(498112K), 0.0113258 secs]
217.543: [Full GC (JvmtiEnv ForceGarbageCollection)  62583K->2793K(498112K), 0.0132966 secs]
220.654: [Full GC (JvmtiEnv ForceGarbageCollection)  62291K->2890K(498112K), 0.0078116 secs]
223.671: [Full GC (JvmtiEnv ForceGarbageCollection)  62388K->2989K(498112K), 0.0077459 secs]
226.682: [Full GC (JvmtiEnv ForceGarbageCollection)  62487K->3087K(498112K), 0.0077018 secs]
229.803: [Full GC (JvmtiEnv ForceGarbageCollection)  62585K->2794K(498112K), 0.0082047 secs]
232.903: [Full GC (JvmtiEnv ForceGarbageCollection)  62292K->2892K(498112K), 0.0061185 secs]
236.024: [Full GC (JvmtiEnv ForceGarbageCollection)  62390K->2991K(498112K), 0.0064299 secs]
239.052: [Full GC (JvmtiEnv ForceGarbageCollection)  62489K->3089K(498112K), 0.0082091 secs]
242.142: [Full GC (JvmtiEnv ForceGarbageCollection)  62587K->2795K(498112K), 0.0076289 secs]
245.209: [Full GC (JvmtiEnv ForceGarbageCollection)  62293K->2894K(498112K), 0.0074265 secs]
248.207: [Full GC (JvmtiEnv ForceGarbageCollection)  62392K->2993K(498112K), 0.0110969 secs]
251.270: [Full GC (JvmtiEnv ForceGarbageCollection)  62491K->3091K(498112K), 0.0095021 secs]
254.352: [Full GC (JvmtiEnv ForceGarbageCollection)  62589K->2796K(498112K), 0.0080662 secs]
257.426: [Full GC (JvmtiEnv ForceGarbageCollection)  62294K->2896K(498112K), 0.0072306 secs]
260.535: [Full GC (JvmtiEnv ForceGarbageCollection)  62394K->2995K(498112K), 0.0064915 secs]
263.693: [Full GC (JvmtiEnv ForceGarbageCollection)  62493K->3094K(498112K), 0.0066109 secs]
266.882: [Full GC (JvmtiEnv ForceGarbageCollection)  62592K->2797K(498112K), 0.0076270 secs]
269.979: [Full GC (JvmtiEnv ForceGarbageCollection)  62295K->2902K(498112K), 0.0081931 secs]
273.047: [Full GC (JvmtiEnv ForceGarbageCollection)  62400K->3002K(498112K), 0.0077901 secs]
276.211: [Full GC (JvmtiEnv ForceGarbageCollection)  62500K->3101K(498112K), 0.0119193 secs]
279.364: [Full GC (JvmtiEnv ForceGarbageCollection)  62599K->2804K(498112K), 0.0078831 secs]
282.624: [Full GC (JvmtiEnv ForceGarbageCollection)  62302K->2904K(498112K), 0.0076992 secs]
285.734: [Full GC (JvmtiEnv ForceGarbageCollection)  62402K->3004K(498112K), 0.0074719 secs]
288.973: [Full GC (JvmtiEnv ForceGarbageCollection)  62502K->3107K(498112K), 0.0117020 secs]
292.117: [Full GC (JvmtiEnv ForceGarbageCollection)  62588K->2806K(498112K), 0.0073005 secs]
295.345: [Full GC (JvmtiEnv ForceGarbageCollection)  62288K->2908K(498112K), 0.0066685 secs]
298.499: [Full GC (JvmtiEnv ForceGarbageCollection)  62389K->3008K(498112K), 0.0078420 secs]
301.749: [Full GC (JvmtiEnv ForceGarbageCollection)  62490K->3109K(498112K), 0.0069344 secs]
304.863: [Full GC (JvmtiEnv ForceGarbageCollection)  62591K->2808K(498112K), 0.0073883 secs]
308.040: [Full GC (JvmtiEnv ForceGarbageCollection)  62289K->2908K(498112K), 0.0077347 secs]
311.211: [Full GC (JvmtiEnv ForceGarbageCollection)  62390K->3010K(498112K), 0.0076399 secs]
314.391: [Full GC (JvmtiEnv ForceGarbageCollection)  62492K->3112K(498112K), 0.0074136 secs]
317.609: [Full GC (JvmtiEnv ForceGarbageCollection)  62593K->2809K(498112K), 0.0091285 secs]
320.817: [Full GC (JvmtiEnv ForceGarbageCollection)  62307K->2911K(498112K), 0.0074328 secs]
323.995: [Full GC (JvmtiEnv ForceGarbageCollection)  62392K->3012K(498112K), 0.0079439 secs]
327.227: [Full GC (JvmtiEnv ForceGarbageCollection)  62494K->3114K(498112K), 0.0078720 secs]
330.490: [Full GC (JvmtiEnv ForceGarbageCollection)  62596K->2810K(498112K), 0.0095450 secs]
333.720: [Full GC (JvmtiEnv ForceGarbageCollection)  62292K->2912K(498112K), 0.0097319 secs]
336.942: [Full GC (JvmtiEnv ForceGarbageCollection)  62394K->3014K(498112K), 0.0062722 secs]
340.394: [Full GC (JvmtiEnv ForceGarbageCollection)  62496K->3116K(498112K), 0.0081175 secs]
343.645: [Full GC (JvmtiEnv ForceGarbageCollection)  62598K->2811K(498112K), 0.0087849 secs]
346.887: [Full GC (JvmtiEnv ForceGarbageCollection)  62284K->2915K(498112K), 0.0086955 secs]
350.084: [Full GC (JvmtiEnv ForceGarbageCollection)  62413K->3018K(498112K), 0.0094035 secs]
353.301: [Full GC (JvmtiEnv ForceGarbageCollection)  62516K->3120K(498112K), 0.0084672 secs]
356.601: [Full GC (JvmtiEnv ForceGarbageCollection)  62618K->2811K(498112K), 0.0105190 secs]
359.861: [Full GC (JvmtiEnv ForceGarbageCollection)  62308K->2913K(498112K), 0.0078212 secs]
363.113: [Full GC (JvmtiEnv ForceGarbageCollection)  62411K->3016K(498112K), 0.0067288 secs]
366.328: [Full GC (JvmtiEnv ForceGarbageCollection)  62514K->3119K(498112K), 0.0078058 secs]
369.562: [Full GC (JvmtiEnv ForceGarbageCollection)  62616K->2811K(498112K), 0.0083411 secs]
372.756: [Full GC (JvmtiEnv ForceGarbageCollection)  62309K->2914K(498112K), 0.0082707 secs]
375.923: [Full GC (JvmtiEnv ForceGarbageCollection)  62412K->3017K(498112K), 0.0076130 secs]
379.212: [Full GC (JvmtiEnv ForceGarbageCollection)  62515K->3120K(498112K), 0.0071934 secs]
382.443: [Full GC (JvmtiEnv ForceGarbageCollection)  62619K->2812K(498112K), 0.0076603 secs]
385.707: [Full GC (JvmtiEnv ForceGarbageCollection)  62310K->2915K(498112K), 0.0075114 secs]
388.920: [Full GC (JvmtiEnv ForceGarbageCollection)  62413K->3018K(498112K), 0.0086441 secs]
392.099: [Full GC (JvmtiEnv ForceGarbageCollection)  62516K->3122K(498112K), 0.0067918 secs]
395.335: [Full GC (JvmtiEnv ForceGarbageCollection)  62620K->2812K(498112K), 0.0080189 secs]
398.767: [Full GC (JvmtiEnv ForceGarbageCollection)  62310K->2916K(498112K), 0.0098031 secs]
402.089: [Full GC (JvmtiEnv ForceGarbageCollection)  62414K->3020K(498112K), 0.0070565 secs]
405.320: [Full GC (JvmtiEnv ForceGarbageCollection)  62518K->3124K(498112K), 0.0091181 secs]
408.578: [Full GC (JvmtiEnv ForceGarbageCollection)  66974K->2813K(498112K), 0.0079623 secs]
411.868: [Full GC (JvmtiEnv ForceGarbageCollection)  66663K->2918K(498112K), 0.0079022 secs]
415.205: [Full GC (JvmtiEnv ForceGarbageCollection)  66768K->3022K(498112K), 0.0079020 secs]
418.497: [Full GC (JvmtiEnv ForceGarbageCollection)  66872K->3127K(498112K), 0.0093175 secs]
421.710: [Full GC (JvmtiEnv ForceGarbageCollection)  66977K->2813K(498112K), 0.0083734 secs]
425.009: [Full GC (JvmtiEnv ForceGarbageCollection)  66663K->2918K(498112K), 0.0086999 secs]
428.284: [Full GC (JvmtiEnv ForceGarbageCollection)  66768K->3024K(498112K), 0.0067657 secs]
431.491: [Full GC (JvmtiEnv ForceGarbageCollection)  66874K->3129K(498112K), 0.0066387 secs]
434.594: [Full GC (JvmtiEnv ForceGarbageCollection)  66979K->2814K(498112K), 0.0075722 secs]
437.819: [Full GC (JvmtiEnv ForceGarbageCollection)  66664K->2919K(498112K), 0.0081063 secs]
441.083: [Full GC (JvmtiEnv ForceGarbageCollection)  66769K->3025K(498112K), 0.0085174 secs]
444.332: [Full GC (JvmtiEnv ForceGarbageCollection)  66875K->3131K(498112K), 0.0087977 secs]
447.688: [Full GC (JvmtiEnv ForceGarbageCollection)  66981K->2814K(498112K), 0.0065228 secs]
451.008: [Full GC (JvmtiEnv ForceGarbageCollection)  66665K->2920K(498112K), 0.0079405 secs]
454.361: [Full GC (JvmtiEnv ForceGarbageCollection)  66770K->3026K(498112K), 0.0067999 secs]
457.672: [Full GC (JvmtiEnv ForceGarbageCollection)  66876K->3133K(498112K), 0.0078026 secs]
461.193: [Full GC (JvmtiEnv ForceGarbageCollection)  66983K->2815K(498112K), 0.0077962 secs]
464.476: [Full GC (JvmtiEnv ForceGarbageCollection)  66665K->2922K(498112K), 0.0078947 secs]
467.811: [Full GC (JvmtiEnv ForceGarbageCollection)  66772K->3028K(498112K), 0.0081121 secs]
471.125: [Full GC (JvmtiEnv ForceGarbageCollection)  66878K->3135K(498112K), 0.0090253 secs]
474.510: [Full GC (JvmtiEnv ForceGarbageCollection)  66985K->2816K(498112K), 0.0064978 secs]
477.861: [Full GC (JvmtiEnv ForceGarbageCollection)  66666K->2923K(498112K), 0.0082785 secs]
481.154: [Full GC (JvmtiEnv ForceGarbageCollection)  66773K->3029K(498112K), 0.0113911 secs]
484.454: [Full GC (JvmtiEnv ForceGarbageCollection)  66880K->3137K(498112K), 0.0075756 secs]
487.787: [Full GC (JvmtiEnv ForceGarbageCollection)  66987K->2816K(498112K), 0.0078722 secs]
491.249: [Full GC (JvmtiEnv ForceGarbageCollection)  66666K->2923K(498112K), 0.0080415 secs]
494.671: [Full GC (JvmtiEnv ForceGarbageCollection)  66773K->3030K(498112K), 0.0141172 secs]
498.099: [Full GC (JvmtiEnv ForceGarbageCollection)  66880K->3137K(498112K), 0.0070700 secs]
501.425: [Full GC (JvmtiEnv ForceGarbageCollection)  66987K->2816K(498112K), 0.0063332 secs]
504.726: [Full GC (JvmtiEnv ForceGarbageCollection)  66666K->2924K(498112K), 0.0092965 secs]
508.115: [Full GC (JvmtiEnv ForceGarbageCollection)  66774K->3032K(498112K), 0.0081928 secs]
511.481: [Full GC (JvmtiEnv ForceGarbageCollection)  66882K->3140K(498112K), 0.0075918 secs]
514.864: [Full GC (JvmtiEnv ForceGarbageCollection)  66990K->2702K(498112K), 0.0080449 secs]
518.284: [Full GC (JvmtiEnv ForceGarbageCollection)  66552K->2811K(498112K), 0.0059719 secs]
521.816: [Full GC (JvmtiEnv ForceGarbageCollection)  66661K->2919K(498112K), 0.0078669 secs]
525.160: [Full GC (JvmtiEnv ForceGarbageCollection)  66769K->3028K(498112K), 0.0075160 secs]
528.507: [Full GC (JvmtiEnv ForceGarbageCollection)  66878K->2703K(498112K), 0.0078902 secs]
531.877: [Full GC (JvmtiEnv ForceGarbageCollection)  66553K->2811K(498112K), 0.0076181 secs]
535.326: [Full GC (JvmtiEnv ForceGarbageCollection)  66661K->2920K(498112K), 0.0100203 secs]
538.783: [Full GC (JvmtiEnv ForceGarbageCollection)  66770K->3029K(498112K), 0.0099023 secs]
542.211: [Full GC (JvmtiEnv ForceGarbageCollection)  66879K->2704K(498112K), 0.0080031 secs]
545.579: [Full GC (JvmtiEnv ForceGarbageCollection)  66554K->2813K(498112K), 0.0080361 secs]
548.998: [Full GC (JvmtiEnv ForceGarbageCollection)  66663K->2922K(498112K), 0.0070940 secs]
552.429: [Full GC (JvmtiEnv ForceGarbageCollection)  66772K->3031K(498112K), 0.0077983 secs]
555.897: [Full GC (JvmtiEnv ForceGarbageCollection)  66881K->2704K(498112K), 0.0075779 secs]
559.380: [Full GC (JvmtiEnv ForceGarbageCollection)  66554K->2814K(498112K), 0.0066861 secs]
562.838: [Full GC (JvmtiEnv ForceGarbageCollection)  66664K->2924K(498112K), 0.0069460 secs]
566.197: [Full GC (JvmtiEnv ForceGarbageCollection)  66774K->3034K(498112K), 0.0072179 secs]
569.566: [Full GC (JvmtiEnv ForceGarbageCollection)  66884K->2704K(498112K), 0.0078848 secs]
572.993: [Full GC (JvmtiEnv ForceGarbageCollection)  66554K->2815K(498112K), 0.0076720 secs]
576.416: [Full GC (JvmtiEnv ForceGarbageCollection)  66665K->2924K(498112K), 0.0082962 secs]
579.877: [Full GC (JvmtiEnv ForceGarbageCollection)  70970K->3035K(498112K), 0.0081495 secs]
583.431: [Full GC (JvmtiEnv ForceGarbageCollection)  66885K->2705K(498112K), 0.0080264 secs]
587.022: [Full GC (JvmtiEnv ForceGarbageCollection)  66555K->2816K(498112K), 0.0073140 secs]
590.532: [Full GC (JvmtiEnv ForceGarbageCollection)  66666K->2926K(498112K), 0.0085288 secs]
593.939: [Full GC (JvmtiEnv ForceGarbageCollection)  66776K->3037K(498112K), 0.0078753 secs]
597.425: [Full GC (JvmtiEnv ForceGarbageCollection)  66887K->2706K(498112K), 0.0078934 secs]
600.897: [Full GC (JvmtiEnv ForceGarbageCollection)  66556K->2817K(498112K), 0.0077604 secs]
604.372: [Full GC (JvmtiEnv ForceGarbageCollection)  66667K->2928K(498112K), 0.0129121 secs]
607.821: [Full GC (JvmtiEnv ForceGarbageCollection)  66778K->3039K(498112K), 0.0083388 secs]
611.309: [Full GC (JvmtiEnv ForceGarbageCollection)  66889K->2706K(498112K), 0.0078095 secs]
614.858: [Full GC (JvmtiEnv ForceGarbageCollection)  66556K->2818K(498112K), 0.0070072 secs]
618.379: [Full GC (JvmtiEnv ForceGarbageCollection)  66668K->2929K(498112K), 0.0087521 secs]
621.867: [Full GC (JvmtiEnv ForceGarbageCollection)  66780K->3041K(498112K), 0.0063664 secs]
625.424: [Full GC (JvmtiEnv ForceGarbageCollection)  66891K->2707K(498112K), 0.0088115 secs]
628.830: [Full GC (JvmtiEnv ForceGarbageCollection)  66557K->2818K(498112K), 0.0077359 secs]
632.353: [Full GC (JvmtiEnv ForceGarbageCollection)  70881K->2931K(498112K), 0.0078628 secs]
635.873: [Full GC (JvmtiEnv ForceGarbageCollection)  70993K->3043K(498112K), 0.0071548 secs]
639.400: [Full GC (JvmtiEnv ForceGarbageCollection)  71105K->2707K(498112K), 0.0074948 secs]
643.097: [Full GC (JvmtiEnv ForceGarbageCollection)  70770K->2820K(498112K), 0.0063832 secs]
646.612: [Full GC (JvmtiEnv ForceGarbageCollection)  70882K->2932K(498112K), 0.0066438 secs]
650.221: [Full GC (JvmtiEnv ForceGarbageCollection)  70994K->3045K(498112K), 0.0072960 secs]
653.832: [Full GC (JvmtiEnv ForceGarbageCollection)  71107K->2708K(498112K), 0.0072408 secs]
657.433: [Full GC (JvmtiEnv ForceGarbageCollection)  70770K->2821K(498112K), 0.0092699 secs]
660.980: [Full GC (JvmtiEnv ForceGarbageCollection)  70883K->2934K(498112K), 0.0079449 secs]
664.585: [Full GC (JvmtiEnv ForceGarbageCollection)  70996K->3047K(498112K), 0.0086073 secs]
668.215: [Full GC (JvmtiEnv ForceGarbageCollection)  71109K->2709K(498112K), 0.0079839 secs]
671.898: [Full GC (JvmtiEnv ForceGarbageCollection)  70771K->2822K(498112K), 0.0063666 secs]
675.480: [Full GC (JvmtiEnv ForceGarbageCollection)  70885K->2936K(498112K), 0.0073526 secs]
