OpenJDK 64-Bit Server VM (25.222-b10) for linux-amd64 JRE (1.8.0_222-8u222-b10-1ubuntu1~18.04.1-b10), built on Jul 18 2019 18:52:48 by "buildd" with gcc 7.4.0
Memory: 4k page, physical 16424660k(15512144k free), swap 0k(0k free)
CommandLine flags: -XX:CompressedClassSpaceSize=45297664 -XX:InitialHeapSize=536870912 -XX:MaxHeapSize=536870912 -XX:MaxMetaspaceSize=53686272 -XX:+PrintGC -XX:+PrintGCTimeStamps -XX:+RequireSharedSpaces -XX:ReservedCodeCacheSize=26843136 -XX:-TieredCompilation -XX:+UseCompressedClassPointers -XX:+UseCompressedOops -XX:+UseSerialGC -XX:+UseSharedSpaces 
9.326: [GC (Allocation Failure)  139776K->2934K(506816K), 0.0085603 secs]
17.794: [GC (Allocation Failure)  142710K->2725K(506816K), 0.0061370 secs]
26.458: [GC (Allocation Failure)  142501K->2885K(506816K), 0.0092797 secs]
35.150: [GC (Allocation Failure)  142661K->2869K(506816K), 0.0072033 secs]
43.802: [GC (Allocation Failure)  142645K->2886K(506816K), 0.0051820 secs]
52.435: [GC (Allocation Failure)  142662K->2740K(506816K), 0.0043987 secs]
61.163: [GC (Allocation Failure)  142391K->2744K(506816K), 0.0067856 secs]
69.857: [GC (Allocation Failure)  142520K->2744K(506816K), 0.0066832 secs]
78.329: [GC (Allocation Failure)  142520K->2892K(506816K), 0.0049360 secs]
86.955: [GC (Allocation Failure)  142668K->2747K(506816K), 0.0080007 secs]
95.727: [GC (Allocation Failure)  142504K->2895K(506816K), 0.0060080 secs]
104.298: [GC (Allocation Failure)  142671K->2877K(506816K), 0.0059806 secs]
113.162: [GC (Allocation Failure)  142653K->2896K(506816K), 0.0072063 secs]
121.822: [GC (Allocation Failure)  142672K->2729K(506816K), 0.0051822 secs]
130.481: [GC (Allocation Failure)  142505K->2726K(506816K), 0.0090365 secs]
138.994: [GC (Allocation Failure)  142434K->2731K(506816K), 0.0100316 secs]
147.767: [GC (Allocation Failure)  142507K->2877K(506816K), 0.0033442 secs]
156.542: [GC (Allocation Failure)  142653K->2732K(506816K), 0.0039477 secs]
165.207: [GC (Allocation Failure)  142480K->2877K(506816K), 0.0021397 secs]
173.877: [GC (Allocation Failure)  142653K->2860K(506816K), 0.0026317 secs]
182.530: [GC (Allocation Failure)  142636K->2878K(506816K), 0.0021100 secs]
191.178: [GC (Allocation Failure)  142654K->2730K(506816K), 0.0017735 secs]
199.887: [GC (Allocation Failure)  142506K->2725K(506816K), 0.0025390 secs]
208.512: [GC (Allocation Failure)  142501K->2741K(506816K), 0.0031964 secs]
217.513: [GC (Allocation Failure)  142517K->2878K(506816K), 0.0047790 secs]
226.227: [GC (Allocation Failure)  142654K->2732K(506816K), 0.0028414 secs]
235.186: [GC (Allocation Failure)  142508K->2888K(506816K), 0.0021066 secs]
244.169: [GC (Allocation Failure)  142664K->2742K(506816K), 0.0020996 secs]
253.275: [GC (Allocation Failure)  142433K->2743K(506816K), 0.0025207 secs]
262.403: [GC (Allocation Failure)  142519K->2720K(506816K), 0.0035385 secs]
271.320: [GC (Allocation Failure)  142496K->2889K(506816K), 0.0032046 secs]
280.354: [GC (Allocation Failure)  142665K->2743K(506816K), 0.0036677 secs]
289.235: [GC (Allocation Failure)  142519K->2891K(506816K), 0.0029964 secs]
297.935: [GC (Allocation Failure)  142667K->2744K(506816K), 0.0040585 secs]
306.738: [GC (Allocation Failure)  142450K->2890K(506816K), 0.0016898 secs]
315.455: [GC (Allocation Failure)  142666K->2890K(506816K), 0.0029171 secs]
324.283: [GC (Allocation Failure)  142666K->2751K(506816K), 0.0028111 secs]
332.971: [GC (Allocation Failure)  142527K->2889K(506816K), 0.0024519 secs]
341.836: [GC (Allocation Failure)  142665K->2744K(506816K), 0.0023645 secs]
350.858: [GC (Allocation Failure)  142520K->2890K(506816K), 0.0043929 secs]
359.840: [GC (Allocation Failure)  142666K->2745K(506816K), 0.0021073 secs]
368.814: [GC (Allocation Failure)  142464K->2890K(506816K), 0.0023105 secs]
377.795: [GC (Allocation Failure)  142666K->2890K(506816K), 0.0031776 secs]
386.663: [GC (Allocation Failure)  142666K->2743K(506816K), 0.0030969 secs]
395.598: [GC (Allocation Failure)  142381K->2890K(506816K), 0.0019735 secs]
404.547: [GC (Allocation Failure)  142666K->2890K(506816K), 0.0021544 secs]
413.534: [GC (Allocation Failure)  142666K->2744K(506816K), 0.0016519 secs]
422.484: [GC (Allocation Failure)  142520K->2890K(506816K), 0.0030301 secs]
431.488: [GC (Allocation Failure)  142666K->2745K(506816K), 0.0018381 secs]
440.390: [GC (Allocation Failure)  142471K->2890K(506816K), 0.0020223 secs]
449.368: [GC (Allocation Failure)  142666K->2890K(506816K), 0.0049342 secs]
458.264: [GC (Allocation Failure)  142666K->2743K(506816K), 0.0019942 secs]
467.110: [GC (Allocation Failure)  142382K->2890K(506816K), 0.0019818 secs]
475.964: [GC (Allocation Failure)  142666K->2890K(506816K), 0.0020761 secs]
484.875: [GC (Allocation Failure)  142666K->2744K(506816K), 0.0019550 secs]
493.830: [GC (Allocation Failure)  142520K->2890K(506816K), 0.0016992 secs]
502.742: [GC (Allocation Failure)  142666K->2745K(506816K), 0.0030725 secs]
511.623: [GC (Allocation Failure)  142471K->2890K(506816K), 0.0068774 secs]
520.567: [GC (Allocation Failure)  142666K->2890K(506816K), 0.0032644 secs]
529.507: [GC (Allocation Failure)  142666K->2743K(506816K), 0.0019179 secs]
538.448: [GC (Allocation Failure)  142382K->2890K(506816K), 0.0021359 secs]
547.291: [GC (Allocation Failure)  142666K->2890K(506816K), 0.0020964 secs]
556.180: [GC (Allocation Failure)  142666K->2744K(506816K), 0.0031549 secs]
565.230: [GC (Allocation Failure)  142520K->2890K(506816K), 0.0029606 secs]
574.203: [GC (Allocation Failure)  142666K->2745K(506816K), 0.0017756 secs]
583.069: [GC (Allocation Failure)  142471K->2890K(506816K), 0.0024010 secs]
592.071: [GC (Allocation Failure)  142666K->2890K(506816K), 0.0017453 secs]
600.975: [GC (Allocation Failure)  142666K->2743K(506816K), 0.0024313 secs]
609.954: [GC (Allocation Failure)  142382K->2890K(506816K), 0.0016810 secs]
618.786: [GC (Allocation Failure)  142666K->2890K(506816K), 0.0020227 secs]
627.802: [GC (Allocation Failure)  142666K->2744K(506816K), 0.0021121 secs]
636.694: [GC (Allocation Failure)  142520K->2890K(506816K), 0.0020616 secs]
645.639: [GC (Allocation Failure)  142666K->2745K(506816K), 0.0032753 secs]
654.556: [GC (Allocation Failure)  142471K->2890K(506816K), 0.0030736 secs]
663.466: [GC (Allocation Failure)  142666K->2890K(506816K), 0.0017139 secs]
672.423: [GC (Allocation Failure)  142666K->2743K(506816K), 0.0029330 secs]
681.259: [GC (Allocation Failure)  142382K->2890K(506816K), 0.0020459 secs]
690.275: [GC (Allocation Failure)  142666K->2890K(506816K), 0.0040059 secs]
699.200: [GC (Allocation Failure)  142666K->2744K(506816K), 0.0020215 secs]
708.056: [GC (Allocation Failure)  142520K->2890K(506816K), 0.0017720 secs]
717.063: [GC (Allocation Failure)  142666K->2745K(506816K), 0.0032616 secs]
725.902: [GC (Allocation Failure)  142471K->2890K(506816K), 0.0019957 secs]
734.978: [GC (Allocation Failure)  142666K->2890K(506816K), 0.0024284 secs]
