OpenJDK 64-Bit Server VM (25.222-b10) for linux-amd64 JRE (1.8.0_222-8u222-b10-1ubuntu1~18.04.1-b10), built on Jul 18 2019 18:52:48 by "buildd" with gcc 7.4.0
Memory: 4k page, physical 16424660k(15510476k free), swap 0k(0k free)
CommandLine flags: -XX:CompressedClassSpaceSize=45297664 -XX:InitialHeapSize=536870912 -XX:MaxHeapSize=536870912 -XX:MaxMetaspaceSize=53686272 -XX:+PrintGC -XX:+PrintGCTimeStamps -XX:+RequireSharedSpaces -XX:ReservedCodeCacheSize=26843136 -XX:-TieredCompilation -XX:+UseCompressedClassPointers -XX:+UseCompressedOops -XX:+UseSerialGC -XX:+UseSharedSpaces 
9.249: [GC (Allocation Failure)  139776K->2934K(506816K), 0.0112380 secs]
17.797: [GC (Allocation Failure)  142710K->2725K(506816K), 0.0108575 secs]
26.607: [GC (Allocation Failure)  142501K->2885K(506816K), 0.0070479 secs]
35.422: [GC (Allocation Failure)  142661K->2869K(506816K), 0.0050677 secs]
44.047: [GC (Allocation Failure)  142645K->2886K(506816K), 0.0044154 secs]
52.702: [GC (Allocation Failure)  142662K->2740K(506816K), 0.0072243 secs]
61.404: [GC (Allocation Failure)  142391K->2744K(506816K), 0.0057620 secs]
70.004: [GC (Allocation Failure)  142520K->2744K(506816K), 0.0073333 secs]
78.871: [GC (Allocation Failure)  142520K->2892K(506816K), 0.0092060 secs]
87.522: [GC (Allocation Failure)  142668K->2747K(506816K), 0.0058200 secs]
96.176: [GC (Allocation Failure)  142504K->2895K(506816K), 0.0039218 secs]
104.821: [GC (Allocation Failure)  142671K->2877K(506816K), 0.0057628 secs]
113.643: [GC (Allocation Failure)  142653K->2896K(506816K), 0.0049145 secs]
122.263: [GC (Allocation Failure)  142672K->2729K(506816K), 0.0057229 secs]
130.749: [GC (Allocation Failure)  142505K->2726K(506816K), 0.0059742 secs]
139.560: [GC (Allocation Failure)  142434K->2731K(506816K), 0.0080542 secs]
148.297: [GC (Allocation Failure)  142507K->2877K(506816K), 0.0021939 secs]
157.133: [GC (Allocation Failure)  142653K->2732K(506816K), 0.0017567 secs]
165.889: [GC (Allocation Failure)  142480K->2877K(506816K), 0.0032543 secs]
174.441: [GC (Allocation Failure)  142653K->2860K(506816K), 0.0021483 secs]
183.339: [GC (Allocation Failure)  142636K->2878K(506816K), 0.0025236 secs]
192.105: [GC (Allocation Failure)  142654K->2730K(506816K), 0.0022063 secs]
200.983: [GC (Allocation Failure)  142506K->2725K(506816K), 0.0023286 secs]
209.976: [GC (Allocation Failure)  142501K->2741K(506816K), 0.0049237 secs]
218.730: [GC (Allocation Failure)  142517K->2878K(506816K), 0.0022684 secs]
227.553: [GC (Allocation Failure)  142654K->2732K(506816K), 0.0018834 secs]
236.727: [GC (Allocation Failure)  142508K->2888K(506816K), 0.0023898 secs]
245.845: [GC (Allocation Failure)  142664K->2742K(506816K), 0.0019918 secs]
255.005: [GC (Allocation Failure)  142433K->2743K(506816K), 0.0017286 secs]
264.156: [GC (Allocation Failure)  142519K->2720K(506816K), 0.0053680 secs]
273.106: [GC (Allocation Failure)  142496K->2889K(506816K), 0.0023733 secs]
282.063: [GC (Allocation Failure)  142665K->2743K(506816K), 0.0053721 secs]
290.837: [GC (Allocation Failure)  142519K->2891K(506816K), 0.0027594 secs]
299.513: [GC (Allocation Failure)  142667K->2744K(506816K), 0.0061065 secs]
308.141: [GC (Allocation Failure)  142450K->2890K(506816K), 0.0021054 secs]
316.613: [GC (Allocation Failure)  142666K->2890K(506816K), 0.0020194 secs]
325.387: [GC (Allocation Failure)  142666K->2751K(506816K), 0.0035044 secs]
334.074: [GC (Allocation Failure)  142527K->2889K(506816K), 0.0043076 secs]
342.939: [GC (Allocation Failure)  142665K->2744K(506816K), 0.0027590 secs]
351.593: [GC (Allocation Failure)  142520K->2890K(506816K), 0.0018940 secs]
360.501: [GC (Allocation Failure)  142666K->2745K(506816K), 0.0020497 secs]
369.490: [GC (Allocation Failure)  142464K->2890K(506816K), 0.0020028 secs]
378.286: [GC (Allocation Failure)  142666K->2890K(506816K), 0.0020932 secs]
387.189: [GC (Allocation Failure)  142666K->2743K(506816K), 0.0027221 secs]
396.132: [GC (Allocation Failure)  142381K->2890K(506816K), 0.0020632 secs]
405.113: [GC (Allocation Failure)  142666K->2890K(506816K), 0.0019444 secs]
413.909: [GC (Allocation Failure)  142666K->2744K(506816K), 0.0088717 secs]
422.894: [GC (Allocation Failure)  142520K->2890K(506816K), 0.0033494 secs]
431.867: [GC (Allocation Failure)  142666K->2745K(506816K), 0.0035175 secs]
440.974: [GC (Allocation Failure)  142471K->2890K(506816K), 0.0030425 secs]
450.045: [GC (Allocation Failure)  142666K->2890K(506816K), 0.0028002 secs]
458.841: [GC (Allocation Failure)  142666K->2743K(506816K), 0.0037725 secs]
467.845: [GC (Allocation Failure)  142382K->2890K(506816K), 0.0042462 secs]
476.862: [GC (Allocation Failure)  142666K->2890K(506816K), 0.0024868 secs]
485.838: [GC (Allocation Failure)  142666K->2744K(506816K), 0.0030401 secs]
494.927: [GC (Allocation Failure)  142520K->2890K(506816K), 0.0026278 secs]
503.917: [GC (Allocation Failure)  142666K->2745K(506816K), 0.0046154 secs]
512.765: [GC (Allocation Failure)  142471K->2890K(506816K), 0.0020173 secs]
521.590: [GC (Allocation Failure)  142666K->2890K(506816K), 0.0032824 secs]
530.497: [GC (Allocation Failure)  142666K->2743K(506816K), 0.0040217 secs]
539.393: [GC (Allocation Failure)  142382K->2890K(506816K), 0.0021075 secs]
548.395: [GC (Allocation Failure)  142666K->2890K(506816K), 0.0023991 secs]
557.442: [GC (Allocation Failure)  142666K->2744K(506816K), 0.0028355 secs]
566.679: [GC (Allocation Failure)  142520K->2890K(506816K), 0.0027899 secs]
575.595: [GC (Allocation Failure)  142666K->2745K(506816K), 0.0036726 secs]
584.593: [GC (Allocation Failure)  142471K->2890K(506816K), 0.0029313 secs]
593.559: [GC (Allocation Failure)  142666K->2890K(506816K), 0.0031160 secs]
602.486: [GC (Allocation Failure)  142666K->2743K(506816K), 0.0032439 secs]
611.351: [GC (Allocation Failure)  142382K->2890K(506816K), 0.0016416 secs]
620.469: [GC (Allocation Failure)  142666K->2890K(506816K), 0.0024657 secs]
629.418: [GC (Allocation Failure)  142666K->2744K(506816K), 0.0019988 secs]
638.275: [GC (Allocation Failure)  142520K->2890K(506816K), 0.0030244 secs]
647.250: [GC (Allocation Failure)  142666K->2745K(506816K), 0.0029261 secs]
656.129: [GC (Allocation Failure)  142471K->2890K(506816K), 0.0020500 secs]
665.086: [GC (Allocation Failure)  142666K->2890K(506816K), 0.0037724 secs]
673.998: [GC (Allocation Failure)  142666K->2743K(506816K), 0.0038525 secs]
682.933: [GC (Allocation Failure)  142382K->2890K(506816K), 0.0019987 secs]
691.993: [GC (Allocation Failure)  142666K->2890K(506816K), 0.0056104 secs]
700.809: [GC (Allocation Failure)  142666K->2744K(506816K), 0.0023851 secs]
709.657: [GC (Allocation Failure)  142520K->2890K(506816K), 0.0040402 secs]
718.628: [GC (Allocation Failure)  142666K->2745K(506816K), 0.0027199 secs]
727.545: [GC (Allocation Failure)  142471K->2890K(506816K), 0.0020541 secs]
736.574: [GC (Allocation Failure)  142666K->2890K(506816K), 0.0017531 secs]
