OpenJDK 64-Bit Server VM (25.222-b10) for linux-amd64 JRE (1.8.0_222-8u222-b10-1ubuntu1~18.04.1-b10), built on Jul 18 2019 18:52:48 by "buildd" with gcc 7.4.0
Memory: 4k page, physical 16424660k(15507644k free), swap 0k(0k free)
CommandLine flags: -XX:CompressedClassSpaceSize=45297664 -XX:InitialHeapSize=536870912 -XX:MaxHeapSize=536870912 -XX:MaxMetaspaceSize=53686272 -XX:NewRatio=1 -XX:+PrintGC -XX:+PrintGCTimeStamps -XX:+RequireSharedSpaces -XX:ReservedCodeCacheSize=26843136 -XX:-TieredCompilation -XX:+UseCompressedClassPointers -XX:+UseCompressedOops -XX:+UseSerialGC -XX:+UseSharedSpaces 
4.763: [Full GC (JvmtiEnv ForceGarbageCollection)  77777K->2882K(498112K), 0.0145713 secs]
7.639: [Full GC (JvmtiEnv ForceGarbageCollection)  70615K->2973K(498112K), 0.0067001 secs]
10.526: [Full GC (JvmtiEnv ForceGarbageCollection)  62314K->3062K(498112K), 0.0084362 secs]
13.512: [Full GC (JvmtiEnv ForceGarbageCollection)  62404K->2766K(498112K), 0.0086961 secs]
16.477: [Full GC (JvmtiEnv ForceGarbageCollection)  57911K->2856K(498112K), 0.0067277 secs]
19.526: [Full GC (JvmtiEnv ForceGarbageCollection)  58002K->2947K(498112K), 0.0087316 secs]
22.575: [Full GC (JvmtiEnv ForceGarbageCollection)  58093K->3039K(498112K), 0.0073224 secs]
25.597: [Full GC (JvmtiEnv ForceGarbageCollection)  58185K->2769K(498112K), 0.0113677 secs]
28.601: [Full GC (JvmtiEnv ForceGarbageCollection)  57915K->2859K(498112K), 0.0067095 secs]
31.592: [Full GC (JvmtiEnv ForceGarbageCollection)  58005K->2949K(498112K), 0.0069119 secs]
34.539: [Full GC (JvmtiEnv ForceGarbageCollection)  58095K->3040K(498112K), 0.0074912 secs]
37.438: [Full GC (JvmtiEnv ForceGarbageCollection)  58186K->2769K(498112K), 0.0077172 secs]
40.401: [Full GC (JvmtiEnv ForceGarbageCollection)  57915K->2860K(498112K), 0.0095004 secs]
43.534: [Full GC (JvmtiEnv ForceGarbageCollection)  58005K->2950K(498112K), 0.0078919 secs]
46.571: [Full GC (JvmtiEnv ForceGarbageCollection)  58096K->3041K(498112K), 0.0083909 secs]
49.591: [Full GC (JvmtiEnv ForceGarbageCollection)  58187K->2770K(498112K), 0.0078587 secs]
52.581: [Full GC (JvmtiEnv ForceGarbageCollection)  57916K->2862K(498112K), 0.0080096 secs]
55.575: [Full GC (JvmtiEnv ForceGarbageCollection)  58008K->2953K(498112K), 0.0073117 secs]
58.649: [Full GC (JvmtiEnv ForceGarbageCollection)  58099K->3044K(498112K), 0.0080701 secs]
61.721: [Full GC (JvmtiEnv ForceGarbageCollection)  58190K->2774K(498112K), 0.0102504 secs]
64.903: [Full GC (JvmtiEnv ForceGarbageCollection)  57920K->2867K(498112K), 0.0068668 secs]
67.942: [Full GC (JvmtiEnv ForceGarbageCollection)  58005K->2961K(498112K), 0.0104875 secs]
71.001: [Full GC (JvmtiEnv ForceGarbageCollection)  58107K->3053K(498112K), 0.0072315 secs]
74.074: [Full GC (JvmtiEnv ForceGarbageCollection)  58199K->2777K(498112K), 0.0073658 secs]
77.119: [Full GC (JvmtiEnv ForceGarbageCollection)  57923K->2870K(498112K), 0.0076649 secs]
80.253: [Full GC (JvmtiEnv ForceGarbageCollection)  58016K->2962K(498112K), 0.0107821 secs]
83.325: [Full GC (JvmtiEnv ForceGarbageCollection)  58108K->3055K(498112K), 0.0098002 secs]
86.428: [Full GC (JvmtiEnv ForceGarbageCollection)  58201K->2778K(498112K), 0.0064253 secs]
89.509: [Full GC (JvmtiEnv ForceGarbageCollection)  57924K->2871K(498112K), 0.0083577 secs]
92.579: [Full GC (JvmtiEnv ForceGarbageCollection)  58017K->2964K(498112K), 0.0079632 secs]
95.658: [Full GC (JvmtiEnv ForceGarbageCollection)  58109K->3057K(498112K), 0.0074415 secs]
98.713: [Full GC (JvmtiEnv ForceGarbageCollection)  58203K->2779K(498112K), 0.0078369 secs]
101.702: [Full GC (JvmtiEnv ForceGarbageCollection)  57925K->2872K(498112K), 0.0078961 secs]
104.773: [Full GC (JvmtiEnv ForceGarbageCollection)  58018K->2966K(498112K), 0.0087746 secs]
108.093: [Full GC (JvmtiEnv ForceGarbageCollection)  58112K->3060K(498112K), 0.0084547 secs]
110.998: [Full GC (JvmtiEnv ForceGarbageCollection)  58206K->2781K(498112K), 0.0058706 secs]
113.930: [Full GC (JvmtiEnv ForceGarbageCollection)  57927K->2875K(498112K), 0.0073624 secs]
116.911: [Full GC (JvmtiEnv ForceGarbageCollection)  58021K->2971K(498112K), 0.0078343 secs]
119.839: [Full GC (JvmtiEnv ForceGarbageCollection)  66508K->3068K(498112K), 0.0074026 secs]
122.782: [Full GC (JvmtiEnv ForceGarbageCollection)  58213K->2788K(498112K), 0.0077064 secs]
125.724: [Full GC (JvmtiEnv ForceGarbageCollection)  57933K->2882K(498112K), 0.0073785 secs]
128.617: [Full GC (JvmtiEnv ForceGarbageCollection)  58028K->2977K(498112K), 0.0074011 secs]
131.542: [Full GC (JvmtiEnv ForceGarbageCollection)  58123K->3071K(498112K), 0.0095133 secs]
134.539: [Full GC (JvmtiEnv ForceGarbageCollection)  58217K->2788K(498112K), 0.0124238 secs]
137.568: [Full GC (JvmtiEnv ForceGarbageCollection)  57934K->2883K(498112K), 0.0079332 secs]
140.600: [Full GC (JvmtiEnv ForceGarbageCollection)  58029K->2978K(498112K), 0.0070829 secs]
143.577: [Full GC (JvmtiEnv ForceGarbageCollection)  58124K->3073K(498112K), 0.0116596 secs]
146.522: [Full GC (JvmtiEnv ForceGarbageCollection)  58219K->2789K(498112K), 0.0086882 secs]
149.502: [Full GC (JvmtiEnv ForceGarbageCollection)  57935K->2884K(498112K), 0.0085030 secs]
152.514: [Full GC (JvmtiEnv ForceGarbageCollection)  58030K->2980K(498112K), 0.0069364 secs]
155.553: [Full GC (JvmtiEnv ForceGarbageCollection)  58126K->3076K(498112K), 0.0072138 secs]
158.481: [Full GC (JvmtiEnv ForceGarbageCollection)  58221K->2790K(498112K), 0.0060214 secs]
161.484: [Full GC (JvmtiEnv ForceGarbageCollection)  57936K->2886K(498112K), 0.0071270 secs]
164.502: [Full GC (JvmtiEnv ForceGarbageCollection)  58032K->2982K(498112K), 0.0077242 secs]
167.517: [Full GC (JvmtiEnv ForceGarbageCollection)  58127K->3078K(498112K), 0.0077391 secs]
170.492: [Full GC (JvmtiEnv ForceGarbageCollection)  58224K->2791K(498112K), 0.0091908 secs]
173.555: [Full GC (JvmtiEnv ForceGarbageCollection)  57937K->2887K(498112K), 0.0099428 secs]
176.592: [Full GC (JvmtiEnv ForceGarbageCollection)  58033K->2984K(498112K), 0.0081941 secs]
179.661: [Full GC (JvmtiEnv ForceGarbageCollection)  58129K->3079K(498112K), 0.0074786 secs]
182.692: [Full GC (JvmtiEnv ForceGarbageCollection)  58225K->2791K(498112K), 0.0067111 secs]
185.719: [Full GC (JvmtiEnv ForceGarbageCollection)  57937K->2887K(498112K), 0.0069645 secs]
188.651: [Full GC (JvmtiEnv ForceGarbageCollection)  58033K->2983K(498112K), 0.0073649 secs]
191.600: [Full GC (JvmtiEnv ForceGarbageCollection)  58129K->3079K(498112K), 0.0071514 secs]
194.704: [Full GC (JvmtiEnv ForceGarbageCollection)  58225K->2791K(498112K), 0.0063659 secs]
197.732: [Full GC (JvmtiEnv ForceGarbageCollection)  57937K->2887K(498112K), 0.0103434 secs]
200.776: [Full GC (JvmtiEnv ForceGarbageCollection)  58033K->2984K(498112K), 0.0091844 secs]
203.858: [Full GC (JvmtiEnv ForceGarbageCollection)  58129K->3080K(498112K), 0.0071645 secs]
206.899: [Full GC (JvmtiEnv ForceGarbageCollection)  62578K->2792K(498112K), 0.0077215 secs]
209.946: [Full GC (JvmtiEnv ForceGarbageCollection)  62290K->2889K(498112K), 0.0073246 secs]
212.972: [Full GC (JvmtiEnv ForceGarbageCollection)  62387K->2986K(498112K), 0.0063993 secs]
216.061: [Full GC (JvmtiEnv ForceGarbageCollection)  62484K->3083K(498112K), 0.0078421 secs]
219.141: [Full GC (JvmtiEnv ForceGarbageCollection)  62581K->2792K(498112K), 0.0060247 secs]
222.226: [Full GC (JvmtiEnv ForceGarbageCollection)  62290K->2890K(498112K), 0.0082709 secs]
225.201: [Full GC (JvmtiEnv ForceGarbageCollection)  62388K->2988K(498112K), 0.0080423 secs]
228.174: [Full GC (JvmtiEnv ForceGarbageCollection)  62486K->3085K(498112K), 0.0084400 secs]
231.186: [Full GC (JvmtiEnv ForceGarbageCollection)  62583K->2794K(498112K), 0.0075697 secs]
234.173: [Full GC (JvmtiEnv ForceGarbageCollection)  62291K->2891K(498112K), 0.0076241 secs]
237.317: [Full GC (JvmtiEnv ForceGarbageCollection)  62389K->2989K(498112K), 0.0076837 secs]
240.513: [Full GC (JvmtiEnv ForceGarbageCollection)  62487K->3087K(498112K), 0.0088381 secs]
243.578: [Full GC (JvmtiEnv ForceGarbageCollection)  62585K->2794K(498112K), 0.0128870 secs]
246.604: [Full GC (JvmtiEnv ForceGarbageCollection)  62292K->2892K(498112K), 0.0123507 secs]
249.666: [Full GC (JvmtiEnv ForceGarbageCollection)  62390K->2990K(498112K), 0.0075126 secs]
252.786: [Full GC (JvmtiEnv ForceGarbageCollection)  62488K->3088K(498112K), 0.0077490 secs]
255.809: [Full GC (JvmtiEnv ForceGarbageCollection)  62586K->2794K(498112K), 0.0074280 secs]
258.934: [Full GC (JvmtiEnv ForceGarbageCollection)  62292K->2893K(498112K), 0.0074220 secs]
262.090: [Full GC (JvmtiEnv ForceGarbageCollection)  62391K->2991K(498112K), 0.0066566 secs]
265.245: [Full GC (JvmtiEnv ForceGarbageCollection)  62489K->3090K(498112K), 0.0080374 secs]
268.345: [Full GC (JvmtiEnv ForceGarbageCollection)  62588K->2795K(498112K), 0.0088109 secs]
271.418: [Full GC (JvmtiEnv ForceGarbageCollection)  62293K->2900K(498112K), 0.0078482 secs]
274.476: [Full GC (JvmtiEnv ForceGarbageCollection)  62398K->2999K(498112K), 0.0084269 secs]
277.618: [Full GC (JvmtiEnv ForceGarbageCollection)  62497K->3098K(498112K), 0.0074103 secs]
280.762: [Full GC (JvmtiEnv ForceGarbageCollection)  66792K->2803K(498112K), 0.0076814 secs]
283.947: [Full GC (JvmtiEnv ForceGarbageCollection)  62301K->2903K(498112K), 0.0076415 secs]
286.972: [Full GC (JvmtiEnv ForceGarbageCollection)  62392K->3004K(498112K), 0.0071895 secs]
290.070: [Full GC (JvmtiEnv ForceGarbageCollection)  62502K->3104K(498112K), 0.0074660 secs]
293.154: [Full GC (JvmtiEnv ForceGarbageCollection)  62586K->2806K(498112K), 0.0073979 secs]
296.266: [Full GC (JvmtiEnv ForceGarbageCollection)  62288K->2906K(498112K), 0.0084284 secs]
299.451: [Full GC (JvmtiEnv ForceGarbageCollection)  62388K->3006K(498112K), 0.0137021 secs]
302.695: [Full GC (JvmtiEnv ForceGarbageCollection)  62488K->3107K(498112K), 0.0134271 secs]
305.785: [Full GC (JvmtiEnv ForceGarbageCollection)  62588K->2807K(498112K), 0.0078271 secs]
308.922: [Full GC (JvmtiEnv ForceGarbageCollection)  62289K->2908K(498112K), 0.0076693 secs]
312.042: [Full GC (JvmtiEnv ForceGarbageCollection)  62389K->3008K(498112K), 0.0081580 secs]
315.215: [Full GC (JvmtiEnv ForceGarbageCollection)  62490K->3109K(498112K), 0.0082348 secs]
318.333: [Full GC (JvmtiEnv ForceGarbageCollection)  62607K->2809K(498112K), 0.0089673 secs]
321.526: [Full GC (JvmtiEnv ForceGarbageCollection)  62290K->2909K(498112K), 0.0084081 secs]
324.696: [Full GC (JvmtiEnv ForceGarbageCollection)  62391K->3010K(498112K), 0.0113387 secs]
328.015: [Full GC (JvmtiEnv ForceGarbageCollection)  62492K->3112K(498112K), 0.0079903 secs]
331.114: [Full GC (JvmtiEnv ForceGarbageCollection)  62593K->2809K(498112K), 0.0082852 secs]
334.247: [Full GC (JvmtiEnv ForceGarbageCollection)  62290K->2910K(498112K), 0.0077748 secs]
337.450: [Full GC (JvmtiEnv ForceGarbageCollection)  62392K->3011K(498112K), 0.0084027 secs]
340.726: [Full GC (JvmtiEnv ForceGarbageCollection)  62493K->3112K(498112K), 0.0105913 secs]
344.019: [Full GC (JvmtiEnv ForceGarbageCollection)  62594K->2811K(498112K), 0.0142067 secs]
347.118: [Full GC (JvmtiEnv ForceGarbageCollection)  62309K->2912K(498112K), 0.0077531 secs]
350.250: [Full GC (JvmtiEnv ForceGarbageCollection)  62410K->3014K(498112K), 0.0105681 secs]
353.370: [Full GC (JvmtiEnv ForceGarbageCollection)  62512K->3115K(498112K), 0.0070153 secs]
356.535: [Full GC (JvmtiEnv ForceGarbageCollection)  62613K->2811K(498112K), 0.0071385 secs]
359.803: [Full GC (JvmtiEnv ForceGarbageCollection)  62308K->2912K(498112K), 0.0075501 secs]
363.041: [Full GC (JvmtiEnv ForceGarbageCollection)  62410K->3014K(498112K), 0.0072257 secs]
366.233: [Full GC (JvmtiEnv ForceGarbageCollection)  62512K->3116K(498112K), 0.0092893 secs]
369.429: [Full GC (JvmtiEnv ForceGarbageCollection)  62614K->2811K(498112K), 0.0079870 secs]
372.609: [Full GC (JvmtiEnv ForceGarbageCollection)  62309K->2913K(498112K), 0.0078254 secs]
375.801: [Full GC (JvmtiEnv ForceGarbageCollection)  62410K->3015K(498112K), 0.0077870 secs]
379.019: [Full GC (JvmtiEnv ForceGarbageCollection)  62512K->3117K(498112K), 0.0123107 secs]
382.302: [Full GC (JvmtiEnv ForceGarbageCollection)  62615K->2811K(498112K), 0.0081291 secs]
385.568: [Full GC (JvmtiEnv ForceGarbageCollection)  62309K->2914K(498112K), 0.0065950 secs]
388.962: [Full GC (JvmtiEnv ForceGarbageCollection)  62412K->3017K(498112K), 0.0082043 secs]
392.135: [Full GC (JvmtiEnv ForceGarbageCollection)  62515K->3119K(498112K), 0.0086803 secs]
395.347: [Full GC (JvmtiEnv ForceGarbageCollection)  62617K->2812K(498112K), 0.0078634 secs]
398.553: [Full GC (JvmtiEnv ForceGarbageCollection)  62310K->2914K(498112K), 0.0088759 secs]
401.809: [Full GC (JvmtiEnv ForceGarbageCollection)  62413K->3018K(498112K), 0.0089857 secs]
405.143: [Full GC (JvmtiEnv ForceGarbageCollection)  62516K->3121K(498112K), 0.0074675 secs]
408.402: [Full GC (JvmtiEnv ForceGarbageCollection)  62619K->2812K(498112K), 0.0067074 secs]
411.549: [Full GC (JvmtiEnv ForceGarbageCollection)  62310K->2915K(498112K), 0.0079788 secs]
414.706: [Full GC (JvmtiEnv ForceGarbageCollection)  62413K->3018K(498112K), 0.0065441 secs]
418.027: [Full GC (JvmtiEnv ForceGarbageCollection)  62516K->3122K(498112K), 0.0130710 secs]
421.338: [Full GC (JvmtiEnv ForceGarbageCollection)  62620K->2812K(498112K), 0.0075806 secs]
424.623: [Full GC (JvmtiEnv ForceGarbageCollection)  62310K->2916K(498112K), 0.0081938 secs]
427.900: [Full GC (JvmtiEnv ForceGarbageCollection)  62414K->3020K(498112K), 0.0080911 secs]
431.199: [Full GC (JvmtiEnv ForceGarbageCollection)  62518K->3124K(498112K), 0.0078869 secs]
434.529: [Full GC (JvmtiEnv ForceGarbageCollection)  66974K->2813K(498112K), 0.0066029 secs]
437.825: [Full GC (JvmtiEnv ForceGarbageCollection)  66663K->2918K(498112K), 0.0067185 secs]
441.110: [Full GC (JvmtiEnv ForceGarbageCollection)  66768K->3022K(498112K), 0.0087456 secs]
444.425: [Full GC (JvmtiEnv ForceGarbageCollection)  66872K->3127K(498112K), 0.0078714 secs]
447.885: [Full GC (JvmtiEnv ForceGarbageCollection)  66977K->2813K(498112K), 0.0116407 secs]
451.340: [Full GC (JvmtiEnv ForceGarbageCollection)  66663K->2918K(498112K), 0.0102005 secs]
454.728: [Full GC (JvmtiEnv ForceGarbageCollection)  66768K->3024K(498112K), 0.0080721 secs]
458.114: [Full GC (JvmtiEnv ForceGarbageCollection)  66874K->3129K(498112K), 0.0067664 secs]
461.448: [Full GC (JvmtiEnv ForceGarbageCollection)  66979K->2814K(498112K), 0.0082257 secs]
464.783: [Full GC (JvmtiEnv ForceGarbageCollection)  66664K->2918K(498112K), 0.0075877 secs]
468.094: [Full GC (JvmtiEnv ForceGarbageCollection)  66768K->3024K(498112K), 0.0080732 secs]
471.391: [Full GC (JvmtiEnv ForceGarbageCollection)  66874K->3129K(498112K), 0.0078089 secs]
474.658: [Full GC (JvmtiEnv ForceGarbageCollection)  66979K->2814K(498112K), 0.0080041 secs]
478.064: [Full GC (JvmtiEnv ForceGarbageCollection)  66664K->2919K(498112K), 0.0067349 secs]
481.278: [Full GC (JvmtiEnv ForceGarbageCollection)  66769K->3024K(498112K), 0.0075601 secs]
484.615: [Full GC (JvmtiEnv ForceGarbageCollection)  66874K->3130K(498112K), 0.0078231 secs]
487.882: [Full GC (JvmtiEnv ForceGarbageCollection)  66980K->2814K(498112K), 0.0073377 secs]
491.079: [Full GC (JvmtiEnv ForceGarbageCollection)  66665K->2920K(498112K), 0.0076680 secs]
494.274: [Full GC (JvmtiEnv ForceGarbageCollection)  66770K->3026K(498112K), 0.0078542 secs]
497.591: [Full GC (JvmtiEnv ForceGarbageCollection)  66876K->3132K(498112K), 0.0079240 secs]
500.863: [Full GC (JvmtiEnv ForceGarbageCollection)  66982K->2814K(498112K), 0.0069601 secs]
504.231: [Full GC (JvmtiEnv ForceGarbageCollection)  66664K->2920K(498112K), 0.0097162 secs]
507.605: [Full GC (JvmtiEnv ForceGarbageCollection)  66770K->3026K(498112K), 0.0067272 secs]
511.021: [Full GC (JvmtiEnv ForceGarbageCollection)  66876K->3132K(498112K), 0.0075405 secs]
514.323: [Full GC (JvmtiEnv ForceGarbageCollection)  66982K->2701K(498112K), 0.0091985 secs]
517.734: [Full GC (JvmtiEnv ForceGarbageCollection)  66551K->2808K(498112K), 0.0083595 secs]
521.088: [Full GC (JvmtiEnv ForceGarbageCollection)  66658K->2914K(498112K), 0.0103192 secs]
524.509: [Full GC (JvmtiEnv ForceGarbageCollection)  66764K->3021K(498112K), 0.0074050 secs]
527.822: [Full GC (JvmtiEnv ForceGarbageCollection)  66871K->2701K(498112K), 0.0080062 secs]
531.113: [Full GC (JvmtiEnv ForceGarbageCollection)  66551K->2808K(498112K), 0.0078146 secs]
534.409: [Full GC (JvmtiEnv ForceGarbageCollection)  66658K->2915K(498112K), 0.0082312 secs]
537.787: [Full GC (JvmtiEnv ForceGarbageCollection)  66765K->3023K(498112K), 0.0074253 secs]
541.090: [Full GC (JvmtiEnv ForceGarbageCollection)  66873K->2702K(498112K), 0.0076186 secs]
544.439: [Full GC (JvmtiEnv ForceGarbageCollection)  66552K->2809K(498112K), 0.0071178 secs]
547.766: [Full GC (JvmtiEnv ForceGarbageCollection)  66659K->2917K(498112K), 0.0084460 secs]
551.188: [Full GC (JvmtiEnv ForceGarbageCollection)  66767K->3025K(498112K), 0.0106400 secs]
554.713: [Full GC (JvmtiEnv ForceGarbageCollection)  66875K->2702K(498112K), 0.0148290 secs]
558.078: [Full GC (JvmtiEnv ForceGarbageCollection)  66552K->2810K(498112K), 0.0069365 secs]
561.411: [Full GC (JvmtiEnv ForceGarbageCollection)  66660K->2918K(498112K), 0.0084901 secs]
564.735: [Full GC (JvmtiEnv ForceGarbageCollection)  66768K->3026K(498112K), 0.0074803 secs]
568.223: [Full GC (JvmtiEnv ForceGarbageCollection)  66877K->2703K(498112K), 0.0072387 secs]
571.850: [Full GC (JvmtiEnv ForceGarbageCollection)  66553K->2811K(498112K), 0.0075283 secs]
575.227: [Full GC (JvmtiEnv ForceGarbageCollection)  66661K->2920K(498112K), 0.0065150 secs]
578.622: [Full GC (JvmtiEnv ForceGarbageCollection)  66770K->3029K(498112K), 0.0071232 secs]
581.993: [Full GC (JvmtiEnv ForceGarbageCollection)  66879K->2704K(498112K), 0.0068934 secs]
585.378: [Full GC (JvmtiEnv ForceGarbageCollection)  66554K->2812K(498112K), 0.0077338 secs]
588.747: [Full GC (JvmtiEnv ForceGarbageCollection)  66663K->2922K(498112K), 0.0078266 secs]
592.258: [Full GC (JvmtiEnv ForceGarbageCollection)  66772K->3031K(498112K), 0.0085159 secs]
595.640: [Full GC (JvmtiEnv ForceGarbageCollection)  66881K->2704K(498112K), 0.0087167 secs]
599.037: [Full GC (JvmtiEnv ForceGarbageCollection)  66554K->2813K(498112K), 0.0071266 secs]
602.403: [Full GC (JvmtiEnv ForceGarbageCollection)  66663K->2922K(498112K), 0.0079116 secs]
605.700: [Full GC (JvmtiEnv ForceGarbageCollection)  66772K->3032K(498112K), 0.0073089 secs]
609.066: [Full GC (JvmtiEnv ForceGarbageCollection)  66882K->2705K(498112K), 0.0071436 secs]
612.517: [Full GC (JvmtiEnv ForceGarbageCollection)  66555K->2814K(498112K), 0.0127021 secs]
615.894: [Full GC (JvmtiEnv ForceGarbageCollection)  66664K->2924K(498112K), 0.0078514 secs]
619.251: [Full GC (JvmtiEnv ForceGarbageCollection)  66774K->3033K(498112K), 0.0105223 secs]
622.685: [Full GC (JvmtiEnv ForceGarbageCollection)  66884K->2705K(498112K), 0.0083298 secs]
626.139: [Full GC (JvmtiEnv ForceGarbageCollection)  66555K->2814K(498112K), 0.0073033 secs]
629.679: [Full GC (JvmtiEnv ForceGarbageCollection)  66664K->2924K(498112K), 0.0097265 secs]
633.130: [Full GC (JvmtiEnv ForceGarbageCollection)  66774K->3033K(498112K), 0.0080281 secs]
636.543: [Full GC (JvmtiEnv ForceGarbageCollection)  66883K->2705K(498112K), 0.0076487 secs]
639.938: [Full GC (JvmtiEnv ForceGarbageCollection)  66555K->2814K(498112K), 0.0082161 secs]
643.443: [Full GC (JvmtiEnv ForceGarbageCollection)  66665K->2924K(498112K), 0.0071435 secs]
646.866: [Full GC (JvmtiEnv ForceGarbageCollection)  66774K->3034K(498112K), 0.0122404 secs]
650.294: [Full GC (JvmtiEnv ForceGarbageCollection)  66884K->2705K(498112K), 0.0087298 secs]
653.693: [Full GC (JvmtiEnv ForceGarbageCollection)  66555K->2815K(498112K), 0.0069127 secs]
657.087: [Full GC (JvmtiEnv ForceGarbageCollection)  66665K->2926K(498112K), 0.0076927 secs]
660.494: [Full GC (JvmtiEnv ForceGarbageCollection)  66776K->3036K(498112K), 0.0079322 secs]
663.966: [Full GC (JvmtiEnv ForceGarbageCollection)  66886K->2705K(498112K), 0.0070717 secs]
667.326: [Full GC (JvmtiEnv ForceGarbageCollection)  66555K->2815K(498112K), 0.0069255 secs]
670.667: [Full GC (JvmtiEnv ForceGarbageCollection)  66665K->2926K(498112K), 0.0073386 secs]
674.170: [Full GC (JvmtiEnv ForceGarbageCollection)  66776K->3036K(498112K), 0.0073186 secs]
677.579: [Full GC (JvmtiEnv ForceGarbageCollection)  66886K->2705K(498112K), 0.0077873 secs]
