OpenJDK 64-Bit Server VM (25.222-b10) for linux-amd64 JRE (1.8.0_222-8u222-b10-1ubuntu1~18.04.1-b10), built on Jul 18 2019 18:52:48 by "buildd" with gcc 7.4.0
Memory: 4k page, physical 16424660k(15507144k free), swap 0k(0k free)
CommandLine flags: -XX:CompressedClassSpaceSize=45297664 -XX:InitialHeapSize=536870912 -XX:MaxHeapSize=536870912 -XX:MaxMetaspaceSize=53686272 -XX:NewRatio=1 -XX:+PrintGC -XX:+PrintGCTimeStamps -XX:+RequireSharedSpaces -XX:ReservedCodeCacheSize=26843136 -XX:-TieredCompilation -XX:+UseCompressedClassPointers -XX:+UseCompressedOops -XX:+UseSerialGC -XX:+UseSharedSpaces 
4.823: [Full GC (JvmtiEnv ForceGarbageCollection)  77777K->2881K(498112K), 0.0145919 secs]
7.746: [Full GC (JvmtiEnv ForceGarbageCollection)  70615K->2973K(498112K), 0.0088267 secs]
10.681: [Full GC (JvmtiEnv ForceGarbageCollection)  62314K->3062K(498112K), 0.0074211 secs]
13.558: [Full GC (JvmtiEnv ForceGarbageCollection)  62404K->2766K(498112K), 0.0085954 secs]
16.500: [Full GC (JvmtiEnv ForceGarbageCollection)  57911K->2856K(498112K), 0.0086567 secs]
19.482: [Full GC (JvmtiEnv ForceGarbageCollection)  58002K->2947K(498112K), 0.0093647 secs]
22.449: [Full GC (JvmtiEnv ForceGarbageCollection)  58093K->3040K(498112K), 0.0073604 secs]
25.514: [Full GC (JvmtiEnv ForceGarbageCollection)  58186K->2768K(498112K), 0.0098325 secs]
28.546: [Full GC (JvmtiEnv ForceGarbageCollection)  57914K->2859K(498112K), 0.0110112 secs]
31.480: [Full GC (JvmtiEnv ForceGarbageCollection)  58005K->2949K(498112K), 0.0085953 secs]
34.421: [Full GC (JvmtiEnv ForceGarbageCollection)  58095K->3040K(498112K), 0.0072186 secs]
37.317: [Full GC (JvmtiEnv ForceGarbageCollection)  58186K->2769K(498112K), 0.0069524 secs]
40.305: [Full GC (JvmtiEnv ForceGarbageCollection)  57915K->2860K(498112K), 0.0072996 secs]
43.337: [Full GC (JvmtiEnv ForceGarbageCollection)  58005K->2951K(498112K), 0.0080582 secs]
46.222: [Full GC (JvmtiEnv ForceGarbageCollection)  58097K->3042K(498112K), 0.0113550 secs]
49.324: [Full GC (JvmtiEnv ForceGarbageCollection)  58188K->2770K(498112K), 0.0084726 secs]
52.491: [Full GC (JvmtiEnv ForceGarbageCollection)  57916K->2862K(498112K), 0.0075522 secs]
55.479: [Full GC (JvmtiEnv ForceGarbageCollection)  58008K->2953K(498112K), 0.0117650 secs]
58.535: [Full GC (JvmtiEnv ForceGarbageCollection)  58099K->3045K(498112K), 0.0078157 secs]
61.624: [Full GC (JvmtiEnv ForceGarbageCollection)  58191K->2774K(498112K), 0.0078116 secs]
64.694: [Full GC (JvmtiEnv ForceGarbageCollection)  57920K->2867K(498112K), 0.0076438 secs]
67.703: [Full GC (JvmtiEnv ForceGarbageCollection)  58005K->2961K(498112K), 0.0074806 secs]
70.722: [Full GC (JvmtiEnv ForceGarbageCollection)  58107K->3053K(498112K), 0.0075188 secs]
73.831: [Full GC (JvmtiEnv ForceGarbageCollection)  58199K->2778K(498112K), 0.0073227 secs]
77.010: [Full GC (JvmtiEnv ForceGarbageCollection)  57924K->2871K(498112K), 0.0081013 secs]
80.061: [Full GC (JvmtiEnv ForceGarbageCollection)  58016K->2963K(498112K), 0.0077230 secs]
83.081: [Full GC (JvmtiEnv ForceGarbageCollection)  58109K->3055K(498112K), 0.0081987 secs]
86.105: [Full GC (JvmtiEnv ForceGarbageCollection)  58201K->2778K(498112K), 0.0076095 secs]
89.145: [Full GC (JvmtiEnv ForceGarbageCollection)  57924K->2871K(498112K), 0.0072621 secs]
92.244: [Full GC (JvmtiEnv ForceGarbageCollection)  58017K->2964K(498112K), 0.0069134 secs]
95.326: [Full GC (JvmtiEnv ForceGarbageCollection)  58110K->3057K(498112K), 0.0109535 secs]
98.441: [Full GC (JvmtiEnv ForceGarbageCollection)  58203K->2778K(498112K), 0.0112227 secs]
101.578: [Full GC (JvmtiEnv ForceGarbageCollection)  57924K->2871K(498112K), 0.0063673 secs]
104.625: [Full GC (JvmtiEnv ForceGarbageCollection)  58017K->2965K(498112K), 0.0068436 secs]
107.892: [Full GC (JvmtiEnv ForceGarbageCollection)  58111K->3059K(498112K), 0.0071338 secs]
110.823: [Full GC (JvmtiEnv ForceGarbageCollection)  58205K->2780K(498112K), 0.0075870 secs]
113.918: [Full GC (JvmtiEnv ForceGarbageCollection)  57926K->2874K(498112K), 0.0076142 secs]
116.962: [Full GC (JvmtiEnv ForceGarbageCollection)  58020K->2970K(498112K), 0.0075874 secs]
119.946: [Full GC (JvmtiEnv ForceGarbageCollection)  66507K->3066K(498112K), 0.0077512 secs]
122.974: [Full GC (JvmtiEnv ForceGarbageCollection)  58212K->2787K(498112K), 0.0083817 secs]
125.878: [Full GC (JvmtiEnv ForceGarbageCollection)  57933K->2881K(498112K), 0.0077844 secs]
128.774: [Full GC (JvmtiEnv ForceGarbageCollection)  58027K->2975K(498112K), 0.0077635 secs]
131.732: [Full GC (JvmtiEnv ForceGarbageCollection)  58121K->3069K(498112K), 0.0079670 secs]
134.681: [Full GC (JvmtiEnv ForceGarbageCollection)  58215K->2788K(498112K), 0.0083823 secs]
137.631: [Full GC (JvmtiEnv ForceGarbageCollection)  57934K->2881K(498112K), 0.0063276 secs]
140.567: [Full GC (JvmtiEnv ForceGarbageCollection)  58027K->2976K(498112K), 0.0060537 secs]
143.543: [Full GC (JvmtiEnv ForceGarbageCollection)  58121K->3070K(498112K), 0.0077464 secs]
146.495: [Full GC (JvmtiEnv ForceGarbageCollection)  58216K->2788K(498112K), 0.0074398 secs]
149.410: [Full GC (JvmtiEnv ForceGarbageCollection)  57934K->2883K(498112K), 0.0107075 secs]
152.421: [Full GC (JvmtiEnv ForceGarbageCollection)  58029K->2977K(498112K), 0.0074815 secs]
155.346: [Full GC (JvmtiEnv ForceGarbageCollection)  58123K->3072K(498112K), 0.0070242 secs]
158.300: [Full GC (JvmtiEnv ForceGarbageCollection)  58218K->2790K(498112K), 0.0074278 secs]
161.345: [Full GC (JvmtiEnv ForceGarbageCollection)  57936K->2885K(498112K), 0.0069782 secs]
164.358: [Full GC (JvmtiEnv ForceGarbageCollection)  58031K->2980K(498112K), 0.0074771 secs]
167.345: [Full GC (JvmtiEnv ForceGarbageCollection)  58125K->3075K(498112K), 0.0086984 secs]
170.290: [Full GC (JvmtiEnv ForceGarbageCollection)  58220K->2791K(498112K), 0.0071450 secs]
173.154: [Full GC (JvmtiEnv ForceGarbageCollection)  57936K->2886K(498112K), 0.0090758 secs]
176.165: [Full GC (JvmtiEnv ForceGarbageCollection)  58032K->2982K(498112K), 0.0066807 secs]
179.161: [Full GC (JvmtiEnv ForceGarbageCollection)  58127K->3077K(498112K), 0.0114955 secs]
182.253: [Full GC (JvmtiEnv ForceGarbageCollection)  58223K->2791K(498112K), 0.0074243 secs]
185.265: [Full GC (JvmtiEnv ForceGarbageCollection)  57936K->2887K(498112K), 0.0071412 secs]
188.285: [Full GC (JvmtiEnv ForceGarbageCollection)  58032K->2983K(498112K), 0.0080216 secs]
191.197: [Full GC (JvmtiEnv ForceGarbageCollection)  58129K->3079K(498112K), 0.0086593 secs]
194.188: [Full GC (JvmtiEnv ForceGarbageCollection)  58225K->2791K(498112K), 0.0080147 secs]
197.269: [Full GC (JvmtiEnv ForceGarbageCollection)  57937K->2887K(498112K), 0.0079865 secs]
200.279: [Full GC (JvmtiEnv ForceGarbageCollection)  62385K->2984K(498112K), 0.0081251 secs]
203.314: [Full GC (JvmtiEnv ForceGarbageCollection)  62482K->3081K(498112K), 0.0071799 secs]
206.379: [Full GC (JvmtiEnv ForceGarbageCollection)  62579K->2792K(498112K), 0.0089955 secs]
209.424: [Full GC (JvmtiEnv ForceGarbageCollection)  62290K->2889K(498112K), 0.0069114 secs]
212.485: [Full GC (JvmtiEnv ForceGarbageCollection)  62387K->2986K(498112K), 0.0093241 secs]
215.513: [Full GC (JvmtiEnv ForceGarbageCollection)  62484K->3083K(498112K), 0.0073604 secs]
218.537: [Full GC (JvmtiEnv ForceGarbageCollection)  62581K->2793K(498112K), 0.0073039 secs]
221.547: [Full GC (JvmtiEnv ForceGarbageCollection)  62291K->2891K(498112K), 0.0085932 secs]
224.601: [Full GC (JvmtiEnv ForceGarbageCollection)  62389K->2988K(498112K), 0.0073617 secs]
227.754: [Full GC (JvmtiEnv ForceGarbageCollection)  62486K->3086K(498112K), 0.0129511 secs]
230.809: [Full GC (JvmtiEnv ForceGarbageCollection)  62584K->2794K(498112K), 0.0099125 secs]
233.819: [Full GC (JvmtiEnv ForceGarbageCollection)  62292K->2892K(498112K), 0.0061495 secs]
236.914: [Full GC (JvmtiEnv ForceGarbageCollection)  62390K->2990K(498112K), 0.0077769 secs]
239.963: [Full GC (JvmtiEnv ForceGarbageCollection)  62488K->3089K(498112K), 0.0081160 secs]
243.039: [Full GC (JvmtiEnv ForceGarbageCollection)  62587K->2794K(498112K), 0.0079929 secs]
246.111: [Full GC (JvmtiEnv ForceGarbageCollection)  62292K->2893K(498112K), 0.0085005 secs]
249.205: [Full GC (JvmtiEnv ForceGarbageCollection)  62391K->2992K(498112K), 0.0076811 secs]
252.268: [Full GC (JvmtiEnv ForceGarbageCollection)  62490K->3091K(498112K), 0.0076109 secs]
255.312: [Full GC (JvmtiEnv ForceGarbageCollection)  62588K->2795K(498112K), 0.0072687 secs]
258.482: [Full GC (JvmtiEnv ForceGarbageCollection)  62293K->2894K(498112K), 0.0081124 secs]
261.591: [Full GC (JvmtiEnv ForceGarbageCollection)  62392K->2995K(498112K), 0.0064719 secs]
264.671: [Full GC (JvmtiEnv ForceGarbageCollection)  62493K->3094K(498112K), 0.0096974 secs]
267.742: [Full GC (JvmtiEnv ForceGarbageCollection)  62592K->2802K(498112K), 0.0081355 secs]
270.817: [Full GC (JvmtiEnv ForceGarbageCollection)  62300K->2902K(498112K), 0.0078722 secs]
274.021: [Full GC (JvmtiEnv ForceGarbageCollection)  62400K->3001K(498112K), 0.0086098 secs]
277.154: [Full GC (JvmtiEnv ForceGarbageCollection)  62499K->3102K(498112K), 0.0099510 secs]
280.279: [Full GC (JvmtiEnv ForceGarbageCollection)  62600K->2804K(498112K), 0.0068581 secs]
283.406: [Full GC (JvmtiEnv ForceGarbageCollection)  62302K->2904K(498112K), 0.0083472 secs]
286.595: [Full GC (JvmtiEnv ForceGarbageCollection)  62402K->3006K(498112K), 0.0066259 secs]
289.819: [Full GC (JvmtiEnv ForceGarbageCollection)  62488K->3107K(498112K), 0.0081111 secs]
292.942: [Full GC (JvmtiEnv ForceGarbageCollection)  62589K->2807K(498112K), 0.0081980 secs]
296.121: [Full GC (JvmtiEnv ForceGarbageCollection)  62289K->2908K(498112K), 0.0078909 secs]
299.306: [Full GC (JvmtiEnv ForceGarbageCollection)  62390K->3009K(498112K), 0.0076873 secs]
302.494: [Full GC (JvmtiEnv ForceGarbageCollection)  62490K->3110K(498112K), 0.0069514 secs]
305.666: [Full GC (JvmtiEnv ForceGarbageCollection)  62591K->2808K(498112K), 0.0074664 secs]
308.853: [Full GC (JvmtiEnv ForceGarbageCollection)  62289K->2909K(498112K), 0.0133490 secs]
312.069: [Full GC (JvmtiEnv ForceGarbageCollection)  62391K->3011K(498112K), 0.0060669 secs]
315.276: [Full GC (JvmtiEnv ForceGarbageCollection)  62492K->3112K(498112K), 0.0077661 secs]
318.441: [Full GC (JvmtiEnv ForceGarbageCollection)  62594K->2809K(498112K), 0.0087050 secs]
321.567: [Full GC (JvmtiEnv ForceGarbageCollection)  62291K->2911K(498112K), 0.0084468 secs]
324.723: [Full GC (JvmtiEnv ForceGarbageCollection)  62392K->3013K(498112K), 0.0079571 secs]
328.004: [Full GC (JvmtiEnv ForceGarbageCollection)  62494K->3115K(498112K), 0.0067788 secs]
331.219: [Full GC (JvmtiEnv ForceGarbageCollection)  62596K->2810K(498112K), 0.0067938 secs]
334.431: [Full GC (JvmtiEnv ForceGarbageCollection)  62291K->2912K(498112K), 0.0082629 secs]
337.562: [Full GC (JvmtiEnv ForceGarbageCollection)  62393K->3014K(498112K), 0.0092446 secs]
340.769: [Full GC (JvmtiEnv ForceGarbageCollection)  62496K->3118K(498112K), 0.0091895 secs]
343.986: [Full GC (JvmtiEnv ForceGarbageCollection)  62616K->2811K(498112K), 0.0086983 secs]
347.185: [Full GC (JvmtiEnv ForceGarbageCollection)  62309K->2914K(498112K), 0.0084305 secs]
350.416: [Full GC (JvmtiEnv ForceGarbageCollection)  62412K->3016K(498112K), 0.0101495 secs]
353.603: [Full GC (JvmtiEnv ForceGarbageCollection)  62514K->3118K(498112K), 0.0083354 secs]
356.974: [Full GC (JvmtiEnv ForceGarbageCollection)  62616K->2811K(498112K), 0.0088949 secs]
360.064: [Full GC (JvmtiEnv ForceGarbageCollection)  62309K->2914K(498112K), 0.0075686 secs]
363.295: [Full GC (JvmtiEnv ForceGarbageCollection)  62412K->3016K(498112K), 0.0076783 secs]
366.496: [Full GC (JvmtiEnv ForceGarbageCollection)  62514K->3119K(498112K), 0.0077460 secs]
369.628: [Full GC (JvmtiEnv ForceGarbageCollection)  62617K->2810K(498112K), 0.0085418 secs]
372.820: [Full GC (JvmtiEnv ForceGarbageCollection)  62308K->2913K(498112K), 0.0077508 secs]
375.934: [Full GC (JvmtiEnv ForceGarbageCollection)  62411K->3016K(498112K), 0.0078085 secs]
379.236: [Full GC (JvmtiEnv ForceGarbageCollection)  62514K->3118K(498112K), 0.0073535 secs]
382.462: [Full GC (JvmtiEnv ForceGarbageCollection)  62616K->2811K(498112K), 0.0075564 secs]
385.658: [Full GC (JvmtiEnv ForceGarbageCollection)  62309K->2914K(498112K), 0.0096065 secs]
388.826: [Full GC (JvmtiEnv ForceGarbageCollection)  62412K->3017K(498112K), 0.0074272 secs]
392.001: [Full GC (JvmtiEnv ForceGarbageCollection)  62515K->3120K(498112K), 0.0123726 secs]
395.194: [Full GC (JvmtiEnv ForceGarbageCollection)  62618K->2812K(498112K), 0.0086835 secs]
398.429: [Full GC (JvmtiEnv ForceGarbageCollection)  62310K->2915K(498112K), 0.0075533 secs]
401.673: [Full GC (JvmtiEnv ForceGarbageCollection)  62413K->3018K(498112K), 0.0086739 secs]
404.899: [Full GC (JvmtiEnv ForceGarbageCollection)  62516K->3122K(498112K), 0.0076892 secs]
408.087: [Full GC (JvmtiEnv ForceGarbageCollection)  62620K->2812K(498112K), 0.0103620 secs]
411.278: [Full GC (JvmtiEnv ForceGarbageCollection)  62310K->2916K(498112K), 0.0086282 secs]
414.511: [Full GC (JvmtiEnv ForceGarbageCollection)  62414K->3020K(498112K), 0.0077157 secs]
417.979: [Full GC (JvmtiEnv ForceGarbageCollection)  62518K->3124K(498112K), 0.0103561 secs]
421.194: [Full GC (JvmtiEnv ForceGarbageCollection)  66974K->2813K(498112K), 0.0072160 secs]
424.418: [Full GC (JvmtiEnv ForceGarbageCollection)  66663K->2917K(498112K), 0.0079358 secs]
427.634: [Full GC (JvmtiEnv ForceGarbageCollection)  62415K->3021K(498112K), 0.0077447 secs]
430.798: [Full GC (JvmtiEnv ForceGarbageCollection)  62520K->3125K(498112K), 0.0083882 secs]
434.035: [Full GC (JvmtiEnv ForceGarbageCollection)  66975K->2813K(498112K), 0.0073905 secs]
437.239: [Full GC (JvmtiEnv ForceGarbageCollection)  66663K->2917K(498112K), 0.0080840 secs]
440.465: [Full GC (JvmtiEnv ForceGarbageCollection)  66768K->3022K(498112K), 0.0074374 secs]
443.773: [Full GC (JvmtiEnv ForceGarbageCollection)  66872K->3127K(498112K), 0.0073831 secs]
447.016: [Full GC (JvmtiEnv ForceGarbageCollection)  66977K->2813K(498112K), 0.0074991 secs]
450.362: [Full GC (JvmtiEnv ForceGarbageCollection)  66663K->2918K(498112K), 0.0095945 secs]
453.661: [Full GC (JvmtiEnv ForceGarbageCollection)  66768K->3023K(498112K), 0.0073726 secs]
456.904: [Full GC (JvmtiEnv ForceGarbageCollection)  66873K->3129K(498112K), 0.0079595 secs]
460.181: [Full GC (JvmtiEnv ForceGarbageCollection)  66979K->2814K(498112K), 0.0081444 secs]
463.454: [Full GC (JvmtiEnv ForceGarbageCollection)  66664K->2919K(498112K), 0.0110392 secs]
466.787: [Full GC (JvmtiEnv ForceGarbageCollection)  66769K->3025K(498112K), 0.0084782 secs]
470.032: [Full GC (JvmtiEnv ForceGarbageCollection)  66875K->3131K(498112K), 0.0071859 secs]
473.345: [Full GC (JvmtiEnv ForceGarbageCollection)  66981K->2814K(498112K), 0.0084912 secs]
476.651: [Full GC (JvmtiEnv ForceGarbageCollection)  66664K->2920K(498112K), 0.0073077 secs]
479.967: [Full GC (JvmtiEnv ForceGarbageCollection)  66770K->3026K(498112K), 0.0087099 secs]
483.309: [Full GC (JvmtiEnv ForceGarbageCollection)  66876K->3133K(498112K), 0.0077122 secs]
486.515: [Full GC (JvmtiEnv ForceGarbageCollection)  66983K->2815K(498112K), 0.0073002 secs]
489.777: [Full GC (JvmtiEnv ForceGarbageCollection)  66665K->2921K(498112K), 0.0080392 secs]
493.035: [Full GC (JvmtiEnv ForceGarbageCollection)  66772K->3028K(498112K), 0.0084726 secs]
496.343: [Full GC (JvmtiEnv ForceGarbageCollection)  66878K->3135K(498112K), 0.0124560 secs]
499.765: [Full GC (JvmtiEnv ForceGarbageCollection)  66985K->2815K(498112K), 0.0076410 secs]
503.110: [Full GC (JvmtiEnv ForceGarbageCollection)  66666K->2923K(498112K), 0.0065116 secs]
506.452: [Full GC (JvmtiEnv ForceGarbageCollection)  66773K->3029K(498112K), 0.0077040 secs]
509.776: [Full GC (JvmtiEnv ForceGarbageCollection)  66879K->3136K(498112K), 0.0079671 secs]
513.171: [Full GC (JvmtiEnv ForceGarbageCollection)  66987K->2701K(498112K), 0.0087560 secs]
516.457: [Full GC (JvmtiEnv ForceGarbageCollection)  66551K->2809K(498112K), 0.0069342 secs]
519.813: [Full GC (JvmtiEnv ForceGarbageCollection)  66659K->2916K(498112K), 0.0092446 secs]
523.213: [Full GC (JvmtiEnv ForceGarbageCollection)  66766K->3023K(498112K), 0.0070193 secs]
526.595: [Full GC (JvmtiEnv ForceGarbageCollection)  66873K->2702K(498112K), 0.0067391 secs]
529.969: [Full GC (JvmtiEnv ForceGarbageCollection)  66552K->2810K(498112K), 0.0085266 secs]
533.372: [Full GC (JvmtiEnv ForceGarbageCollection)  66660K->2918K(498112K), 0.0068487 secs]
536.708: [Full GC (JvmtiEnv ForceGarbageCollection)  66768K->3026K(498112K), 0.0087323 secs]
540.239: [Full GC (JvmtiEnv ForceGarbageCollection)  66876K->2702K(498112K), 0.0074347 secs]
543.709: [Full GC (JvmtiEnv ForceGarbageCollection)  66552K->2810K(498112K), 0.0102182 secs]
547.032: [Full GC (JvmtiEnv ForceGarbageCollection)  66661K->2919K(498112K), 0.0071875 secs]
550.385: [Full GC (JvmtiEnv ForceGarbageCollection)  66769K->3028K(498112K), 0.0077891 secs]
553.810: [Full GC (JvmtiEnv ForceGarbageCollection)  66878K->2703K(498112K), 0.0077998 secs]
557.172: [Full GC (JvmtiEnv ForceGarbageCollection)  66553K->2811K(498112K), 0.0074175 secs]
560.512: [Full GC (JvmtiEnv ForceGarbageCollection)  66661K->2920K(498112K), 0.0099340 secs]
563.898: [Full GC (JvmtiEnv ForceGarbageCollection)  66770K->3029K(498112K), 0.0071940 secs]
567.379: [Full GC (JvmtiEnv ForceGarbageCollection)  66879K->2703K(498112K), 0.0095972 secs]
570.853: [Full GC (JvmtiEnv ForceGarbageCollection)  66553K->2812K(498112K), 0.0066170 secs]
574.324: [Full GC (JvmtiEnv ForceGarbageCollection)  70857K->2922K(498112K), 0.0083537 secs]
577.744: [Full GC (JvmtiEnv ForceGarbageCollection)  66772K->3032K(498112K), 0.0074454 secs]
581.190: [Full GC (JvmtiEnv ForceGarbageCollection)  66882K->2704K(498112K), 0.0076572 secs]
584.658: [Full GC (JvmtiEnv ForceGarbageCollection)  66554K->2814K(498112K), 0.0085530 secs]
588.179: [Full GC (JvmtiEnv ForceGarbageCollection)  66664K->2924K(498112K), 0.0064970 secs]
591.589: [Full GC (JvmtiEnv ForceGarbageCollection)  66774K->3034K(498112K), 0.0096789 secs]
594.993: [Full GC (JvmtiEnv ForceGarbageCollection)  66884K->2705K(498112K), 0.0081060 secs]
598.560: [Full GC (JvmtiEnv ForceGarbageCollection)  66555K->2815K(498112K), 0.0072729 secs]
601.971: [Full GC (JvmtiEnv ForceGarbageCollection)  66666K->2926K(498112K), 0.0088266 secs]
605.439: [Full GC (JvmtiEnv ForceGarbageCollection)  66776K->3036K(498112K), 0.0074092 secs]
608.774: [Full GC (JvmtiEnv ForceGarbageCollection)  66886K->2705K(498112K), 0.0075406 secs]
612.173: [Full GC (JvmtiEnv ForceGarbageCollection)  66555K->2816K(498112K), 0.0069384 secs]
615.657: [Full GC (JvmtiEnv ForceGarbageCollection)  66666K->2927K(498112K), 0.0069906 secs]
619.141: [Full GC (JvmtiEnv ForceGarbageCollection)  66777K->3038K(498112K), 0.0059142 secs]
622.553: [Full GC (JvmtiEnv ForceGarbageCollection)  66888K->2706K(498112K), 0.0081258 secs]
625.969: [Full GC (JvmtiEnv ForceGarbageCollection)  66556K->2817K(498112K), 0.0073679 secs]
629.421: [Full GC (JvmtiEnv ForceGarbageCollection)  66667K->2929K(498112K), 0.0083048 secs]
632.939: [Full GC (JvmtiEnv ForceGarbageCollection)  66779K->3040K(498112K), 0.0078226 secs]
636.435: [Full GC (JvmtiEnv ForceGarbageCollection)  66890K->2706K(498112K), 0.0076201 secs]
639.935: [Full GC (JvmtiEnv ForceGarbageCollection)  66556K->2818K(498112K), 0.0078725 secs]
643.416: [Full GC (JvmtiEnv ForceGarbageCollection)  66668K->2930K(498112K), 0.0084550 secs]
646.919: [Full GC (JvmtiEnv ForceGarbageCollection)  70992K->3042K(498112K), 0.0079061 secs]
650.459: [Full GC (JvmtiEnv ForceGarbageCollection)  71105K->2707K(498112K), 0.0072266 secs]
653.993: [Full GC (JvmtiEnv ForceGarbageCollection)  70769K->2819K(498112K), 0.0104687 secs]
657.460: [Full GC (JvmtiEnv ForceGarbageCollection)  70882K->2932K(498112K), 0.0086382 secs]
661.034: [Full GC (JvmtiEnv ForceGarbageCollection)  70994K->3044K(498112K), 0.0086500 secs]
664.724: [Full GC (JvmtiEnv ForceGarbageCollection)  71107K->2708K(498112K), 0.0073845 secs]
668.275: [Full GC (JvmtiEnv ForceGarbageCollection)  70770K->2821K(498112K), 0.0066004 secs]
671.749: [Full GC (JvmtiEnv ForceGarbageCollection)  70883K->2934K(498112K), 0.0060142 secs]
675.208: [Full GC (JvmtiEnv ForceGarbageCollection)  70996K->3047K(498112K), 0.0078155 secs]
