OpenJDK 64-Bit Server VM (25.222-b10) for linux-amd64 JRE (1.8.0_222-8u222-b10-1ubuntu1~18.04.1-b10), built on Jul 18 2019 18:52:48 by "buildd" with gcc 7.4.0
Memory: 4k page, physical 16424660k(15509660k free), swap 0k(0k free)
CommandLine flags: -XX:CompressedClassSpaceSize=45297664 -XX:InitialHeapSize=536870912 -XX:MaxHeapSize=536870912 -XX:MaxMetaspaceSize=53686272 -XX:NewRatio=1 -XX:+PrintGC -XX:+PrintGCTimeStamps -XX:+RequireSharedSpaces -XX:ReservedCodeCacheSize=26843136 -XX:-TieredCompilation -XX:+UseCompressedClassPointers -XX:+UseCompressedOops -XX:+UseSerialGC -XX:+UseSharedSpaces 
4.714: [Full GC (JvmtiEnv ForceGarbageCollection)  77777K->2882K(498112K), 0.0200599 secs]
7.559: [Full GC (JvmtiEnv ForceGarbageCollection)  70615K->2973K(498112K), 0.0080568 secs]
10.350: [Full GC (JvmtiEnv ForceGarbageCollection)  62314K->3062K(498112K), 0.0089262 secs]
13.282: [Full GC (JvmtiEnv ForceGarbageCollection)  62404K->2766K(498112K), 0.0080854 secs]
16.194: [Full GC (JvmtiEnv ForceGarbageCollection)  57911K->2856K(498112K), 0.0077960 secs]
19.140: [Full GC (JvmtiEnv ForceGarbageCollection)  58002K->2947K(498112K), 0.0088896 secs]
22.198: [Full GC (JvmtiEnv ForceGarbageCollection)  58093K->3040K(498112K), 0.0086415 secs]
25.231: [Full GC (JvmtiEnv ForceGarbageCollection)  58186K->2769K(498112K), 0.0069977 secs]
28.300: [Full GC (JvmtiEnv ForceGarbageCollection)  57915K->2860K(498112K), 0.0060795 secs]
31.333: [Full GC (JvmtiEnv ForceGarbageCollection)  58005K->2950K(498112K), 0.0073754 secs]
34.351: [Full GC (JvmtiEnv ForceGarbageCollection)  58096K->3041K(498112K), 0.0068086 secs]
37.342: [Full GC (JvmtiEnv ForceGarbageCollection)  58187K->2770K(498112K), 0.0082588 secs]
40.347: [Full GC (JvmtiEnv ForceGarbageCollection)  57916K->2861K(498112K), 0.0075510 secs]
43.387: [Full GC (JvmtiEnv ForceGarbageCollection)  58007K->2952K(498112K), 0.0082931 secs]
46.460: [Full GC (JvmtiEnv ForceGarbageCollection)  58098K->3043K(498112K), 0.0090818 secs]
49.585: [Full GC (JvmtiEnv ForceGarbageCollection)  58189K->2771K(498112K), 0.0075723 secs]
52.710: [Full GC (JvmtiEnv ForceGarbageCollection)  57917K->2863K(498112K), 0.0060796 secs]
55.745: [Full GC (JvmtiEnv ForceGarbageCollection)  58009K->2955K(498112K), 0.0070215 secs]
58.761: [Full GC (JvmtiEnv ForceGarbageCollection)  58101K->3047K(498112K), 0.0071553 secs]
61.840: [Full GC (JvmtiEnv ForceGarbageCollection)  58185K->2774K(498112K), 0.0072360 secs]
64.897: [Full GC (JvmtiEnv ForceGarbageCollection)  57920K->2868K(498112K), 0.0072633 secs]
67.927: [Full GC (JvmtiEnv ForceGarbageCollection)  58013K->2962K(498112K), 0.0069505 secs]
71.042: [Full GC (JvmtiEnv ForceGarbageCollection)  58108K->3055K(498112K), 0.0063492 secs]
74.102: [Full GC (JvmtiEnv ForceGarbageCollection)  58201K->2778K(498112K), 0.0118327 secs]
77.192: [Full GC (JvmtiEnv ForceGarbageCollection)  57924K->2871K(498112K), 0.0072389 secs]
80.293: [Full GC (JvmtiEnv ForceGarbageCollection)  58017K->2965K(498112K), 0.0074417 secs]
83.559: [Full GC (JvmtiEnv ForceGarbageCollection)  58111K->3058K(498112K), 0.0072501 secs]
86.661: [Full GC (JvmtiEnv ForceGarbageCollection)  58204K->2780K(498112K), 0.0079982 secs]
89.694: [Full GC (JvmtiEnv ForceGarbageCollection)  57926K->2873K(498112K), 0.0079624 secs]
92.786: [Full GC (JvmtiEnv ForceGarbageCollection)  58019K->2966K(498112K), 0.0076068 secs]
95.935: [Full GC (JvmtiEnv ForceGarbageCollection)  58112K->3060K(498112K), 0.0080023 secs]
99.014: [Full GC (JvmtiEnv ForceGarbageCollection)  58206K->2781K(498112K), 0.0113079 secs]
102.156: [Full GC (JvmtiEnv ForceGarbageCollection)  57927K->2875K(498112K), 0.0072703 secs]
105.195: [Full GC (JvmtiEnv ForceGarbageCollection)  58020K->2969K(498112K), 0.0071218 secs]
108.262: [Full GC (JvmtiEnv ForceGarbageCollection)  58115K->3063K(498112K), 0.0073103 secs]
111.266: [Full GC (JvmtiEnv ForceGarbageCollection)  58209K->2782K(498112K), 0.0077093 secs]
114.275: [Full GC (JvmtiEnv ForceGarbageCollection)  57928K->2877K(498112K), 0.0075034 secs]
117.284: [Full GC (JvmtiEnv ForceGarbageCollection)  58023K->2971K(498112K), 0.0076055 secs]
120.225: [Full GC (JvmtiEnv ForceGarbageCollection)  66508K->3067K(498112K), 0.0079642 secs]
123.159: [Full GC (JvmtiEnv ForceGarbageCollection)  58213K->2787K(498112K), 0.0077483 secs]
126.148: [Full GC (JvmtiEnv ForceGarbageCollection)  57932K->2881K(498112K), 0.0058170 secs]
129.111: [Full GC (JvmtiEnv ForceGarbageCollection)  58027K->2976K(498112K), 0.0065513 secs]
132.138: [Full GC (JvmtiEnv ForceGarbageCollection)  58122K->3070K(498112K), 0.0066297 secs]
134.971: [Full GC (JvmtiEnv ForceGarbageCollection)  58216K->2788K(498112K), 0.0080754 secs]
137.914: [Full GC (JvmtiEnv ForceGarbageCollection)  57934K->2883K(498112K), 0.0076309 secs]
140.913: [Full GC (JvmtiEnv ForceGarbageCollection)  58028K->2977K(498112K), 0.0083798 secs]
143.950: [Full GC (JvmtiEnv ForceGarbageCollection)  58123K->3072K(498112K), 0.0105758 secs]
147.010: [Full GC (JvmtiEnv ForceGarbageCollection)  58218K->2789K(498112K), 0.0113923 secs]
150.035: [Full GC (JvmtiEnv ForceGarbageCollection)  57935K->2884K(498112K), 0.0109469 secs]
153.001: [Full GC (JvmtiEnv ForceGarbageCollection)  58030K->2979K(498112K), 0.0073793 secs]
155.951: [Full GC (JvmtiEnv ForceGarbageCollection)  58125K->3075K(498112K), 0.0070926 secs]
158.924: [Full GC (JvmtiEnv ForceGarbageCollection)  58221K->2790K(498112K), 0.0082533 secs]
161.936: [Full GC (JvmtiEnv ForceGarbageCollection)  57936K->2886K(498112K), 0.0077377 secs]
164.906: [Full GC (JvmtiEnv ForceGarbageCollection)  58032K->2981K(498112K), 0.0073908 secs]
167.898: [Full GC (JvmtiEnv ForceGarbageCollection)  58127K->3076K(498112K), 0.0074312 secs]
170.977: [Full GC (JvmtiEnv ForceGarbageCollection)  58222K->2790K(498112K), 0.0071452 secs]
173.981: [Full GC (JvmtiEnv ForceGarbageCollection)  57936K->2886K(498112K), 0.0070568 secs]
176.988: [Full GC (JvmtiEnv ForceGarbageCollection)  58032K->2981K(498112K), 0.0064787 secs]
179.978: [Full GC (JvmtiEnv ForceGarbageCollection)  58127K->3077K(498112K), 0.0069661 secs]
182.968: [Full GC (JvmtiEnv ForceGarbageCollection)  58223K->2791K(498112K), 0.0075096 secs]
186.030: [Full GC (JvmtiEnv ForceGarbageCollection)  57937K->2887K(498112K), 0.0070130 secs]
189.003: [Full GC (JvmtiEnv ForceGarbageCollection)  58033K->2983K(498112K), 0.0084258 secs]
192.049: [Full GC (JvmtiEnv ForceGarbageCollection)  58129K->3080K(498112K), 0.0119645 secs]
195.121: [Full GC (JvmtiEnv ForceGarbageCollection)  58225K->2791K(498112K), 0.0088575 secs]
198.095: [Full GC (JvmtiEnv ForceGarbageCollection)  62289K->2888K(498112K), 0.0080988 secs]
201.100: [Full GC (JvmtiEnv ForceGarbageCollection)  62386K->2985K(498112K), 0.0068875 secs]
204.258: [Full GC (JvmtiEnv ForceGarbageCollection)  62483K->3082K(498112K), 0.0074677 secs]
207.325: [Full GC (JvmtiEnv ForceGarbageCollection)  62579K->2792K(498112K), 0.0064322 secs]
210.329: [Full GC (JvmtiEnv ForceGarbageCollection)  62290K->2888K(498112K), 0.0082156 secs]
213.335: [Full GC (JvmtiEnv ForceGarbageCollection)  62386K->2986K(498112K), 0.0086956 secs]
216.359: [Full GC (JvmtiEnv ForceGarbageCollection)  62484K->3084K(498112K), 0.0071159 secs]
219.394: [Full GC (JvmtiEnv ForceGarbageCollection)  62582K->2793K(498112K), 0.0077745 secs]
222.462: [Full GC (JvmtiEnv ForceGarbageCollection)  62291K->2890K(498112K), 0.0065832 secs]
225.613: [Full GC (JvmtiEnv ForceGarbageCollection)  62388K->2988K(498112K), 0.0076708 secs]
228.718: [Full GC (JvmtiEnv ForceGarbageCollection)  62486K->3087K(498112K), 0.0071603 secs]
231.758: [Full GC (JvmtiEnv ForceGarbageCollection)  62585K->2794K(498112K), 0.0066357 secs]
234.868: [Full GC (JvmtiEnv ForceGarbageCollection)  62292K->2892K(498112K), 0.0084967 secs]
238.009: [Full GC (JvmtiEnv ForceGarbageCollection)  62390K->2991K(498112K), 0.0065622 secs]
241.097: [Full GC (JvmtiEnv ForceGarbageCollection)  62489K->3089K(498112K), 0.0075139 secs]
244.186: [Full GC (JvmtiEnv ForceGarbageCollection)  62587K->2795K(498112K), 0.0072127 secs]
247.348: [Full GC (JvmtiEnv ForceGarbageCollection)  62293K->2894K(498112K), 0.0064075 secs]
250.431: [Full GC (JvmtiEnv ForceGarbageCollection)  62392K->2993K(498112K), 0.0064048 secs]
253.521: [Full GC (JvmtiEnv ForceGarbageCollection)  62491K->3091K(498112K), 0.0116130 secs]
256.605: [Full GC (JvmtiEnv ForceGarbageCollection)  62589K->2795K(498112K), 0.0082075 secs]
259.798: [Full GC (JvmtiEnv ForceGarbageCollection)  62293K->2896K(498112K), 0.0085138 secs]
262.871: [Full GC (JvmtiEnv ForceGarbageCollection)  62394K->2996K(498112K), 0.0080272 secs]
266.144: [Full GC (JvmtiEnv ForceGarbageCollection)  62494K->3095K(498112K), 0.0082665 secs]
269.269: [Full GC (JvmtiEnv ForceGarbageCollection)  62593K->2797K(498112K), 0.0073755 secs]
272.366: [Full GC (JvmtiEnv ForceGarbageCollection)  62295K->2902K(498112K), 0.0073759 secs]
275.469: [Full GC (JvmtiEnv ForceGarbageCollection)  62400K->3002K(498112K), 0.0085312 secs]
278.598: [Full GC (JvmtiEnv ForceGarbageCollection)  62500K->3102K(498112K), 0.0101316 secs]
281.849: [Full GC (JvmtiEnv ForceGarbageCollection)  66796K->2804K(498112K), 0.0078177 secs]
285.034: [Full GC (JvmtiEnv ForceGarbageCollection)  62302K->2904K(498112K), 0.0075473 secs]
288.242: [Full GC (JvmtiEnv ForceGarbageCollection)  62394K->3006K(498112K), 0.0079073 secs]
291.405: [Full GC (JvmtiEnv ForceGarbageCollection)  62488K->3107K(498112K), 0.0086717 secs]
294.551: [Full GC (JvmtiEnv ForceGarbageCollection)  62588K->2807K(498112K), 0.0117977 secs]
297.819: [Full GC (JvmtiEnv ForceGarbageCollection)  62288K->2908K(498112K), 0.0073419 secs]
301.072: [Full GC (JvmtiEnv ForceGarbageCollection)  62389K->3008K(498112K), 0.0079165 secs]
304.267: [Full GC (JvmtiEnv ForceGarbageCollection)  62490K->3109K(498112K), 0.0124918 secs]
307.437: [Full GC (JvmtiEnv ForceGarbageCollection)  62591K->2808K(498112K), 0.0092999 secs]
310.725: [Full GC (JvmtiEnv ForceGarbageCollection)  62289K->2909K(498112K), 0.0079347 secs]
313.914: [Full GC (JvmtiEnv ForceGarbageCollection)  62390K->3010K(498112K), 0.0123192 secs]
317.186: [Full GC (JvmtiEnv ForceGarbageCollection)  62492K->3111K(498112K), 0.0090283 secs]
320.374: [Full GC (JvmtiEnv ForceGarbageCollection)  62593K->2809K(498112K), 0.0095172 secs]
323.497: [Full GC (JvmtiEnv ForceGarbageCollection)  62291K->2911K(498112K), 0.0118282 secs]
326.714: [Full GC (JvmtiEnv ForceGarbageCollection)  62392K->3012K(498112K), 0.0076258 secs]
330.037: [Full GC (JvmtiEnv ForceGarbageCollection)  62494K->3114K(498112K), 0.0102119 secs]
333.245: [Full GC (JvmtiEnv ForceGarbageCollection)  62595K->2809K(498112K), 0.0094941 secs]
336.603: [Full GC (JvmtiEnv ForceGarbageCollection)  62291K->2912K(498112K), 0.0121410 secs]
339.784: [Full GC (JvmtiEnv ForceGarbageCollection)  62393K->3014K(498112K), 0.0068662 secs]
343.000: [Full GC (JvmtiEnv ForceGarbageCollection)  62495K->3116K(498112K), 0.0076328 secs]
346.236: [Full GC (JvmtiEnv ForceGarbageCollection)  62597K->2812K(498112K), 0.0100686 secs]
349.484: [Full GC (JvmtiEnv ForceGarbageCollection)  62310K->2914K(498112K), 0.0072840 secs]
352.741: [Full GC (JvmtiEnv ForceGarbageCollection)  62412K->3016K(498112K), 0.0124765 secs]
356.067: [Full GC (JvmtiEnv ForceGarbageCollection)  62514K->3119K(498112K), 0.0071420 secs]
359.357: [Full GC (JvmtiEnv ForceGarbageCollection)  62617K->2811K(498112K), 0.0069719 secs]
362.563: [Full GC (JvmtiEnv ForceGarbageCollection)  62309K->2913K(498112K), 0.0089637 secs]
365.778: [Full GC (JvmtiEnv ForceGarbageCollection)  62411K->3016K(498112K), 0.0087090 secs]
369.002: [Full GC (JvmtiEnv ForceGarbageCollection)  62514K->3119K(498112K), 0.0077134 secs]
372.298: [Full GC (JvmtiEnv ForceGarbageCollection)  62617K->2811K(498112K), 0.0088361 secs]
375.504: [Full GC (JvmtiEnv ForceGarbageCollection)  62309K->2914K(498112K), 0.0093209 secs]
378.766: [Full GC (JvmtiEnv ForceGarbageCollection)  62412K->3017K(498112K), 0.0149134 secs]
382.025: [Full GC (JvmtiEnv ForceGarbageCollection)  62515K->3120K(498112K), 0.0088111 secs]
385.202: [Full GC (JvmtiEnv ForceGarbageCollection)  62618K->2812K(498112K), 0.0083352 secs]
388.586: [Full GC (JvmtiEnv ForceGarbageCollection)  62310K->2915K(498112K), 0.0068638 secs]
391.789: [Full GC (JvmtiEnv ForceGarbageCollection)  62413K->3018K(498112K), 0.0088775 secs]
395.051: [Full GC (JvmtiEnv ForceGarbageCollection)  62516K->3122K(498112K), 0.0076969 secs]
398.307: [Full GC (JvmtiEnv ForceGarbageCollection)  62620K->2812K(498112K), 0.0102035 secs]
401.603: [Full GC (JvmtiEnv ForceGarbageCollection)  62310K->2916K(498112K), 0.0111933 secs]
404.910: [Full GC (JvmtiEnv ForceGarbageCollection)  62414K->3020K(498112K), 0.0065925 secs]
408.166: [Full GC (JvmtiEnv ForceGarbageCollection)  62518K->3124K(498112K), 0.0081651 secs]
411.392: [Full GC (JvmtiEnv ForceGarbageCollection)  62622K->2812K(498112K), 0.0079850 secs]
414.646: [Full GC (JvmtiEnv ForceGarbageCollection)  66662K->2917K(498112K), 0.0085662 secs]
417.965: [Full GC (JvmtiEnv ForceGarbageCollection)  66767K->3022K(498112K), 0.0091738 secs]
421.226: [Full GC (JvmtiEnv ForceGarbageCollection)  66872K->3126K(498112K), 0.0064592 secs]
424.473: [Full GC (JvmtiEnv ForceGarbageCollection)  66976K->2813K(498112K), 0.0082289 secs]
427.750: [Full GC (JvmtiEnv ForceGarbageCollection)  66663K->2918K(498112K), 0.0088376 secs]
431.157: [Full GC (JvmtiEnv ForceGarbageCollection)  66768K->3023K(498112K), 0.0061666 secs]
434.442: [Full GC (JvmtiEnv ForceGarbageCollection)  66873K->3128K(498112K), 0.0074853 secs]
437.753: [Full GC (JvmtiEnv ForceGarbageCollection)  66978K->2814K(498112K), 0.0073680 secs]
441.061: [Full GC (JvmtiEnv ForceGarbageCollection)  66664K->2919K(498112K), 0.0089828 secs]
444.383: [Full GC (JvmtiEnv ForceGarbageCollection)  66769K->3024K(498112K), 0.0095739 secs]
447.738: [Full GC (JvmtiEnv ForceGarbageCollection)  66874K->3130K(498112K), 0.0066619 secs]
451.200: [Full GC (JvmtiEnv ForceGarbageCollection)  66980K->2814K(498112K), 0.0062636 secs]
454.501: [Full GC (JvmtiEnv ForceGarbageCollection)  66664K->2920K(498112K), 0.0122765 secs]
457.831: [Full GC (JvmtiEnv ForceGarbageCollection)  66770K->3026K(498112K), 0.0077769 secs]
461.146: [Full GC (JvmtiEnv ForceGarbageCollection)  66876K->3132K(498112K), 0.0077348 secs]
464.445: [Full GC (JvmtiEnv ForceGarbageCollection)  66982K->2814K(498112K), 0.0092112 secs]
467.805: [Full GC (JvmtiEnv ForceGarbageCollection)  66664K->2921K(498112K), 0.0095996 secs]
471.214: [Full GC (JvmtiEnv ForceGarbageCollection)  66771K->3028K(498112K), 0.0079316 secs]
474.618: [Full GC (JvmtiEnv ForceGarbageCollection)  66878K->3134K(498112K), 0.0070576 secs]
478.097: [Full GC (JvmtiEnv ForceGarbageCollection)  66984K->2815K(498112K), 0.0075491 secs]
481.457: [Full GC (JvmtiEnv ForceGarbageCollection)  66665K->2922K(498112K), 0.0076552 secs]
484.892: [Full GC (JvmtiEnv ForceGarbageCollection)  66772K->3029K(498112K), 0.0077479 secs]
488.252: [Full GC (JvmtiEnv ForceGarbageCollection)  66879K->3136K(498112K), 0.0071509 secs]
491.693: [Full GC (JvmtiEnv ForceGarbageCollection)  66986K->2816K(498112K), 0.0086200 secs]
495.050: [Full GC (JvmtiEnv ForceGarbageCollection)  66666K->2923K(498112K), 0.0071458 secs]
498.417: [Full GC (JvmtiEnv ForceGarbageCollection)  66773K->3030K(498112K), 0.0079214 secs]
501.831: [Full GC (JvmtiEnv ForceGarbageCollection)  66880K->3138K(498112K), 0.0066918 secs]
505.203: [Full GC (JvmtiEnv ForceGarbageCollection)  66988K->2816K(498112K), 0.0071268 secs]
508.555: [Full GC (JvmtiEnv ForceGarbageCollection)  66666K->2924K(498112K), 0.0081500 secs]
511.949: [Full GC (JvmtiEnv ForceGarbageCollection)  66774K->3032K(498112K), 0.0080630 secs]
515.273: [Full GC (JvmtiEnv ForceGarbageCollection)  66882K->3140K(498112K), 0.0128861 secs]
518.778: [Full GC (JvmtiEnv ForceGarbageCollection)  66990K->2703K(498112K), 0.0081826 secs]
522.191: [Full GC (JvmtiEnv ForceGarbageCollection)  66553K->2811K(498112K), 0.0076832 secs]
525.588: [Full GC (JvmtiEnv ForceGarbageCollection)  66661K->2920K(498112K), 0.0072574 secs]
528.969: [Full GC (JvmtiEnv ForceGarbageCollection)  66770K->3028K(498112K), 0.0076589 secs]
532.353: [Full GC (JvmtiEnv ForceGarbageCollection)  66879K->2703K(498112K), 0.0083429 secs]
535.863: [Full GC (JvmtiEnv ForceGarbageCollection)  66553K->2812K(498112K), 0.0064001 secs]
539.352: [Full GC (JvmtiEnv ForceGarbageCollection)  66662K->2921K(498112K), 0.0070993 secs]
542.775: [Full GC (JvmtiEnv ForceGarbageCollection)  66771K->3030K(498112K), 0.0076686 secs]
546.229: [Full GC (JvmtiEnv ForceGarbageCollection)  66880K->2704K(498112K), 0.0074189 secs]
549.584: [Full GC (JvmtiEnv ForceGarbageCollection)  66554K->2813K(498112K), 0.0082748 secs]
552.894: [Full GC (JvmtiEnv ForceGarbageCollection)  66663K->2922K(498112K), 0.0072855 secs]
556.293: [Full GC (JvmtiEnv ForceGarbageCollection)  66773K->3032K(498112K), 0.0078249 secs]
559.794: [Full GC (JvmtiEnv ForceGarbageCollection)  66882K->2704K(498112K), 0.0117754 secs]
563.315: [Full GC (JvmtiEnv ForceGarbageCollection)  66554K->2814K(498112K), 0.0068223 secs]
566.871: [Full GC (JvmtiEnv ForceGarbageCollection)  66664K->2924K(498112K), 0.0142366 secs]
570.298: [Full GC (JvmtiEnv ForceGarbageCollection)  66774K->3034K(498112K), 0.0075690 secs]
573.898: [Full GC (JvmtiEnv ForceGarbageCollection)  66884K->2705K(498112K), 0.0071771 secs]
577.373: [Full GC (JvmtiEnv ForceGarbageCollection)  66555K->2815K(498112K), 0.0075073 secs]
580.833: [Full GC (JvmtiEnv ForceGarbageCollection)  70860K->2926K(498112K), 0.0097093 secs]
584.341: [Full GC (JvmtiEnv ForceGarbageCollection)  66776K->3037K(498112K), 0.0061987 secs]
587.938: [Full GC (JvmtiEnv ForceGarbageCollection)  66887K->2706K(498112K), 0.0078881 secs]
591.425: [Full GC (JvmtiEnv ForceGarbageCollection)  66556K->2817K(498112K), 0.0074997 secs]
594.860: [Full GC (JvmtiEnv ForceGarbageCollection)  66667K->2928K(498112K), 0.0083292 secs]
598.351: [Full GC (JvmtiEnv ForceGarbageCollection)  66778K->3039K(498112K), 0.0072811 secs]
601.835: [Full GC (JvmtiEnv ForceGarbageCollection)  66889K->2706K(498112K), 0.0071347 secs]
605.413: [Full GC (JvmtiEnv ForceGarbageCollection)  66556K->2818K(498112K), 0.0101445 secs]
608.942: [Full GC (JvmtiEnv ForceGarbageCollection)  66668K->2929K(498112K), 0.0114805 secs]
612.437: [Full GC (JvmtiEnv ForceGarbageCollection)  66780K->3041K(498112K), 0.0063520 secs]
615.936: [Full GC (JvmtiEnv ForceGarbageCollection)  66891K->2707K(498112K), 0.0085848 secs]
619.387: [Full GC (JvmtiEnv ForceGarbageCollection)  66557K->2818K(498112K), 0.0084602 secs]
622.967: [Full GC (JvmtiEnv ForceGarbageCollection)  70881K->2931K(498112K), 0.0075335 secs]
626.661: [Full GC (JvmtiEnv ForceGarbageCollection)  70993K->3043K(498112K), 0.0077537 secs]
630.162: [Full GC (JvmtiEnv ForceGarbageCollection)  71105K->2707K(498112K), 0.0061233 secs]
633.817: [Full GC (JvmtiEnv ForceGarbageCollection)  70770K->2820K(498112K), 0.0079776 secs]
637.294: [Full GC (JvmtiEnv ForceGarbageCollection)  70882K->2932K(498112K), 0.0082902 secs]
640.885: [Full GC (JvmtiEnv ForceGarbageCollection)  70994K->3045K(498112K), 0.0126889 secs]
644.475: [Full GC (JvmtiEnv ForceGarbageCollection)  71107K->2708K(498112K), 0.0062278 secs]
648.090: [Full GC (JvmtiEnv ForceGarbageCollection)  70770K->2821K(498112K), 0.0063758 secs]
651.674: [Full GC (JvmtiEnv ForceGarbageCollection)  70883K->2934K(498112K), 0.0072707 secs]
655.201: [Full GC (JvmtiEnv ForceGarbageCollection)  70996K->3047K(498112K), 0.0094420 secs]
658.784: [Full GC (JvmtiEnv ForceGarbageCollection)  71109K->2708K(498112K), 0.0078453 secs]
662.334: [Full GC (JvmtiEnv ForceGarbageCollection)  70771K->2822K(498112K), 0.0080036 secs]
665.868: [Full GC (JvmtiEnv ForceGarbageCollection)  70884K->2936K(498112K), 0.0071698 secs]
669.529: [Full GC (JvmtiEnv ForceGarbageCollection)  70998K->3050K(498112K), 0.0119351 secs]
673.168: [Full GC (JvmtiEnv ForceGarbageCollection)  71112K->2709K(498112K), 0.0090928 secs]
676.726: [Full GC (JvmtiEnv ForceGarbageCollection)  70771K->2822K(498112K), 0.0075219 secs]
680.313: [Full GC (JvmtiEnv ForceGarbageCollection)  70885K->2937K(498112K), 0.0075872 secs]
