OpenJDK 64-Bit Server VM (25.222-b10) for linux-amd64 JRE (1.8.0_222-8u222-b10-1ubuntu1~18.04.1-b10), built on Jul 18 2019 18:52:48 by "buildd" with gcc 7.4.0
Memory: 4k page, physical 16424660k(15508732k free), swap 0k(0k free)
CommandLine flags: -XX:CompressedClassSpaceSize=45297664 -XX:InitialHeapSize=536870912 -XX:MaxHeapSize=536870912 -XX:MaxMetaspaceSize=53686272 -XX:NewRatio=1 -XX:+PrintGC -XX:+PrintGCTimeStamps -XX:+RequireSharedSpaces -XX:ReservedCodeCacheSize=26843136 -XX:-TieredCompilation -XX:+UseCompressedClassPointers -XX:+UseCompressedOops -XX:+UseSerialGC -XX:+UseSharedSpaces 
4.727: [Full GC (JvmtiEnv ForceGarbageCollection)  77777K->2882K(498112K), 0.0139342 secs]
7.615: [Full GC (JvmtiEnv ForceGarbageCollection)  70615K->2973K(498112K), 0.0069466 secs]
10.399: [Full GC (JvmtiEnv ForceGarbageCollection)  62314K->3062K(498112K), 0.0089978 secs]
13.289: [Full GC (JvmtiEnv ForceGarbageCollection)  62404K->2766K(498112K), 0.0133349 secs]
16.246: [Full GC (JvmtiEnv ForceGarbageCollection)  57911K->2856K(498112K), 0.0075399 secs]
19.294: [Full GC (JvmtiEnv ForceGarbageCollection)  58002K->2947K(498112K), 0.0086714 secs]
22.279: [Full GC (JvmtiEnv ForceGarbageCollection)  58093K->3040K(498112K), 0.0083760 secs]
25.314: [Full GC (JvmtiEnv ForceGarbageCollection)  58186K->2769K(498112K), 0.0061027 secs]
28.278: [Full GC (JvmtiEnv ForceGarbageCollection)  57915K->2860K(498112K), 0.0071633 secs]
31.270: [Full GC (JvmtiEnv ForceGarbageCollection)  58005K->2950K(498112K), 0.0077722 secs]
34.257: [Full GC (JvmtiEnv ForceGarbageCollection)  58096K->3041K(498112K), 0.0080302 secs]
37.468: [Full GC (JvmtiEnv ForceGarbageCollection)  58187K->2770K(498112K), 0.0090917 secs]
40.566: [Full GC (JvmtiEnv ForceGarbageCollection)  57916K->2861K(498112K), 0.0063748 secs]
43.592: [Full GC (JvmtiEnv ForceGarbageCollection)  58007K->2952K(498112K), 0.0077063 secs]
46.632: [Full GC (JvmtiEnv ForceGarbageCollection)  58098K->3043K(498112K), 0.0074839 secs]
49.687: [Full GC (JvmtiEnv ForceGarbageCollection)  58189K->2771K(498112K), 0.0082627 secs]
52.710: [Full GC (JvmtiEnv ForceGarbageCollection)  57917K->2863K(498112K), 0.0072730 secs]
55.761: [Full GC (JvmtiEnv ForceGarbageCollection)  58009K->2955K(498112K), 0.0074008 secs]
58.819: [Full GC (JvmtiEnv ForceGarbageCollection)  58101K->3047K(498112K), 0.0068986 secs]
61.953: [Full GC (JvmtiEnv ForceGarbageCollection)  58185K->2774K(498112K), 0.0075468 secs]
64.996: [Full GC (JvmtiEnv ForceGarbageCollection)  57920K->2868K(498112K), 0.0084251 secs]
68.042: [Full GC (JvmtiEnv ForceGarbageCollection)  58013K->2962K(498112K), 0.0070305 secs]
71.061: [Full GC (JvmtiEnv ForceGarbageCollection)  58108K->3055K(498112K), 0.0076081 secs]
74.069: [Full GC (JvmtiEnv ForceGarbageCollection)  58201K->2778K(498112K), 0.0072144 secs]
77.166: [Full GC (JvmtiEnv ForceGarbageCollection)  57924K->2871K(498112K), 0.0073410 secs]
80.258: [Full GC (JvmtiEnv ForceGarbageCollection)  58017K->2965K(498112K), 0.0066346 secs]
83.349: [Full GC (JvmtiEnv ForceGarbageCollection)  58111K->3058K(498112K), 0.0072672 secs]
86.383: [Full GC (JvmtiEnv ForceGarbageCollection)  58204K->2780K(498112K), 0.0077133 secs]
89.450: [Full GC (JvmtiEnv ForceGarbageCollection)  57926K->2873K(498112K), 0.0075833 secs]
92.540: [Full GC (JvmtiEnv ForceGarbageCollection)  58019K->2966K(498112K), 0.0067819 secs]
95.697: [Full GC (JvmtiEnv ForceGarbageCollection)  58112K->3060K(498112K), 0.0084535 secs]
98.920: [Full GC (JvmtiEnv ForceGarbageCollection)  58206K->2781K(498112K), 0.0059400 secs]
101.944: [Full GC (JvmtiEnv ForceGarbageCollection)  57927K->2875K(498112K), 0.0080197 secs]
105.031: [Full GC (JvmtiEnv ForceGarbageCollection)  58020K->2969K(498112K), 0.0073936 secs]
108.123: [Full GC (JvmtiEnv ForceGarbageCollection)  58115K->3063K(498112K), 0.0073145 secs]
111.101: [Full GC (JvmtiEnv ForceGarbageCollection)  58209K->2783K(498112K), 0.0073193 secs]
114.101: [Full GC (JvmtiEnv ForceGarbageCollection)  57929K->2878K(498112K), 0.0115527 secs]
117.132: [Full GC (JvmtiEnv ForceGarbageCollection)  58024K->2973K(498112K), 0.0080450 secs]
120.015: [Full GC (JvmtiEnv ForceGarbageCollection)  66510K->3070K(498112K), 0.0067544 secs]
122.983: [Full GC (JvmtiEnv ForceGarbageCollection)  58216K->2788K(498112K), 0.0102264 secs]
125.913: [Full GC (JvmtiEnv ForceGarbageCollection)  57933K->2883K(498112K), 0.0075492 secs]
128.882: [Full GC (JvmtiEnv ForceGarbageCollection)  58028K->2978K(498112K), 0.0079461 secs]
131.823: [Full GC (JvmtiEnv ForceGarbageCollection)  58124K->3073K(498112K), 0.0073364 secs]
134.737: [Full GC (JvmtiEnv ForceGarbageCollection)  58219K->2789K(498112K), 0.0091402 secs]
137.703: [Full GC (JvmtiEnv ForceGarbageCollection)  57935K->2884K(498112K), 0.0075323 secs]
140.694: [Full GC (JvmtiEnv ForceGarbageCollection)  58030K->2980K(498112K), 0.0082304 secs]
143.731: [Full GC (JvmtiEnv ForceGarbageCollection)  58125K->3075K(498112K), 0.0062494 secs]
146.708: [Full GC (JvmtiEnv ForceGarbageCollection)  58221K->2790K(498112K), 0.0071825 secs]
149.658: [Full GC (JvmtiEnv ForceGarbageCollection)  57936K->2886K(498112K), 0.0074883 secs]
152.690: [Full GC (JvmtiEnv ForceGarbageCollection)  58032K->2981K(498112K), 0.0083071 secs]
155.654: [Full GC (JvmtiEnv ForceGarbageCollection)  58127K->3078K(498112K), 0.0088435 secs]
158.794: [Full GC (JvmtiEnv ForceGarbageCollection)  58223K->2791K(498112K), 0.0086340 secs]
161.806: [Full GC (JvmtiEnv ForceGarbageCollection)  57937K->2887K(498112K), 0.0082979 secs]
164.863: [Full GC (JvmtiEnv ForceGarbageCollection)  58033K->2984K(498112K), 0.0067441 secs]
167.921: [Full GC (JvmtiEnv ForceGarbageCollection)  58129K->3080K(498112K), 0.0112580 secs]
170.918: [Full GC (JvmtiEnv ForceGarbageCollection)  62578K->2792K(498112K), 0.0085637 secs]
173.894: [Full GC (JvmtiEnv ForceGarbageCollection)  57938K->2888K(498112K), 0.0078433 secs]
176.905: [Full GC (JvmtiEnv ForceGarbageCollection)  62386K->2985K(498112K), 0.0079074 secs]
180.000: [Full GC (JvmtiEnv ForceGarbageCollection)  62483K->3082K(498112K), 0.0076003 secs]
183.108: [Full GC (JvmtiEnv ForceGarbageCollection)  62580K->2792K(498112K), 0.0056778 secs]
186.159: [Full GC (JvmtiEnv ForceGarbageCollection)  62290K->2889K(498112K), 0.0059951 secs]
189.201: [Full GC (JvmtiEnv ForceGarbageCollection)  62387K->2985K(498112K), 0.0081520 secs]
192.221: [Full GC (JvmtiEnv ForceGarbageCollection)  62483K->3083K(498112K), 0.0076580 secs]
195.240: [Full GC (JvmtiEnv ForceGarbageCollection)  62581K->2792K(498112K), 0.0092694 secs]
198.259: [Full GC (JvmtiEnv ForceGarbageCollection)  62290K->2890K(498112K), 0.0092429 secs]
201.377: [Full GC (JvmtiEnv ForceGarbageCollection)  62388K->2987K(498112K), 0.0058787 secs]
204.461: [Full GC (JvmtiEnv ForceGarbageCollection)  62485K->3085K(498112K), 0.0063589 secs]
207.535: [Full GC (JvmtiEnv ForceGarbageCollection)  62583K->2793K(498112K), 0.0063046 secs]
210.634: [Full GC (JvmtiEnv ForceGarbageCollection)  62291K->2891K(498112K), 0.0076151 secs]
213.782: [Full GC (JvmtiEnv ForceGarbageCollection)  62389K->2989K(498112K), 0.0077925 secs]
216.889: [Full GC (JvmtiEnv ForceGarbageCollection)  62487K->3087K(498112K), 0.0108936 secs]
220.077: [Full GC (JvmtiEnv ForceGarbageCollection)  62585K->2794K(498112K), 0.0096325 secs]
223.160: [Full GC (JvmtiEnv ForceGarbageCollection)  62292K->2892K(498112K), 0.0070972 secs]
226.193: [Full GC (JvmtiEnv ForceGarbageCollection)  62390K->2990K(498112K), 0.0062852 secs]
229.318: [Full GC (JvmtiEnv ForceGarbageCollection)  62488K->3089K(498112K), 0.0069654 secs]
232.427: [Full GC (JvmtiEnv ForceGarbageCollection)  62587K->2795K(498112K), 0.0093350 secs]
235.543: [Full GC (JvmtiEnv ForceGarbageCollection)  62293K->2894K(498112K), 0.0073202 secs]
238.621: [Full GC (JvmtiEnv ForceGarbageCollection)  62392K->2993K(498112K), 0.0072979 secs]
241.764: [Full GC (JvmtiEnv ForceGarbageCollection)  62491K->3091K(498112K), 0.0065925 secs]
244.933: [Full GC (JvmtiEnv ForceGarbageCollection)  62589K->2795K(498112K), 0.0079018 secs]
248.063: [Full GC (JvmtiEnv ForceGarbageCollection)  62293K->2896K(498112K), 0.0100744 secs]
251.112: [Full GC (JvmtiEnv ForceGarbageCollection)  62394K->2995K(498112K), 0.0074773 secs]
254.301: [Full GC (JvmtiEnv ForceGarbageCollection)  62493K->3095K(498112K), 0.0093223 secs]
257.362: [Full GC (JvmtiEnv ForceGarbageCollection)  62593K->2796K(498112K), 0.0080015 secs]
260.401: [Full GC (JvmtiEnv ForceGarbageCollection)  62294K->2896K(498112K), 0.0074996 secs]
263.533: [Full GC (JvmtiEnv ForceGarbageCollection)  62394K->2996K(498112K), 0.0074023 secs]
266.665: [Full GC (JvmtiEnv ForceGarbageCollection)  62494K->3096K(498112K), 0.0070024 secs]
269.800: [Full GC (JvmtiEnv ForceGarbageCollection)  62594K->2803K(498112K), 0.0060837 secs]
272.942: [Full GC (JvmtiEnv ForceGarbageCollection)  62301K->2903K(498112K), 0.0073415 secs]
276.035: [Full GC (JvmtiEnv ForceGarbageCollection)  62401K->3004K(498112K), 0.0097322 secs]
279.336: [Full GC (JvmtiEnv ForceGarbageCollection)  62501K->3105K(498112K), 0.0078153 secs]
282.500: [Full GC (JvmtiEnv ForceGarbageCollection)  62603K->2804K(498112K), 0.0074833 secs]
285.773: [Full GC (JvmtiEnv ForceGarbageCollection)  62302K->2907K(498112K), 0.0076107 secs]
289.011: [Full GC (JvmtiEnv ForceGarbageCollection)  62405K->3008K(498112K), 0.0077362 secs]
292.246: [Full GC (JvmtiEnv ForceGarbageCollection)  62490K->3110K(498112K), 0.0090334 secs]
295.486: [Full GC (JvmtiEnv ForceGarbageCollection)  62591K->2808K(498112K), 0.0069291 secs]
298.706: [Full GC (JvmtiEnv ForceGarbageCollection)  62290K->2910K(498112K), 0.0074258 secs]
301.942: [Full GC (JvmtiEnv ForceGarbageCollection)  62391K->3011K(498112K), 0.0087870 secs]
305.252: [Full GC (JvmtiEnv ForceGarbageCollection)  62492K->3113K(498112K), 0.0122202 secs]
308.448: [Full GC (JvmtiEnv ForceGarbageCollection)  62594K->2808K(498112K), 0.0083362 secs]
311.718: [Full GC (JvmtiEnv ForceGarbageCollection)  62290K->2911K(498112K), 0.0094130 secs]
314.895: [Full GC (JvmtiEnv ForceGarbageCollection)  62392K->3013K(498112K), 0.0074225 secs]
318.227: [Full GC (JvmtiEnv ForceGarbageCollection)  62494K->3115K(498112K), 0.0070437 secs]
321.429: [Full GC (JvmtiEnv ForceGarbageCollection)  62613K->2809K(498112K), 0.0058773 secs]
324.602: [Full GC (JvmtiEnv ForceGarbageCollection)  62291K->2911K(498112K), 0.0072031 secs]
327.757: [Full GC (JvmtiEnv ForceGarbageCollection)  62393K->3013K(498112K), 0.0077934 secs]
330.962: [Full GC (JvmtiEnv ForceGarbageCollection)  62495K->3115K(498112K), 0.0079143 secs]
334.190: [Full GC (JvmtiEnv ForceGarbageCollection)  62597K->2810K(498112K), 0.0079060 secs]
337.380: [Full GC (JvmtiEnv ForceGarbageCollection)  62292K->2912K(498112K), 0.0083590 secs]
340.725: [Full GC (JvmtiEnv ForceGarbageCollection)  62394K->3015K(498112K), 0.0087744 secs]
344.009: [Full GC (JvmtiEnv ForceGarbageCollection)  62496K->3119K(498112K), 0.0103490 secs]
347.262: [Full GC (JvmtiEnv ForceGarbageCollection)  62617K->2811K(498112K), 0.0062190 secs]
350.491: [Full GC (JvmtiEnv ForceGarbageCollection)  62309K->2914K(498112K), 0.0066056 secs]
353.746: [Full GC (JvmtiEnv ForceGarbageCollection)  62412K->3017K(498112K), 0.0089545 secs]
356.972: [Full GC (JvmtiEnv ForceGarbageCollection)  62515K->3120K(498112K), 0.0087162 secs]
360.180: [Full GC (JvmtiEnv ForceGarbageCollection)  62618K->2812K(498112K), 0.0104238 secs]
363.433: [Full GC (JvmtiEnv ForceGarbageCollection)  62310K->2915K(498112K), 0.0091004 secs]
366.664: [Full GC (JvmtiEnv ForceGarbageCollection)  62413K->3018K(498112K), 0.0103328 secs]
370.000: [Full GC (JvmtiEnv ForceGarbageCollection)  62516K->3122K(498112K), 0.0119472 secs]
373.267: [Full GC (JvmtiEnv ForceGarbageCollection)  62620K->2812K(498112K), 0.0067930 secs]
376.477: [Full GC (JvmtiEnv ForceGarbageCollection)  62310K->2916K(498112K), 0.0133438 secs]
379.741: [Full GC (JvmtiEnv ForceGarbageCollection)  62414K->3020K(498112K), 0.0086864 secs]
382.925: [Full GC (JvmtiEnv ForceGarbageCollection)  62518K->3124K(498112K), 0.0083617 secs]
386.155: [Full GC (JvmtiEnv ForceGarbageCollection)  62622K->2812K(498112K), 0.0076717 secs]
389.368: [Full GC (JvmtiEnv ForceGarbageCollection)  62310K->2916K(498112K), 0.0080765 secs]
392.570: [Full GC (JvmtiEnv ForceGarbageCollection)  62414K->3020K(498112K), 0.0082856 secs]
395.941: [Full GC (JvmtiEnv ForceGarbageCollection)  62518K->3124K(498112K), 0.0076093 secs]
399.165: [Full GC (JvmtiEnv ForceGarbageCollection)  62622K->2812K(498112K), 0.0062379 secs]
402.532: [Full GC (JvmtiEnv ForceGarbageCollection)  66663K->2917K(498112K), 0.0079750 secs]
405.797: [Full GC (JvmtiEnv ForceGarbageCollection)  66767K->3022K(498112K), 0.0077826 secs]
409.088: [Full GC (JvmtiEnv ForceGarbageCollection)  66872K->3126K(498112K), 0.0062002 secs]
412.302: [Full GC (JvmtiEnv ForceGarbageCollection)  66976K->2813K(498112K), 0.0079404 secs]
415.495: [Full GC (JvmtiEnv ForceGarbageCollection)  66663K->2918K(498112K), 0.0073504 secs]
418.646: [Full GC (JvmtiEnv ForceGarbageCollection)  66768K->3023K(498112K), 0.0075563 secs]
421.854: [Full GC (JvmtiEnv ForceGarbageCollection)  66873K->3128K(498112K), 0.0064273 secs]
425.179: [Full GC (JvmtiEnv ForceGarbageCollection)  66978K->2814K(498112K), 0.0066876 secs]
428.451: [Full GC (JvmtiEnv ForceGarbageCollection)  66664K->2919K(498112K), 0.0075426 secs]
431.696: [Full GC (JvmtiEnv ForceGarbageCollection)  66769K->3024K(498112K), 0.0078522 secs]
434.966: [Full GC (JvmtiEnv ForceGarbageCollection)  66874K->3130K(498112K), 0.0114278 secs]
438.276: [Full GC (JvmtiEnv ForceGarbageCollection)  66980K->2814K(498112K), 0.0087876 secs]
441.588: [Full GC (JvmtiEnv ForceGarbageCollection)  66665K->2920K(498112K), 0.0091106 secs]
444.944: [Full GC (JvmtiEnv ForceGarbageCollection)  66770K->3026K(498112K), 0.0085701 secs]
448.294: [Full GC (JvmtiEnv ForceGarbageCollection)  66876K->3132K(498112K), 0.0084108 secs]
451.697: [Full GC (JvmtiEnv ForceGarbageCollection)  66982K->2815K(498112K), 0.0063756 secs]
455.033: [Full GC (JvmtiEnv ForceGarbageCollection)  66665K->2922K(498112K), 0.0074493 secs]
458.465: [Full GC (JvmtiEnv ForceGarbageCollection)  66772K->3028K(498112K), 0.0085986 secs]
461.900: [Full GC (JvmtiEnv ForceGarbageCollection)  66878K->3135K(498112K), 0.0077377 secs]
465.202: [Full GC (JvmtiEnv ForceGarbageCollection)  66985K->2815K(498112K), 0.0082601 secs]
468.557: [Full GC (JvmtiEnv ForceGarbageCollection)  66665K->2922K(498112K), 0.0092876 secs]
471.915: [Full GC (JvmtiEnv ForceGarbageCollection)  66772K->3029K(498112K), 0.0081854 secs]
475.333: [Full GC (JvmtiEnv ForceGarbageCollection)  66880K->3137K(498112K), 0.0071038 secs]
478.692: [Full GC (JvmtiEnv ForceGarbageCollection)  66987K->2816K(498112K), 0.0083650 secs]
482.111: [Full GC (JvmtiEnv ForceGarbageCollection)  66666K->2923K(498112K), 0.0098532 secs]
485.545: [Full GC (JvmtiEnv ForceGarbageCollection)  66773K->3031K(498112K), 0.0090514 secs]
488.969: [Full GC (JvmtiEnv ForceGarbageCollection)  66881K->3139K(498112K), 0.0088883 secs]
492.389: [Full GC (JvmtiEnv ForceGarbageCollection)  66989K->2816K(498112K), 0.0084274 secs]
495.790: [Full GC (JvmtiEnv ForceGarbageCollection)  66666K->2924K(498112K), 0.0076197 secs]
499.230: [Full GC (JvmtiEnv ForceGarbageCollection)  66774K->3032K(498112K), 0.0060499 secs]
502.641: [Full GC (JvmtiEnv ForceGarbageCollection)  66882K->3141K(498112K), 0.0072145 secs]
506.060: [Full GC (JvmtiEnv ForceGarbageCollection)  66991K->2817K(498112K), 0.0078354 secs]
509.442: [Full GC (JvmtiEnv ForceGarbageCollection)  66667K->2926K(498112K), 0.0067005 secs]
512.877: [Full GC (JvmtiEnv ForceGarbageCollection)  66776K->3034K(498112K), 0.0075346 secs]
516.240: [Full GC (JvmtiEnv ForceGarbageCollection)  66884K->3143K(498112K), 0.0094571 secs]
519.621: [Full GC (JvmtiEnv ForceGarbageCollection)  66993K->2704K(498112K), 0.0085533 secs]
523.100: [Full GC (JvmtiEnv ForceGarbageCollection)  66554K->2813K(498112K), 0.0097243 secs]
526.573: [Full GC (JvmtiEnv ForceGarbageCollection)  66663K->2922K(498112K), 0.0072297 secs]
530.019: [Full GC (JvmtiEnv ForceGarbageCollection)  66772K->3031K(498112K), 0.0072455 secs]
533.510: [Full GC (JvmtiEnv ForceGarbageCollection)  66881K->2704K(498112K), 0.0067980 secs]
536.972: [Full GC (JvmtiEnv ForceGarbageCollection)  66554K->2813K(498112K), 0.0076041 secs]
540.430: [Full GC (JvmtiEnv ForceGarbageCollection)  66664K->2923K(498112K), 0.0095719 secs]
543.944: [Full GC (JvmtiEnv ForceGarbageCollection)  66773K->3033K(498112K), 0.0078190 secs]
547.399: [Full GC (JvmtiEnv ForceGarbageCollection)  66883K->2704K(498112K), 0.0067934 secs]
550.973: [Full GC (JvmtiEnv ForceGarbageCollection)  66554K->2814K(498112K), 0.0091682 secs]
554.533: [Full GC (JvmtiEnv ForceGarbageCollection)  66664K->2924K(498112K), 0.0072420 secs]
558.037: [Full GC (JvmtiEnv ForceGarbageCollection)  66775K->3034K(498112K), 0.0077062 secs]
561.485: [Full GC (JvmtiEnv ForceGarbageCollection)  66884K->2705K(498112K), 0.0073278 secs]
564.989: [Full GC (JvmtiEnv ForceGarbageCollection)  66555K->2815K(498112K), 0.0064816 secs]
568.510: [Full GC (JvmtiEnv ForceGarbageCollection)  66665K->2925K(498112K), 0.0079723 secs]
572.084: [Full GC (JvmtiEnv ForceGarbageCollection)  66775K->3036K(498112K), 0.0078294 secs]
575.717: [Full GC (JvmtiEnv ForceGarbageCollection)  66886K->2705K(498112K), 0.0067152 secs]
579.221: [Full GC (JvmtiEnv ForceGarbageCollection)  66555K->2815K(498112K), 0.0057622 secs]
582.676: [Full GC (JvmtiEnv ForceGarbageCollection)  66665K->2926K(498112K), 0.0072170 secs]
586.292: [Full GC (JvmtiEnv ForceGarbageCollection)  66776K->3037K(498112K), 0.0079283 secs]
589.872: [Full GC (JvmtiEnv ForceGarbageCollection)  66887K->2706K(498112K), 0.0092467 secs]
593.398: [Full GC (JvmtiEnv ForceGarbageCollection)  66556K->2817K(498112K), 0.0082266 secs]
596.895: [Full GC (JvmtiEnv ForceGarbageCollection)  66667K->2928K(498112K), 0.0075920 secs]
600.433: [Full GC (JvmtiEnv ForceGarbageCollection)  66778K->3039K(498112K), 0.0082106 secs]
604.078: [Full GC (JvmtiEnv ForceGarbageCollection)  66889K->2707K(498112K), 0.0063746 secs]
607.649: [Full GC (JvmtiEnv ForceGarbageCollection)  66557K->2818K(498112K), 0.0106860 secs]
611.184: [Full GC (JvmtiEnv ForceGarbageCollection)  66668K->2930K(498112K), 0.0085614 secs]
614.701: [Full GC (JvmtiEnv ForceGarbageCollection)  66780K->3042K(498112K), 0.0088955 secs]
618.246: [Full GC (JvmtiEnv ForceGarbageCollection)  66892K->2707K(498112K), 0.0076187 secs]
621.725: [Full GC (JvmtiEnv ForceGarbageCollection)  70769K->2819K(498112K), 0.0077326 secs]
625.312: [Full GC (JvmtiEnv ForceGarbageCollection)  70881K->2931K(498112K), 0.0077833 secs]
628.889: [Full GC (JvmtiEnv ForceGarbageCollection)  70994K->3044K(498112K), 0.0091889 secs]
632.744: [Full GC (JvmtiEnv ForceGarbageCollection)  66894K->2707K(498112K), 0.0089504 secs]
636.425: [Full GC (JvmtiEnv ForceGarbageCollection)  70769K->2819K(498112K), 0.0073055 secs]
640.001: [Full GC (JvmtiEnv ForceGarbageCollection)  70881K->2931K(498112K), 0.0080478 secs]
643.616: [Full GC (JvmtiEnv ForceGarbageCollection)  70994K->3044K(498112K), 0.0085342 secs]
647.132: [Full GC (JvmtiEnv ForceGarbageCollection)  71106K->2707K(498112K), 0.0102606 secs]
650.840: [Full GC (JvmtiEnv ForceGarbageCollection)  70770K->2820K(498112K), 0.0062485 secs]
654.432: [Full GC (JvmtiEnv ForceGarbageCollection)  70882K->2933K(498112K), 0.0088193 secs]
657.992: [Full GC (JvmtiEnv ForceGarbageCollection)  70995K->3046K(498112K), 0.0078775 secs]
661.562: [Full GC (JvmtiEnv ForceGarbageCollection)  71108K->2708K(498112K), 0.0082469 secs]
665.120: [Full GC (JvmtiEnv ForceGarbageCollection)  70770K->2821K(498112K), 0.0089201 secs]
668.644: [Full GC (JvmtiEnv ForceGarbageCollection)  70883K->2934K(498112K), 0.0115155 secs]
672.308: [Full GC (JvmtiEnv ForceGarbageCollection)  70996K->3048K(498112K), 0.0070549 secs]
675.908: [Full GC (JvmtiEnv ForceGarbageCollection)  71110K->2709K(498112K), 0.0059094 secs]
679.592: [Full GC (JvmtiEnv ForceGarbageCollection)  70771K->2822K(498112K), 0.0080062 secs]
