OpenJDK 64-Bit Server VM (25.222-b10) for linux-amd64 JRE (1.8.0_222-8u222-b10-1ubuntu1~18.04.1-b10), built on Jul 18 2019 18:52:48 by "buildd" with gcc 7.4.0
Memory: 4k page, physical 16424660k(15508856k free), swap 0k(0k free)
CommandLine flags: -XX:CompressedClassSpaceSize=45297664 -XX:InitialHeapSize=536870912 -XX:MaxHeapSize=536870912 -XX:MaxMetaspaceSize=53686272 -XX:NewRatio=1 -XX:+PrintGC -XX:+PrintGCTimeStamps -XX:+RequireSharedSpaces -XX:ReservedCodeCacheSize=26843136 -XX:-TieredCompilation -XX:+UseCompressedClassPointers -XX:+UseCompressedOops -XX:+UseSerialGC -XX:+UseSharedSpaces 
4.801: [Full GC (JvmtiEnv ForceGarbageCollection)  77777K->2882K(498112K), 0.0150763 secs]
7.729: [Full GC (JvmtiEnv ForceGarbageCollection)  70615K->2973K(498112K), 0.0079852 secs]
10.645: [Full GC (JvmtiEnv ForceGarbageCollection)  62314K->3062K(498112K), 0.0059484 secs]
13.611: [Full GC (JvmtiEnv ForceGarbageCollection)  62404K->2766K(498112K), 0.0086464 secs]
16.579: [Full GC (JvmtiEnv ForceGarbageCollection)  57911K->2856K(498112K), 0.0076202 secs]
19.526: [Full GC (JvmtiEnv ForceGarbageCollection)  58002K->2947K(498112K), 0.0074887 secs]
22.467: [Full GC (JvmtiEnv ForceGarbageCollection)  58093K->3040K(498112K), 0.0081871 secs]
25.343: [Full GC (JvmtiEnv ForceGarbageCollection)  58186K->2769K(498112K), 0.0073651 secs]
28.349: [Full GC (JvmtiEnv ForceGarbageCollection)  57915K->2860K(498112K), 0.0087827 secs]
31.422: [Full GC (JvmtiEnv ForceGarbageCollection)  58005K->2950K(498112K), 0.0077963 secs]
34.486: [Full GC (JvmtiEnv ForceGarbageCollection)  58096K->3041K(498112K), 0.0074575 secs]
37.533: [Full GC (JvmtiEnv ForceGarbageCollection)  58187K->2770K(498112K), 0.0057357 secs]
40.539: [Full GC (JvmtiEnv ForceGarbageCollection)  57916K->2861K(498112K), 0.0075307 secs]
43.595: [Full GC (JvmtiEnv ForceGarbageCollection)  58007K->2952K(498112K), 0.0067590 secs]
46.621: [Full GC (JvmtiEnv ForceGarbageCollection)  58098K->3043K(498112K), 0.0082902 secs]
49.666: [Full GC (JvmtiEnv ForceGarbageCollection)  58189K->2771K(498112K), 0.0058296 secs]
52.719: [Full GC (JvmtiEnv ForceGarbageCollection)  57917K->2863K(498112K), 0.0100601 secs]
55.839: [Full GC (JvmtiEnv ForceGarbageCollection)  58009K->2955K(498112K), 0.0066292 secs]
58.857: [Full GC (JvmtiEnv ForceGarbageCollection)  58101K->3047K(498112K), 0.0071721 secs]
61.889: [Full GC (JvmtiEnv ForceGarbageCollection)  58185K->2774K(498112K), 0.0076309 secs]
64.949: [Full GC (JvmtiEnv ForceGarbageCollection)  57920K->2868K(498112K), 0.0081402 secs]
67.962: [Full GC (JvmtiEnv ForceGarbageCollection)  58005K->2962K(498112K), 0.0115369 secs]
71.018: [Full GC (JvmtiEnv ForceGarbageCollection)  58108K->3054K(498112K), 0.0093813 secs]
74.098: [Full GC (JvmtiEnv ForceGarbageCollection)  58200K->2778K(498112K), 0.0122605 secs]
77.231: [Full GC (JvmtiEnv ForceGarbageCollection)  57924K->2871K(498112K), 0.0084960 secs]
80.235: [Full GC (JvmtiEnv ForceGarbageCollection)  58016K->2963K(498112K), 0.0078592 secs]
83.246: [Full GC (JvmtiEnv ForceGarbageCollection)  58109K->3055K(498112K), 0.0070254 secs]
86.243: [Full GC (JvmtiEnv ForceGarbageCollection)  58201K->2778K(498112K), 0.0077031 secs]
89.222: [Full GC (JvmtiEnv ForceGarbageCollection)  57924K->2871K(498112K), 0.0106768 secs]
92.231: [Full GC (JvmtiEnv ForceGarbageCollection)  58017K->2964K(498112K), 0.0084134 secs]
95.314: [Full GC (JvmtiEnv ForceGarbageCollection)  58110K->3057K(498112K), 0.0077708 secs]
98.433: [Full GC (JvmtiEnv ForceGarbageCollection)  58203K->2779K(498112K), 0.0068805 secs]
101.509: [Full GC (JvmtiEnv ForceGarbageCollection)  57925K->2872K(498112K), 0.0082530 secs]
104.617: [Full GC (JvmtiEnv ForceGarbageCollection)  58018K->2967K(498112K), 0.0087972 secs]
107.790: [Full GC (JvmtiEnv ForceGarbageCollection)  58112K->3061K(498112K), 0.0075663 secs]
110.787: [Full GC (JvmtiEnv ForceGarbageCollection)  58207K->2781K(498112K), 0.0075900 secs]
113.766: [Full GC (JvmtiEnv ForceGarbageCollection)  57927K->2875K(498112K), 0.0081048 secs]
116.729: [Full GC (JvmtiEnv ForceGarbageCollection)  58020K->2970K(498112K), 0.0060356 secs]
119.640: [Full GC (JvmtiEnv ForceGarbageCollection)  66507K->3066K(498112K), 0.0070611 secs]
122.615: [Full GC (JvmtiEnv ForceGarbageCollection)  58212K->2787K(498112K), 0.0062444 secs]
125.545: [Full GC (JvmtiEnv ForceGarbageCollection)  57933K->2881K(498112K), 0.0057697 secs]
128.442: [Full GC (JvmtiEnv ForceGarbageCollection)  58027K->2975K(498112K), 0.0073304 secs]
131.321: [Full GC (JvmtiEnv ForceGarbageCollection)  58121K->3069K(498112K), 0.0098890 secs]
134.238: [Full GC (JvmtiEnv ForceGarbageCollection)  58214K->2788K(498112K), 0.0077384 secs]
137.262: [Full GC (JvmtiEnv ForceGarbageCollection)  57934K->2883K(498112K), 0.0077390 secs]
140.187: [Full GC (JvmtiEnv ForceGarbageCollection)  58029K->2977K(498112K), 0.0077680 secs]
143.137: [Full GC (JvmtiEnv ForceGarbageCollection)  58123K->3071K(498112K), 0.0060944 secs]
146.043: [Full GC (JvmtiEnv ForceGarbageCollection)  58217K->2788K(498112K), 0.0070778 secs]
149.002: [Full GC (JvmtiEnv ForceGarbageCollection)  57934K->2884K(498112K), 0.0057876 secs]
151.922: [Full GC (JvmtiEnv ForceGarbageCollection)  58030K->2979K(498112K), 0.0067532 secs]
154.836: [Full GC (JvmtiEnv ForceGarbageCollection)  58125K->3074K(498112K), 0.0061471 secs]
157.766: [Full GC (JvmtiEnv ForceGarbageCollection)  58219K->2790K(498112K), 0.0078453 secs]
160.703: [Full GC (JvmtiEnv ForceGarbageCollection)  57936K->2885K(498112K), 0.0071736 secs]
163.674: [Full GC (JvmtiEnv ForceGarbageCollection)  58031K->2980K(498112K), 0.0080311 secs]
166.667: [Full GC (JvmtiEnv ForceGarbageCollection)  58126K->3076K(498112K), 0.0066880 secs]
169.578: [Full GC (JvmtiEnv ForceGarbageCollection)  58222K->2791K(498112K), 0.0079915 secs]
172.571: [Full GC (JvmtiEnv ForceGarbageCollection)  57936K->2886K(498112K), 0.0068767 secs]
175.642: [Full GC (JvmtiEnv ForceGarbageCollection)  58032K->2982K(498112K), 0.0071793 secs]
178.631: [Full GC (JvmtiEnv ForceGarbageCollection)  58127K->3078K(498112K), 0.0079670 secs]
181.683: [Full GC (JvmtiEnv ForceGarbageCollection)  58224K->2791K(498112K), 0.0080007 secs]
184.629: [Full GC (JvmtiEnv ForceGarbageCollection)  57937K->2887K(498112K), 0.0096601 secs]
187.590: [Full GC (JvmtiEnv ForceGarbageCollection)  58033K->2984K(498112K), 0.0070991 secs]
190.512: [Full GC (JvmtiEnv ForceGarbageCollection)  58129K->3080K(498112K), 0.0076766 secs]
193.551: [Full GC (JvmtiEnv ForceGarbageCollection)  62578K->2792K(498112K), 0.0090460 secs]
196.627: [Full GC (JvmtiEnv ForceGarbageCollection)  62290K->2889K(498112K), 0.0137591 secs]
199.811: [Full GC (JvmtiEnv ForceGarbageCollection)  62387K->2985K(498112K), 0.0061487 secs]
202.802: [Full GC (JvmtiEnv ForceGarbageCollection)  62483K->3082K(498112K), 0.0071343 secs]
205.793: [Full GC (JvmtiEnv ForceGarbageCollection)  62580K->2792K(498112K), 0.0079670 secs]
208.801: [Full GC (JvmtiEnv ForceGarbageCollection)  62290K->2889K(498112K), 0.0072927 secs]
211.858: [Full GC (JvmtiEnv ForceGarbageCollection)  62387K->2987K(498112K), 0.0079361 secs]
214.938: [Full GC (JvmtiEnv ForceGarbageCollection)  62485K->3085K(498112K), 0.0078445 secs]
217.896: [Full GC (JvmtiEnv ForceGarbageCollection)  62583K->2793K(498112K), 0.0082116 secs]
220.907: [Full GC (JvmtiEnv ForceGarbageCollection)  62291K->2891K(498112K), 0.0067137 secs]
224.014: [Full GC (JvmtiEnv ForceGarbageCollection)  62389K->2989K(498112K), 0.0067519 secs]
227.090: [Full GC (JvmtiEnv ForceGarbageCollection)  62487K->3087K(498112K), 0.0073503 secs]
230.088: [Full GC (JvmtiEnv ForceGarbageCollection)  62585K->2794K(498112K), 0.0076294 secs]
233.142: [Full GC (JvmtiEnv ForceGarbageCollection)  62292K->2892K(498112K), 0.0082565 secs]
236.178: [Full GC (JvmtiEnv ForceGarbageCollection)  62390K->2990K(498112K), 0.0078031 secs]
239.121: [Full GC (JvmtiEnv ForceGarbageCollection)  62488K->3089K(498112K), 0.0086689 secs]
242.186: [Full GC (JvmtiEnv ForceGarbageCollection)  62587K->2795K(498112K), 0.0078545 secs]
245.270: [Full GC (JvmtiEnv ForceGarbageCollection)  62293K->2894K(498112K), 0.0073740 secs]
248.384: [Full GC (JvmtiEnv ForceGarbageCollection)  62392K->2992K(498112K), 0.0059437 secs]
251.499: [Full GC (JvmtiEnv ForceGarbageCollection)  62490K->3091K(498112K), 0.0061255 secs]
254.544: [Full GC (JvmtiEnv ForceGarbageCollection)  62589K->2796K(498112K), 0.0088483 secs]
257.663: [Full GC (JvmtiEnv ForceGarbageCollection)  62294K->2896K(498112K), 0.0111696 secs]
260.905: [Full GC (JvmtiEnv ForceGarbageCollection)  62394K->2995K(498112K), 0.0075758 secs]
264.001: [Full GC (JvmtiEnv ForceGarbageCollection)  62493K->3095K(498112K), 0.0080621 secs]
267.156: [Full GC (JvmtiEnv ForceGarbageCollection)  62585K->2802K(498112K), 0.0060611 secs]
270.263: [Full GC (JvmtiEnv ForceGarbageCollection)  62300K->2902K(498112K), 0.0072165 secs]
273.378: [Full GC (JvmtiEnv ForceGarbageCollection)  62400K->3002K(498112K), 0.0087629 secs]
276.581: [Full GC (JvmtiEnv ForceGarbageCollection)  62500K->3103K(498112K), 0.0091611 secs]
279.701: [Full GC (JvmtiEnv ForceGarbageCollection)  62600K->2804K(498112K), 0.0079373 secs]
282.798: [Full GC (JvmtiEnv ForceGarbageCollection)  62302K->2904K(498112K), 0.0075118 secs]
286.054: [Full GC (JvmtiEnv ForceGarbageCollection)  62394K->3006K(498112K), 0.0123729 secs]
289.319: [Full GC (JvmtiEnv ForceGarbageCollection)  62488K->3108K(498112K), 0.0079757 secs]
292.523: [Full GC (JvmtiEnv ForceGarbageCollection)  62589K->2807K(498112K), 0.0059366 secs]
295.694: [Full GC (JvmtiEnv ForceGarbageCollection)  62289K->2908K(498112K), 0.0078665 secs]
298.826: [Full GC (JvmtiEnv ForceGarbageCollection)  62390K->3009K(498112K), 0.0078724 secs]
302.053: [Full GC (JvmtiEnv ForceGarbageCollection)  62490K->3126K(498112K), 0.0151285 secs]
305.278: [Full GC (JvmtiEnv ForceGarbageCollection)  62624K->2809K(498112K), 0.0086690 secs]
308.520: [Full GC (JvmtiEnv ForceGarbageCollection)  62291K->2910K(498112K), 0.0084151 secs]
311.722: [Full GC (JvmtiEnv ForceGarbageCollection)  62392K->3012K(498112K), 0.0070328 secs]
315.052: [Full GC (JvmtiEnv ForceGarbageCollection)  62493K->3114K(498112K), 0.0107947 secs]
318.270: [Full GC (JvmtiEnv ForceGarbageCollection)  62595K->2809K(498112K), 0.0079734 secs]
321.593: [Full GC (JvmtiEnv ForceGarbageCollection)  62291K->2911K(498112K), 0.0082176 secs]
324.801: [Full GC (JvmtiEnv ForceGarbageCollection)  62393K->3013K(498112K), 0.0070307 secs]
328.015: [Full GC (JvmtiEnv ForceGarbageCollection)  62495K->3115K(498112K), 0.0076857 secs]
331.258: [Full GC (JvmtiEnv ForceGarbageCollection)  62613K->2810K(498112K), 0.0062540 secs]
334.504: [Full GC (JvmtiEnv ForceGarbageCollection)  62291K->2912K(498112K), 0.0081064 secs]
337.735: [Full GC (JvmtiEnv ForceGarbageCollection)  62393K->3015K(498112K), 0.0069804 secs]
340.978: [Full GC (JvmtiEnv ForceGarbageCollection)  62480K->3119K(498112K), 0.0079140 secs]
344.110: [Full GC (JvmtiEnv ForceGarbageCollection)  62617K->2811K(498112K), 0.0084357 secs]
347.385: [Full GC (JvmtiEnv ForceGarbageCollection)  62309K->2914K(498112K), 0.0083935 secs]
350.627: [Full GC (JvmtiEnv ForceGarbageCollection)  62412K->3016K(498112K), 0.0068626 secs]
353.866: [Full GC (JvmtiEnv ForceGarbageCollection)  62514K->3120K(498112K), 0.0078113 secs]
357.062: [Full GC (JvmtiEnv ForceGarbageCollection)  62618K->2812K(498112K), 0.0078552 secs]
360.229: [Full GC (JvmtiEnv ForceGarbageCollection)  62310K->2915K(498112K), 0.0085451 secs]
363.441: [Full GC (JvmtiEnv ForceGarbageCollection)  62413K->3018K(498112K), 0.0081200 secs]
366.649: [Full GC (JvmtiEnv ForceGarbageCollection)  62516K->3122K(498112K), 0.0070922 secs]
369.876: [Full GC (JvmtiEnv ForceGarbageCollection)  62619K->2812K(498112K), 0.0066576 secs]
373.113: [Full GC (JvmtiEnv ForceGarbageCollection)  62310K->2916K(498112K), 0.0122687 secs]
376.377: [Full GC (JvmtiEnv ForceGarbageCollection)  62413K->3020K(498112K), 0.0093133 secs]
379.611: [Full GC (JvmtiEnv ForceGarbageCollection)  62517K->3123K(498112K), 0.0082391 secs]
382.937: [Full GC (JvmtiEnv ForceGarbageCollection)  62622K->2812K(498112K), 0.0078801 secs]
386.149: [Full GC (JvmtiEnv ForceGarbageCollection)  62310K->2916K(498112K), 0.0059876 secs]
389.399: [Full GC (JvmtiEnv ForceGarbageCollection)  66766K->3021K(498112K), 0.0065906 secs]
392.697: [Full GC (JvmtiEnv ForceGarbageCollection)  66871K->3125K(498112K), 0.0102338 secs]
395.937: [Full GC (JvmtiEnv ForceGarbageCollection)  66975K->2813K(498112K), 0.0079065 secs]
399.196: [Full GC (JvmtiEnv ForceGarbageCollection)  66663K->2917K(498112K), 0.0075549 secs]
402.464: [Full GC (JvmtiEnv ForceGarbageCollection)  66768K->3022K(498112K), 0.0078018 secs]
405.717: [Full GC (JvmtiEnv ForceGarbageCollection)  66872K->3127K(498112K), 0.0080773 secs]
408.989: [Full GC (JvmtiEnv ForceGarbageCollection)  66977K->2814K(498112K), 0.0077910 secs]
412.359: [Full GC (JvmtiEnv ForceGarbageCollection)  66664K->2919K(498112K), 0.0065662 secs]
415.696: [Full GC (JvmtiEnv ForceGarbageCollection)  66769K->3024K(498112K), 0.0090791 secs]
418.954: [Full GC (JvmtiEnv ForceGarbageCollection)  66874K->3129K(498112K), 0.0065090 secs]
422.325: [Full GC (JvmtiEnv ForceGarbageCollection)  66979K->2814K(498112K), 0.0117468 secs]
425.582: [Full GC (JvmtiEnv ForceGarbageCollection)  66664K->2919K(498112K), 0.0082571 secs]
428.860: [Full GC (JvmtiEnv ForceGarbageCollection)  66769K->3025K(498112K), 0.0072973 secs]
432.159: [Full GC (JvmtiEnv ForceGarbageCollection)  66875K->3131K(498112K), 0.0080543 secs]
435.510: [Full GC (JvmtiEnv ForceGarbageCollection)  66981K->2814K(498112K), 0.0099193 secs]
438.853: [Full GC (JvmtiEnv ForceGarbageCollection)  66664K->2920K(498112K), 0.0075922 secs]
442.289: [Full GC (JvmtiEnv ForceGarbageCollection)  66770K->3025K(498112K), 0.0074883 secs]
445.593: [Full GC (JvmtiEnv ForceGarbageCollection)  66875K->3131K(498112K), 0.0079729 secs]
448.853: [Full GC (JvmtiEnv ForceGarbageCollection)  66981K->2814K(498112K), 0.0089142 secs]
452.196: [Full GC (JvmtiEnv ForceGarbageCollection)  66664K->2920K(498112K), 0.0107175 secs]
455.513: [Full GC (JvmtiEnv ForceGarbageCollection)  66770K->3026K(498112K), 0.0093652 secs]
458.790: [Full GC (JvmtiEnv ForceGarbageCollection)  66876K->3132K(498112K), 0.0111065 secs]
462.129: [Full GC (JvmtiEnv ForceGarbageCollection)  66982K->2815K(498112K), 0.0080443 secs]
465.506: [Full GC (JvmtiEnv ForceGarbageCollection)  66665K->2921K(498112K), 0.0069586 secs]
468.873: [Full GC (JvmtiEnv ForceGarbageCollection)  66771K->3028K(498112K), 0.0066335 secs]
472.155: [Full GC (JvmtiEnv ForceGarbageCollection)  66878K->3135K(498112K), 0.0087571 secs]
475.449: [Full GC (JvmtiEnv ForceGarbageCollection)  66985K->2815K(498112K), 0.0082557 secs]
478.813: [Full GC (JvmtiEnv ForceGarbageCollection)  66665K->2922K(498112K), 0.0076258 secs]
482.173: [Full GC (JvmtiEnv ForceGarbageCollection)  66772K->3029K(498112K), 0.0081979 secs]
485.532: [Full GC (JvmtiEnv ForceGarbageCollection)  66879K->3136K(498112K), 0.0079463 secs]
488.831: [Full GC (JvmtiEnv ForceGarbageCollection)  66986K->2815K(498112K), 0.0076060 secs]
492.269: [Full GC (JvmtiEnv ForceGarbageCollection)  66665K->2922K(498112K), 0.0072123 secs]
495.588: [Full GC (JvmtiEnv ForceGarbageCollection)  66772K->3029K(498112K), 0.0108301 secs]
498.997: [Full GC (JvmtiEnv ForceGarbageCollection)  66879K->3136K(498112K), 0.0094882 secs]
502.369: [Full GC (JvmtiEnv ForceGarbageCollection)  66987K->2815K(498112K), 0.0105886 secs]
505.786: [Full GC (JvmtiEnv ForceGarbageCollection)  66666K->2923K(498112K), 0.0078481 secs]
509.065: [Full GC (JvmtiEnv ForceGarbageCollection)  66773K->3031K(498112K), 0.0085377 secs]
512.472: [Full GC (JvmtiEnv ForceGarbageCollection)  66881K->3138K(498112K), 0.0086145 secs]
515.888: [Full GC (JvmtiEnv ForceGarbageCollection)  66988K->2702K(498112K), 0.0087974 secs]
519.273: [Full GC (JvmtiEnv ForceGarbageCollection)  66552K->2810K(498112K), 0.0073656 secs]
522.638: [Full GC (JvmtiEnv ForceGarbageCollection)  66660K->2918K(498112K), 0.0085552 secs]
526.009: [Full GC (JvmtiEnv ForceGarbageCollection)  66768K->3026K(498112K), 0.0077120 secs]
529.374: [Full GC (JvmtiEnv ForceGarbageCollection)  66876K->2703K(498112K), 0.0087416 secs]
532.746: [Full GC (JvmtiEnv ForceGarbageCollection)  66553K->2811K(498112K), 0.0074605 secs]
536.092: [Full GC (JvmtiEnv ForceGarbageCollection)  66661K->2920K(498112K), 0.0071374 secs]
539.362: [Full GC (JvmtiEnv ForceGarbageCollection)  66770K->3028K(498112K), 0.0064832 secs]
542.874: [Full GC (JvmtiEnv ForceGarbageCollection)  66878K->2703K(498112K), 0.0064080 secs]
546.273: [Full GC (JvmtiEnv ForceGarbageCollection)  66553K->2812K(498112K), 0.0077489 secs]
549.605: [Full GC (JvmtiEnv ForceGarbageCollection)  66662K->2922K(498112K), 0.0070547 secs]
552.984: [Full GC (JvmtiEnv ForceGarbageCollection)  66772K->3031K(498112K), 0.0070253 secs]
556.370: [Full GC (JvmtiEnv ForceGarbageCollection)  66881K->2703K(498112K), 0.0082048 secs]
559.809: [Full GC (JvmtiEnv ForceGarbageCollection)  66553K->2813K(498112K), 0.0091734 secs]
563.297: [Full GC (JvmtiEnv ForceGarbageCollection)  66663K->2923K(498112K), 0.0074443 secs]
566.898: [Full GC (JvmtiEnv ForceGarbageCollection)  66773K->3033K(498112K), 0.0068271 secs]
570.258: [Full GC (JvmtiEnv ForceGarbageCollection)  66883K->2704K(498112K), 0.0082851 secs]
573.693: [Full GC (JvmtiEnv ForceGarbageCollection)  66554K->2814K(498112K), 0.0070632 secs]
577.149: [Full GC (JvmtiEnv ForceGarbageCollection)  66664K->2925K(498112K), 0.0091169 secs]
580.555: [Full GC (JvmtiEnv ForceGarbageCollection)  66775K->3035K(498112K), 0.0077069 secs]
584.019: [Full GC (JvmtiEnv ForceGarbageCollection)  66885K->2705K(498112K), 0.0077880 secs]
587.545: [Full GC (JvmtiEnv ForceGarbageCollection)  66555K->2815K(498112K), 0.0089221 secs]
591.020: [Full GC (JvmtiEnv ForceGarbageCollection)  66666K->2925K(498112K), 0.0075171 secs]
594.521: [Full GC (JvmtiEnv ForceGarbageCollection)  66775K->3036K(498112K), 0.0064492 secs]
597.931: [Full GC (JvmtiEnv ForceGarbageCollection)  66886K->2705K(498112K), 0.0082210 secs]
601.302: [Full GC (JvmtiEnv ForceGarbageCollection)  66555K->2815K(498112K), 0.0079648 secs]
604.790: [Full GC (JvmtiEnv ForceGarbageCollection)  66666K->2926K(498112K), 0.0074490 secs]
608.258: [Full GC (JvmtiEnv ForceGarbageCollection)  66776K->3036K(498112K), 0.0083451 secs]
611.732: [Full GC (JvmtiEnv ForceGarbageCollection)  66887K->2706K(498112K), 0.0069138 secs]
615.194: [Full GC (JvmtiEnv ForceGarbageCollection)  66556K->2817K(498112K), 0.0074902 secs]
618.686: [Full GC (JvmtiEnv ForceGarbageCollection)  66667K->2928K(498112K), 0.0085669 secs]
622.119: [Full GC (JvmtiEnv ForceGarbageCollection)  66778K->3039K(498112K), 0.0094847 secs]
625.684: [Full GC (JvmtiEnv ForceGarbageCollection)  66889K->2706K(498112K), 0.0176940 secs]
629.254: [Full GC (JvmtiEnv ForceGarbageCollection)  66556K->2817K(498112K), 0.0076771 secs]
632.747: [Full GC (JvmtiEnv ForceGarbageCollection)  66668K->2929K(498112K), 0.0066867 secs]
636.209: [Full GC (JvmtiEnv ForceGarbageCollection)  66779K->3041K(498112K), 0.0074133 secs]
639.714: [Full GC (JvmtiEnv ForceGarbageCollection)  66891K->2706K(498112K), 0.0078538 secs]
643.186: [Full GC (JvmtiEnv ForceGarbageCollection)  66556K->2818K(498112K), 0.0075291 secs]
646.795: [Full GC (JvmtiEnv ForceGarbageCollection)  70880K->2930K(498112K), 0.0074140 secs]
650.286: [Full GC (JvmtiEnv ForceGarbageCollection)  70993K->3043K(498112K), 0.0108742 secs]
653.792: [Full GC (JvmtiEnv ForceGarbageCollection)  71105K->2707K(498112K), 0.0083259 secs]
657.344: [Full GC (JvmtiEnv ForceGarbageCollection)  70769K->2819K(498112K), 0.0120216 secs]
660.873: [Full GC (JvmtiEnv ForceGarbageCollection)  70882K->2932K(498112K), 0.0060210 secs]
664.360: [Full GC (JvmtiEnv ForceGarbageCollection)  70994K->3045K(498112K), 0.0086198 secs]
667.883: [Full GC (JvmtiEnv ForceGarbageCollection)  71107K->2708K(498112K), 0.0071699 secs]
671.370: [Full GC (JvmtiEnv ForceGarbageCollection)  70770K->2821K(498112K), 0.0081227 secs]
674.867: [Full GC (JvmtiEnv ForceGarbageCollection)  70883K->2934K(498112K), 0.0076979 secs]
