OpenJDK 64-Bit Server VM (25.222-b10) for linux-amd64 JRE (1.8.0_222-8u222-b10-1ubuntu1~18.04.1-b10), built on Jul 18 2019 18:52:48 by "buildd" with gcc 7.4.0
Memory: 4k page, physical 16424660k(15512436k free), swap 0k(0k free)
CommandLine flags: -XX:CompressedClassSpaceSize=45297664 -XX:InitialHeapSize=536870912 -XX:MaxHeapSize=536870912 -XX:MaxMetaspaceSize=53686272 -XX:NewRatio=1 -XX:+PrintGC -XX:+PrintGCTimeStamps -XX:+RequireSharedSpaces -XX:ReservedCodeCacheSize=26843136 -XX:-TieredCompilation -XX:+UseCompressedClassPointers -XX:+UseCompressedOops -XX:+UseSerialGC -XX:+UseSharedSpaces 
4.647: [Full GC (JvmtiEnv ForceGarbageCollection)  77777K->2882K(498112K), 0.0114739 secs]
7.389: [Full GC (JvmtiEnv ForceGarbageCollection)  70615K->2973K(498112K), 0.0082283 secs]
10.225: [Full GC (JvmtiEnv ForceGarbageCollection)  62314K->3062K(498112K), 0.0074009 secs]
13.047: [Full GC (JvmtiEnv ForceGarbageCollection)  62404K->2766K(498112K), 0.0079246 secs]
15.946: [Full GC (JvmtiEnv ForceGarbageCollection)  57911K->2856K(498112K), 0.0078910 secs]
18.974: [Full GC (JvmtiEnv ForceGarbageCollection)  58002K->2947K(498112K), 0.0113053 secs]
21.924: [Full GC (JvmtiEnv ForceGarbageCollection)  58093K->3040K(498112K), 0.0092950 secs]
24.825: [Full GC (JvmtiEnv ForceGarbageCollection)  58186K->2769K(498112K), 0.0084517 secs]
27.732: [Full GC (JvmtiEnv ForceGarbageCollection)  57915K->2860K(498112K), 0.0068730 secs]
30.642: [Full GC (JvmtiEnv ForceGarbageCollection)  58005K->2950K(498112K), 0.0074448 secs]
33.644: [Full GC (JvmtiEnv ForceGarbageCollection)  58096K->3041K(498112K), 0.0093524 secs]
36.710: [Full GC (JvmtiEnv ForceGarbageCollection)  58187K->2769K(498112K), 0.0061228 secs]
39.692: [Full GC (JvmtiEnv ForceGarbageCollection)  57915K->2860K(498112K), 0.0079410 secs]
42.741: [Full GC (JvmtiEnv ForceGarbageCollection)  58006K->2952K(498112K), 0.0080972 secs]
45.732: [Full GC (JvmtiEnv ForceGarbageCollection)  58097K->3043K(498112K), 0.0072980 secs]
48.733: [Full GC (JvmtiEnv ForceGarbageCollection)  58188K->2770K(498112K), 0.0071521 secs]
51.617: [Full GC (JvmtiEnv ForceGarbageCollection)  57916K->2862K(498112K), 0.0074620 secs]
54.562: [Full GC (JvmtiEnv ForceGarbageCollection)  58008K->2954K(498112K), 0.0078142 secs]
57.522: [Full GC (JvmtiEnv ForceGarbageCollection)  58099K->3046K(498112K), 0.0058958 secs]
60.490: [Full GC (JvmtiEnv ForceGarbageCollection)  58192K->2774K(498112K), 0.0072550 secs]
63.528: [Full GC (JvmtiEnv ForceGarbageCollection)  57920K->2867K(498112K), 0.0079988 secs]
66.444: [Full GC (JvmtiEnv ForceGarbageCollection)  58013K->2961K(498112K), 0.0082250 secs]
69.345: [Full GC (JvmtiEnv ForceGarbageCollection)  58107K->3053K(498112K), 0.0090122 secs]
72.240: [Full GC (JvmtiEnv ForceGarbageCollection)  58199K->2778K(498112K), 0.0081692 secs]
75.171: [Full GC (JvmtiEnv ForceGarbageCollection)  57924K->2871K(498112K), 0.0059039 secs]
78.285: [Full GC (JvmtiEnv ForceGarbageCollection)  58016K->2964K(498112K), 0.0067601 secs]
81.243: [Full GC (JvmtiEnv ForceGarbageCollection)  58110K->3057K(498112K), 0.0058566 secs]
84.224: [Full GC (JvmtiEnv ForceGarbageCollection)  58203K->2780K(498112K), 0.0065252 secs]
87.162: [Full GC (JvmtiEnv ForceGarbageCollection)  57926K->2873K(498112K), 0.0076717 secs]
90.106: [Full GC (JvmtiEnv ForceGarbageCollection)  58019K->2966K(498112K), 0.0078707 secs]
93.129: [Full GC (JvmtiEnv ForceGarbageCollection)  58112K->3059K(498112K), 0.0072120 secs]
96.112: [Full GC (JvmtiEnv ForceGarbageCollection)  58205K->2780K(498112K), 0.0070837 secs]
99.077: [Full GC (JvmtiEnv ForceGarbageCollection)  57926K->2874K(498112K), 0.0075630 secs]
102.148: [Full GC (JvmtiEnv ForceGarbageCollection)  58020K->2969K(498112K), 0.0056072 secs]
105.285: [Full GC (JvmtiEnv ForceGarbageCollection)  58114K->3063K(498112K), 0.0081246 secs]
108.369: [Full GC (JvmtiEnv ForceGarbageCollection)  58208K->2782K(498112K), 0.0076399 secs]
111.358: [Full GC (JvmtiEnv ForceGarbageCollection)  57928K->2876K(498112K), 0.0076900 secs]
114.369: [Full GC (JvmtiEnv ForceGarbageCollection)  58022K->2970K(498112K), 0.0075982 secs]
117.265: [Full GC (JvmtiEnv ForceGarbageCollection)  66507K->3067K(498112K), 0.0086808 secs]
120.220: [Full GC (JvmtiEnv ForceGarbageCollection)  58213K->2787K(498112K), 0.0059500 secs]
123.241: [Full GC (JvmtiEnv ForceGarbageCollection)  57932K->2880K(498112K), 0.0069981 secs]
126.208: [Full GC (JvmtiEnv ForceGarbageCollection)  58026K->2975K(498112K), 0.0059857 secs]
129.118: [Full GC (JvmtiEnv ForceGarbageCollection)  58120K->3069K(498112K), 0.0090866 secs]
131.994: [Full GC (JvmtiEnv ForceGarbageCollection)  58215K->2788K(498112K), 0.0071613 secs]
134.888: [Full GC (JvmtiEnv ForceGarbageCollection)  57934K->2882K(498112K), 0.0070394 secs]
137.884: [Full GC (JvmtiEnv ForceGarbageCollection)  58028K->2976K(498112K), 0.0071898 secs]
140.870: [Full GC (JvmtiEnv ForceGarbageCollection)  58122K->3071K(498112K), 0.0144024 secs]
143.889: [Full GC (JvmtiEnv ForceGarbageCollection)  58216K->2788K(498112K), 0.0071052 secs]
146.871: [Full GC (JvmtiEnv ForceGarbageCollection)  57934K->2883K(498112K), 0.0061276 secs]
149.798: [Full GC (JvmtiEnv ForceGarbageCollection)  58029K->2977K(498112K), 0.0111067 secs]
152.797: [Full GC (JvmtiEnv ForceGarbageCollection)  58123K->3072K(498112K), 0.0079431 secs]
155.760: [Full GC (JvmtiEnv ForceGarbageCollection)  58218K->2790K(498112K), 0.0076533 secs]
158.706: [Full GC (JvmtiEnv ForceGarbageCollection)  57935K->2885K(498112K), 0.0071775 secs]
161.706: [Full GC (JvmtiEnv ForceGarbageCollection)  58031K->2980K(498112K), 0.0101383 secs]
164.794: [Full GC (JvmtiEnv ForceGarbageCollection)  58125K->3075K(498112K), 0.0065077 secs]
167.856: [Full GC (JvmtiEnv ForceGarbageCollection)  58220K->2791K(498112K), 0.0093883 secs]
170.842: [Full GC (JvmtiEnv ForceGarbageCollection)  57936K->2886K(498112K), 0.0071876 secs]
173.812: [Full GC (JvmtiEnv ForceGarbageCollection)  58032K->2982K(498112K), 0.0074053 secs]
176.787: [Full GC (JvmtiEnv ForceGarbageCollection)  58127K->3077K(498112K), 0.0074143 secs]
179.833: [Full GC (JvmtiEnv ForceGarbageCollection)  58223K->2791K(498112K), 0.0066607 secs]
182.922: [Full GC (JvmtiEnv ForceGarbageCollection)  57936K->2887K(498112K), 0.0065321 secs]
185.979: [Full GC (JvmtiEnv ForceGarbageCollection)  58033K->2983K(498112K), 0.0060288 secs]
188.952: [Full GC (JvmtiEnv ForceGarbageCollection)  58129K->3079K(498112K), 0.0080265 secs]
191.947: [Full GC (JvmtiEnv ForceGarbageCollection)  58225K->2791K(498112K), 0.0073956 secs]
194.932: [Full GC (JvmtiEnv ForceGarbageCollection)  57937K->2887K(498112K), 0.0076927 secs]
198.010: [Full GC (JvmtiEnv ForceGarbageCollection)  58033K->2984K(498112K), 0.0078444 secs]
201.068: [Full GC (JvmtiEnv ForceGarbageCollection)  58129K->3080K(498112K), 0.0095077 secs]
204.149: [Full GC (JvmtiEnv ForceGarbageCollection)  62578K->2792K(498112K), 0.0058591 secs]
207.210: [Full GC (JvmtiEnv ForceGarbageCollection)  62290K->2889K(498112K), 0.0077804 secs]
210.242: [Full GC (JvmtiEnv ForceGarbageCollection)  62387K->2986K(498112K), 0.0090406 secs]
213.302: [Full GC (JvmtiEnv ForceGarbageCollection)  58132K->3082K(498112K), 0.0074712 secs]
216.320: [Full GC (JvmtiEnv ForceGarbageCollection)  62580K->2792K(498112K), 0.0074711 secs]
219.298: [Full GC (JvmtiEnv ForceGarbageCollection)  62290K->2890K(498112K), 0.0081029 secs]
222.369: [Full GC (JvmtiEnv ForceGarbageCollection)  62388K->2987K(498112K), 0.0084132 secs]
225.530: [Full GC (JvmtiEnv ForceGarbageCollection)  62484K->3083K(498112K), 0.0125071 secs]
228.625: [Full GC (JvmtiEnv ForceGarbageCollection)  62581K->2793K(498112K), 0.0079630 secs]
231.586: [Full GC (JvmtiEnv ForceGarbageCollection)  62291K->2890K(498112K), 0.0071316 secs]
234.624: [Full GC (JvmtiEnv ForceGarbageCollection)  62388K->2987K(498112K), 0.0076929 secs]
237.700: [Full GC (JvmtiEnv ForceGarbageCollection)  62485K->3085K(498112K), 0.0075688 secs]
240.730: [Full GC (JvmtiEnv ForceGarbageCollection)  62583K->2794K(498112K), 0.0083888 secs]
243.968: [Full GC (JvmtiEnv ForceGarbageCollection)  62292K->2891K(498112K), 0.0061875 secs]
247.069: [Full GC (JvmtiEnv ForceGarbageCollection)  62389K->2989K(498112K), 0.0069169 secs]
250.114: [Full GC (JvmtiEnv ForceGarbageCollection)  62487K->3087K(498112K), 0.0094360 secs]
253.054: [Full GC (JvmtiEnv ForceGarbageCollection)  62585K->2794K(498112K), 0.0074843 secs]
256.126: [Full GC (JvmtiEnv ForceGarbageCollection)  62292K->2893K(498112K), 0.0092547 secs]
259.189: [Full GC (JvmtiEnv ForceGarbageCollection)  62391K->2991K(498112K), 0.0075996 secs]
262.246: [Full GC (JvmtiEnv ForceGarbageCollection)  62489K->3089K(498112K), 0.0073535 secs]
265.323: [Full GC (JvmtiEnv ForceGarbageCollection)  62587K->2795K(498112K), 0.0072504 secs]
268.464: [Full GC (JvmtiEnv ForceGarbageCollection)  62285K->2900K(498112K), 0.0077761 secs]
271.554: [Full GC (JvmtiEnv ForceGarbageCollection)  62398K->2999K(498112K), 0.0073747 secs]
274.653: [Full GC (JvmtiEnv ForceGarbageCollection)  62497K->3098K(498112K), 0.0076148 secs]
277.750: [Full GC (JvmtiEnv ForceGarbageCollection)  66791K->2802K(498112K), 0.0082304 secs]
280.908: [Full GC (JvmtiEnv ForceGarbageCollection)  62300K->2903K(498112K), 0.0075287 secs]
284.038: [Full GC (JvmtiEnv ForceGarbageCollection)  62393K->3004K(498112K), 0.0089136 secs]
287.329: [Full GC (JvmtiEnv ForceGarbageCollection)  62486K->3104K(498112K), 0.0093744 secs]
290.526: [Full GC (JvmtiEnv ForceGarbageCollection)  62586K->2806K(498112K), 0.0067552 secs]
293.676: [Full GC (JvmtiEnv ForceGarbageCollection)  62288K->2906K(498112K), 0.0073035 secs]
296.882: [Full GC (JvmtiEnv ForceGarbageCollection)  62387K->3006K(498112K), 0.0074163 secs]
300.031: [Full GC (JvmtiEnv ForceGarbageCollection)  62487K->3106K(498112K), 0.0076081 secs]
303.211: [Full GC (JvmtiEnv ForceGarbageCollection)  62588K->2807K(498112K), 0.0089509 secs]
306.357: [Full GC (JvmtiEnv ForceGarbageCollection)  62289K->2907K(498112K), 0.0095281 secs]
309.552: [Full GC (JvmtiEnv ForceGarbageCollection)  62405K->3008K(498112K), 0.0121755 secs]
312.716: [Full GC (JvmtiEnv ForceGarbageCollection)  62489K->3108K(498112K), 0.0088554 secs]
315.969: [Full GC (JvmtiEnv ForceGarbageCollection)  62590K->2809K(498112K), 0.0073320 secs]
319.209: [Full GC (JvmtiEnv ForceGarbageCollection)  62290K->2909K(498112K), 0.0092254 secs]
322.263: [Full GC (JvmtiEnv ForceGarbageCollection)  62391K->3010K(498112K), 0.0075864 secs]
325.405: [Full GC (JvmtiEnv ForceGarbageCollection)  62492K->3111K(498112K), 0.0085212 secs]
328.590: [Full GC (JvmtiEnv ForceGarbageCollection)  62592K->2809K(498112K), 0.0074421 secs]
331.721: [Full GC (JvmtiEnv ForceGarbageCollection)  62307K->2911K(498112K), 0.0076878 secs]
334.984: [Full GC (JvmtiEnv ForceGarbageCollection)  62392K->3012K(498112K), 0.0080267 secs]
338.228: [Full GC (JvmtiEnv ForceGarbageCollection)  62494K->3114K(498112K), 0.0095281 secs]
341.450: [Full GC (JvmtiEnv ForceGarbageCollection)  62595K->2811K(498112K), 0.0114088 secs]
344.632: [Full GC (JvmtiEnv ForceGarbageCollection)  62309K->2913K(498112K), 0.0074495 secs]
348.001: [Full GC (JvmtiEnv ForceGarbageCollection)  62411K->3015K(498112K), 0.0089393 secs]
351.178: [Full GC (JvmtiEnv ForceGarbageCollection)  62513K->3117K(498112K), 0.0077346 secs]
354.349: [Full GC (JvmtiEnv ForceGarbageCollection)  62615K->2811K(498112K), 0.0098562 secs]
357.487: [Full GC (JvmtiEnv ForceGarbageCollection)  62308K->2913K(498112K), 0.0084070 secs]
360.716: [Full GC (JvmtiEnv ForceGarbageCollection)  62411K->3015K(498112K), 0.0114602 secs]
363.988: [Full GC (JvmtiEnv ForceGarbageCollection)  62513K->3118K(498112K), 0.0118176 secs]
367.189: [Full GC (JvmtiEnv ForceGarbageCollection)  62616K->2811K(498112K), 0.0070919 secs]
370.342: [Full GC (JvmtiEnv ForceGarbageCollection)  62309K->2914K(498112K), 0.0117855 secs]
373.519: [Full GC (JvmtiEnv ForceGarbageCollection)  62412K->3017K(498112K), 0.0072330 secs]
376.720: [Full GC (JvmtiEnv ForceGarbageCollection)  62514K->3120K(498112K), 0.0079280 secs]
379.919: [Full GC (JvmtiEnv ForceGarbageCollection)  62618K->2812K(498112K), 0.0073159 secs]
383.074: [Full GC (JvmtiEnv ForceGarbageCollection)  62310K->2915K(498112K), 0.0086823 secs]
386.293: [Full GC (JvmtiEnv ForceGarbageCollection)  62413K->3018K(498112K), 0.0075373 secs]
389.596: [Full GC (JvmtiEnv ForceGarbageCollection)  62516K->3122K(498112K), 0.0076434 secs]
392.876: [Full GC (JvmtiEnv ForceGarbageCollection)  62620K->2812K(498112K), 0.0092137 secs]
396.117: [Full GC (JvmtiEnv ForceGarbageCollection)  62310K->2916K(498112K), 0.0066429 secs]
399.304: [Full GC (JvmtiEnv ForceGarbageCollection)  62414K->3020K(498112K), 0.0080845 secs]
402.507: [Full GC (JvmtiEnv ForceGarbageCollection)  62518K->3124K(498112K), 0.0112966 secs]
405.728: [Full GC (JvmtiEnv ForceGarbageCollection)  62622K->2812K(498112K), 0.0083935 secs]
409.094: [Full GC (JvmtiEnv ForceGarbageCollection)  66662K->2917K(498112K), 0.0079703 secs]
412.304: [Full GC (JvmtiEnv ForceGarbageCollection)  66767K->3022K(498112K), 0.0075346 secs]
415.549: [Full GC (JvmtiEnv ForceGarbageCollection)  66872K->3126K(498112K), 0.0074067 secs]
418.859: [Full GC (JvmtiEnv ForceGarbageCollection)  62624K->2812K(498112K), 0.0069959 secs]
422.164: [Full GC (JvmtiEnv ForceGarbageCollection)  66663K->2917K(498112K), 0.0065618 secs]
425.457: [Full GC (JvmtiEnv ForceGarbageCollection)  66767K->3022K(498112K), 0.0064243 secs]
428.703: [Full GC (JvmtiEnv ForceGarbageCollection)  66872K->3126K(498112K), 0.0077772 secs]
431.964: [Full GC (JvmtiEnv ForceGarbageCollection)  66976K->2813K(498112K), 0.0082131 secs]
435.201: [Full GC (JvmtiEnv ForceGarbageCollection)  66663K->2918K(498112K), 0.0078962 secs]
438.503: [Full GC (JvmtiEnv ForceGarbageCollection)  66768K->3023K(498112K), 0.0075469 secs]
441.744: [Full GC (JvmtiEnv ForceGarbageCollection)  66873K->3128K(498112K), 0.0135228 secs]
444.993: [Full GC (JvmtiEnv ForceGarbageCollection)  66978K->2814K(498112K), 0.0082837 secs]
448.273: [Full GC (JvmtiEnv ForceGarbageCollection)  66664K->2919K(498112K), 0.0069336 secs]
451.573: [Full GC (JvmtiEnv ForceGarbageCollection)  66769K->3024K(498112K), 0.0067831 secs]
454.892: [Full GC (JvmtiEnv ForceGarbageCollection)  66874K->3129K(498112K), 0.0071911 secs]
458.177: [Full GC (JvmtiEnv ForceGarbageCollection)  66979K->2814K(498112K), 0.0078360 secs]
461.425: [Full GC (JvmtiEnv ForceGarbageCollection)  66664K->2919K(498112K), 0.0072833 secs]
464.695: [Full GC (JvmtiEnv ForceGarbageCollection)  66769K->3024K(498112K), 0.0075079 secs]
468.074: [Full GC (JvmtiEnv ForceGarbageCollection)  66874K->3130K(498112K), 0.0085953 secs]
471.406: [Full GC (JvmtiEnv ForceGarbageCollection)  66980K->2814K(498112K), 0.0084174 secs]
474.778: [Full GC (JvmtiEnv ForceGarbageCollection)  66664K->2920K(498112K), 0.0093690 secs]
478.024: [Full GC (JvmtiEnv ForceGarbageCollection)  66770K->3026K(498112K), 0.0121581 secs]
481.324: [Full GC (JvmtiEnv ForceGarbageCollection)  66876K->3131K(498112K), 0.0071972 secs]
484.621: [Full GC (JvmtiEnv ForceGarbageCollection)  66982K->2814K(498112K), 0.0076506 secs]
487.888: [Full GC (JvmtiEnv ForceGarbageCollection)  66664K->2920K(498112K), 0.0080615 secs]
491.220: [Full GC (JvmtiEnv ForceGarbageCollection)  66770K->3026K(498112K), 0.0069866 secs]
494.512: [Full GC (JvmtiEnv ForceGarbageCollection)  66876K->3132K(498112K), 0.0067528 secs]
497.838: [Full GC (JvmtiEnv ForceGarbageCollection)  66982K->2814K(498112K), 0.0074887 secs]
501.108: [Full GC (JvmtiEnv ForceGarbageCollection)  66665K->2921K(498112K), 0.0083400 secs]
504.384: [Full GC (JvmtiEnv ForceGarbageCollection)  66771K->3028K(498112K), 0.0075639 secs]
507.655: [Full GC (JvmtiEnv ForceGarbageCollection)  66878K->3134K(498112K), 0.0071791 secs]
510.955: [Full GC (JvmtiEnv ForceGarbageCollection)  66984K->2815K(498112K), 0.0074061 secs]
514.281: [Full GC (JvmtiEnv ForceGarbageCollection)  66665K->2922K(498112K), 0.0061874 secs]
517.598: [Full GC (JvmtiEnv ForceGarbageCollection)  66772K->3029K(498112K), 0.0080079 secs]
520.934: [Full GC (JvmtiEnv ForceGarbageCollection)  66879K->3136K(498112K), 0.0079326 secs]
524.254: [Full GC (JvmtiEnv ForceGarbageCollection)  66986K->2702K(498112K), 0.0092128 secs]
527.538: [Full GC (JvmtiEnv ForceGarbageCollection)  66552K->2809K(498112K), 0.0070926 secs]
531.108: [Full GC (JvmtiEnv ForceGarbageCollection)  66659K->2916K(498112K), 0.0067414 secs]
534.510: [Full GC (JvmtiEnv ForceGarbageCollection)  66766K->3024K(498112K), 0.0083278 secs]
537.880: [Full GC (JvmtiEnv ForceGarbageCollection)  66874K->2702K(498112K), 0.0062723 secs]
541.189: [Full GC (JvmtiEnv ForceGarbageCollection)  66552K->2810K(498112K), 0.0079485 secs]
544.528: [Full GC (JvmtiEnv ForceGarbageCollection)  66660K->2918K(498112K), 0.0068926 secs]
547.857: [Full GC (JvmtiEnv ForceGarbageCollection)  66768K->3026K(498112K), 0.0073047 secs]
551.081: [Full GC (JvmtiEnv ForceGarbageCollection)  66876K->2703K(498112K), 0.0061963 secs]
554.435: [Full GC (JvmtiEnv ForceGarbageCollection)  66553K->2811K(498112K), 0.0068118 secs]
557.829: [Full GC (JvmtiEnv ForceGarbageCollection)  66661K->2920K(498112K), 0.0078405 secs]
561.161: [Full GC (JvmtiEnv ForceGarbageCollection)  66770K->3028K(498112K), 0.0074201 secs]
564.530: [Full GC (JvmtiEnv ForceGarbageCollection)  66878K->2703K(498112K), 0.0069488 secs]
567.992: [Full GC (JvmtiEnv ForceGarbageCollection)  66553K->2812K(498112K), 0.0099092 secs]
571.377: [Full GC (JvmtiEnv ForceGarbageCollection)  66663K->2922K(498112K), 0.0081230 secs]
574.859: [Full GC (JvmtiEnv ForceGarbageCollection)  66772K->3031K(498112K), 0.0068853 secs]
578.301: [Full GC (JvmtiEnv ForceGarbageCollection)  66881K->2704K(498112K), 0.0075575 secs]
581.634: [Full GC (JvmtiEnv ForceGarbageCollection)  66554K->2812K(498112K), 0.0090344 secs]
585.025: [Full GC (JvmtiEnv ForceGarbageCollection)  66663K->2922K(498112K), 0.0081990 secs]
588.447: [Full GC (JvmtiEnv ForceGarbageCollection)  66772K->3031K(498112K), 0.0069166 secs]
591.994: [Full GC (JvmtiEnv ForceGarbageCollection)  66881K->2704K(498112K), 0.0074019 secs]
595.454: [Full GC (JvmtiEnv ForceGarbageCollection)  66554K->2813K(498112K), 0.0136732 secs]
598.934: [Full GC (JvmtiEnv ForceGarbageCollection)  66663K->2922K(498112K), 0.0071237 secs]
602.394: [Full GC (JvmtiEnv ForceGarbageCollection)  66772K->3032K(498112K), 0.0065530 secs]
605.881: [Full GC (JvmtiEnv ForceGarbageCollection)  66882K->2705K(498112K), 0.0111306 secs]
609.396: [Full GC (JvmtiEnv ForceGarbageCollection)  66555K->2814K(498112K), 0.0078053 secs]
612.800: [Full GC (JvmtiEnv ForceGarbageCollection)  66665K->2924K(498112K), 0.0072484 secs]
616.305: [Full GC (JvmtiEnv ForceGarbageCollection)  66774K->3034K(498112K), 0.0077798 secs]
619.792: [Full GC (JvmtiEnv ForceGarbageCollection)  66884K->2705K(498112K), 0.0061941 secs]
623.228: [Full GC (JvmtiEnv ForceGarbageCollection)  66555K->2814K(498112K), 0.0061646 secs]
626.758: [Full GC (JvmtiEnv ForceGarbageCollection)  66664K->2925K(498112K), 0.0070869 secs]
630.195: [Full GC (JvmtiEnv ForceGarbageCollection)  66775K->3035K(498112K), 0.0061979 secs]
633.646: [Full GC (JvmtiEnv ForceGarbageCollection)  66885K->2705K(498112K), 0.0098682 secs]
637.075: [Full GC (JvmtiEnv ForceGarbageCollection)  66555K->2816K(498112K), 0.0072629 secs]
640.516: [Full GC (JvmtiEnv ForceGarbageCollection)  66666K->2926K(498112K), 0.0070942 secs]
644.032: [Full GC (JvmtiEnv ForceGarbageCollection)  66776K->3037K(498112K), 0.0072435 secs]
647.540: [Full GC (JvmtiEnv ForceGarbageCollection)  66887K->2706K(498112K), 0.0075581 secs]
651.088: [Full GC (JvmtiEnv ForceGarbageCollection)  66556K->2817K(498112K), 0.0071932 secs]
654.538: [Full GC (JvmtiEnv ForceGarbageCollection)  66667K->2928K(498112K), 0.0096892 secs]
657.978: [Full GC (JvmtiEnv ForceGarbageCollection)  66778K->3039K(498112K), 0.0077408 secs]
661.515: [Full GC (JvmtiEnv ForceGarbageCollection)  66889K->2706K(498112K), 0.0074784 secs]
665.022: [Full GC (JvmtiEnv ForceGarbageCollection)  66556K->2817K(498112K), 0.0093077 secs]
668.632: [Full GC (JvmtiEnv ForceGarbageCollection)  66667K->2929K(498112K), 0.0084790 secs]
672.103: [Full GC (JvmtiEnv ForceGarbageCollection)  66779K->3041K(498112K), 0.0064931 secs]
