OpenJDK 64-Bit Server VM (25.222-b10) for linux-amd64 JRE (1.8.0_222-8u222-b10-1ubuntu1~18.04.1-b10), built on Jul 18 2019 18:52:48 by "buildd" with gcc 7.4.0
Memory: 4k page, physical 16424660k(15506876k free), swap 0k(0k free)
CommandLine flags: -XX:CompressedClassSpaceSize=45297664 -XX:InitialHeapSize=536870912 -XX:MaxHeapSize=536870912 -XX:MaxMetaspaceSize=53686272 -XX:NewRatio=1 -XX:+PrintGC -XX:+PrintGCTimeStamps -XX:+RequireSharedSpaces -XX:ReservedCodeCacheSize=26843136 -XX:-TieredCompilation -XX:+UseCompressedClassPointers -XX:+UseCompressedOops -XX:+UseSerialGC -XX:+UseSharedSpaces 
4.822: [Full GC (JvmtiEnv ForceGarbageCollection)  77777K->2881K(498112K), 0.0149613 secs]
7.838: [Full GC (JvmtiEnv ForceGarbageCollection)  70615K->2973K(498112K), 0.0083638 secs]
10.774: [Full GC (JvmtiEnv ForceGarbageCollection)  62314K->3062K(498112K), 0.0068807 secs]
13.696: [Full GC (JvmtiEnv ForceGarbageCollection)  62404K->2766K(498112K), 0.0088442 secs]
16.690: [Full GC (JvmtiEnv ForceGarbageCollection)  57911K->2856K(498112K), 0.0063981 secs]
19.672: [Full GC (JvmtiEnv ForceGarbageCollection)  58002K->2947K(498112K), 0.0074196 secs]
22.636: [Full GC (JvmtiEnv ForceGarbageCollection)  58093K->3040K(498112K), 0.0075708 secs]
25.664: [Full GC (JvmtiEnv ForceGarbageCollection)  58186K->2769K(498112K), 0.0079179 secs]
28.626: [Full GC (JvmtiEnv ForceGarbageCollection)  57915K->2860K(498112K), 0.0070158 secs]
31.772: [Full GC (JvmtiEnv ForceGarbageCollection)  58005K->2950K(498112K), 0.0063020 secs]
34.769: [Full GC (JvmtiEnv ForceGarbageCollection)  58096K->3041K(498112K), 0.0099597 secs]
37.778: [Full GC (JvmtiEnv ForceGarbageCollection)  58187K->2770K(498112K), 0.0082140 secs]
40.696: [Full GC (JvmtiEnv ForceGarbageCollection)  57916K->2860K(498112K), 0.0077547 secs]
43.636: [Full GC (JvmtiEnv ForceGarbageCollection)  58006K->2952K(498112K), 0.0070599 secs]
46.554: [Full GC (JvmtiEnv ForceGarbageCollection)  58097K->3043K(498112K), 0.0069663 secs]
49.536: [Full GC (JvmtiEnv ForceGarbageCollection)  58188K->2770K(498112K), 0.0072257 secs]
52.486: [Full GC (JvmtiEnv ForceGarbageCollection)  57916K->2862K(498112K), 0.0068075 secs]
55.558: [Full GC (JvmtiEnv ForceGarbageCollection)  58008K->2953K(498112K), 0.0062400 secs]
58.667: [Full GC (JvmtiEnv ForceGarbageCollection)  58099K->3045K(498112K), 0.0068359 secs]
61.727: [Full GC (JvmtiEnv ForceGarbageCollection)  58191K->2774K(498112K), 0.0062884 secs]
64.722: [Full GC (JvmtiEnv ForceGarbageCollection)  57920K->2867K(498112K), 0.0073460 secs]
67.790: [Full GC (JvmtiEnv ForceGarbageCollection)  58005K->2961K(498112K), 0.0073090 secs]
70.786: [Full GC (JvmtiEnv ForceGarbageCollection)  58107K->3053K(498112K), 0.0061007 secs]
73.848: [Full GC (JvmtiEnv ForceGarbageCollection)  58199K->2778K(498112K), 0.0064908 secs]
76.976: [Full GC (JvmtiEnv ForceGarbageCollection)  57924K->2871K(498112K), 0.0074527 secs]
80.061: [Full GC (JvmtiEnv ForceGarbageCollection)  58016K->2963K(498112K), 0.0063485 secs]
83.067: [Full GC (JvmtiEnv ForceGarbageCollection)  58109K->3055K(498112K), 0.0075763 secs]
86.085: [Full GC (JvmtiEnv ForceGarbageCollection)  58201K->2778K(498112K), 0.0068305 secs]
89.142: [Full GC (JvmtiEnv ForceGarbageCollection)  57924K->2871K(498112K), 0.0070734 secs]
92.132: [Full GC (JvmtiEnv ForceGarbageCollection)  58017K->2964K(498112K), 0.0073109 secs]
95.139: [Full GC (JvmtiEnv ForceGarbageCollection)  58110K->3057K(498112K), 0.0076887 secs]
98.135: [Full GC (JvmtiEnv ForceGarbageCollection)  58203K->2779K(498112K), 0.0087362 secs]
101.240: [Full GC (JvmtiEnv ForceGarbageCollection)  57925K->2872K(498112K), 0.0084108 secs]
104.263: [Full GC (JvmtiEnv ForceGarbageCollection)  58018K->2967K(498112K), 0.0083250 secs]
107.512: [Full GC (JvmtiEnv ForceGarbageCollection)  58112K->3061K(498112K), 0.0080771 secs]
110.501: [Full GC (JvmtiEnv ForceGarbageCollection)  58207K->2781K(498112K), 0.0069359 secs]
113.512: [Full GC (JvmtiEnv ForceGarbageCollection)  57927K->2875K(498112K), 0.0091392 secs]
116.420: [Full GC (JvmtiEnv ForceGarbageCollection)  58021K->2971K(498112K), 0.0072989 secs]
119.274: [Full GC (JvmtiEnv ForceGarbageCollection)  66508K->3068K(498112K), 0.0070854 secs]
122.129: [Full GC (JvmtiEnv ForceGarbageCollection)  58214K->2787K(498112K), 0.0073189 secs]
125.084: [Full GC (JvmtiEnv ForceGarbageCollection)  57933K->2882K(498112K), 0.0071035 secs]
128.236: [Full GC (JvmtiEnv ForceGarbageCollection)  58028K->2976K(498112K), 0.0089431 secs]
131.240: [Full GC (JvmtiEnv ForceGarbageCollection)  58122K->3071K(498112K), 0.0069487 secs]
134.229: [Full GC (JvmtiEnv ForceGarbageCollection)  58216K->2788K(498112K), 0.0058605 secs]
137.144: [Full GC (JvmtiEnv ForceGarbageCollection)  57934K->2883K(498112K), 0.0082325 secs]
140.104: [Full GC (JvmtiEnv ForceGarbageCollection)  58028K->2978K(498112K), 0.0077791 secs]
143.084: [Full GC (JvmtiEnv ForceGarbageCollection)  58123K->3072K(498112K), 0.0099309 secs]
146.104: [Full GC (JvmtiEnv ForceGarbageCollection)  58218K->2789K(498112K), 0.0080154 secs]
149.028: [Full GC (JvmtiEnv ForceGarbageCollection)  57935K->2884K(498112K), 0.0082231 secs]
152.047: [Full GC (JvmtiEnv ForceGarbageCollection)  58030K->2979K(498112K), 0.0077743 secs]
155.087: [Full GC (JvmtiEnv ForceGarbageCollection)  58125K->3075K(498112K), 0.0075506 secs]
158.122: [Full GC (JvmtiEnv ForceGarbageCollection)  58221K->2790K(498112K), 0.0063233 secs]
161.224: [Full GC (JvmtiEnv ForceGarbageCollection)  57936K->2886K(498112K), 0.0084580 secs]
164.161: [Full GC (JvmtiEnv ForceGarbageCollection)  58032K->2982K(498112K), 0.0072746 secs]
167.104: [Full GC (JvmtiEnv ForceGarbageCollection)  58127K->3077K(498112K), 0.0062571 secs]
170.117: [Full GC (JvmtiEnv ForceGarbageCollection)  58223K->2791K(498112K), 0.0073555 secs]
173.119: [Full GC (JvmtiEnv ForceGarbageCollection)  57937K->2887K(498112K), 0.0075807 secs]
176.163: [Full GC (JvmtiEnv ForceGarbageCollection)  58033K->2984K(498112K), 0.0083693 secs]
179.223: [Full GC (JvmtiEnv ForceGarbageCollection)  58129K->3080K(498112K), 0.0117192 secs]
182.458: [Full GC (JvmtiEnv ForceGarbageCollection)  58226K->2791K(498112K), 0.0083741 secs]
185.531: [Full GC (JvmtiEnv ForceGarbageCollection)  62289K->2888K(498112K), 0.0064770 secs]
188.690: [Full GC (JvmtiEnv ForceGarbageCollection)  62386K->2985K(498112K), 0.0078364 secs]
191.718: [Full GC (JvmtiEnv ForceGarbageCollection)  62483K->3082K(498112K), 0.0077419 secs]
194.746: [Full GC (JvmtiEnv ForceGarbageCollection)  62580K->2792K(498112K), 0.0088047 secs]
197.765: [Full GC (JvmtiEnv ForceGarbageCollection)  62290K->2889K(498112K), 0.0080403 secs]
200.791: [Full GC (JvmtiEnv ForceGarbageCollection)  62387K->2986K(498112K), 0.0077765 secs]
203.894: [Full GC (JvmtiEnv ForceGarbageCollection)  62484K->3084K(498112K), 0.0097029 secs]
207.056: [Full GC (JvmtiEnv ForceGarbageCollection)  62582K->2792K(498112K), 0.0075576 secs]
210.119: [Full GC (JvmtiEnv ForceGarbageCollection)  62290K->2890K(498112K), 0.0073968 secs]
213.188: [Full GC (JvmtiEnv ForceGarbageCollection)  62388K->2988K(498112K), 0.0079268 secs]
216.232: [Full GC (JvmtiEnv ForceGarbageCollection)  62486K->3086K(498112K), 0.0082226 secs]
219.366: [Full GC (JvmtiEnv ForceGarbageCollection)  62584K->2794K(498112K), 0.0094383 secs]
222.439: [Full GC (JvmtiEnv ForceGarbageCollection)  62292K->2892K(498112K), 0.0088087 secs]
225.518: [Full GC (JvmtiEnv ForceGarbageCollection)  62390K->2990K(498112K), 0.0091361 secs]
228.520: [Full GC (JvmtiEnv ForceGarbageCollection)  62488K->3089K(498112K), 0.0073788 secs]
231.573: [Full GC (JvmtiEnv ForceGarbageCollection)  62587K->2795K(498112K), 0.0110619 secs]
234.718: [Full GC (JvmtiEnv ForceGarbageCollection)  62293K->2894K(498112K), 0.0063274 secs]
237.810: [Full GC (JvmtiEnv ForceGarbageCollection)  62392K->2992K(498112K), 0.0079671 secs]
240.836: [Full GC (JvmtiEnv ForceGarbageCollection)  62490K->3091K(498112K), 0.0080011 secs]
243.852: [Full GC (JvmtiEnv ForceGarbageCollection)  62589K->2795K(498112K), 0.0080992 secs]
247.064: [Full GC (JvmtiEnv ForceGarbageCollection)  62293K->2896K(498112K), 0.0073374 secs]
250.242: [Full GC (JvmtiEnv ForceGarbageCollection)  62394K->2995K(498112K), 0.0073826 secs]
253.375: [Full GC (JvmtiEnv ForceGarbageCollection)  62493K->3095K(498112K), 0.0115560 secs]
256.485: [Full GC (JvmtiEnv ForceGarbageCollection)  62593K->2796K(498112K), 0.0073308 secs]
259.546: [Full GC (JvmtiEnv ForceGarbageCollection)  62294K->2896K(498112K), 0.0076731 secs]
262.677: [Full GC (JvmtiEnv ForceGarbageCollection)  62394K->2996K(498112K), 0.0078943 secs]
265.885: [Full GC (JvmtiEnv ForceGarbageCollection)  62494K->3096K(498112K), 0.0075713 secs]
269.030: [Full GC (JvmtiEnv ForceGarbageCollection)  62594K->2803K(498112K), 0.0066866 secs]
272.149: [Full GC (JvmtiEnv ForceGarbageCollection)  62301K->2903K(498112K), 0.0072639 secs]
275.290: [Full GC (JvmtiEnv ForceGarbageCollection)  62401K->3003K(498112K), 0.0087134 secs]
278.488: [Full GC (JvmtiEnv ForceGarbageCollection)  66697K->3104K(498112K), 0.0074931 secs]
281.696: [Full GC (JvmtiEnv ForceGarbageCollection)  62602K->2804K(498112K), 0.0076371 secs]
284.864: [Full GC (JvmtiEnv ForceGarbageCollection)  62294K->2907K(498112K), 0.0083568 secs]
287.967: [Full GC (JvmtiEnv ForceGarbageCollection)  62405K->3008K(498112K), 0.0077691 secs]
290.999: [Full GC (JvmtiEnv ForceGarbageCollection)  62490K->3109K(498112K), 0.0074352 secs]
294.150: [Full GC (JvmtiEnv ForceGarbageCollection)  62590K->2807K(498112K), 0.0080834 secs]
297.419: [Full GC (JvmtiEnv ForceGarbageCollection)  62289K->2908K(498112K), 0.0070952 secs]
300.553: [Full GC (JvmtiEnv ForceGarbageCollection)  62390K->3009K(498112K), 0.0075697 secs]
303.668: [Full GC (JvmtiEnv ForceGarbageCollection)  62490K->3110K(498112K), 0.0123946 secs]
306.859: [Full GC (JvmtiEnv ForceGarbageCollection)  62591K->2808K(498112K), 0.0085627 secs]
310.254: [Full GC (JvmtiEnv ForceGarbageCollection)  62290K->2909K(498112K), 0.0070823 secs]
313.448: [Full GC (JvmtiEnv ForceGarbageCollection)  62391K->3010K(498112K), 0.0078021 secs]
316.638: [Full GC (JvmtiEnv ForceGarbageCollection)  62508K->3112K(498112K), 0.0083757 secs]
319.754: [Full GC (JvmtiEnv ForceGarbageCollection)  62593K->2809K(498112K), 0.0084786 secs]
322.905: [Full GC (JvmtiEnv ForceGarbageCollection)  62291K->2911K(498112K), 0.0097414 secs]
326.115: [Full GC (JvmtiEnv ForceGarbageCollection)  62392K->3012K(498112K), 0.0111161 secs]
329.320: [Full GC (JvmtiEnv ForceGarbageCollection)  62493K->3113K(498112K), 0.0124884 secs]
332.533: [Full GC (JvmtiEnv ForceGarbageCollection)  62594K->2809K(498112K), 0.0086204 secs]
335.744: [Full GC (JvmtiEnv ForceGarbageCollection)  62291K->2911K(498112K), 0.0061768 secs]
338.923: [Full GC (JvmtiEnv ForceGarbageCollection)  62392K->3012K(498112K), 0.0078180 secs]
342.067: [Full GC (JvmtiEnv ForceGarbageCollection)  62494K->3115K(498112K), 0.0083231 secs]
345.258: [Full GC (JvmtiEnv ForceGarbageCollection)  62613K->2810K(498112K), 0.0074865 secs]
348.482: [Full GC (JvmtiEnv ForceGarbageCollection)  62308K->2912K(498112K), 0.0123899 secs]
351.687: [Full GC (JvmtiEnv ForceGarbageCollection)  62410K->3013K(498112K), 0.0080223 secs]
354.836: [Full GC (JvmtiEnv ForceGarbageCollection)  62511K->3115K(498112K), 0.0064457 secs]
357.987: [Full GC (JvmtiEnv ForceGarbageCollection)  62613K->2810K(498112K), 0.0079520 secs]
361.130: [Full GC (JvmtiEnv ForceGarbageCollection)  62308K->2912K(498112K), 0.0091844 secs]
364.311: [Full GC (JvmtiEnv ForceGarbageCollection)  62410K->3014K(498112K), 0.0086595 secs]
367.500: [Full GC (JvmtiEnv ForceGarbageCollection)  62512K->3116K(498112K), 0.0074931 secs]
370.761: [Full GC (JvmtiEnv ForceGarbageCollection)  62614K->2811K(498112K), 0.0063840 secs]
373.980: [Full GC (JvmtiEnv ForceGarbageCollection)  62309K->2914K(498112K), 0.0078694 secs]
377.229: [Full GC (JvmtiEnv ForceGarbageCollection)  62412K->3016K(498112K), 0.0070378 secs]
380.415: [Full GC (JvmtiEnv ForceGarbageCollection)  62514K->3119K(498112K), 0.0068955 secs]
383.673: [Full GC (JvmtiEnv ForceGarbageCollection)  62617K->2811K(498112K), 0.0063319 secs]
386.854: [Full GC (JvmtiEnv ForceGarbageCollection)  62309K->2914K(498112K), 0.0087638 secs]
390.122: [Full GC (JvmtiEnv ForceGarbageCollection)  62412K->3018K(498112K), 0.0082628 secs]
393.377: [Full GC (JvmtiEnv ForceGarbageCollection)  62516K->3121K(498112K), 0.0072852 secs]
396.628: [Full GC (JvmtiEnv ForceGarbageCollection)  62619K->2812K(498112K), 0.0081703 secs]
399.916: [Full GC (JvmtiEnv ForceGarbageCollection)  62310K->2915K(498112K), 0.0069841 secs]
403.136: [Full GC (JvmtiEnv ForceGarbageCollection)  62413K->3019K(498112K), 0.0070008 secs]
406.435: [Full GC (JvmtiEnv ForceGarbageCollection)  62517K->3123K(498112K), 0.0116314 secs]
409.671: [Full GC (JvmtiEnv ForceGarbageCollection)  62621K->2812K(498112K), 0.0085392 secs]
412.872: [Full GC (JvmtiEnv ForceGarbageCollection)  62310K->2916K(498112K), 0.0097799 secs]
416.056: [Full GC (JvmtiEnv ForceGarbageCollection)  62414K->3020K(498112K), 0.0081286 secs]
419.302: [Full GC (JvmtiEnv ForceGarbageCollection)  66870K->3125K(498112K), 0.0069904 secs]
422.567: [Full GC (JvmtiEnv ForceGarbageCollection)  62623K->2812K(498112K), 0.0109335 secs]
425.837: [Full GC (JvmtiEnv ForceGarbageCollection)  66662K->2917K(498112K), 0.0062869 secs]
429.140: [Full GC (JvmtiEnv ForceGarbageCollection)  66767K->3021K(498112K), 0.0112149 secs]
432.384: [Full GC (JvmtiEnv ForceGarbageCollection)  66872K->3126K(498112K), 0.0106582 secs]
435.784: [Full GC (JvmtiEnv ForceGarbageCollection)  66976K->2813K(498112K), 0.0082375 secs]
438.978: [Full GC (JvmtiEnv ForceGarbageCollection)  66663K->2917K(498112K), 0.0077534 secs]
442.308: [Full GC (JvmtiEnv ForceGarbageCollection)  66768K->3023K(498112K), 0.0085621 secs]
445.639: [Full GC (JvmtiEnv ForceGarbageCollection)  66873K->3128K(498112K), 0.0081160 secs]
448.987: [Full GC (JvmtiEnv ForceGarbageCollection)  66978K->2814K(498112K), 0.0070616 secs]
452.270: [Full GC (JvmtiEnv ForceGarbageCollection)  66664K->2919K(498112K), 0.0101632 secs]
455.530: [Full GC (JvmtiEnv ForceGarbageCollection)  66769K->3024K(498112K), 0.0074007 secs]
458.806: [Full GC (JvmtiEnv ForceGarbageCollection)  66874K->3130K(498112K), 0.0082878 secs]
462.025: [Full GC (JvmtiEnv ForceGarbageCollection)  66980K->2814K(498112K), 0.0073413 secs]
465.321: [Full GC (JvmtiEnv ForceGarbageCollection)  66664K->2920K(498112K), 0.0066910 secs]
468.599: [Full GC (JvmtiEnv ForceGarbageCollection)  66770K->3026K(498112K), 0.0078639 secs]
471.858: [Full GC (JvmtiEnv ForceGarbageCollection)  66876K->3132K(498112K), 0.0090281 secs]
475.217: [Full GC (JvmtiEnv ForceGarbageCollection)  66982K->2815K(498112K), 0.0073063 secs]
478.437: [Full GC (JvmtiEnv ForceGarbageCollection)  66665K->2921K(498112K), 0.0080577 secs]
481.767: [Full GC (JvmtiEnv ForceGarbageCollection)  66772K->3028K(498112K), 0.0101034 secs]
485.096: [Full GC (JvmtiEnv ForceGarbageCollection)  66878K->3135K(498112K), 0.0110835 secs]
488.544: [Full GC (JvmtiEnv ForceGarbageCollection)  66985K->2815K(498112K), 0.0087197 secs]
491.936: [Full GC (JvmtiEnv ForceGarbageCollection)  66665K->2922K(498112K), 0.0074664 secs]
495.298: [Full GC (JvmtiEnv ForceGarbageCollection)  66772K->3029K(498112K), 0.0080312 secs]
498.622: [Full GC (JvmtiEnv ForceGarbageCollection)  66879K->3136K(498112K), 0.0084031 secs]
501.892: [Full GC (JvmtiEnv ForceGarbageCollection)  66987K->2815K(498112K), 0.0077487 secs]
505.232: [Full GC (JvmtiEnv ForceGarbageCollection)  66666K->2923K(498112K), 0.0077698 secs]
508.528: [Full GC (JvmtiEnv ForceGarbageCollection)  66773K->3031K(498112K), 0.0079187 secs]
511.875: [Full GC (JvmtiEnv ForceGarbageCollection)  66881K->3138K(498112K), 0.0085534 secs]
515.292: [Full GC (JvmtiEnv ForceGarbageCollection)  66988K->2702K(498112K), 0.0098271 secs]
518.678: [Full GC (JvmtiEnv ForceGarbageCollection)  66552K->2810K(498112K), 0.0086091 secs]
521.987: [Full GC (JvmtiEnv ForceGarbageCollection)  66660K->2918K(498112K), 0.0074086 secs]
525.269: [Full GC (JvmtiEnv ForceGarbageCollection)  66768K->3026K(498112K), 0.0072174 secs]
528.555: [Full GC (JvmtiEnv ForceGarbageCollection)  66876K->2703K(498112K), 0.0068321 secs]
531.908: [Full GC (JvmtiEnv ForceGarbageCollection)  66553K->2811K(498112K), 0.0076527 secs]
535.449: [Full GC (JvmtiEnv ForceGarbageCollection)  66661K->2920K(498112K), 0.0066353 secs]
538.855: [Full GC (JvmtiEnv ForceGarbageCollection)  66770K->3028K(498112K), 0.0061026 secs]
542.156: [Full GC (JvmtiEnv ForceGarbageCollection)  66878K->2703K(498112K), 0.0080959 secs]
545.525: [Full GC (JvmtiEnv ForceGarbageCollection)  66553K->2812K(498112K), 0.0076448 secs]
548.974: [Full GC (JvmtiEnv ForceGarbageCollection)  66662K->2922K(498112K), 0.0092609 secs]
552.396: [Full GC (JvmtiEnv ForceGarbageCollection)  66772K->3031K(498112K), 0.0115165 secs]
555.867: [Full GC (JvmtiEnv ForceGarbageCollection)  66881K->2703K(498112K), 0.0087559 secs]
559.316: [Full GC (JvmtiEnv ForceGarbageCollection)  66553K->2813K(498112K), 0.0075847 secs]
562.724: [Full GC (JvmtiEnv ForceGarbageCollection)  66663K->2923K(498112K), 0.0080708 secs]
566.198: [Full GC (JvmtiEnv ForceGarbageCollection)  66773K->3033K(498112K), 0.0082190 secs]
569.724: [Full GC (JvmtiEnv ForceGarbageCollection)  66883K->2704K(498112K), 0.0059853 secs]
573.130: [Full GC (JvmtiEnv ForceGarbageCollection)  70749K->2814K(498112K), 0.0063911 secs]
576.556: [Full GC (JvmtiEnv ForceGarbageCollection)  66664K->2925K(498112K), 0.0088496 secs]
580.044: [Full GC (JvmtiEnv ForceGarbageCollection)  66775K->3035K(498112K), 0.0078844 secs]
583.431: [Full GC (JvmtiEnv ForceGarbageCollection)  66885K->2705K(498112K), 0.0072479 secs]
586.832: [Full GC (JvmtiEnv ForceGarbageCollection)  66555K->2815K(498112K), 0.0072254 secs]
590.213: [Full GC (JvmtiEnv ForceGarbageCollection)  66666K->2926K(498112K), 0.0079111 secs]
593.686: [Full GC (JvmtiEnv ForceGarbageCollection)  66776K->3037K(498112K), 0.0116878 secs]
597.193: [Full GC (JvmtiEnv ForceGarbageCollection)  66887K->2706K(498112K), 0.0068881 secs]
600.757: [Full GC (JvmtiEnv ForceGarbageCollection)  66556K->2817K(498112K), 0.0067237 secs]
604.108: [Full GC (JvmtiEnv ForceGarbageCollection)  66667K->2928K(498112K), 0.0080508 secs]
607.568: [Full GC (JvmtiEnv ForceGarbageCollection)  66778K->3039K(498112K), 0.0087779 secs]
611.110: [Full GC (JvmtiEnv ForceGarbageCollection)  66889K->2706K(498112K), 0.0063504 secs]
614.607: [Full GC (JvmtiEnv ForceGarbageCollection)  66556K->2818K(498112K), 0.0075796 secs]
618.225: [Full GC (JvmtiEnv ForceGarbageCollection)  66668K->2930K(498112K), 0.0086725 secs]
621.700: [Full GC (JvmtiEnv ForceGarbageCollection)  66780K->3042K(498112K), 0.0132603 secs]
625.251: [Full GC (JvmtiEnv ForceGarbageCollection)  66892K->2706K(498112K), 0.0079077 secs]
628.733: [Full GC (JvmtiEnv ForceGarbageCollection)  66556K->2817K(498112K), 0.0064865 secs]
632.212: [Full GC (JvmtiEnv ForceGarbageCollection)  66668K->2929K(498112K), 0.0076578 secs]
635.746: [Full GC (JvmtiEnv ForceGarbageCollection)  66779K->3041K(498112K), 0.0061951 secs]
639.289: [Full GC (JvmtiEnv ForceGarbageCollection)  66891K->2706K(498112K), 0.0107171 secs]
642.791: [Full GC (JvmtiEnv ForceGarbageCollection)  66556K->2818K(498112K), 0.0095136 secs]
646.318: [Full GC (JvmtiEnv ForceGarbageCollection)  70880K->2930K(498112K), 0.0075030 secs]
649.837: [Full GC (JvmtiEnv ForceGarbageCollection)  70993K->3043K(498112K), 0.0080593 secs]
653.396: [Full GC (JvmtiEnv ForceGarbageCollection)  71105K->2707K(498112K), 0.0072464 secs]
656.953: [Full GC (JvmtiEnv ForceGarbageCollection)  70769K->2819K(498112K), 0.0089405 secs]
660.474: [Full GC (JvmtiEnv ForceGarbageCollection)  70882K->2932K(498112K), 0.0078731 secs]
664.009: [Full GC (JvmtiEnv ForceGarbageCollection)  70994K->3045K(498112K), 0.0093117 secs]
667.567: [Full GC (JvmtiEnv ForceGarbageCollection)  71107K->2708K(498112K), 0.0078594 secs]
671.095: [Full GC (JvmtiEnv ForceGarbageCollection)  70770K->2821K(498112K), 0.0072308 secs]
674.629: [Full GC (JvmtiEnv ForceGarbageCollection)  70883K->2934K(498112K), 0.0070005 secs]
