OpenJDK 64-Bit Server VM (25.222-b10) for linux-amd64 JRE (1.8.0_222-8u222-b10-1ubuntu1~18.04.1-b10), built on Jul 18 2019 18:52:48 by "buildd" with gcc 7.4.0
Memory: 4k page, physical 16424660k(15506220k free), swap 0k(0k free)
CommandLine flags: -XX:CompressedClassSpaceSize=45297664 -XX:InitialHeapSize=536870912 -XX:MaxHeapSize=536870912 -XX:MaxMetaspaceSize=53686272 -XX:NewRatio=1 -XX:+PrintGC -XX:+PrintGCTimeStamps -XX:+RequireSharedSpaces -XX:ReservedCodeCacheSize=26843136 -XX:-TieredCompilation -XX:+UseCompressedClassPointers -XX:+UseCompressedOops -XX:+UseSerialGC -XX:+UseSharedSpaces 
4.743: [Full GC (JvmtiEnv ForceGarbageCollection)  77777K->2882K(498112K), 0.0161314 secs]
7.731: [Full GC (JvmtiEnv ForceGarbageCollection)  70615K->2973K(498112K), 0.0100994 secs]
10.719: [Full GC (JvmtiEnv ForceGarbageCollection)  62314K->3062K(498112K), 0.0059809 secs]
13.657: [Full GC (JvmtiEnv ForceGarbageCollection)  62404K->2766K(498112K), 0.0076937 secs]
16.656: [Full GC (JvmtiEnv ForceGarbageCollection)  57911K->2856K(498112K), 0.0083748 secs]
19.664: [Full GC (JvmtiEnv ForceGarbageCollection)  58002K->2947K(498112K), 0.0084451 secs]
22.589: [Full GC (JvmtiEnv ForceGarbageCollection)  58093K->3040K(498112K), 0.0081462 secs]
25.668: [Full GC (JvmtiEnv ForceGarbageCollection)  58186K->2769K(498112K), 0.0081278 secs]
28.688: [Full GC (JvmtiEnv ForceGarbageCollection)  57915K->2860K(498112K), 0.0133686 secs]
31.768: [Full GC (JvmtiEnv ForceGarbageCollection)  58005K->2950K(498112K), 0.0095915 secs]
34.735: [Full GC (JvmtiEnv ForceGarbageCollection)  58096K->3041K(498112K), 0.0080844 secs]
37.721: [Full GC (JvmtiEnv ForceGarbageCollection)  58187K->2770K(498112K), 0.0080891 secs]
40.644: [Full GC (JvmtiEnv ForceGarbageCollection)  57916K->2861K(498112K), 0.0069661 secs]
43.723: [Full GC (JvmtiEnv ForceGarbageCollection)  58007K->2952K(498112K), 0.0076689 secs]
46.698: [Full GC (JvmtiEnv ForceGarbageCollection)  58098K->3043K(498112K), 0.0070483 secs]
49.778: [Full GC (JvmtiEnv ForceGarbageCollection)  58189K->2771K(498112K), 0.0055558 secs]
52.800: [Full GC (JvmtiEnv ForceGarbageCollection)  57917K->2863K(498112K), 0.0082472 secs]
55.806: [Full GC (JvmtiEnv ForceGarbageCollection)  58009K->2955K(498112K), 0.0068836 secs]
58.825: [Full GC (JvmtiEnv ForceGarbageCollection)  58101K->3047K(498112K), 0.0069048 secs]
61.884: [Full GC (JvmtiEnv ForceGarbageCollection)  58185K->2774K(498112K), 0.0064518 secs]
64.930: [Full GC (JvmtiEnv ForceGarbageCollection)  57920K->2867K(498112K), 0.0084003 secs]
67.989: [Full GC (JvmtiEnv ForceGarbageCollection)  58013K->2962K(498112K), 0.0113185 secs]
71.052: [Full GC (JvmtiEnv ForceGarbageCollection)  58108K->3054K(498112K), 0.0059445 secs]
74.116: [Full GC (JvmtiEnv ForceGarbageCollection)  58200K->2778K(498112K), 0.0073834 secs]
77.223: [Full GC (JvmtiEnv ForceGarbageCollection)  57924K->2871K(498112K), 0.0090587 secs]
80.294: [Full GC (JvmtiEnv ForceGarbageCollection)  58017K->2964K(498112K), 0.0069046 secs]
83.324: [Full GC (JvmtiEnv ForceGarbageCollection)  58110K->3057K(498112K), 0.0091466 secs]
86.520: [Full GC (JvmtiEnv ForceGarbageCollection)  58203K->2780K(498112K), 0.0229639 secs]
89.653: [Full GC (JvmtiEnv ForceGarbageCollection)  57926K->2873K(498112K), 0.0077086 secs]
92.752: [Full GC (JvmtiEnv ForceGarbageCollection)  58019K->2966K(498112K), 0.0056542 secs]
95.823: [Full GC (JvmtiEnv ForceGarbageCollection)  58112K->3059K(498112K), 0.0070773 secs]
98.931: [Full GC (JvmtiEnv ForceGarbageCollection)  58205K->2781K(498112K), 0.0073620 secs]
101.964: [Full GC (JvmtiEnv ForceGarbageCollection)  57927K->2875K(498112K), 0.0077647 secs]
105.045: [Full GC (JvmtiEnv ForceGarbageCollection)  58020K->2969K(498112K), 0.0077918 secs]
108.189: [Full GC (JvmtiEnv ForceGarbageCollection)  58115K->3063K(498112K), 0.0077675 secs]
111.240: [Full GC (JvmtiEnv ForceGarbageCollection)  58209K->2782K(498112K), 0.0073527 secs]
114.267: [Full GC (JvmtiEnv ForceGarbageCollection)  57928K->2877K(498112K), 0.0094478 secs]
117.260: [Full GC (JvmtiEnv ForceGarbageCollection)  58023K->2972K(498112K), 0.0067738 secs]
120.176: [Full GC (JvmtiEnv ForceGarbageCollection)  66510K->3070K(498112K), 0.0087608 secs]
123.179: [Full GC (JvmtiEnv ForceGarbageCollection)  58215K->2788K(498112K), 0.0069914 secs]
126.070: [Full GC (JvmtiEnv ForceGarbageCollection)  57933K->2882K(498112K), 0.0084840 secs]
129.063: [Full GC (JvmtiEnv ForceGarbageCollection)  58028K->2978K(498112K), 0.0079617 secs]
132.087: [Full GC (JvmtiEnv ForceGarbageCollection)  58123K->3072K(498112K), 0.0065553 secs]
135.095: [Full GC (JvmtiEnv ForceGarbageCollection)  58218K->2789K(498112K), 0.0063939 secs]
138.154: [Full GC (JvmtiEnv ForceGarbageCollection)  57935K->2884K(498112K), 0.0062200 secs]
141.171: [Full GC (JvmtiEnv ForceGarbageCollection)  58030K->2979K(498112K), 0.0073506 secs]
144.117: [Full GC (JvmtiEnv ForceGarbageCollection)  58125K->3074K(498112K), 0.0073449 secs]
147.195: [Full GC (JvmtiEnv ForceGarbageCollection)  58220K->2790K(498112K), 0.0073259 secs]
150.173: [Full GC (JvmtiEnv ForceGarbageCollection)  57936K->2886K(498112K), 0.0076941 secs]
153.203: [Full GC (JvmtiEnv ForceGarbageCollection)  58031K->2981K(498112K), 0.0068369 secs]
156.219: [Full GC (JvmtiEnv ForceGarbageCollection)  58127K->3077K(498112K), 0.0071833 secs]
159.240: [Full GC (JvmtiEnv ForceGarbageCollection)  58223K->2791K(498112K), 0.0068590 secs]
162.215: [Full GC (JvmtiEnv ForceGarbageCollection)  57937K->2887K(498112K), 0.0070206 secs]
165.146: [Full GC (JvmtiEnv ForceGarbageCollection)  58033K->2984K(498112K), 0.0074907 secs]
168.197: [Full GC (JvmtiEnv ForceGarbageCollection)  58129K->3080K(498112K), 0.0079923 secs]
171.191: [Full GC (JvmtiEnv ForceGarbageCollection)  58226K->2791K(498112K), 0.0076874 secs]
174.195: [Full GC (JvmtiEnv ForceGarbageCollection)  62289K->2888K(498112K), 0.0079700 secs]
177.221: [Full GC (JvmtiEnv ForceGarbageCollection)  62386K->2985K(498112K), 0.0084374 secs]
180.212: [Full GC (JvmtiEnv ForceGarbageCollection)  62483K->3082K(498112K), 0.0071116 secs]
183.333: [Full GC (JvmtiEnv ForceGarbageCollection)  62580K->2792K(498112K), 0.0084748 secs]
186.423: [Full GC (JvmtiEnv ForceGarbageCollection)  62290K->2889K(498112K), 0.0082854 secs]
189.497: [Full GC (JvmtiEnv ForceGarbageCollection)  62387K->2986K(498112K), 0.0068374 secs]
192.528: [Full GC (JvmtiEnv ForceGarbageCollection)  62484K->3084K(498112K), 0.0073086 secs]
195.617: [Full GC (JvmtiEnv ForceGarbageCollection)  62582K->2792K(498112K), 0.0077272 secs]
198.757: [Full GC (JvmtiEnv ForceGarbageCollection)  62290K->2890K(498112K), 0.0114292 secs]
201.787: [Full GC (JvmtiEnv ForceGarbageCollection)  62388K->2987K(498112K), 0.0072664 secs]
204.801: [Full GC (JvmtiEnv ForceGarbageCollection)  62485K->3086K(498112K), 0.0079775 secs]
208.070: [Full GC (JvmtiEnv ForceGarbageCollection)  62583K->2793K(498112K), 0.0121961 secs]
211.215: [Full GC (JvmtiEnv ForceGarbageCollection)  62291K->2891K(498112K), 0.0067264 secs]
214.327: [Full GC (JvmtiEnv ForceGarbageCollection)  62389K->2990K(498112K), 0.0130729 secs]
217.468: [Full GC (JvmtiEnv ForceGarbageCollection)  62488K->3088K(498112K), 0.0071766 secs]
220.553: [Full GC (JvmtiEnv ForceGarbageCollection)  62586K->2794K(498112K), 0.0071443 secs]
223.617: [Full GC (JvmtiEnv ForceGarbageCollection)  62292K->2893K(498112K), 0.0070984 secs]
226.662: [Full GC (JvmtiEnv ForceGarbageCollection)  62391K->2992K(498112K), 0.0080557 secs]
229.843: [Full GC (JvmtiEnv ForceGarbageCollection)  62490K->3091K(498112K), 0.0081416 secs]
232.968: [Full GC (JvmtiEnv ForceGarbageCollection)  62589K->2795K(498112K), 0.0062302 secs]
236.109: [Full GC (JvmtiEnv ForceGarbageCollection)  62293K->2896K(498112K), 0.0083432 secs]
239.195: [Full GC (JvmtiEnv ForceGarbageCollection)  62394K->2995K(498112K), 0.0091342 secs]
242.323: [Full GC (JvmtiEnv ForceGarbageCollection)  62493K->3095K(498112K), 0.0080025 secs]
245.434: [Full GC (JvmtiEnv ForceGarbageCollection)  62593K->2796K(498112K), 0.0076498 secs]
248.528: [Full GC (JvmtiEnv ForceGarbageCollection)  62294K->2896K(498112K), 0.0080880 secs]
251.696: [Full GC (JvmtiEnv ForceGarbageCollection)  62394K->2996K(498112K), 0.0080032 secs]
254.883: [Full GC (JvmtiEnv ForceGarbageCollection)  62494K->3096K(498112K), 0.0067014 secs]
258.058: [Full GC (JvmtiEnv ForceGarbageCollection)  62594K->2797K(498112K), 0.0069760 secs]
261.184: [Full GC (JvmtiEnv ForceGarbageCollection)  62295K->2897K(498112K), 0.0082119 secs]
264.320: [Full GC (JvmtiEnv ForceGarbageCollection)  62395K->2998K(498112K), 0.0081853 secs]
267.483: [Full GC (JvmtiEnv ForceGarbageCollection)  62495K->3098K(498112K), 0.0090083 secs]
270.721: [Full GC (JvmtiEnv ForceGarbageCollection)  62596K->2804K(498112K), 0.0073957 secs]
273.907: [Full GC (JvmtiEnv ForceGarbageCollection)  62302K->2905K(498112K), 0.0079024 secs]
277.027: [Full GC (JvmtiEnv ForceGarbageCollection)  62403K->3005K(498112K), 0.0083599 secs]
280.296: [Full GC (JvmtiEnv ForceGarbageCollection)  62504K->3107K(498112K), 0.0063259 secs]
283.502: [Full GC (JvmtiEnv ForceGarbageCollection)  62605K->2805K(498112K), 0.0099253 secs]
286.695: [Full GC (JvmtiEnv ForceGarbageCollection)  62303K->2909K(498112K), 0.0108071 secs]
289.917: [Full GC (JvmtiEnv ForceGarbageCollection)  62407K->3010K(498112K), 0.0080805 secs]
293.105: [Full GC (JvmtiEnv ForceGarbageCollection)  62492K->3112K(498112K), 0.0089042 secs]
296.295: [Full GC (JvmtiEnv ForceGarbageCollection)  62594K->2808K(498112K), 0.0075876 secs]
299.535: [Full GC (JvmtiEnv ForceGarbageCollection)  62290K->2910K(498112K), 0.0076087 secs]
302.871: [Full GC (JvmtiEnv ForceGarbageCollection)  62392K->3012K(498112K), 0.0059458 secs]
306.115: [Full GC (JvmtiEnv ForceGarbageCollection)  62494K->3114K(498112K), 0.0071588 secs]
309.370: [Full GC (JvmtiEnv ForceGarbageCollection)  62596K->2809K(498112K), 0.0074296 secs]
312.642: [Full GC (JvmtiEnv ForceGarbageCollection)  62291K->2911K(498112K), 0.0078756 secs]
315.878: [Full GC (JvmtiEnv ForceGarbageCollection)  62393K->3014K(498112K), 0.0091188 secs]
319.226: [Full GC (JvmtiEnv ForceGarbageCollection)  62496K->3117K(498112K), 0.0085949 secs]
322.456: [Full GC (JvmtiEnv ForceGarbageCollection)  62599K->2811K(498112K), 0.0069775 secs]
325.602: [Full GC (JvmtiEnv ForceGarbageCollection)  62292K->2913K(498112K), 0.0084141 secs]
328.971: [Full GC (JvmtiEnv ForceGarbageCollection)  62394K->3015K(498112K), 0.0068596 secs]
332.236: [Full GC (JvmtiEnv ForceGarbageCollection)  62497K->3118K(498112K), 0.0088241 secs]
335.416: [Full GC (JvmtiEnv ForceGarbageCollection)  62600K->2811K(498112K), 0.0077317 secs]
338.644: [Full GC (JvmtiEnv ForceGarbageCollection)  62292K->2913K(498112K), 0.0076142 secs]
341.887: [Full GC (JvmtiEnv ForceGarbageCollection)  62395K->3016K(498112K), 0.0059335 secs]
345.231: [Full GC (JvmtiEnv ForceGarbageCollection)  62498K->3121K(498112K), 0.0081324 secs]
348.585: [Full GC (JvmtiEnv ForceGarbageCollection)  62619K->2812K(498112K), 0.0090954 secs]
351.759: [Full GC (JvmtiEnv ForceGarbageCollection)  62310K->2915K(498112K), 0.0059245 secs]
355.044: [Full GC (JvmtiEnv ForceGarbageCollection)  62413K->3019K(498112K), 0.0088287 secs]
358.232: [Full GC (JvmtiEnv ForceGarbageCollection)  62516K->3122K(498112K), 0.0084085 secs]
361.503: [Full GC (JvmtiEnv ForceGarbageCollection)  62620K->2812K(498112K), 0.0076327 secs]
364.837: [Full GC (JvmtiEnv ForceGarbageCollection)  62310K->2916K(498112K), 0.0071612 secs]
368.165: [Full GC (JvmtiEnv ForceGarbageCollection)  62414K->3020K(498112K), 0.0080624 secs]
371.434: [Full GC (JvmtiEnv ForceGarbageCollection)  62518K->3124K(498112K), 0.0083125 secs]
374.679: [Full GC (JvmtiEnv ForceGarbageCollection)  62622K->2812K(498112K), 0.0081042 secs]
377.962: [Full GC (JvmtiEnv ForceGarbageCollection)  66662K->2917K(498112K), 0.0063476 secs]
381.215: [Full GC (JvmtiEnv ForceGarbageCollection)  66767K->3022K(498112K), 0.0079022 secs]
384.454: [Full GC (JvmtiEnv ForceGarbageCollection)  66872K->3126K(498112K), 0.0079478 secs]
387.719: [Full GC (JvmtiEnv ForceGarbageCollection)  66976K->2813K(498112K), 0.0076737 secs]
391.122: [Full GC (JvmtiEnv ForceGarbageCollection)  66663K->2918K(498112K), 0.0089988 secs]
394.443: [Full GC (JvmtiEnv ForceGarbageCollection)  66768K->3023K(498112K), 0.0083752 secs]
397.746: [Full GC (JvmtiEnv ForceGarbageCollection)  66873K->3128K(498112K), 0.0098993 secs]
401.093: [Full GC (JvmtiEnv ForceGarbageCollection)  66978K->2814K(498112K), 0.0073400 secs]
404.402: [Full GC (JvmtiEnv ForceGarbageCollection)  66664K->2919K(498112K), 0.0063427 secs]
407.723: [Full GC (JvmtiEnv ForceGarbageCollection)  66769K->3024K(498112K), 0.0074464 secs]
410.944: [Full GC (JvmtiEnv ForceGarbageCollection)  66874K->3129K(498112K), 0.0086296 secs]
414.152: [Full GC (JvmtiEnv ForceGarbageCollection)  66979K->2814K(498112K), 0.0075680 secs]
417.434: [Full GC (JvmtiEnv ForceGarbageCollection)  66664K->2918K(498112K), 0.0102207 secs]
420.780: [Full GC (JvmtiEnv ForceGarbageCollection)  66769K->3024K(498112K), 0.0063409 secs]
424.142: [Full GC (JvmtiEnv ForceGarbageCollection)  66874K->3129K(498112K), 0.0100877 secs]
427.419: [Full GC (JvmtiEnv ForceGarbageCollection)  66979K->2814K(498112K), 0.0110332 secs]
430.728: [Full GC (JvmtiEnv ForceGarbageCollection)  66664K->2919K(498112K), 0.0080797 secs]
434.006: [Full GC (JvmtiEnv ForceGarbageCollection)  66769K->3024K(498112K), 0.0084470 secs]
437.279: [Full GC (JvmtiEnv ForceGarbageCollection)  66874K->3130K(498112K), 0.0094980 secs]
440.591: [Full GC (JvmtiEnv ForceGarbageCollection)  66980K->2814K(498112K), 0.0085367 secs]
443.906: [Full GC (JvmtiEnv ForceGarbageCollection)  66664K->2920K(498112K), 0.0074454 secs]
447.232: [Full GC (JvmtiEnv ForceGarbageCollection)  66770K->3026K(498112K), 0.0088025 secs]
450.513: [Full GC (JvmtiEnv ForceGarbageCollection)  66876K->3132K(498112K), 0.0078394 secs]
453.976: [Full GC (JvmtiEnv ForceGarbageCollection)  66982K->2815K(498112K), 0.0064289 secs]
457.272: [Full GC (JvmtiEnv ForceGarbageCollection)  66665K->2922K(498112K), 0.0117178 secs]
460.629: [Full GC (JvmtiEnv ForceGarbageCollection)  66772K->3028K(498112K), 0.0077525 secs]
463.888: [Full GC (JvmtiEnv ForceGarbageCollection)  66878K->3135K(498112K), 0.0060944 secs]
467.217: [Full GC (JvmtiEnv ForceGarbageCollection)  66985K->2815K(498112K), 0.0101844 secs]
470.586: [Full GC (JvmtiEnv ForceGarbageCollection)  66665K->2922K(498112K), 0.0113167 secs]
473.978: [Full GC (JvmtiEnv ForceGarbageCollection)  66772K->3029K(498112K), 0.0071142 secs]
477.264: [Full GC (JvmtiEnv ForceGarbageCollection)  66879K->3136K(498112K), 0.0066782 secs]
480.586: [Full GC (JvmtiEnv ForceGarbageCollection)  66986K->2815K(498112K), 0.0078906 secs]
483.968: [Full GC (JvmtiEnv ForceGarbageCollection)  66665K->2922K(498112K), 0.0084441 secs]
487.419: [Full GC (JvmtiEnv ForceGarbageCollection)  66772K->3029K(498112K), 0.0068173 secs]
490.780: [Full GC (JvmtiEnv ForceGarbageCollection)  66880K->3137K(498112K), 0.0073953 secs]
494.253: [Full GC (JvmtiEnv ForceGarbageCollection)  66987K->2816K(498112K), 0.0085883 secs]
497.651: [Full GC (JvmtiEnv ForceGarbageCollection)  66666K->2923K(498112K), 0.0129548 secs]
501.007: [Full GC (JvmtiEnv ForceGarbageCollection)  66773K->3031K(498112K), 0.0123690 secs]
504.324: [Full GC (JvmtiEnv ForceGarbageCollection)  66881K->3139K(498112K), 0.0075464 secs]
507.673: [Full GC (JvmtiEnv ForceGarbageCollection)  66989K->2816K(498112K), 0.0083719 secs]
510.986: [Full GC (JvmtiEnv ForceGarbageCollection)  66666K->2924K(498112K), 0.0079485 secs]
514.469: [Full GC (JvmtiEnv ForceGarbageCollection)  66774K->3031K(498112K), 0.0084543 secs]
517.830: [Full GC (JvmtiEnv ForceGarbageCollection)  66881K->3139K(498112K), 0.0064976 secs]
521.217: [Full GC (JvmtiEnv ForceGarbageCollection)  66989K->2702K(498112K), 0.0106521 secs]
524.592: [Full GC (JvmtiEnv ForceGarbageCollection)  66552K->2810K(498112K), 0.0108777 secs]
528.020: [Full GC (JvmtiEnv ForceGarbageCollection)  66660K->2918K(498112K), 0.0077753 secs]
531.355: [Full GC (JvmtiEnv ForceGarbageCollection)  66768K->3026K(498112K), 0.0079548 secs]
534.713: [Full GC (JvmtiEnv ForceGarbageCollection)  66876K->2703K(498112K), 0.0106260 secs]
538.136: [Full GC (JvmtiEnv ForceGarbageCollection)  66553K->2811K(498112K), 0.0077259 secs]
541.529: [Full GC (JvmtiEnv ForceGarbageCollection)  66662K->2920K(498112K), 0.0085399 secs]
545.023: [Full GC (JvmtiEnv ForceGarbageCollection)  66770K->3028K(498112K), 0.0080806 secs]
548.386: [Full GC (JvmtiEnv ForceGarbageCollection)  66878K->2702K(498112K), 0.0069958 secs]
551.691: [Full GC (JvmtiEnv ForceGarbageCollection)  66552K->2811K(498112K), 0.0074794 secs]
555.041: [Full GC (JvmtiEnv ForceGarbageCollection)  66661K->2919K(498112K), 0.0079364 secs]
558.380: [Full GC (JvmtiEnv ForceGarbageCollection)  66769K->3028K(498112K), 0.0091094 secs]
561.794: [Full GC (JvmtiEnv ForceGarbageCollection)  66878K->2703K(498112K), 0.0071945 secs]
565.177: [Full GC (JvmtiEnv ForceGarbageCollection)  66553K->2811K(498112K), 0.0076511 secs]
568.675: [Full GC (JvmtiEnv ForceGarbageCollection)  66661K->2921K(498112K), 0.0083207 secs]
572.118: [Full GC (JvmtiEnv ForceGarbageCollection)  66771K->3030K(498112K), 0.0120659 secs]
575.712: [Full GC (JvmtiEnv ForceGarbageCollection)  66880K->2704K(498112K), 0.0064178 secs]
579.097: [Full GC (JvmtiEnv ForceGarbageCollection)  66554K->2813K(498112K), 0.0071005 secs]
582.477: [Full GC (JvmtiEnv ForceGarbageCollection)  66663K->2922K(498112K), 0.0068590 secs]
585.897: [Full GC (JvmtiEnv ForceGarbageCollection)  66772K->3032K(498112K), 0.0074480 secs]
589.352: [Full GC (JvmtiEnv ForceGarbageCollection)  66882K->2705K(498112K), 0.0140530 secs]
592.780: [Full GC (JvmtiEnv ForceGarbageCollection)  66555K->2814K(498112K), 0.0072133 secs]
596.143: [Full GC (JvmtiEnv ForceGarbageCollection)  66664K->2924K(498112K), 0.0067467 secs]
599.597: [Full GC (JvmtiEnv ForceGarbageCollection)  66774K->3034K(498112K), 0.0078024 secs]
603.061: [Full GC (JvmtiEnv ForceGarbageCollection)  66884K->2705K(498112K), 0.0067784 secs]
606.651: [Full GC (JvmtiEnv ForceGarbageCollection)  66555K->2816K(498112K), 0.0091872 secs]
610.050: [Full GC (JvmtiEnv ForceGarbageCollection)  66666K->2926K(498112K), 0.0070876 secs]
613.469: [Full GC (JvmtiEnv ForceGarbageCollection)  66776K->3037K(498112K), 0.0072262 secs]
616.893: [Full GC (JvmtiEnv ForceGarbageCollection)  66887K->2705K(498112K), 0.0074242 secs]
620.275: [Full GC (JvmtiEnv ForceGarbageCollection)  66555K->2816K(498112K), 0.0103314 secs]
623.574: [Full GC (JvmtiEnv ForceGarbageCollection)  66666K->2927K(498112K), 0.0074210 secs]
627.068: [Full GC (JvmtiEnv ForceGarbageCollection)  66777K->3039K(498112K), 0.0073134 secs]
630.567: [Full GC (JvmtiEnv ForceGarbageCollection)  66889K->2706K(498112K), 0.0065066 secs]
634.127: [Full GC (JvmtiEnv ForceGarbageCollection)  66556K->2817K(498112K), 0.0070598 secs]
637.701: [Full GC (JvmtiEnv ForceGarbageCollection)  66667K->2929K(498112K), 0.0087746 secs]
641.191: [Full GC (JvmtiEnv ForceGarbageCollection)  66779K->3040K(498112K), 0.0075770 secs]
644.681: [Full GC (JvmtiEnv ForceGarbageCollection)  66891K->2707K(498112K), 0.0074076 secs]
648.217: [Full GC (JvmtiEnv ForceGarbageCollection)  66557K->2818K(498112K), 0.0077783 secs]
651.698: [Full GC (JvmtiEnv ForceGarbageCollection)  66668K->2930K(498112K), 0.0071876 secs]
655.277: [Full GC (JvmtiEnv ForceGarbageCollection)  70992K->3042K(498112K), 0.0061776 secs]
658.866: [Full GC (JvmtiEnv ForceGarbageCollection)  71105K->2707K(498112K), 0.0061202 secs]
662.478: [Full GC (JvmtiEnv ForceGarbageCollection)  70770K->2820K(498112K), 0.0086795 secs]
665.971: [Full GC (JvmtiEnv ForceGarbageCollection)  70882K->2932K(498112K), 0.0086509 secs]
669.463: [Full GC (JvmtiEnv ForceGarbageCollection)  70994K->3044K(498112K), 0.0086667 secs]
672.975: [Full GC (JvmtiEnv ForceGarbageCollection)  71107K->2708K(498112K), 0.0082285 secs]
676.485: [Full GC (JvmtiEnv ForceGarbageCollection)  70770K->2821K(498112K), 0.0077844 secs]
