OpenJDK 64-Bit Server VM (25.222-b10) for linux-amd64 JRE (1.8.0_222-8u222-b10-1ubuntu1~18.04.1-b10), built on Jul 18 2019 18:52:48 by "buildd" with gcc 7.4.0
Memory: 4k page, physical 16424660k(15510188k free), swap 0k(0k free)
CommandLine flags: -XX:CompressedClassSpaceSize=45297664 -XX:InitialHeapSize=536870912 -XX:MaxHeapSize=536870912 -XX:MaxMetaspaceSize=53686272 -XX:NewRatio=1 -XX:+PrintGC -XX:+PrintGCTimeStamps -XX:+RequireSharedSpaces -XX:ReservedCodeCacheSize=26843136 -XX:-TieredCompilation -XX:+UseCompressedClassPointers -XX:+UseCompressedOops -XX:+UseSerialGC -XX:+UseSharedSpaces 
4.778: [Full GC (JvmtiEnv ForceGarbageCollection)  77777K->2882K(498112K), 0.0158929 secs]
7.817: [Full GC (JvmtiEnv ForceGarbageCollection)  70615K->2973K(498112K), 0.0065625 secs]
10.735: [Full GC (JvmtiEnv ForceGarbageCollection)  62314K->3062K(498112K), 0.0091502 secs]
13.718: [Full GC (JvmtiEnv ForceGarbageCollection)  62404K->2766K(498112K), 0.0088883 secs]
16.689: [Full GC (JvmtiEnv ForceGarbageCollection)  57911K->2856K(498112K), 0.0076901 secs]
19.633: [Full GC (JvmtiEnv ForceGarbageCollection)  58002K->2946K(498112K), 0.0072293 secs]
22.596: [Full GC (JvmtiEnv ForceGarbageCollection)  58092K->3039K(498112K), 0.0071605 secs]
25.614: [Full GC (JvmtiEnv ForceGarbageCollection)  58185K->2769K(498112K), 0.0075510 secs]
28.678: [Full GC (JvmtiEnv ForceGarbageCollection)  57915K->2860K(498112K), 0.0086643 secs]
31.679: [Full GC (JvmtiEnv ForceGarbageCollection)  58005K->2950K(498112K), 0.0084463 secs]
34.719: [Full GC (JvmtiEnv ForceGarbageCollection)  58096K->3041K(498112K), 0.0106360 secs]
37.749: [Full GC (JvmtiEnv ForceGarbageCollection)  58186K->2770K(498112K), 0.0077476 secs]
40.796: [Full GC (JvmtiEnv ForceGarbageCollection)  57916K->2861K(498112K), 0.0078549 secs]
43.817: [Full GC (JvmtiEnv ForceGarbageCollection)  58007K->2952K(498112K), 0.0074996 secs]
46.868: [Full GC (JvmtiEnv ForceGarbageCollection)  58098K->3043K(498112K), 0.0058447 secs]
49.884: [Full GC (JvmtiEnv ForceGarbageCollection)  58188K->2770K(498112K), 0.0098861 secs]
52.950: [Full GC (JvmtiEnv ForceGarbageCollection)  57916K->2862K(498112K), 0.0068444 secs]
55.970: [Full GC (JvmtiEnv ForceGarbageCollection)  58008K->2953K(498112K), 0.0061345 secs]
58.930: [Full GC (JvmtiEnv ForceGarbageCollection)  58099K->3044K(498112K), 0.0127374 secs]
61.954: [Full GC (JvmtiEnv ForceGarbageCollection)  58190K->2773K(498112K), 0.0071412 secs]
64.960: [Full GC (JvmtiEnv ForceGarbageCollection)  57919K->2866K(498112K), 0.0071503 secs]
68.029: [Full GC (JvmtiEnv ForceGarbageCollection)  58004K->2960K(498112K), 0.0105305 secs]
71.141: [Full GC (JvmtiEnv ForceGarbageCollection)  58106K->3052K(498112K), 0.0114094 secs]
74.277: [Full GC (JvmtiEnv ForceGarbageCollection)  58197K->2777K(498112K), 0.0058017 secs]
77.314: [Full GC (JvmtiEnv ForceGarbageCollection)  57923K->2869K(498112K), 0.0075733 secs]
80.341: [Full GC (JvmtiEnv ForceGarbageCollection)  58015K->2961K(498112K), 0.0076651 secs]
83.422: [Full GC (JvmtiEnv ForceGarbageCollection)  58107K->3053K(498112K), 0.0079455 secs]
86.521: [Full GC (JvmtiEnv ForceGarbageCollection)  58199K->2778K(498112K), 0.0085721 secs]
89.589: [Full GC (JvmtiEnv ForceGarbageCollection)  57924K->2871K(498112K), 0.0117498 secs]
92.641: [Full GC (JvmtiEnv ForceGarbageCollection)  58016K->2963K(498112K), 0.0078438 secs]
95.675: [Full GC (JvmtiEnv ForceGarbageCollection)  58109K->3055K(498112K), 0.0087060 secs]
98.763: [Full GC (JvmtiEnv ForceGarbageCollection)  58201K->2778K(498112K), 0.0062706 secs]
101.876: [Full GC (JvmtiEnv ForceGarbageCollection)  57924K->2871K(498112K), 0.0088292 secs]
104.934: [Full GC (JvmtiEnv ForceGarbageCollection)  58017K->2965K(498112K), 0.0072919 secs]
107.996: [Full GC (JvmtiEnv ForceGarbageCollection)  58111K->3059K(498112K), 0.0071336 secs]
110.969: [Full GC (JvmtiEnv ForceGarbageCollection)  58205K->2780K(498112K), 0.0070797 secs]
114.009: [Full GC (JvmtiEnv ForceGarbageCollection)  57926K->2874K(498112K), 0.0107739 secs]
116.969: [Full GC (JvmtiEnv ForceGarbageCollection)  58020K->2969K(498112K), 0.0068601 secs]
119.984: [Full GC (JvmtiEnv ForceGarbageCollection)  62311K->3066K(498112K), 0.0073739 secs]
122.862: [Full GC (JvmtiEnv ForceGarbageCollection)  58212K->2786K(498112K), 0.0059574 secs]
125.793: [Full GC (JvmtiEnv ForceGarbageCollection)  57932K->2881K(498112K), 0.0072986 secs]
128.752: [Full GC (JvmtiEnv ForceGarbageCollection)  58026K->2974K(498112K), 0.0129069 secs]
131.675: [Full GC (JvmtiEnv ForceGarbageCollection)  58120K->3067K(498112K), 0.0077624 secs]
134.691: [Full GC (JvmtiEnv ForceGarbageCollection)  58213K->2788K(498112K), 0.0071569 secs]
137.590: [Full GC (JvmtiEnv ForceGarbageCollection)  57934K->2881K(498112K), 0.0089875 secs]
140.553: [Full GC (JvmtiEnv ForceGarbageCollection)  58027K->2974K(498112K), 0.0073431 secs]
143.455: [Full GC (JvmtiEnv ForceGarbageCollection)  58120K->3068K(498112K), 0.0076983 secs]
146.360: [Full GC (JvmtiEnv ForceGarbageCollection)  58214K->2788K(498112K), 0.0077795 secs]
149.285: [Full GC (JvmtiEnv ForceGarbageCollection)  57934K->2882K(498112K), 0.0080786 secs]
152.172: [Full GC (JvmtiEnv ForceGarbageCollection)  58028K->2975K(498112K), 0.0080005 secs]
155.120: [Full GC (JvmtiEnv ForceGarbageCollection)  58121K->3069K(498112K), 0.0071206 secs]
158.051: [Full GC (JvmtiEnv ForceGarbageCollection)  58215K->2789K(498112K), 0.0077840 secs]
161.000: [Full GC (JvmtiEnv ForceGarbageCollection)  57935K->2883K(498112K), 0.0072476 secs]
163.972: [Full GC (JvmtiEnv ForceGarbageCollection)  58029K->2978K(498112K), 0.0078950 secs]
166.918: [Full GC (JvmtiEnv ForceGarbageCollection)  58123K->3072K(498112K), 0.0076124 secs]
169.860: [Full GC (JvmtiEnv ForceGarbageCollection)  58218K->2789K(498112K), 0.0076837 secs]
172.860: [Full GC (JvmtiEnv ForceGarbageCollection)  57935K->2884K(498112K), 0.0114853 secs]
175.876: [Full GC (JvmtiEnv ForceGarbageCollection)  58030K->2979K(498112K), 0.0073761 secs]
178.900: [Full GC (JvmtiEnv ForceGarbageCollection)  58125K->3074K(498112K), 0.0061007 secs]
181.829: [Full GC (JvmtiEnv ForceGarbageCollection)  58220K->2790K(498112K), 0.0074891 secs]
184.812: [Full GC (JvmtiEnv ForceGarbageCollection)  57936K->2885K(498112K), 0.0072646 secs]
187.740: [Full GC (JvmtiEnv ForceGarbageCollection)  58031K->2980K(498112K), 0.0075890 secs]
190.784: [Full GC (JvmtiEnv ForceGarbageCollection)  58126K->3076K(498112K), 0.0097764 secs]
193.806: [Full GC (JvmtiEnv ForceGarbageCollection)  58222K->2791K(498112K), 0.0112958 secs]
196.844: [Full GC (JvmtiEnv ForceGarbageCollection)  57936K->2886K(498112K), 0.0073079 secs]
199.881: [Full GC (JvmtiEnv ForceGarbageCollection)  58032K->2982K(498112K), 0.0078495 secs]
202.876: [Full GC (JvmtiEnv ForceGarbageCollection)  58127K->3078K(498112K), 0.0073880 secs]
205.890: [Full GC (JvmtiEnv ForceGarbageCollection)  58224K->2791K(498112K), 0.0076743 secs]
208.930: [Full GC (JvmtiEnv ForceGarbageCollection)  57937K->2887K(498112K), 0.0075558 secs]
211.943: [Full GC (JvmtiEnv ForceGarbageCollection)  58033K->2984K(498112K), 0.0100505 secs]
215.028: [Full GC (JvmtiEnv ForceGarbageCollection)  58129K->3080K(498112K), 0.0078871 secs]
218.096: [Full GC (JvmtiEnv ForceGarbageCollection)  62578K->2792K(498112K), 0.0081395 secs]
221.081: [Full GC (JvmtiEnv ForceGarbageCollection)  62290K->2889K(498112K), 0.0065068 secs]
224.195: [Full GC (JvmtiEnv ForceGarbageCollection)  62387K->2987K(498112K), 0.0124317 secs]
227.205: [Full GC (JvmtiEnv ForceGarbageCollection)  62484K->3083K(498112K), 0.0072784 secs]
230.179: [Full GC (JvmtiEnv ForceGarbageCollection)  62581K->2793K(498112K), 0.0092484 secs]
233.192: [Full GC (JvmtiEnv ForceGarbageCollection)  62291K->2890K(498112K), 0.0083739 secs]
236.220: [Full GC (JvmtiEnv ForceGarbageCollection)  62388K->2988K(498112K), 0.0075512 secs]
239.323: [Full GC (JvmtiEnv ForceGarbageCollection)  62486K->3086K(498112K), 0.0082766 secs]
242.406: [Full GC (JvmtiEnv ForceGarbageCollection)  62584K->2794K(498112K), 0.0083026 secs]
245.478: [Full GC (JvmtiEnv ForceGarbageCollection)  62292K->2891K(498112K), 0.0070660 secs]
248.575: [Full GC (JvmtiEnv ForceGarbageCollection)  62389K->2989K(498112K), 0.0065133 secs]
251.681: [Full GC (JvmtiEnv ForceGarbageCollection)  62487K->3087K(498112K), 0.0093313 secs]
254.945: [Full GC (JvmtiEnv ForceGarbageCollection)  62585K->2794K(498112K), 0.0062186 secs]
257.985: [Full GC (JvmtiEnv ForceGarbageCollection)  62292K->2893K(498112K), 0.0083266 secs]
261.021: [Full GC (JvmtiEnv ForceGarbageCollection)  62391K->2991K(498112K), 0.0089400 secs]
264.128: [Full GC (JvmtiEnv ForceGarbageCollection)  62489K->3090K(498112K), 0.0092819 secs]
267.188: [Full GC (JvmtiEnv ForceGarbageCollection)  62588K->2795K(498112K), 0.0075329 secs]
270.266: [Full GC (JvmtiEnv ForceGarbageCollection)  62285K->2900K(498112K), 0.0073024 secs]
273.496: [Full GC (JvmtiEnv ForceGarbageCollection)  62398K->2999K(498112K), 0.0076573 secs]
276.629: [Full GC (JvmtiEnv ForceGarbageCollection)  62497K->3098K(498112K), 0.0064377 secs]
279.807: [Full GC (JvmtiEnv ForceGarbageCollection)  62596K->2802K(498112K), 0.0060629 secs]
282.853: [Full GC (JvmtiEnv ForceGarbageCollection)  62300K->2903K(498112K), 0.0113640 secs]
285.999: [Full GC (JvmtiEnv ForceGarbageCollection)  62401K->3002K(498112K), 0.0088172 secs]
289.185: [Full GC (JvmtiEnv ForceGarbageCollection)  62500K->3104K(498112K), 0.0073366 secs]
292.368: [Full GC (JvmtiEnv ForceGarbageCollection)  62586K->2806K(498112K), 0.0099613 secs]
295.586: [Full GC (JvmtiEnv ForceGarbageCollection)  62288K->2906K(498112K), 0.0075969 secs]
298.807: [Full GC (JvmtiEnv ForceGarbageCollection)  62387K->3006K(498112K), 0.0072571 secs]
302.071: [Full GC (JvmtiEnv ForceGarbageCollection)  62487K->3106K(498112K), 0.0060352 secs]
305.260: [Full GC (JvmtiEnv ForceGarbageCollection)  62588K->2807K(498112K), 0.0074590 secs]
308.450: [Full GC (JvmtiEnv ForceGarbageCollection)  62289K->2907K(498112K), 0.0080944 secs]
311.636: [Full GC (JvmtiEnv ForceGarbageCollection)  62405K->3007K(498112K), 0.0076788 secs]
314.954: [Full GC (JvmtiEnv ForceGarbageCollection)  62489K->3107K(498112K), 0.0076839 secs]
318.224: [Full GC (JvmtiEnv ForceGarbageCollection)  62589K->2808K(498112K), 0.0084804 secs]
321.412: [Full GC (JvmtiEnv ForceGarbageCollection)  62290K->2908K(498112K), 0.0090901 secs]
324.622: [Full GC (JvmtiEnv ForceGarbageCollection)  62390K->3008K(498112K), 0.0078625 secs]
327.797: [Full GC (JvmtiEnv ForceGarbageCollection)  62490K->3108K(498112K), 0.0111772 secs]
331.097: [Full GC (JvmtiEnv ForceGarbageCollection)  62590K->2809K(498112K), 0.0076171 secs]
334.345: [Full GC (JvmtiEnv ForceGarbageCollection)  62290K->2910K(498112K), 0.0078133 secs]
337.506: [Full GC (JvmtiEnv ForceGarbageCollection)  62391K->3010K(498112K), 0.0076141 secs]
340.697: [Full GC (JvmtiEnv ForceGarbageCollection)  62492K->3111K(498112K), 0.0075370 secs]
343.929: [Full GC (JvmtiEnv ForceGarbageCollection)  62593K->2810K(498112K), 0.0078037 secs]
347.135: [Full GC (JvmtiEnv ForceGarbageCollection)  62308K->2912K(498112K), 0.0103234 secs]
350.276: [Full GC (JvmtiEnv ForceGarbageCollection)  62410K->3013K(498112K), 0.0077438 secs]
353.538: [Full GC (JvmtiEnv ForceGarbageCollection)  62511K->3115K(498112K), 0.0067928 secs]
356.772: [Full GC (JvmtiEnv ForceGarbageCollection)  62612K->2810K(498112K), 0.0123021 secs]
359.964: [Full GC (JvmtiEnv ForceGarbageCollection)  62308K->2911K(498112K), 0.0069365 secs]
363.181: [Full GC (JvmtiEnv ForceGarbageCollection)  62409K->3013K(498112K), 0.0080286 secs]
366.361: [Full GC (JvmtiEnv ForceGarbageCollection)  62511K->3115K(498112K), 0.0085059 secs]
369.567: [Full GC (JvmtiEnv ForceGarbageCollection)  62613K->2811K(498112K), 0.0118645 secs]
372.920: [Full GC (JvmtiEnv ForceGarbageCollection)  62309K->2913K(498112K), 0.0065114 secs]
376.168: [Full GC (JvmtiEnv ForceGarbageCollection)  62410K->3015K(498112K), 0.0080374 secs]
379.335: [Full GC (JvmtiEnv ForceGarbageCollection)  62512K->3117K(498112K), 0.0086946 secs]
382.525: [Full GC (JvmtiEnv ForceGarbageCollection)  62615K->2811K(498112K), 0.0092568 secs]
385.731: [Full GC (JvmtiEnv ForceGarbageCollection)  62308K->2913K(498112K), 0.0084851 secs]
389.013: [Full GC (JvmtiEnv ForceGarbageCollection)  62411K->3016K(498112K), 0.0078579 secs]
392.284: [Full GC (JvmtiEnv ForceGarbageCollection)  62514K->3119K(498112K), 0.0089937 secs]
395.480: [Full GC (JvmtiEnv ForceGarbageCollection)  62616K->2811K(498112K), 0.0065558 secs]
398.792: [Full GC (JvmtiEnv ForceGarbageCollection)  62309K->2914K(498112K), 0.0096551 secs]
402.012: [Full GC (JvmtiEnv ForceGarbageCollection)  62412K->3017K(498112K), 0.0077915 secs]
405.275: [Full GC (JvmtiEnv ForceGarbageCollection)  62515K->3120K(498112K), 0.0088177 secs]
408.491: [Full GC (JvmtiEnv ForceGarbageCollection)  62618K->2812K(498112K), 0.0067762 secs]
411.687: [Full GC (JvmtiEnv ForceGarbageCollection)  62310K->2915K(498112K), 0.0105381 secs]
414.886: [Full GC (JvmtiEnv ForceGarbageCollection)  62413K->3018K(498112K), 0.0085655 secs]
418.153: [Full GC (JvmtiEnv ForceGarbageCollection)  62516K->3122K(498112K), 0.0084602 secs]
421.499: [Full GC (JvmtiEnv ForceGarbageCollection)  62620K->2812K(498112K), 0.0062267 secs]
424.755: [Full GC (JvmtiEnv ForceGarbageCollection)  62310K->2916K(498112K), 0.0081503 secs]
427.991: [Full GC (JvmtiEnv ForceGarbageCollection)  62414K->3020K(498112K), 0.0086212 secs]
431.230: [Full GC (JvmtiEnv ForceGarbageCollection)  62518K->3124K(498112K), 0.0078197 secs]
434.666: [Full GC (JvmtiEnv ForceGarbageCollection)  62622K->2812K(498112K), 0.0081906 secs]
437.966: [Full GC (JvmtiEnv ForceGarbageCollection)  66662K->2917K(498112K), 0.0080395 secs]
441.180: [Full GC (JvmtiEnv ForceGarbageCollection)  66767K->3022K(498112K), 0.0083470 secs]
444.448: [Full GC (JvmtiEnv ForceGarbageCollection)  66872K->3126K(498112K), 0.0076344 secs]
447.671: [Full GC (JvmtiEnv ForceGarbageCollection)  66976K->2813K(498112K), 0.0083231 secs]
451.016: [Full GC (JvmtiEnv ForceGarbageCollection)  66663K->2918K(498112K), 0.0082500 secs]
454.345: [Full GC (JvmtiEnv ForceGarbageCollection)  66768K->3023K(498112K), 0.0068800 secs]
457.665: [Full GC (JvmtiEnv ForceGarbageCollection)  66873K->3128K(498112K), 0.0064451 secs]
461.011: [Full GC (JvmtiEnv ForceGarbageCollection)  66978K->2814K(498112K), 0.0094631 secs]
464.433: [Full GC (JvmtiEnv ForceGarbageCollection)  66664K->2919K(498112K), 0.0084983 secs]
467.730: [Full GC (JvmtiEnv ForceGarbageCollection)  66769K->3024K(498112K), 0.0100383 secs]
471.143: [Full GC (JvmtiEnv ForceGarbageCollection)  66874K->3130K(498112K), 0.0078033 secs]
474.461: [Full GC (JvmtiEnv ForceGarbageCollection)  66980K->2814K(498112K), 0.0061287 secs]
477.788: [Full GC (JvmtiEnv ForceGarbageCollection)  66664K->2920K(498112K), 0.0067555 secs]
481.205: [Full GC (JvmtiEnv ForceGarbageCollection)  66770K->3026K(498112K), 0.0085128 secs]
484.540: [Full GC (JvmtiEnv ForceGarbageCollection)  66876K->3132K(498112K), 0.0090730 secs]
487.969: [Full GC (JvmtiEnv ForceGarbageCollection)  66982K->2814K(498112K), 0.0080196 secs]
491.393: [Full GC (JvmtiEnv ForceGarbageCollection)  66665K->2921K(498112K), 0.0077334 secs]
494.950: [Full GC (JvmtiEnv ForceGarbageCollection)  66771K->3028K(498112K), 0.0075621 secs]
498.364: [Full GC (JvmtiEnv ForceGarbageCollection)  66878K->3133K(498112K), 0.0079928 secs]
501.785: [Full GC (JvmtiEnv ForceGarbageCollection)  66984K->2815K(498112K), 0.0069538 secs]
505.197: [Full GC (JvmtiEnv ForceGarbageCollection)  66665K->2922K(498112K), 0.0084274 secs]
508.637: [Full GC (JvmtiEnv ForceGarbageCollection)  66772K->3028K(498112K), 0.0088741 secs]
512.069: [Full GC (JvmtiEnv ForceGarbageCollection)  66878K->3135K(498112K), 0.0123496 secs]
515.482: [Full GC (JvmtiEnv ForceGarbageCollection)  66985K->2701K(498112K), 0.0076759 secs]
518.951: [Full GC (JvmtiEnv ForceGarbageCollection)  66551K->2808K(498112K), 0.0076597 secs]
522.410: [Full GC (JvmtiEnv ForceGarbageCollection)  66658K->2915K(498112K), 0.0064450 secs]
525.796: [Full GC (JvmtiEnv ForceGarbageCollection)  66765K->3023K(498112K), 0.0073472 secs]
529.046: [Full GC (JvmtiEnv ForceGarbageCollection)  66873K->2702K(498112K), 0.0077674 secs]
532.466: [Full GC (JvmtiEnv ForceGarbageCollection)  66552K->2809K(498112K), 0.0089096 secs]
535.937: [Full GC (JvmtiEnv ForceGarbageCollection)  66659K->2917K(498112K), 0.0083375 secs]
539.285: [Full GC (JvmtiEnv ForceGarbageCollection)  66767K->3025K(498112K), 0.0070771 secs]
542.758: [Full GC (JvmtiEnv ForceGarbageCollection)  66875K->2702K(498112K), 0.0108208 secs]
546.187: [Full GC (JvmtiEnv ForceGarbageCollection)  66552K->2810K(498112K), 0.0075419 secs]
549.656: [Full GC (JvmtiEnv ForceGarbageCollection)  66660K->2918K(498112K), 0.0079109 secs]
553.121: [Full GC (JvmtiEnv ForceGarbageCollection)  66768K->3026K(498112K), 0.0071428 secs]
556.734: [Full GC (JvmtiEnv ForceGarbageCollection)  66877K->2703K(498112K), 0.0078289 secs]
560.229: [Full GC (JvmtiEnv ForceGarbageCollection)  66553K->2811K(498112K), 0.0062503 secs]
563.789: [Full GC (JvmtiEnv ForceGarbageCollection)  66661K->2920K(498112K), 0.0112989 secs]
567.227: [Full GC (JvmtiEnv ForceGarbageCollection)  66770K->3028K(498112K), 0.0087210 secs]
570.715: [Full GC (JvmtiEnv ForceGarbageCollection)  66879K->2704K(498112K), 0.0084732 secs]
574.198: [Full GC (JvmtiEnv ForceGarbageCollection)  66554K->2813K(498112K), 0.0112642 secs]
577.682: [Full GC (JvmtiEnv ForceGarbageCollection)  66663K->2922K(498112K), 0.0087431 secs]
581.189: [Full GC (JvmtiEnv ForceGarbageCollection)  70967K->3031K(498112K), 0.0076244 secs]
584.694: [Full GC (JvmtiEnv ForceGarbageCollection)  66881K->2704K(498112K), 0.0058673 secs]
588.152: [Full GC (JvmtiEnv ForceGarbageCollection)  66554K->2814K(498112K), 0.0060769 secs]
591.648: [Full GC (JvmtiEnv ForceGarbageCollection)  66664K->2924K(498112K), 0.0087773 secs]
595.152: [Full GC (JvmtiEnv ForceGarbageCollection)  66774K->3033K(498112K), 0.0082709 secs]
598.687: [Full GC (JvmtiEnv ForceGarbageCollection)  66883K->2705K(498112K), 0.0074410 secs]
602.101: [Full GC (JvmtiEnv ForceGarbageCollection)  66555K->2814K(498112K), 0.0073573 secs]
605.638: [Full GC (JvmtiEnv ForceGarbageCollection)  66664K->2925K(498112K), 0.0077467 secs]
609.174: [Full GC (JvmtiEnv ForceGarbageCollection)  66775K->3035K(498112K), 0.0066941 secs]
612.749: [Full GC (JvmtiEnv ForceGarbageCollection)  66885K->2705K(498112K), 0.0077796 secs]
616.380: [Full GC (JvmtiEnv ForceGarbageCollection)  66555K->2816K(498112K), 0.0104573 secs]
619.902: [Full GC (JvmtiEnv ForceGarbageCollection)  66666K->2926K(498112K), 0.0076290 secs]
623.432: [Full GC (JvmtiEnv ForceGarbageCollection)  66776K->3037K(498112K), 0.0081944 secs]
627.011: [Full GC (JvmtiEnv ForceGarbageCollection)  66887K->2706K(498112K), 0.0097901 secs]
630.646: [Full GC (JvmtiEnv ForceGarbageCollection)  66556K->2817K(498112K), 0.0074323 secs]
634.216: [Full GC (JvmtiEnv ForceGarbageCollection)  66667K->2928K(498112K), 0.0063474 secs]
637.754: [Full GC (JvmtiEnv ForceGarbageCollection)  66778K->3039K(498112K), 0.0099829 secs]
641.330: [Full GC (JvmtiEnv ForceGarbageCollection)  66889K->2707K(498112K), 0.0075336 secs]
644.926: [Full GC (JvmtiEnv ForceGarbageCollection)  66557K->2818K(498112K), 0.0080033 secs]
648.554: [Full GC (JvmtiEnv ForceGarbageCollection)  66668K->2930K(498112K), 0.0075530 secs]
652.158: [Full GC (JvmtiEnv ForceGarbageCollection)  66780K->3042K(498112K), 0.0112789 secs]
655.748: [Full GC (JvmtiEnv ForceGarbageCollection)  66892K->2707K(498112K), 0.0064790 secs]
659.344: [Full GC (JvmtiEnv ForceGarbageCollection)  70769K->2819K(498112K), 0.0077345 secs]
662.873: [Full GC (JvmtiEnv ForceGarbageCollection)  70881K->2931K(498112K), 0.0075360 secs]
666.413: [Full GC (JvmtiEnv ForceGarbageCollection)  70994K->3044K(498112K), 0.0078967 secs]
669.913: [Full GC (JvmtiEnv ForceGarbageCollection)  71106K->2707K(498112K), 0.0102217 secs]
673.651: [Full GC (JvmtiEnv ForceGarbageCollection)  70770K->2820K(498112K), 0.0060542 secs]
677.429: [Full GC (JvmtiEnv ForceGarbageCollection)  70882K->2933K(498112K), 0.0070373 secs]
681.040: [Full GC (JvmtiEnv ForceGarbageCollection)  70995K->3046K(498112K), 0.0075527 secs]
684.657: [Full GC (JvmtiEnv ForceGarbageCollection)  71108K->2708K(498112K), 0.0071798 secs]
