[0.005s][info][gc] Using G1
[0.930s][info][gc] GC(0) Pause Young (Normal) (G1 Evacuation Pause) 8M->3M(128M) 5.546ms
[1.014s][info][gc] GC(1) Pause Young (Normal) (G1 Evacuation Pause) 8M->3M(128M) 4.748ms
[7.276s][info][gc] GC(2) Pause Young (Normal) (G1 Evacuation Pause) 79M->3M(128M) 5.769ms
[13.526s][info][gc] GC(3) Pause Young (Normal) (G1 Evacuation Pause) 78M->3M(128M) 3.227ms
[19.749s][info][gc] GC(4) Pause Young (Normal) (G1 Evacuation Pause) 78M->4M(128M) 4.085ms
[25.886s][info][gc] GC(5) Pause Young (Normal) (G1 Evacuation Pause) 79M->4M(128M) 3.267ms
[31.897s][info][gc] GC(6) Pause Young (Normal) (G1 Evacuation Pause) 79M->3M(128M) 2.659ms
[38.091s][info][gc] GC(7) Pause Young (Normal) (G1 Evacuation Pause) 78M->4M(128M) 2.611ms
[44.303s][info][gc] GC(8) Pause Young (Normal) (G1 Evacuation Pause) 79M->4M(128M) 3.134ms
[50.526s][info][gc] GC(9) Pause Young (Normal) (G1 Evacuation Pause) 79M->4M(128M) 2.975ms
[56.837s][info][gc] GC(10) Pause Young (Normal) (G1 Evacuation Pause) 79M->4M(128M) 2.604ms
[63.017s][info][gc] GC(11) Pause Young (Normal) (G1 Evacuation Pause) 79M->4M(128M) 2.773ms
[69.124s][info][gc] GC(12) Pause Young (Normal) (G1 Evacuation Pause) 79M->4M(128M) 2.725ms
[75.313s][info][gc] GC(13) Pause Young (Normal) (G1 Evacuation Pause) 79M->4M(128M) 6.509ms
[81.256s][info][gc] GC(14) Pause Young (Normal) (G1 Evacuation Pause) 79M->4M(128M) 2.987ms
[87.497s][info][gc] GC(15) Pause Young (Normal) (G1 Evacuation Pause) 79M->4M(128M) 2.977ms
[93.701s][info][gc] GC(16) Pause Young (Normal) (G1 Evacuation Pause) 79M->4M(128M) 2.712ms
[99.899s][info][gc] GC(17) Pause Young (Normal) (G1 Evacuation Pause) 79M->4M(128M) 6.064ms
[106.220s][info][gc] GC(18) Pause Young (Normal) (G1 Evacuation Pause) 79M->4M(128M) 2.238ms
[112.377s][info][gc] GC(19) Pause Young (Normal) (G1 Evacuation Pause) 79M->4M(128M) 0.860ms
[118.667s][info][gc] GC(20) Pause Young (Normal) (G1 Evacuation Pause) 79M->4M(128M) 0.916ms
[125.038s][info][gc] GC(21) Pause Young (Normal) (G1 Evacuation Pause) 79M->4M(128M) 0.914ms
[131.321s][info][gc] GC(22) Pause Young (Normal) (G1 Evacuation Pause) 79M->4M(128M) 0.893ms
[137.606s][info][gc] GC(23) Pause Young (Normal) (G1 Evacuation Pause) 79M->4M(128M) 0.776ms
[143.907s][info][gc] GC(24) Pause Young (Normal) (G1 Evacuation Pause) 79M->4M(128M) 0.796ms
[150.172s][info][gc] GC(25) Pause Young (Normal) (G1 Evacuation Pause) 79M->4M(128M) 1.678ms
[156.317s][info][gc] GC(26) Pause Young (Normal) (G1 Evacuation Pause) 79M->4M(128M) 0.795ms
[162.381s][info][gc] GC(27) Pause Young (Normal) (G1 Evacuation Pause) 79M->4M(128M) 0.829ms
[168.733s][info][gc] GC(28) Pause Young (Normal) (G1 Evacuation Pause) 79M->4M(128M) 0.760ms
[175.042s][info][gc] GC(29) Pause Young (Normal) (G1 Evacuation Pause) 79M->4M(128M) 0.828ms
[181.469s][info][gc] GC(30) Pause Young (Normal) (G1 Evacuation Pause) 79M->4M(128M) 1.270ms
[187.589s][info][gc] GC(31) Pause Young (Normal) (G1 Evacuation Pause) 79M->4M(128M) 0.855ms
