OpenJDK 64-Bit Server VM (25.222-b10) for linux-amd64 JRE (1.8.0_222-8u222-b10-1ubuntu1~18.04.1-b10), built on Jul 18 2019 18:52:48 by "buildd" with gcc 7.4.0
Memory: 4k page, physical 16424660k(15510436k free), swap 0k(0k free)
CommandLine flags: -XX:CompressedClassSpaceSize=45297664 -XX:InitialHeapSize=536870912 -XX:MaxHeapSize=536870912 -XX:MaxMetaspaceSize=53686272 -XX:+PrintGC -XX:+PrintGCTimeStamps -XX:+RequireSharedSpaces -XX:ReservedCodeCacheSize=26843136 -XX:-TieredCompilation -XX:+UseCompressedClassPointers -XX:+UseCompressedOops -XX:+UseSerialGC -XX:+UseSharedSpaces 
9.512: [GC (Allocation Failure)  139776K->2934K(506816K), 0.0119639 secs]
18.159: [GC (Allocation Failure)  142710K->2725K(506816K), 0.0106938 secs]
26.820: [GC (Allocation Failure)  142501K->2885K(506816K), 0.0089287 secs]
35.510: [GC (Allocation Failure)  142661K->2869K(506816K), 0.0104448 secs]
44.437: [GC (Allocation Failure)  142645K->2886K(506816K), 0.0050603 secs]
53.065: [GC (Allocation Failure)  142662K->2740K(506816K), 0.0087675 secs]
61.824: [GC (Allocation Failure)  142391K->2744K(506816K), 0.0091544 secs]
70.542: [GC (Allocation Failure)  142520K->2744K(506816K), 0.0048927 secs]
79.352: [GC (Allocation Failure)  142520K->2892K(506816K), 0.0064523 secs]
88.053: [GC (Allocation Failure)  142668K->2747K(506816K), 0.0046236 secs]
96.496: [GC (Allocation Failure)  142504K->2895K(506816K), 0.0045599 secs]
105.227: [GC (Allocation Failure)  142671K->2877K(506816K), 0.0060297 secs]
114.017: [GC (Allocation Failure)  142653K->2896K(506816K), 0.0049107 secs]
122.874: [GC (Allocation Failure)  142672K->2729K(506816K), 0.0063117 secs]
131.617: [GC (Allocation Failure)  142505K->2726K(506816K), 0.0052782 secs]
140.631: [GC (Allocation Failure)  142434K->2731K(506816K), 0.0070075 secs]
149.424: [GC (Allocation Failure)  142507K->2877K(506816K), 0.0021832 secs]
158.292: [GC (Allocation Failure)  142653K->2732K(506816K), 0.0047216 secs]
167.158: [GC (Allocation Failure)  142480K->2877K(506816K), 0.0021413 secs]
175.879: [GC (Allocation Failure)  142653K->2860K(506816K), 0.0021672 secs]
184.844: [GC (Allocation Failure)  142636K->2878K(506816K), 0.0040097 secs]
193.703: [GC (Allocation Failure)  142654K->2730K(506816K), 0.0023775 secs]
202.524: [GC (Allocation Failure)  142506K->2725K(506816K), 0.0019700 secs]
211.305: [GC (Allocation Failure)  142501K->2741K(506816K), 0.0020204 secs]
220.152: [GC (Allocation Failure)  142517K->2878K(506816K), 0.0023894 secs]
228.893: [GC (Allocation Failure)  142654K->2732K(506816K), 0.0020414 secs]
238.031: [GC (Allocation Failure)  142508K->2888K(506816K), 0.0032367 secs]
247.045: [GC (Allocation Failure)  142664K->2742K(506816K), 0.0020365 secs]
256.216: [GC (Allocation Failure)  142433K->2743K(506816K), 0.0029231 secs]
265.259: [GC (Allocation Failure)  142519K->2720K(506816K), 0.0042626 secs]
274.222: [GC (Allocation Failure)  142496K->2889K(506816K), 0.0028790 secs]
283.213: [GC (Allocation Failure)  142665K->2743K(506816K), 0.0036249 secs]
292.018: [GC (Allocation Failure)  142519K->2891K(506816K), 0.0030784 secs]
300.779: [GC (Allocation Failure)  142667K->2744K(506816K), 0.0021878 secs]
309.574: [GC (Allocation Failure)  142450K->2890K(506816K), 0.0045667 secs]
318.439: [GC (Allocation Failure)  142666K->2890K(506816K), 0.0032675 secs]
327.219: [GC (Allocation Failure)  142666K->2751K(506816K), 0.0028914 secs]
335.895: [GC (Allocation Failure)  142527K->2889K(506816K), 0.0038242 secs]
344.942: [GC (Allocation Failure)  142665K->2744K(506816K), 0.0033543 secs]
353.790: [GC (Allocation Failure)  142520K->2890K(506816K), 0.0024902 secs]
362.855: [GC (Allocation Failure)  142666K->2745K(506816K), 0.0018765 secs]
371.852: [GC (Allocation Failure)  142464K->2890K(506816K), 0.0027625 secs]
380.834: [GC (Allocation Failure)  142666K->2890K(506816K), 0.0046326 secs]
389.879: [GC (Allocation Failure)  142666K->2743K(506816K), 0.0023341 secs]
398.696: [GC (Allocation Failure)  142381K->2890K(506816K), 0.0037823 secs]
407.892: [GC (Allocation Failure)  142666K->2890K(506816K), 0.0027776 secs]
416.722: [GC (Allocation Failure)  142666K->2744K(506816K), 0.0034887 secs]
425.724: [GC (Allocation Failure)  142520K->2890K(506816K), 0.0023045 secs]
434.764: [GC (Allocation Failure)  142666K->2745K(506816K), 0.0029554 secs]
443.713: [GC (Allocation Failure)  142471K->2890K(506816K), 0.0023915 secs]
452.737: [GC (Allocation Failure)  142666K->2890K(506816K), 0.0020187 secs]
461.793: [GC (Allocation Failure)  142666K->2743K(506816K), 0.0026204 secs]
470.856: [GC (Allocation Failure)  142382K->2890K(506816K), 0.0021616 secs]
479.670: [GC (Allocation Failure)  142666K->2890K(506816K), 0.0033074 secs]
488.628: [GC (Allocation Failure)  142666K->2744K(506816K), 0.0020011 secs]
497.682: [GC (Allocation Failure)  142520K->2890K(506816K), 0.0028763 secs]
506.740: [GC (Allocation Failure)  142666K->2745K(506816K), 0.0037018 secs]
515.785: [GC (Allocation Failure)  142471K->2890K(506816K), 0.0025063 secs]
524.799: [GC (Allocation Failure)  142666K->2890K(506816K), 0.0040301 secs]
533.953: [GC (Allocation Failure)  142666K->2743K(506816K), 0.0022481 secs]
542.906: [GC (Allocation Failure)  142382K->2890K(506816K), 0.0020190 secs]
551.926: [GC (Allocation Failure)  142666K->2890K(506816K), 0.0036471 secs]
560.926: [GC (Allocation Failure)  142666K->2744K(506816K), 0.0019213 secs]
569.817: [GC (Allocation Failure)  142520K->2890K(506816K), 0.0020027 secs]
578.878: [GC (Allocation Failure)  142666K->2745K(506816K), 0.0016249 secs]
587.923: [GC (Allocation Failure)  142471K->2890K(506816K), 0.0029736 secs]
597.003: [GC (Allocation Failure)  142666K->2890K(506816K), 0.0033267 secs]
605.780: [GC (Allocation Failure)  142666K->2743K(506816K), 0.0018489 secs]
614.824: [GC (Allocation Failure)  142382K->2890K(506816K), 0.0033751 secs]
624.037: [GC (Allocation Failure)  142666K->2890K(506816K), 0.0018065 secs]
633.121: [GC (Allocation Failure)  142666K->2744K(506816K), 0.0019639 secs]
642.118: [GC (Allocation Failure)  142520K->2890K(506816K), 0.0026396 secs]
651.205: [GC (Allocation Failure)  142666K->2745K(506816K), 0.0024990 secs]
660.225: [GC (Allocation Failure)  142471K->2890K(506816K), 0.0019950 secs]
669.146: [GC (Allocation Failure)  142666K->2890K(506816K), 0.0044714 secs]
678.176: [GC (Allocation Failure)  142666K->2743K(506816K), 0.0024944 secs]
687.164: [GC (Allocation Failure)  142382K->2890K(506816K), 0.0026007 secs]
695.886: [GC (Allocation Failure)  142666K->2890K(506816K), 0.0024849 secs]
704.874: [GC (Allocation Failure)  142666K->2744K(506816K), 0.0022789 secs]
713.791: [GC (Allocation Failure)  142520K->2890K(506816K), 0.0028540 secs]
722.831: [GC (Allocation Failure)  142666K->2745K(506816K), 0.0044505 secs]
731.742: [GC (Allocation Failure)  142471K->2890K(506816K), 0.0017587 secs]
740.655: [GC (Allocation Failure)  142666K->2890K(506816K), 0.0032903 secs]
