OpenJDK 64-Bit Server VM (25.222-b10) for linux-amd64 JRE (1.8.0_222-8u222-b10-1ubuntu1~18.04.1-b10), built on Jul 18 2019 18:52:48 by "buildd" with gcc 7.4.0
Memory: 4k page, physical 16424660k(15509556k free), swap 0k(0k free)
CommandLine flags: -XX:CompressedClassSpaceSize=45297664 -XX:InitialHeapSize=536870912 -XX:MaxHeapSize=536870912 -XX:MaxMetaspaceSize=53686272 -XX:+PrintGC -XX:+PrintGCTimeStamps -XX:+RequireSharedSpaces -XX:ReservedCodeCacheSize=26843136 -XX:-TieredCompilation -XX:+UseCompressedClassPointers -XX:+UseCompressedOops -XX:+UseSerialGC -XX:+UseSharedSpaces 
9.357: [GC (Allocation Failure)  139776K->2934K(506816K), 0.0135207 secs]
17.915: [GC (Allocation Failure)  142710K->2725K(506816K), 0.0121879 secs]
26.662: [GC (Allocation Failure)  142501K->2885K(506816K), 0.0063652 secs]
35.385: [GC (Allocation Failure)  142661K->2869K(506816K), 0.0092507 secs]
44.139: [GC (Allocation Failure)  142645K->2886K(506816K), 0.0047771 secs]
52.868: [GC (Allocation Failure)  142662K->2740K(506816K), 0.0067410 secs]
61.604: [GC (Allocation Failure)  142391K->2744K(506816K), 0.0082891 secs]
70.371: [GC (Allocation Failure)  142520K->2744K(506816K), 0.0054728 secs]
79.078: [GC (Allocation Failure)  142520K->2892K(506816K), 0.0086283 secs]
87.889: [GC (Allocation Failure)  142668K->2747K(506816K), 0.0051232 secs]
96.740: [GC (Allocation Failure)  142504K->2895K(506816K), 0.0073140 secs]
105.475: [GC (Allocation Failure)  142671K->2877K(506816K), 0.0044972 secs]
114.131: [GC (Allocation Failure)  142653K->2896K(506816K), 0.0063474 secs]
122.972: [GC (Allocation Failure)  142672K->2729K(506816K), 0.0072252 secs]
131.759: [GC (Allocation Failure)  142505K->2726K(506816K), 0.0087521 secs]
140.479: [GC (Allocation Failure)  142434K->2731K(506816K), 0.0100930 secs]
149.330: [GC (Allocation Failure)  142507K->2877K(506816K), 0.0042385 secs]
158.032: [GC (Allocation Failure)  142653K->2732K(506816K), 0.0033973 secs]
166.746: [GC (Allocation Failure)  142480K->2877K(506816K), 0.0020474 secs]
175.581: [GC (Allocation Failure)  142653K->2860K(506816K), 0.0021772 secs]
184.322: [GC (Allocation Failure)  142636K->2878K(506816K), 0.0020617 secs]
193.076: [GC (Allocation Failure)  142654K->2730K(506816K), 0.0020161 secs]
201.788: [GC (Allocation Failure)  142506K->2725K(506816K), 0.0027798 secs]
210.819: [GC (Allocation Failure)  142501K->2741K(506816K), 0.0029811 secs]
219.545: [GC (Allocation Failure)  142517K->2878K(506816K), 0.0021299 secs]
228.256: [GC (Allocation Failure)  142654K->2732K(506816K), 0.0026805 secs]
237.522: [GC (Allocation Failure)  142508K->2888K(506816K), 0.0026234 secs]
246.510: [GC (Allocation Failure)  142664K->2742K(506816K), 0.0028171 secs]
255.680: [GC (Allocation Failure)  142433K->2743K(506816K), 0.0037463 secs]
264.621: [GC (Allocation Failure)  142519K->2720K(506816K), 0.0030370 secs]
273.694: [GC (Allocation Failure)  142496K->2889K(506816K), 0.0028165 secs]
282.738: [GC (Allocation Failure)  142665K->2743K(506816K), 0.0020248 secs]
291.579: [GC (Allocation Failure)  142519K->2891K(506816K), 0.0036735 secs]
300.248: [GC (Allocation Failure)  142667K->2744K(506816K), 0.0030840 secs]
308.999: [GC (Allocation Failure)  142450K->2890K(506816K), 0.0037020 secs]
317.792: [GC (Allocation Failure)  142666K->2890K(506816K), 0.0040608 secs]
326.283: [GC (Allocation Failure)  142666K->2751K(506816K), 0.0036540 secs]
335.025: [GC (Allocation Failure)  142527K->2889K(506816K), 0.0031368 secs]
343.972: [GC (Allocation Failure)  142665K->2744K(506816K), 0.0032623 secs]
352.924: [GC (Allocation Failure)  142520K->2890K(506816K), 0.0022758 secs]
361.979: [GC (Allocation Failure)  142666K->2745K(506816K), 0.0027796 secs]
370.897: [GC (Allocation Failure)  142464K->2890K(506816K), 0.0044300 secs]
379.975: [GC (Allocation Failure)  142666K->2890K(506816K), 0.0044824 secs]
388.844: [GC (Allocation Failure)  142666K->2743K(506816K), 0.0030824 secs]
397.902: [GC (Allocation Failure)  142381K->2890K(506816K), 0.0033931 secs]
406.829: [GC (Allocation Failure)  142666K->2890K(506816K), 0.0026599 secs]
415.821: [GC (Allocation Failure)  142666K->2744K(506816K), 0.0018474 secs]
424.699: [GC (Allocation Failure)  142520K->2890K(506816K), 0.0026833 secs]
433.819: [GC (Allocation Failure)  142666K->2745K(506816K), 0.0036116 secs]
442.928: [GC (Allocation Failure)  142471K->2890K(506816K), 0.0033485 secs]
451.778: [GC (Allocation Failure)  142666K->2890K(506816K), 0.0039340 secs]
460.654: [GC (Allocation Failure)  142666K->2743K(506816K), 0.0024066 secs]
469.456: [GC (Allocation Failure)  142382K->2890K(506816K), 0.0028131 secs]
478.505: [GC (Allocation Failure)  142666K->2890K(506816K), 0.0024450 secs]
487.558: [GC (Allocation Failure)  142666K->2744K(506816K), 0.0053758 secs]
496.667: [GC (Allocation Failure)  142520K->2890K(506816K), 0.0032653 secs]
505.629: [GC (Allocation Failure)  142666K->2745K(506816K), 0.0041547 secs]
514.495: [GC (Allocation Failure)  142471K->2890K(506816K), 0.0022192 secs]
523.582: [GC (Allocation Failure)  142666K->2890K(506816K), 0.0040555 secs]
532.517: [GC (Allocation Failure)  142666K->2743K(506816K), 0.0019006 secs]
541.493: [GC (Allocation Failure)  142382K->2890K(506816K), 0.0041447 secs]
550.517: [GC (Allocation Failure)  142666K->2890K(506816K), 0.0070448 secs]
559.629: [GC (Allocation Failure)  142666K->2744K(506816K), 0.0019431 secs]
568.778: [GC (Allocation Failure)  142520K->2890K(506816K), 0.0051188 secs]
577.631: [GC (Allocation Failure)  142666K->2745K(506816K), 0.0041566 secs]
586.679: [GC (Allocation Failure)  142471K->2890K(506816K), 0.0047910 secs]
595.677: [GC (Allocation Failure)  142666K->2890K(506816K), 0.0026129 secs]
604.675: [GC (Allocation Failure)  142666K->2743K(506816K), 0.0019781 secs]
613.745: [GC (Allocation Failure)  142382K->2890K(506816K), 0.0026755 secs]
622.847: [GC (Allocation Failure)  142666K->2890K(506816K), 0.0032655 secs]
631.870: [GC (Allocation Failure)  142666K->2744K(506816K), 0.0019965 secs]
640.640: [GC (Allocation Failure)  142520K->2890K(506816K), 0.0020183 secs]
649.682: [GC (Allocation Failure)  142666K->2745K(506816K), 0.0039116 secs]
658.757: [GC (Allocation Failure)  142471K->2890K(506816K), 0.0019765 secs]
667.644: [GC (Allocation Failure)  142666K->2890K(506816K), 0.0040535 secs]
676.586: [GC (Allocation Failure)  142666K->2743K(506816K), 0.0041099 secs]
685.642: [GC (Allocation Failure)  142382K->2890K(506816K), 0.0034183 secs]
694.752: [GC (Allocation Failure)  142666K->2890K(506816K), 0.0065020 secs]
703.614: [GC (Allocation Failure)  142666K->2744K(506816K), 0.0019792 secs]
712.542: [GC (Allocation Failure)  142520K->2890K(506816K), 0.0017743 secs]
721.642: [GC (Allocation Failure)  142666K->2745K(506816K), 0.0039120 secs]
730.558: [GC (Allocation Failure)  142471K->2890K(506816K), 0.0028969 secs]
739.657: [GC (Allocation Failure)  142666K->2890K(506816K), 0.0042576 secs]
