OpenJDK 64-Bit Server VM (25.222-b10) for linux-amd64 JRE (1.8.0_222-8u222-b10-1ubuntu1~18.04.1-b10), built on Jul 18 2019 18:52:48 by "buildd" with gcc 7.4.0
Memory: 4k page, physical 16424660k(15505528k free), swap 0k(0k free)
CommandLine flags: -XX:CompressedClassSpaceSize=45297664 -XX:InitialHeapSize=536870912 -XX:MaxHeapSize=536870912 -XX:MaxMetaspaceSize=53686272 -XX:+PrintGC -XX:+PrintGCTimeStamps -XX:+RequireSharedSpaces -XX:ReservedCodeCacheSize=26843136 -XX:-TieredCompilation -XX:+UseCompressedClassPointers -XX:+UseCompressedOops -XX:+UseSerialGC -XX:+UseSharedSpaces 
9.463: [GC (Allocation Failure)  139776K->2805K(506816K), 0.0083268 secs]
18.276: [GC (Allocation Failure)  142581K->2725K(506816K), 0.0088970 secs]
27.101: [GC (Allocation Failure)  142501K->2885K(506816K), 0.0088888 secs]
35.878: [GC (Allocation Failure)  142661K->2869K(506816K), 0.0091739 secs]
44.877: [GC (Allocation Failure)  142645K->2886K(506816K), 0.0054816 secs]
53.975: [GC (Allocation Failure)  142662K->2740K(506816K), 0.0046505 secs]
62.831: [GC (Allocation Failure)  142390K->2744K(506816K), 0.0078878 secs]
71.779: [GC (Allocation Failure)  142520K->2744K(506816K), 0.0057567 secs]
81.056: [GC (Allocation Failure)  142520K->2892K(506816K), 0.0073202 secs]
90.342: [GC (Allocation Failure)  142668K->2747K(506816K), 0.0051535 secs]
99.339: [GC (Allocation Failure)  142504K->2895K(506816K), 0.0089036 secs]
108.055: [GC (Allocation Failure)  142671K->2877K(506816K), 0.0050121 secs]
116.894: [GC (Allocation Failure)  142653K->2896K(506816K), 0.0055612 secs]
125.689: [GC (Allocation Failure)  142672K->2729K(506816K), 0.0045921 secs]
134.376: [GC (Allocation Failure)  142505K->2726K(506816K), 0.0046051 secs]
143.349: [GC (Allocation Failure)  142434K->2731K(506816K), 0.0103282 secs]
152.270: [GC (Allocation Failure)  142507K->2877K(506816K), 0.0020347 secs]
161.294: [GC (Allocation Failure)  142653K->2732K(506816K), 0.0030784 secs]
169.895: [GC (Allocation Failure)  142480K->2877K(506816K), 0.0022434 secs]
179.008: [GC (Allocation Failure)  142653K->2860K(506816K), 0.0072838 secs]
188.219: [GC (Allocation Failure)  142636K->2878K(506816K), 0.0036076 secs]
197.116: [GC (Allocation Failure)  142654K->2730K(506816K), 0.0038815 secs]
206.195: [GC (Allocation Failure)  142506K->2725K(506816K), 0.0027529 secs]
215.090: [GC (Allocation Failure)  142501K->2741K(506816K), 0.0024235 secs]
224.150: [GC (Allocation Failure)  142517K->2878K(506816K), 0.0022414 secs]
233.032: [GC (Allocation Failure)  142654K->2732K(506816K), 0.0057444 secs]
242.218: [GC (Allocation Failure)  142508K->2888K(506816K), 0.0043135 secs]
251.424: [GC (Allocation Failure)  142664K->2742K(506816K), 0.0030750 secs]
260.714: [GC (Allocation Failure)  142433K->2743K(506816K), 0.0049002 secs]
269.889: [GC (Allocation Failure)  142519K->2720K(506816K), 0.0028307 secs]
279.121: [GC (Allocation Failure)  142496K->2889K(506816K), 0.0085462 secs]
288.215: [GC (Allocation Failure)  142665K->2743K(506816K), 0.0019114 secs]
297.061: [GC (Allocation Failure)  142519K->2891K(506816K), 0.0033550 secs]
305.915: [GC (Allocation Failure)  142667K->2744K(506816K), 0.0027215 secs]
314.772: [GC (Allocation Failure)  142450K->2890K(506816K), 0.0021233 secs]
323.592: [GC (Allocation Failure)  142666K->2890K(506816K), 0.0029746 secs]
332.465: [GC (Allocation Failure)  142666K->2751K(506816K), 0.0029555 secs]
341.476: [GC (Allocation Failure)  142527K->2889K(506816K), 0.0042732 secs]
350.431: [GC (Allocation Failure)  142665K->2744K(506816K), 0.0020182 secs]
359.506: [GC (Allocation Failure)  142520K->2890K(506816K), 0.0023433 secs]
368.749: [GC (Allocation Failure)  142666K->2745K(506816K), 0.0032527 secs]
377.933: [GC (Allocation Failure)  142464K->2890K(506816K), 0.0034788 secs]
387.019: [GC (Allocation Failure)  142666K->2890K(506816K), 0.0021796 secs]
396.120: [GC (Allocation Failure)  142666K->2743K(506816K), 0.0053554 secs]
405.410: [GC (Allocation Failure)  142381K->2890K(506816K), 0.0026377 secs]
414.322: [GC (Allocation Failure)  142666K->2890K(506816K), 0.0019695 secs]
423.210: [GC (Allocation Failure)  142666K->2744K(506816K), 0.0020199 secs]
432.194: [GC (Allocation Failure)  142520K->2890K(506816K), 0.0018266 secs]
441.336: [GC (Allocation Failure)  142666K->2745K(506816K), 0.0027088 secs]
450.415: [GC (Allocation Failure)  142471K->2890K(506816K), 0.0032959 secs]
459.407: [GC (Allocation Failure)  142666K->2890K(506816K), 0.0020174 secs]
468.339: [GC (Allocation Failure)  142666K->2743K(506816K), 0.0043173 secs]
477.229: [GC (Allocation Failure)  142382K->2890K(506816K), 0.0025833 secs]
486.264: [GC (Allocation Failure)  142666K->2890K(506816K), 0.0025699 secs]
495.283: [GC (Allocation Failure)  142666K->2744K(506816K), 0.0026551 secs]
504.440: [GC (Allocation Failure)  142520K->2890K(506816K), 0.0026789 secs]
513.637: [GC (Allocation Failure)  142666K->2745K(506816K), 0.0019852 secs]
522.556: [GC (Allocation Failure)  142471K->2890K(506816K), 0.0031982 secs]
531.715: [GC (Allocation Failure)  142666K->2890K(506816K), 0.0041838 secs]
540.609: [GC (Allocation Failure)  142666K->2743K(506816K), 0.0035059 secs]
549.643: [GC (Allocation Failure)  142382K->2890K(506816K), 0.0020244 secs]
558.760: [GC (Allocation Failure)  142666K->2890K(506816K), 0.0072034 secs]
567.722: [GC (Allocation Failure)  142666K->2744K(506816K), 0.0018931 secs]
576.755: [GC (Allocation Failure)  142520K->2890K(506816K), 0.0033093 secs]
586.251: [GC (Allocation Failure)  142666K->2745K(506816K), 0.0021199 secs]
595.448: [GC (Allocation Failure)  142471K->2890K(506816K), 0.0018884 secs]
604.849: [GC (Allocation Failure)  142666K->2890K(506816K), 0.0026871 secs]
614.537: [GC (Allocation Failure)  142666K->2743K(506816K), 0.0052416 secs]
624.389: [GC (Allocation Failure)  142382K->2890K(506816K), 0.0036984 secs]
633.674: [GC (Allocation Failure)  142666K->2890K(506816K), 0.0020990 secs]
642.954: [GC (Allocation Failure)  142666K->2744K(506816K), 0.0032276 secs]
652.213: [GC (Allocation Failure)  142520K->2890K(506816K), 0.0036129 secs]
661.714: [GC (Allocation Failure)  142666K->2745K(506816K), 0.0020819 secs]
670.946: [GC (Allocation Failure)  142471K->2890K(506816K), 0.0017949 secs]
680.193: [GC (Allocation Failure)  142666K->2890K(506816K), 0.0020585 secs]
689.435: [GC (Allocation Failure)  142666K->2743K(506816K), 0.0019490 secs]
698.556: [GC (Allocation Failure)  142382K->2890K(506816K), 0.0029454 secs]
707.866: [GC (Allocation Failure)  142666K->2890K(506816K), 0.0107340 secs]
717.121: [GC (Allocation Failure)  142666K->2744K(506816K), 0.0027024 secs]
726.144: [GC (Allocation Failure)  142520K->2890K(506816K), 0.0032441 secs]
735.389: [GC (Allocation Failure)  142666K->2745K(506816K), 0.0040748 secs]
744.490: [GC (Allocation Failure)  142471K->2890K(506816K), 0.0020635 secs]
753.753: [GC (Allocation Failure)  142666K->2890K(506816K), 0.0022705 secs]
