OpenJDK 64-Bit Server VM (25.222-b10) for linux-amd64 JRE (1.8.0_222-8u222-b10-1ubuntu1~18.04.1-b10), built on Jul 18 2019 18:52:48 by "buildd" with gcc 7.4.0
Memory: 4k page, physical 16424660k(15511776k free), swap 0k(0k free)
CommandLine flags: -XX:CompressedClassSpaceSize=45297664 -XX:InitialHeapSize=536870912 -XX:MaxHeapSize=536870912 -XX:MaxMetaspaceSize=53686272 -XX:+PrintGC -XX:+PrintGCTimeStamps -XX:+RequireSharedSpaces -XX:ReservedCodeCacheSize=26843136 -XX:-TieredCompilation -XX:+UseCompressedClassPointers -XX:+UseCompressedOops -XX:+UseSerialGC -XX:+UseSharedSpaces 
9.844: [GC (Allocation Failure)  139776K->2934K(506816K), 0.0145785 secs]
18.478: [GC (Allocation Failure)  142710K->2725K(506816K), 0.0117455 secs]
27.007: [GC (Allocation Failure)  142501K->2885K(506816K), 0.0050045 secs]
35.805: [GC (Allocation Failure)  142661K->2869K(506816K), 0.0079960 secs]
44.620: [GC (Allocation Failure)  142645K->2886K(506816K), 0.0056742 secs]
53.472: [GC (Allocation Failure)  142662K->2740K(506816K), 0.0071274 secs]
62.322: [GC (Allocation Failure)  142391K->2744K(506816K), 0.0055955 secs]
71.002: [GC (Allocation Failure)  142520K->2744K(506816K), 0.0088148 secs]
79.825: [GC (Allocation Failure)  142520K->2892K(506816K), 0.0074097 secs]
88.497: [GC (Allocation Failure)  142668K->2747K(506816K), 0.0055066 secs]
97.127: [GC (Allocation Failure)  142504K->2895K(506816K), 0.0074638 secs]
105.830: [GC (Allocation Failure)  142671K->2877K(506816K), 0.0067886 secs]
114.616: [GC (Allocation Failure)  142653K->2896K(506816K), 0.0097462 secs]
123.465: [GC (Allocation Failure)  142672K->2729K(506816K), 0.0041386 secs]
132.130: [GC (Allocation Failure)  142505K->2726K(506816K), 0.0047612 secs]
141.065: [GC (Allocation Failure)  142434K->2731K(506816K), 0.0116207 secs]
149.785: [GC (Allocation Failure)  142507K->2877K(506816K), 0.0035005 secs]
158.634: [GC (Allocation Failure)  142653K->2732K(506816K), 0.0032594 secs]
167.620: [GC (Allocation Failure)  142480K->2877K(506816K), 0.0051828 secs]
176.277: [GC (Allocation Failure)  142653K->2860K(506816K), 0.0021081 secs]
185.236: [GC (Allocation Failure)  142636K->2878K(506816K), 0.0044233 secs]
194.126: [GC (Allocation Failure)  142654K->2730K(506816K), 0.0049845 secs]
203.084: [GC (Allocation Failure)  142506K->2725K(506816K), 0.0024918 secs]
211.902: [GC (Allocation Failure)  142501K->2741K(506816K), 0.0030142 secs]
220.639: [GC (Allocation Failure)  142517K->2878K(506816K), 0.0023932 secs]
229.512: [GC (Allocation Failure)  142654K->2732K(506816K), 0.0023021 secs]
238.716: [GC (Allocation Failure)  142508K->2888K(506816K), 0.0021068 secs]
247.892: [GC (Allocation Failure)  142664K->2742K(506816K), 0.0043243 secs]
257.077: [GC (Allocation Failure)  142433K->2743K(506816K), 0.0020698 secs]
266.088: [GC (Allocation Failure)  142519K->2720K(506816K), 0.0026081 secs]
275.154: [GC (Allocation Failure)  142496K->2889K(506816K), 0.0031751 secs]
283.928: [GC (Allocation Failure)  142665K->2743K(506816K), 0.0018893 secs]
292.865: [GC (Allocation Failure)  142519K->2891K(506816K), 0.0032248 secs]
301.716: [GC (Allocation Failure)  142667K->2744K(506816K), 0.0059393 secs]
310.408: [GC (Allocation Failure)  142450K->2890K(506816K), 0.0020259 secs]
319.101: [GC (Allocation Failure)  142666K->2890K(506816K), 0.0019329 secs]
327.986: [GC (Allocation Failure)  142666K->2751K(506816K), 0.0044090 secs]
336.606: [GC (Allocation Failure)  142527K->2889K(506816K), 0.0030240 secs]
345.489: [GC (Allocation Failure)  142665K->2744K(506816K), 0.0035511 secs]
354.615: [GC (Allocation Failure)  142520K->2890K(506816K), 0.0037110 secs]
363.773: [GC (Allocation Failure)  142666K->2745K(506816K), 0.0019496 secs]
372.825: [GC (Allocation Failure)  142464K->2890K(506816K), 0.0069616 secs]
381.863: [GC (Allocation Failure)  142666K->2890K(506816K), 0.0031812 secs]
390.799: [GC (Allocation Failure)  142666K->2743K(506816K), 0.0023078 secs]
399.745: [GC (Allocation Failure)  142381K->2890K(506816K), 0.0017526 secs]
408.788: [GC (Allocation Failure)  142666K->2890K(506816K), 0.0043015 secs]
417.702: [GC (Allocation Failure)  142666K->2744K(506816K), 0.0036283 secs]
426.818: [GC (Allocation Failure)  142520K->2890K(506816K), 0.0060593 secs]
435.875: [GC (Allocation Failure)  142666K->2745K(506816K), 0.0023846 secs]
444.999: [GC (Allocation Failure)  142471K->2890K(506816K), 0.0038362 secs]
453.914: [GC (Allocation Failure)  142666K->2890K(506816K), 0.0037830 secs]
462.829: [GC (Allocation Failure)  142666K->2743K(506816K), 0.0038080 secs]
471.981: [GC (Allocation Failure)  142382K->2890K(506816K), 0.0043458 secs]
481.126: [GC (Allocation Failure)  142666K->2890K(506816K), 0.0016406 secs]
490.277: [GC (Allocation Failure)  142666K->2744K(506816K), 0.0017842 secs]
499.229: [GC (Allocation Failure)  142520K->2890K(506816K), 0.0019495 secs]
508.313: [GC (Allocation Failure)  142666K->2745K(506816K), 0.0030107 secs]
517.341: [GC (Allocation Failure)  142471K->2890K(506816K), 0.0019547 secs]
526.245: [GC (Allocation Failure)  142666K->2890K(506816K), 0.0018009 secs]
535.279: [GC (Allocation Failure)  142666K->2743K(506816K), 0.0075443 secs]
544.457: [GC (Allocation Failure)  142382K->2890K(506816K), 0.0020170 secs]
553.446: [GC (Allocation Failure)  142666K->2890K(506816K), 0.0036370 secs]
562.421: [GC (Allocation Failure)  142666K->2744K(506816K), 0.0020297 secs]
571.317: [GC (Allocation Failure)  142520K->2890K(506816K), 0.0019812 secs]
580.069: [GC (Allocation Failure)  142666K->2745K(506816K), 0.0045727 secs]
588.948: [GC (Allocation Failure)  142471K->2890K(506816K), 0.0029183 secs]
597.779: [GC (Allocation Failure)  142666K->2890K(506816K), 0.0020715 secs]
606.823: [GC (Allocation Failure)  142666K->2743K(506816K), 0.0034449 secs]
615.876: [GC (Allocation Failure)  142382K->2890K(506816K), 0.0023948 secs]
624.862: [GC (Allocation Failure)  142666K->2890K(506816K), 0.0030590 secs]
633.817: [GC (Allocation Failure)  142666K->2744K(506816K), 0.0044349 secs]
642.766: [GC (Allocation Failure)  142520K->2890K(506816K), 0.0031524 secs]
651.822: [GC (Allocation Failure)  142666K->2745K(506816K), 0.0030741 secs]
660.834: [GC (Allocation Failure)  142471K->2890K(506816K), 0.0033902 secs]
669.921: [GC (Allocation Failure)  142666K->2890K(506816K), 0.0020213 secs]
678.814: [GC (Allocation Failure)  142666K->2743K(506816K), 0.0024794 secs]
687.917: [GC (Allocation Failure)  142382K->2890K(506816K), 0.0036411 secs]
696.922: [GC (Allocation Failure)  142666K->2890K(506816K), 0.0020769 secs]
705.806: [GC (Allocation Failure)  142666K->2744K(506816K), 0.0034725 secs]
714.759: [GC (Allocation Failure)  142520K->2890K(506816K), 0.0039107 secs]
723.728: [GC (Allocation Failure)  142666K->2745K(506816K), 0.0018901 secs]
732.708: [GC (Allocation Failure)  142471K->2890K(506816K), 0.0028876 secs]
741.506: [GC (Allocation Failure)  142666K->2890K(506816K), 0.0029168 secs]
