OpenJDK 64-Bit Server VM (25.222-b10) for linux-amd64 JRE (1.8.0_222-8u222-b10-1ubuntu1~18.04.1-b10), built on Jul 18 2019 18:52:48 by "buildd" with gcc 7.4.0
Memory: 4k page, physical 16424660k(15511024k free), swap 0k(0k free)
CommandLine flags: -XX:CompressedClassSpaceSize=45297664 -XX:InitialHeapSize=536870912 -XX:MaxHeapSize=536870912 -XX:MaxMetaspaceSize=53686272 -XX:+PrintGC -XX:+PrintGCTimeStamps -XX:+RequireSharedSpaces -XX:ReservedCodeCacheSize=26843136 -XX:-TieredCompilation -XX:+UseCompressedClassPointers -XX:+UseCompressedOops -XX:+UseSerialGC -XX:+UseSharedSpaces 
9.219: [GC (Allocation Failure)  139776K->2934K(506816K), 0.0103471 secs]
17.736: [GC (Allocation Failure)  142710K->2724K(506816K), 0.0079519 secs]
26.413: [GC (Allocation Failure)  142500K->2885K(506816K), 0.0048202 secs]
34.974: [GC (Allocation Failure)  142661K->2869K(506816K), 0.0048595 secs]
43.842: [GC (Allocation Failure)  142645K->2886K(506816K), 0.0085238 secs]
52.539: [GC (Allocation Failure)  142662K->2740K(506816K), 0.0077203 secs]
61.213: [GC (Allocation Failure)  142391K->2744K(506816K), 0.0044689 secs]
70.039: [GC (Allocation Failure)  142520K->2744K(506816K), 0.0093836 secs]
78.644: [GC (Allocation Failure)  142520K->2892K(506816K), 0.0048949 secs]
87.185: [GC (Allocation Failure)  142668K->2747K(506816K), 0.0052165 secs]
95.911: [GC (Allocation Failure)  142504K->2895K(506816K), 0.0068372 secs]
104.532: [GC (Allocation Failure)  142671K->2877K(506816K), 0.0046205 secs]
113.375: [GC (Allocation Failure)  142653K->2896K(506816K), 0.0059406 secs]
121.970: [GC (Allocation Failure)  142672K->2729K(506816K), 0.0056914 secs]
130.614: [GC (Allocation Failure)  142505K->2726K(506816K), 0.0052112 secs]
139.495: [GC (Allocation Failure)  142434K->2731K(506816K), 0.0065457 secs]
148.119: [GC (Allocation Failure)  142507K->2877K(506816K), 0.0021928 secs]
157.024: [GC (Allocation Failure)  142653K->2732K(506816K), 0.0017274 secs]
165.808: [GC (Allocation Failure)  142480K->2877K(506816K), 0.0022303 secs]
174.530: [GC (Allocation Failure)  142653K->2860K(506816K), 0.0039097 secs]
183.280: [GC (Allocation Failure)  142636K->2878K(506816K), 0.0024828 secs]
192.100: [GC (Allocation Failure)  142654K->2730K(506816K), 0.0027475 secs]
201.062: [GC (Allocation Failure)  142506K->2725K(506816K), 0.0018678 secs]
209.715: [GC (Allocation Failure)  142501K->2741K(506816K), 0.0041012 secs]
218.591: [GC (Allocation Failure)  142517K->2878K(506816K), 0.0024767 secs]
227.397: [GC (Allocation Failure)  142654K->2732K(506816K), 0.0032500 secs]
236.433: [GC (Allocation Failure)  142508K->2888K(506816K), 0.0033790 secs]
245.257: [GC (Allocation Failure)  142664K->2742K(506816K), 0.0040099 secs]
254.249: [GC (Allocation Failure)  142433K->2743K(506816K), 0.0063696 secs]
263.089: [GC (Allocation Failure)  142519K->2720K(506816K), 0.0020512 secs]
271.697: [GC (Allocation Failure)  142496K->2889K(506816K), 0.0024696 secs]
280.435: [GC (Allocation Failure)  142665K->2743K(506816K), 0.0029955 secs]
289.179: [GC (Allocation Failure)  142519K->2891K(506816K), 0.0018878 secs]
297.887: [GC (Allocation Failure)  142667K->2744K(506816K), 0.0033132 secs]
306.684: [GC (Allocation Failure)  142450K->2890K(506816K), 0.0025032 secs]
315.279: [GC (Allocation Failure)  142666K->2890K(506816K), 0.0020906 secs]
324.028: [GC (Allocation Failure)  142666K->2751K(506816K), 0.0021456 secs]
332.440: [GC (Allocation Failure)  142527K->2889K(506816K), 0.0036932 secs]
341.234: [GC (Allocation Failure)  142665K->2744K(506816K), 0.0039959 secs]
349.974: [GC (Allocation Failure)  142520K->2890K(506816K), 0.0020532 secs]
358.851: [GC (Allocation Failure)  142666K->2745K(506816K), 0.0017354 secs]
367.606: [GC (Allocation Failure)  142464K->2890K(506816K), 0.0042599 secs]
376.329: [GC (Allocation Failure)  142666K->2890K(506816K), 0.0021551 secs]
385.073: [GC (Allocation Failure)  142666K->2743K(506816K), 0.0021197 secs]
393.604: [GC (Allocation Failure)  142381K->2890K(506816K), 0.0021593 secs]
402.354: [GC (Allocation Failure)  142666K->2890K(506816K), 0.0043686 secs]
411.096: [GC (Allocation Failure)  142666K->2744K(506816K), 0.0039300 secs]
419.840: [GC (Allocation Failure)  142520K->2890K(506816K), 0.0040813 secs]
428.611: [GC (Allocation Failure)  142666K->2745K(506816K), 0.0035979 secs]
437.394: [GC (Allocation Failure)  142471K->2890K(506816K), 0.0024488 secs]
446.168: [GC (Allocation Failure)  142666K->2890K(506816K), 0.0024820 secs]
454.743: [GC (Allocation Failure)  142666K->2743K(506816K), 0.0020358 secs]
463.456: [GC (Allocation Failure)  142382K->2890K(506816K), 0.0033777 secs]
472.191: [GC (Allocation Failure)  142666K->2890K(506816K), 0.0030067 secs]
481.064: [GC (Allocation Failure)  142666K->2744K(506816K), 0.0071265 secs]
489.734: [GC (Allocation Failure)  142520K->2890K(506816K), 0.0020153 secs]
498.528: [GC (Allocation Failure)  142666K->2745K(506816K), 0.0019197 secs]
507.482: [GC (Allocation Failure)  142471K->2890K(506816K), 0.0024446 secs]
516.056: [GC (Allocation Failure)  142666K->2890K(506816K), 0.0041940 secs]
524.700: [GC (Allocation Failure)  142666K->2743K(506816K), 0.0039436 secs]
533.549: [GC (Allocation Failure)  142382K->2890K(506816K), 0.0025398 secs]
542.199: [GC (Allocation Failure)  142666K->2890K(506816K), 0.0036962 secs]
551.027: [GC (Allocation Failure)  142666K->2744K(506816K), 0.0026205 secs]
559.646: [GC (Allocation Failure)  142520K->2890K(506816K), 0.0019207 secs]
568.556: [GC (Allocation Failure)  142666K->2745K(506816K), 0.0037050 secs]
577.194: [GC (Allocation Failure)  142471K->2890K(506816K), 0.0019151 secs]
585.819: [GC (Allocation Failure)  142666K->2890K(506816K), 0.0037952 secs]
594.475: [GC (Allocation Failure)  142666K->2743K(506816K), 0.0018861 secs]
603.063: [GC (Allocation Failure)  142382K->2890K(506816K), 0.0019711 secs]
611.862: [GC (Allocation Failure)  142666K->2890K(506816K), 0.0027411 secs]
620.478: [GC (Allocation Failure)  142666K->2744K(506816K), 0.0022670 secs]
628.980: [GC (Allocation Failure)  142520K->2890K(506816K), 0.0018560 secs]
637.855: [GC (Allocation Failure)  142666K->2745K(506816K), 0.0028081 secs]
646.409: [GC (Allocation Failure)  142471K->2890K(506816K), 0.0026330 secs]
655.233: [GC (Allocation Failure)  142666K->2890K(506816K), 0.0047843 secs]
664.026: [GC (Allocation Failure)  142666K->2743K(506816K), 0.0032029 secs]
672.775: [GC (Allocation Failure)  142382K->2890K(506816K), 0.0080192 secs]
681.483: [GC (Allocation Failure)  142666K->2890K(506816K), 0.0033996 secs]
690.305: [GC (Allocation Failure)  142666K->2744K(506816K), 0.0026639 secs]
699.134: [GC (Allocation Failure)  142520K->2890K(506816K), 0.0019057 secs]
707.780: [GC (Allocation Failure)  142666K->2745K(506816K), 0.0019824 secs]
716.565: [GC (Allocation Failure)  142471K->2890K(506816K), 0.0037211 secs]
725.361: [GC (Allocation Failure)  142666K->2890K(506816K), 0.0034526 secs]
