OpenJDK 64-Bit Server VM (25.222-b10) for linux-amd64 JRE (1.8.0_222-8u222-b10-1ubuntu1~18.04.1-b10), built on Jul 18 2019 18:52:48 by "buildd" with gcc 7.4.0
Memory: 4k page, physical 16424660k(15505952k free), swap 0k(0k free)
CommandLine flags: -XX:CompressedClassSpaceSize=45297664 -XX:InitialHeapSize=536870912 -XX:MaxHeapSize=536870912 -XX:MaxMetaspaceSize=53686272 -XX:+PrintGC -XX:+PrintGCTimeStamps -XX:+RequireSharedSpaces -XX:ReservedCodeCacheSize=26843136 -XX:-TieredCompilation -XX:+UseCompressedClassPointers -XX:+UseCompressedOops -XX:+UseSerialGC -XX:+UseSharedSpaces 
9.528: [GC (Allocation Failure)  139776K->2934K(506816K), 0.0141099 secs]
17.939: [GC (Allocation Failure)  142710K->2725K(506816K), 0.0080394 secs]
26.590: [GC (Allocation Failure)  142501K->2885K(506816K), 0.0051428 secs]
35.322: [GC (Allocation Failure)  142661K->2869K(506816K), 0.0062715 secs]
43.930: [GC (Allocation Failure)  142645K->2886K(506816K), 0.0084720 secs]
52.800: [GC (Allocation Failure)  142662K->2740K(506816K), 0.0057979 secs]
61.509: [GC (Allocation Failure)  142391K->2744K(506816K), 0.0060641 secs]
70.343: [GC (Allocation Failure)  142520K->2744K(506816K), 0.0040934 secs]
79.005: [GC (Allocation Failure)  142520K->2892K(506816K), 0.0047177 secs]
87.786: [GC (Allocation Failure)  142668K->2747K(506816K), 0.0074338 secs]
96.538: [GC (Allocation Failure)  142504K->2895K(506816K), 0.0054970 secs]
105.071: [GC (Allocation Failure)  142671K->2877K(506816K), 0.0048018 secs]
113.801: [GC (Allocation Failure)  142653K->2896K(506816K), 0.0049116 secs]
122.507: [GC (Allocation Failure)  142672K->2729K(506816K), 0.0059394 secs]
131.395: [GC (Allocation Failure)  142505K->2726K(506816K), 0.0054531 secs]
140.201: [GC (Allocation Failure)  142434K->2731K(506816K), 0.0085665 secs]
149.046: [GC (Allocation Failure)  142507K->2877K(506816K), 0.0022923 secs]
157.894: [GC (Allocation Failure)  142653K->2732K(506816K), 0.0020733 secs]
166.591: [GC (Allocation Failure)  142480K->2877K(506816K), 0.0026121 secs]
175.316: [GC (Allocation Failure)  142653K->2860K(506816K), 0.0026601 secs]
184.017: [GC (Allocation Failure)  142636K->2878K(506816K), 0.0020896 secs]
192.894: [GC (Allocation Failure)  142654K->2730K(506816K), 0.0053881 secs]
201.677: [GC (Allocation Failure)  142506K->2725K(506816K), 0.0020168 secs]
210.384: [GC (Allocation Failure)  142501K->2741K(506816K), 0.0020641 secs]
219.217: [GC (Allocation Failure)  142517K->2878K(506816K), 0.0028852 secs]
227.806: [GC (Allocation Failure)  142654K->2732K(506816K), 0.0020087 secs]
236.786: [GC (Allocation Failure)  142508K->2888K(506816K), 0.0033953 secs]
245.902: [GC (Allocation Failure)  142664K->2742K(506816K), 0.0036480 secs]
255.034: [GC (Allocation Failure)  142433K->2743K(506816K), 0.0019969 secs]
264.059: [GC (Allocation Failure)  142519K->2720K(506816K), 0.0044762 secs]
272.986: [GC (Allocation Failure)  142496K->2889K(506816K), 0.0018106 secs]
281.929: [GC (Allocation Failure)  142665K->2743K(506816K), 0.0020152 secs]
290.682: [GC (Allocation Failure)  142519K->2891K(506816K), 0.0027177 secs]
299.394: [GC (Allocation Failure)  142667K->2744K(506816K), 0.0027905 secs]
308.004: [GC (Allocation Failure)  142450K->2890K(506816K), 0.0023850 secs]
316.832: [GC (Allocation Failure)  142666K->2890K(506816K), 0.0023071 secs]
325.622: [GC (Allocation Failure)  142666K->2751K(506816K), 0.0022898 secs]
334.170: [GC (Allocation Failure)  142527K->2889K(506816K), 0.0024443 secs]
343.093: [GC (Allocation Failure)  142665K->2744K(506816K), 0.0018303 secs]
352.074: [GC (Allocation Failure)  142520K->2890K(506816K), 0.0048367 secs]
360.970: [GC (Allocation Failure)  142666K->2745K(506816K), 0.0020482 secs]
369.895: [GC (Allocation Failure)  142464K->2890K(506816K), 0.0044589 secs]
378.997: [GC (Allocation Failure)  142666K->2890K(506816K), 0.0061475 secs]
387.987: [GC (Allocation Failure)  142666K->2743K(506816K), 0.0024357 secs]
397.019: [GC (Allocation Failure)  142381K->2890K(506816K), 0.0024987 secs]
406.144: [GC (Allocation Failure)  142666K->2890K(506816K), 0.0035744 secs]
415.082: [GC (Allocation Failure)  142666K->2744K(506816K), 0.0068541 secs]
423.894: [GC (Allocation Failure)  142520K->2890K(506816K), 0.0026517 secs]
432.992: [GC (Allocation Failure)  142666K->2745K(506816K), 0.0025545 secs]
441.918: [GC (Allocation Failure)  142471K->2890K(506816K), 0.0023825 secs]
450.826: [GC (Allocation Failure)  142666K->2890K(506816K), 0.0038341 secs]
459.864: [GC (Allocation Failure)  142666K->2743K(506816K), 0.0020183 secs]
468.899: [GC (Allocation Failure)  142382K->2890K(506816K), 0.0018655 secs]
477.852: [GC (Allocation Failure)  142666K->2890K(506816K), 0.0032220 secs]
486.726: [GC (Allocation Failure)  142666K->2744K(506816K), 0.0020732 secs]
495.786: [GC (Allocation Failure)  142520K->2890K(506816K), 0.0019632 secs]
504.715: [GC (Allocation Failure)  142666K->2745K(506816K), 0.0025454 secs]
513.695: [GC (Allocation Failure)  142471K->2890K(506816K), 0.0021007 secs]
522.716: [GC (Allocation Failure)  142666K->2890K(506816K), 0.0058559 secs]
531.722: [GC (Allocation Failure)  142666K->2743K(506816K), 0.0040974 secs]
540.318: [GC (Allocation Failure)  142382K->2890K(506816K), 0.0022938 secs]
549.287: [GC (Allocation Failure)  142666K->2890K(506816K), 0.0043257 secs]
558.398: [GC (Allocation Failure)  142666K->2744K(506816K), 0.0019059 secs]
567.431: [GC (Allocation Failure)  142520K->2890K(506816K), 0.0029892 secs]
576.474: [GC (Allocation Failure)  142666K->2745K(506816K), 0.0026346 secs]
585.368: [GC (Allocation Failure)  142471K->2890K(506816K), 0.0031952 secs]
594.205: [GC (Allocation Failure)  142666K->2890K(506816K), 0.0025681 secs]
602.948: [GC (Allocation Failure)  142666K->2743K(506816K), 0.0022017 secs]
611.818: [GC (Allocation Failure)  142382K->2890K(506816K), 0.0020349 secs]
620.862: [GC (Allocation Failure)  142666K->2890K(506816K), 0.0027116 secs]
629.764: [GC (Allocation Failure)  142666K->2744K(506816K), 0.0027435 secs]
638.648: [GC (Allocation Failure)  142520K->2890K(506816K), 0.0019602 secs]
647.663: [GC (Allocation Failure)  142666K->2745K(506816K), 0.0033335 secs]
656.655: [GC (Allocation Failure)  142471K->2890K(506816K), 0.0034160 secs]
665.510: [GC (Allocation Failure)  142666K->2890K(506816K), 0.0018140 secs]
674.393: [GC (Allocation Failure)  142666K->2743K(506816K), 0.0019241 secs]
683.579: [GC (Allocation Failure)  142382K->2890K(506816K), 0.0032804 secs]
692.457: [GC (Allocation Failure)  142666K->2890K(506816K), 0.0019885 secs]
701.353: [GC (Allocation Failure)  142666K->2744K(506816K), 0.0019381 secs]
710.342: [GC (Allocation Failure)  142520K->2890K(506816K), 0.0035214 secs]
719.382: [GC (Allocation Failure)  142666K->2745K(506816K), 0.0030740 secs]
728.382: [GC (Allocation Failure)  142471K->2890K(506816K), 0.0019767 secs]
737.466: [GC (Allocation Failure)  142666K->2890K(506816K), 0.0032064 secs]
