OpenJDK 64-Bit Server VM (25.222-b10) for linux-amd64 JRE (1.8.0_222-8u222-b10-1ubuntu1~18.04.1-b10), built on Jul 18 2019 18:52:48 by "buildd" with gcc 7.4.0
Memory: 4k page, physical 16424660k(15511196k free), swap 0k(0k free)
CommandLine flags: -XX:CompressedClassSpaceSize=45297664 -XX:InitialHeapSize=536870912 -XX:MaxHeapSize=536870912 -XX:MaxMetaspaceSize=53686272 -XX:+PrintGC -XX:+PrintGCTimeStamps -XX:+RequireSharedSpaces -XX:ReservedCodeCacheSize=26843136 -XX:-TieredCompilation -XX:+UseCompressedClassPointers -XX:+UseCompressedOops -XX:+UseSerialGC -XX:+UseSharedSpaces 
9.428: [GC (Allocation Failure)  139776K->2934K(506816K), 0.0125096 secs]
18.073: [GC (Allocation Failure)  142710K->2725K(506816K), 0.0067926 secs]
26.828: [GC (Allocation Failure)  142501K->2885K(506816K), 0.0079441 secs]
35.652: [GC (Allocation Failure)  142661K->2869K(506816K), 0.0062240 secs]
44.334: [GC (Allocation Failure)  142645K->2886K(506816K), 0.0056965 secs]
52.977: [GC (Allocation Failure)  142662K->2740K(506816K), 0.0056674 secs]
61.806: [GC (Allocation Failure)  142391K->2744K(506816K), 0.0085714 secs]
70.465: [GC (Allocation Failure)  142520K->2744K(506816K), 0.0051026 secs]
79.125: [GC (Allocation Failure)  142520K->2892K(506816K), 0.0047630 secs]
87.896: [GC (Allocation Failure)  142668K->2747K(506816K), 0.0076516 secs]
96.531: [GC (Allocation Failure)  142504K->2895K(506816K), 0.0045873 secs]
105.175: [GC (Allocation Failure)  142671K->2877K(506816K), 0.0102570 secs]
113.989: [GC (Allocation Failure)  142653K->2896K(506816K), 0.0063537 secs]
122.697: [GC (Allocation Failure)  142672K->2729K(506816K), 0.0066917 secs]
131.564: [GC (Allocation Failure)  142505K->2726K(506816K), 0.0109323 secs]
140.434: [GC (Allocation Failure)  142434K->2731K(506816K), 0.0138864 secs]
149.233: [GC (Allocation Failure)  142507K->2877K(506816K), 0.0042322 secs]
158.091: [GC (Allocation Failure)  142653K->2732K(506816K), 0.0020857 secs]
166.839: [GC (Allocation Failure)  142480K->2877K(506816K), 0.0016901 secs]
175.603: [GC (Allocation Failure)  142653K->2860K(506816K), 0.0048734 secs]
184.551: [GC (Allocation Failure)  142636K->2878K(506816K), 0.0021504 secs]
193.194: [GC (Allocation Failure)  142654K->2730K(506816K), 0.0032215 secs]
202.101: [GC (Allocation Failure)  142506K->2725K(506816K), 0.0044359 secs]
210.843: [GC (Allocation Failure)  142501K->2741K(506816K), 0.0021240 secs]
219.756: [GC (Allocation Failure)  142517K->2878K(506816K), 0.0048878 secs]
228.456: [GC (Allocation Failure)  142654K->2732K(506816K), 0.0023468 secs]
237.573: [GC (Allocation Failure)  142508K->2888K(506816K), 0.0074511 secs]
246.801: [GC (Allocation Failure)  142664K->2742K(506816K), 0.0043694 secs]
255.857: [GC (Allocation Failure)  142433K->2743K(506816K), 0.0025847 secs]
264.933: [GC (Allocation Failure)  142519K->2720K(506816K), 0.0061705 secs]
274.013: [GC (Allocation Failure)  142496K->2889K(506816K), 0.0025269 secs]
283.037: [GC (Allocation Failure)  142665K->2743K(506816K), 0.0030476 secs]
291.748: [GC (Allocation Failure)  142519K->2891K(506816K), 0.0024513 secs]
300.309: [GC (Allocation Failure)  142667K->2744K(506816K), 0.0048918 secs]
309.101: [GC (Allocation Failure)  142450K->2890K(506816K), 0.0039789 secs]
317.643: [GC (Allocation Failure)  142666K->2890K(506816K), 0.0019829 secs]
326.464: [GC (Allocation Failure)  142666K->2751K(506816K), 0.0048043 secs]
335.254: [GC (Allocation Failure)  142527K->2889K(506816K), 0.0030028 secs]
344.188: [GC (Allocation Failure)  142665K->2744K(506816K), 0.0016798 secs]
353.049: [GC (Allocation Failure)  142520K->2890K(506816K), 0.0031818 secs]
362.019: [GC (Allocation Failure)  142666K->2745K(506816K), 0.0057066 secs]
371.004: [GC (Allocation Failure)  142464K->2890K(506816K), 0.0019341 secs]
379.699: [GC (Allocation Failure)  142666K->2890K(506816K), 0.0020462 secs]
388.709: [GC (Allocation Failure)  142666K->2743K(506816K), 0.0032165 secs]
397.578: [GC (Allocation Failure)  142381K->2890K(506816K), 0.0020350 secs]
406.566: [GC (Allocation Failure)  142666K->2890K(506816K), 0.0059242 secs]
415.441: [GC (Allocation Failure)  142666K->2744K(506816K), 0.0020976 secs]
424.419: [GC (Allocation Failure)  142520K->2890K(506816K), 0.0040200 secs]
433.231: [GC (Allocation Failure)  142666K->2745K(506816K), 0.0019508 secs]
441.984: [GC (Allocation Failure)  142471K->2890K(506816K), 0.0021524 secs]
450.891: [GC (Allocation Failure)  142666K->2890K(506816K), 0.0020076 secs]
459.749: [GC (Allocation Failure)  142666K->2743K(506816K), 0.0039356 secs]
468.658: [GC (Allocation Failure)  142382K->2890K(506816K), 0.0049169 secs]
477.744: [GC (Allocation Failure)  142666K->2890K(506816K), 0.0018464 secs]
486.777: [GC (Allocation Failure)  142666K->2744K(506816K), 0.0031120 secs]
495.654: [GC (Allocation Failure)  142520K->2890K(506816K), 0.0065225 secs]
504.462: [GC (Allocation Failure)  142666K->2745K(506816K), 0.0029429 secs]
513.393: [GC (Allocation Failure)  142471K->2890K(506816K), 0.0038532 secs]
522.382: [GC (Allocation Failure)  142666K->2890K(506816K), 0.0036309 secs]
531.209: [GC (Allocation Failure)  142666K->2743K(506816K), 0.0022430 secs]
540.260: [GC (Allocation Failure)  142382K->2890K(506816K), 0.0018782 secs]
549.161: [GC (Allocation Failure)  142666K->2890K(506816K), 0.0017874 secs]
558.127: [GC (Allocation Failure)  142666K->2744K(506816K), 0.0016096 secs]
566.856: [GC (Allocation Failure)  142520K->2890K(506816K), 0.0020315 secs]
575.722: [GC (Allocation Failure)  142666K->2745K(506816K), 0.0033007 secs]
584.636: [GC (Allocation Failure)  142471K->2890K(506816K), 0.0037765 secs]
593.273: [GC (Allocation Failure)  142666K->2890K(506816K), 0.0023454 secs]
602.265: [GC (Allocation Failure)  142666K->2743K(506816K), 0.0056305 secs]
611.204: [GC (Allocation Failure)  142382K->2890K(506816K), 0.0018771 secs]
620.001: [GC (Allocation Failure)  142666K->2890K(506816K), 0.0032302 secs]
628.965: [GC (Allocation Failure)  142666K->2744K(506816K), 0.0036185 secs]
637.761: [GC (Allocation Failure)  142520K->2890K(506816K), 0.0037276 secs]
646.698: [GC (Allocation Failure)  142666K->2745K(506816K), 0.0018786 secs]
655.752: [GC (Allocation Failure)  142471K->2890K(506816K), 0.0040631 secs]
664.695: [GC (Allocation Failure)  142666K->2890K(506816K), 0.0031454 secs]
673.767: [GC (Allocation Failure)  142666K->2743K(506816K), 0.0039877 secs]
682.639: [GC (Allocation Failure)  142382K->2890K(506816K), 0.0026088 secs]
691.634: [GC (Allocation Failure)  142666K->2890K(506816K), 0.0019912 secs]
700.356: [GC (Allocation Failure)  142666K->2744K(506816K), 0.0037126 secs]
709.390: [GC (Allocation Failure)  142520K->2890K(506816K), 0.0027103 secs]
718.279: [GC (Allocation Failure)  142666K->2745K(506816K), 0.0048861 secs]
727.220: [GC (Allocation Failure)  142471K->2890K(506816K), 0.0035932 secs]
736.143: [GC (Allocation Failure)  142666K->2890K(506816K), 0.0020593 secs]
