OpenJDK 64-Bit Server VM (25.222-b10) for linux-amd64 JRE (1.8.0_222-8u222-b10-1ubuntu1~18.04.1-b10), built on Jul 18 2019 18:52:48 by "buildd" with gcc 7.4.0
Memory: 4k page, physical 16424660k(15509412k free), swap 0k(0k free)
CommandLine flags: -XX:CompressedClassSpaceSize=45297664 -XX:InitialHeapSize=536870912 -XX:MaxHeapSize=536870912 -XX:MaxMetaspaceSize=53686272 -XX:+PrintGC -XX:+PrintGCTimeStamps -XX:+RequireSharedSpaces -XX:ReservedCodeCacheSize=26843136 -XX:-TieredCompilation -XX:+UseCompressedClassPointers -XX:+UseCompressedOops -XX:+UseSerialGC -XX:+UseSharedSpaces 
9.365: [GC (Allocation Failure)  139776K->2934K(506816K), 0.0143426 secs]
17.924: [GC (Allocation Failure)  142710K->2725K(506816K), 0.0087665 secs]
26.551: [GC (Allocation Failure)  142501K->2885K(506816K), 0.0050210 secs]
35.327: [GC (Allocation Failure)  142661K->2869K(506816K), 0.0059090 secs]
44.131: [GC (Allocation Failure)  142645K->2886K(506816K), 0.0052355 secs]
52.767: [GC (Allocation Failure)  142662K->2740K(506816K), 0.0068491 secs]
61.546: [GC (Allocation Failure)  142391K->2744K(506816K), 0.0060126 secs]
70.438: [GC (Allocation Failure)  142520K->2744K(506816K), 0.0063336 secs]
79.109: [GC (Allocation Failure)  142520K->2892K(506816K), 0.0072024 secs]
87.871: [GC (Allocation Failure)  142668K->2747K(506816K), 0.0079230 secs]
96.459: [GC (Allocation Failure)  142504K->2895K(506816K), 0.0057706 secs]
105.091: [GC (Allocation Failure)  142671K->2877K(506816K), 0.0077328 secs]
113.747: [GC (Allocation Failure)  142653K->2896K(506816K), 0.0051485 secs]
122.389: [GC (Allocation Failure)  142672K->2729K(506816K), 0.0057963 secs]
131.185: [GC (Allocation Failure)  142505K->2726K(506816K), 0.0094087 secs]
140.112: [GC (Allocation Failure)  142434K->2731K(506816K), 0.0114749 secs]
148.853: [GC (Allocation Failure)  142507K->2877K(506816K), 0.0023399 secs]
157.803: [GC (Allocation Failure)  142653K->2732K(506816K), 0.0018948 secs]
166.679: [GC (Allocation Failure)  142480K->2877K(506816K), 0.0018753 secs]
175.510: [GC (Allocation Failure)  142653K->2860K(506816K), 0.0033151 secs]
184.273: [GC (Allocation Failure)  142636K->2878K(506816K), 0.0040540 secs]
193.179: [GC (Allocation Failure)  142654K->2730K(506816K), 0.0016880 secs]
202.008: [GC (Allocation Failure)  142506K->2725K(506816K), 0.0049727 secs]
210.829: [GC (Allocation Failure)  142501K->2741K(506816K), 0.0040856 secs]
219.661: [GC (Allocation Failure)  142517K->2878K(506816K), 0.0031842 secs]
228.495: [GC (Allocation Failure)  142654K->2732K(506816K), 0.0035959 secs]
237.612: [GC (Allocation Failure)  142508K->2888K(506816K), 0.0044178 secs]
246.636: [GC (Allocation Failure)  142664K->2742K(506816K), 0.0026663 secs]
255.885: [GC (Allocation Failure)  142433K->2743K(506816K), 0.0068676 secs]
264.845: [GC (Allocation Failure)  142519K->2720K(506816K), 0.0026217 secs]
273.824: [GC (Allocation Failure)  142496K->2889K(506816K), 0.0037583 secs]
282.714: [GC (Allocation Failure)  142665K->2743K(506816K), 0.0025221 secs]
291.463: [GC (Allocation Failure)  142519K->2891K(506816K), 0.0019130 secs]
300.108: [GC (Allocation Failure)  142667K->2744K(506816K), 0.0036771 secs]
308.775: [GC (Allocation Failure)  142450K->2890K(506816K), 0.0021050 secs]
317.611: [GC (Allocation Failure)  142666K->2890K(506816K), 0.0023849 secs]
326.307: [GC (Allocation Failure)  142666K->2751K(506816K), 0.0020492 secs]
334.859: [GC (Allocation Failure)  142527K->2889K(506816K), 0.0035433 secs]
343.798: [GC (Allocation Failure)  142665K->2744K(506816K), 0.0066934 secs]
352.711: [GC (Allocation Failure)  142520K->2890K(506816K), 0.0031791 secs]
361.681: [GC (Allocation Failure)  142666K->2745K(506816K), 0.0024470 secs]
370.689: [GC (Allocation Failure)  142464K->2890K(506816K), 0.0024728 secs]
379.653: [GC (Allocation Failure)  142666K->2890K(506816K), 0.0031321 secs]
388.592: [GC (Allocation Failure)  142666K->2743K(506816K), 0.0026407 secs]
397.440: [GC (Allocation Failure)  142381K->2890K(506816K), 0.0084915 secs]
406.437: [GC (Allocation Failure)  142666K->2890K(506816K), 0.0024027 secs]
415.354: [GC (Allocation Failure)  142666K->2744K(506816K), 0.0026959 secs]
424.326: [GC (Allocation Failure)  142520K->2890K(506816K), 0.0018839 secs]
433.554: [GC (Allocation Failure)  142666K->2745K(506816K), 0.0025982 secs]
442.462: [GC (Allocation Failure)  142471K->2890K(506816K), 0.0020626 secs]
451.527: [GC (Allocation Failure)  142666K->2890K(506816K), 0.0017606 secs]
460.237: [GC (Allocation Failure)  142666K->2743K(506816K), 0.0033185 secs]
469.224: [GC (Allocation Failure)  142382K->2890K(506816K), 0.0027419 secs]
478.256: [GC (Allocation Failure)  142666K->2890K(506816K), 0.0039839 secs]
487.162: [GC (Allocation Failure)  142666K->2744K(506816K), 0.0018730 secs]
496.307: [GC (Allocation Failure)  142520K->2890K(506816K), 0.0016753 secs]
505.146: [GC (Allocation Failure)  142666K->2745K(506816K), 0.0019400 secs]
514.105: [GC (Allocation Failure)  142471K->2890K(506816K), 0.0031837 secs]
522.935: [GC (Allocation Failure)  142666K->2890K(506816K), 0.0046884 secs]
531.944: [GC (Allocation Failure)  142666K->2743K(506816K), 0.0025636 secs]
540.877: [GC (Allocation Failure)  142382K->2890K(506816K), 0.0042238 secs]
549.882: [GC (Allocation Failure)  142666K->2890K(506816K), 0.0039962 secs]
558.964: [GC (Allocation Failure)  142666K->2744K(506816K), 0.0025972 secs]
568.062: [GC (Allocation Failure)  142520K->2890K(506816K), 0.0042790 secs]
577.008: [GC (Allocation Failure)  142666K->2745K(506816K), 0.0036825 secs]
585.748: [GC (Allocation Failure)  142471K->2890K(506816K), 0.0038344 secs]
594.605: [GC (Allocation Failure)  142666K->2890K(506816K), 0.0018046 secs]
603.579: [GC (Allocation Failure)  142666K->2743K(506816K), 0.0019858 secs]
612.315: [GC (Allocation Failure)  142382K->2890K(506816K), 0.0029174 secs]
621.478: [GC (Allocation Failure)  142666K->2890K(506816K), 0.0022314 secs]
630.475: [GC (Allocation Failure)  142666K->2744K(506816K), 0.0024136 secs]
639.538: [GC (Allocation Failure)  142520K->2890K(506816K), 0.0038089 secs]
648.346: [GC (Allocation Failure)  142666K->2745K(506816K), 0.0022154 secs]
657.449: [GC (Allocation Failure)  142471K->2890K(506816K), 0.0023939 secs]
666.399: [GC (Allocation Failure)  142666K->2890K(506816K), 0.0041139 secs]
675.391: [GC (Allocation Failure)  142666K->2743K(506816K), 0.0028082 secs]
684.464: [GC (Allocation Failure)  142382K->2890K(506816K), 0.0035414 secs]
693.398: [GC (Allocation Failure)  142666K->2890K(506816K), 0.0031840 secs]
702.332: [GC (Allocation Failure)  142666K->2744K(506816K), 0.0043683 secs]
711.148: [GC (Allocation Failure)  142520K->2890K(506816K), 0.0023480 secs]
720.208: [GC (Allocation Failure)  142666K->2745K(506816K), 0.0046047 secs]
729.253: [GC (Allocation Failure)  142471K->2890K(506816K), 0.0037433 secs]
738.243: [GC (Allocation Failure)  142666K->2890K(506816K), 0.0028563 secs]
