[0.007s][info][gc] Using G1
[0.925s][info][gc] GC(0) Pause Young (Normal) (G1 Evacuation Pause) 8M->3M(128M) 14.006ms
[0.997s][info][gc] GC(1) Pause Young (Normal) (G1 Evacuation Pause) 8M->3M(128M) 16.482ms
[19.213s][info][gc] GC(2) Pause Young (Normal) (G1 Evacuation Pause) 79M->4M(128M) 7.081ms
[31.924s][info][gc] GC(3) Pause Young (Normal) (G1 Evacuation Pause) 78M->4M(128M) 5.491ms
[45.361s][info][gc] GC(4) Pause Young (Normal) (G1 Evacuation Pause) 78M->4M(128M) 5.970ms
[57.885s][info][gc] GC(5) Pause Young (Normal) (G1 Evacuation Pause) 78M->4M(128M) 5.555ms
[70.553s][info][gc] GC(6) Pause Young (Normal) (G1 Evacuation Pause) 78M->4M(128M) 7.558ms
[82.965s][info][gc] GC(7) Pause Young (Normal) (G1 Evacuation Pause) 78M->4M(128M) 7.096ms
[95.526s][info][gc] GC(8) Pause Young (Normal) (G1 Evacuation Pause) 78M->4M(128M) 5.554ms
[107.980s][info][gc] GC(9) Pause Young (Normal) (G1 Evacuation Pause) 78M->4M(128M) 9.727ms
[120.379s][info][gc] GC(10) Pause Young (Normal) (G1 Evacuation Pause) 78M->4M(128M) 6.151ms
[133.436s][info][gc] GC(11) Pause Young (Normal) (G1 Evacuation Pause) 78M->4M(128M) 10.871ms
[145.936s][info][gc] GC(12) Pause Young (Normal) (G1 Evacuation Pause) 78M->4M(128M) 5.466ms
[158.331s][info][gc] GC(13) Pause Young (Normal) (G1 Evacuation Pause) 78M->4M(128M) 5.744ms
[170.955s][info][gc] GC(14) Pause Young (Normal) (G1 Evacuation Pause) 78M->4M(128M) 5.867ms
[184.708s][info][gc] GC(15) Pause Young (Normal) (G1 Evacuation Pause) 78M->4M(128M) 6.212ms
