OpenJDK 64-Bit Server VM (25.222-b10) for linux-amd64 JRE (1.8.0_222-8u222-b10-1ubuntu1~18.04.1-b10), built on Jul 18 2019 18:52:48 by "buildd" with gcc 7.4.0
Memory: 4k page, physical 16424660k(15511736k free), swap 0k(0k free)
CommandLine flags: -XX:CompressedClassSpaceSize=45297664 -XX:InitialHeapSize=536870912 -XX:MaxHeapSize=536870912 -XX:MaxMetaspaceSize=53686272 -XX:+PrintGC -XX:+PrintGCTimeStamps -XX:+RequireSharedSpaces -XX:ReservedCodeCacheSize=26843136 -XX:-TieredCompilation -XX:+UseCompressedClassPointers -XX:+UseCompressedOops -XX:+UseSerialGC -XX:+UseSharedSpaces 
9.459: [GC (Allocation Failure)  139776K->2934K(506816K), 0.0092528 secs]
17.685: [GC (Allocation Failure)  142710K->2725K(506816K), 0.0066508 secs]
26.298: [GC (Allocation Failure)  142501K->2885K(506816K), 0.0060341 secs]
35.024: [GC (Allocation Failure)  142661K->2869K(506816K), 0.0057578 secs]
43.702: [GC (Allocation Failure)  142645K->2886K(506816K), 0.0043045 secs]
52.579: [GC (Allocation Failure)  142662K->2740K(506816K), 0.0049347 secs]
61.232: [GC (Allocation Failure)  142391K->2744K(506816K), 0.0044042 secs]
69.992: [GC (Allocation Failure)  142520K->2744K(506816K), 0.0043814 secs]
78.608: [GC (Allocation Failure)  142520K->2892K(506816K), 0.0063045 secs]
87.320: [GC (Allocation Failure)  142668K->2747K(506816K), 0.0053071 secs]
95.867: [GC (Allocation Failure)  142504K->2895K(506816K), 0.0051532 secs]
104.458: [GC (Allocation Failure)  142671K->2877K(506816K), 0.0052800 secs]
113.380: [GC (Allocation Failure)  142653K->2896K(506816K), 0.0069809 secs]
122.110: [GC (Allocation Failure)  142672K->2729K(506816K), 0.0082806 secs]
130.729: [GC (Allocation Failure)  142505K->2726K(506816K), 0.0051061 secs]
139.607: [GC (Allocation Failure)  142434K->2731K(506816K), 0.0099756 secs]
148.303: [GC (Allocation Failure)  142507K->2877K(506816K), 0.0036680 secs]
157.112: [GC (Allocation Failure)  142653K->2732K(506816K), 0.0036741 secs]
165.814: [GC (Allocation Failure)  142480K->2877K(506816K), 0.0020226 secs]
174.603: [GC (Allocation Failure)  142653K->2860K(506816K), 0.0024892 secs]
183.364: [GC (Allocation Failure)  142636K->2878K(506816K), 0.0031765 secs]
192.104: [GC (Allocation Failure)  142654K->2730K(506816K), 0.0060517 secs]
200.968: [GC (Allocation Failure)  142506K->2725K(506816K), 0.0032398 secs]
209.582: [GC (Allocation Failure)  142501K->2741K(506816K), 0.0025464 secs]
218.455: [GC (Allocation Failure)  142517K->2878K(506816K), 0.0050708 secs]
226.990: [GC (Allocation Failure)  142654K->2732K(506816K), 0.0027835 secs]
236.183: [GC (Allocation Failure)  142508K->2888K(506816K), 0.0033105 secs]
245.216: [GC (Allocation Failure)  142664K->2742K(506816K), 0.0023497 secs]
254.275: [GC (Allocation Failure)  142433K->2743K(506816K), 0.0030409 secs]
263.379: [GC (Allocation Failure)  142519K->2720K(506816K), 0.0025985 secs]
272.312: [GC (Allocation Failure)  142496K->2889K(506816K), 0.0031052 secs]
281.179: [GC (Allocation Failure)  142665K->2743K(506816K), 0.0024116 secs]
290.015: [GC (Allocation Failure)  142519K->2891K(506816K), 0.0028020 secs]
298.707: [GC (Allocation Failure)  142667K->2744K(506816K), 0.0049952 secs]
307.309: [GC (Allocation Failure)  142450K->2890K(506816K), 0.0032987 secs]
316.081: [GC (Allocation Failure)  142666K->2890K(506816K), 0.0031070 secs]
324.751: [GC (Allocation Failure)  142666K->2751K(506816K), 0.0024816 secs]
333.348: [GC (Allocation Failure)  142527K->2889K(506816K), 0.0020494 secs]
342.296: [GC (Allocation Failure)  142665K->2744K(506816K), 0.0021951 secs]
351.343: [GC (Allocation Failure)  142520K->2890K(506816K), 0.0027273 secs]
360.205: [GC (Allocation Failure)  142666K->2745K(506816K), 0.0020837 secs]
369.158: [GC (Allocation Failure)  142464K->2890K(506816K), 0.0029747 secs]
377.923: [GC (Allocation Failure)  142666K->2890K(506816K), 0.0035314 secs]
386.696: [GC (Allocation Failure)  142666K->2743K(506816K), 0.0022803 secs]
395.603: [GC (Allocation Failure)  142381K->2890K(506816K), 0.0017992 secs]
404.308: [GC (Allocation Failure)  142666K->2890K(506816K), 0.0048220 secs]
413.436: [GC (Allocation Failure)  142666K->2744K(506816K), 0.0033610 secs]
422.236: [GC (Allocation Failure)  142520K->2890K(506816K), 0.0035816 secs]
431.183: [GC (Allocation Failure)  142666K->2745K(506816K), 0.0035642 secs]
440.160: [GC (Allocation Failure)  142471K->2890K(506816K), 0.0026664 secs]
448.962: [GC (Allocation Failure)  142666K->2890K(506816K), 0.0019713 secs]
457.894: [GC (Allocation Failure)  142666K->2743K(506816K), 0.0022555 secs]
466.681: [GC (Allocation Failure)  142382K->2890K(506816K), 0.0022993 secs]
475.706: [GC (Allocation Failure)  142666K->2890K(506816K), 0.0046798 secs]
484.485: [GC (Allocation Failure)  142666K->2744K(506816K), 0.0031916 secs]
493.393: [GC (Allocation Failure)  142520K->2890K(506816K), 0.0021411 secs]
502.269: [GC (Allocation Failure)  142666K->2745K(506816K), 0.0020018 secs]
511.208: [GC (Allocation Failure)  142471K->2890K(506816K), 0.0030303 secs]
520.079: [GC (Allocation Failure)  142666K->2890K(506816K), 0.0025955 secs]
528.789: [GC (Allocation Failure)  142666K->2743K(506816K), 0.0019656 secs]
537.872: [GC (Allocation Failure)  142382K->2890K(506816K), 0.0020791 secs]
546.793: [GC (Allocation Failure)  142666K->2890K(506816K), 0.0024487 secs]
555.731: [GC (Allocation Failure)  142666K->2744K(506816K), 0.0019345 secs]
564.807: [GC (Allocation Failure)  142520K->2890K(506816K), 0.0045692 secs]
573.793: [GC (Allocation Failure)  142666K->2745K(506816K), 0.0023504 secs]
582.827: [GC (Allocation Failure)  142471K->2890K(506816K), 0.0023852 secs]
591.812: [GC (Allocation Failure)  142666K->2890K(506816K), 0.0041159 secs]
600.735: [GC (Allocation Failure)  142666K->2743K(506816K), 0.0019753 secs]
609.791: [GC (Allocation Failure)  142382K->2890K(506816K), 0.0036217 secs]
618.665: [GC (Allocation Failure)  142666K->2890K(506816K), 0.0033442 secs]
627.700: [GC (Allocation Failure)  142666K->2744K(506816K), 0.0117008 secs]
636.703: [GC (Allocation Failure)  142520K->2890K(506816K), 0.0030887 secs]
645.666: [GC (Allocation Failure)  142666K->2745K(506816K), 0.0050525 secs]
654.614: [GC (Allocation Failure)  142471K->2890K(506816K), 0.0020390 secs]
663.561: [GC (Allocation Failure)  142666K->2890K(506816K), 0.0021731 secs]
672.450: [GC (Allocation Failure)  142666K->2743K(506816K), 0.0031299 secs]
681.472: [GC (Allocation Failure)  142382K->2890K(506816K), 0.0037367 secs]
690.428: [GC (Allocation Failure)  142666K->2890K(506816K), 0.0026481 secs]
699.468: [GC (Allocation Failure)  142666K->2744K(506816K), 0.0029223 secs]
708.343: [GC (Allocation Failure)  142520K->2890K(506816K), 0.0020626 secs]
717.443: [GC (Allocation Failure)  142666K->2745K(506816K), 0.0043071 secs]
726.560: [GC (Allocation Failure)  142471K->2890K(506816K), 0.0027781 secs]
735.476: [GC (Allocation Failure)  142666K->2890K(506816K), 0.0024648 secs]
