OpenJDK 64-Bit Server VM (25.222-b10) for linux-amd64 JRE (1.8.0_222-8u222-b10-1ubuntu1~18.04.1-b10), built on Jul 18 2019 18:52:48 by "buildd" with gcc 7.4.0
Memory: 4k page, physical 16424660k(15511028k free), swap 0k(0k free)
CommandLine flags: -XX:CompressedClassSpaceSize=45297664 -XX:InitialHeapSize=536870912 -XX:MaxHeapSize=536870912 -XX:MaxMetaspaceSize=53686272 -XX:+PrintGC -XX:+PrintGCTimeStamps -XX:+RequireSharedSpaces -XX:ReservedCodeCacheSize=26843136 -XX:-TieredCompilation -XX:+UseCompressedClassPointers -XX:+UseCompressedOops -XX:+UseSerialGC -XX:+UseSharedSpaces 
9.288: [GC (Allocation Failure)  139776K->2934K(506816K), 0.0134952 secs]
17.665: [GC (Allocation Failure)  142710K->2725K(506816K), 0.0115992 secs]
26.715: [GC (Allocation Failure)  142501K->2885K(506816K), 0.0101577 secs]
35.430: [GC (Allocation Failure)  142661K->2869K(506816K), 0.0082685 secs]
44.115: [GC (Allocation Failure)  142645K->2886K(506816K), 0.0052564 secs]
52.916: [GC (Allocation Failure)  142662K->2740K(506816K), 0.0048602 secs]
61.726: [GC (Allocation Failure)  142391K->2744K(506816K), 0.0071187 secs]
70.630: [GC (Allocation Failure)  142520K->2744K(506816K), 0.0067495 secs]
79.333: [GC (Allocation Failure)  142520K->2892K(506816K), 0.0070386 secs]
88.160: [GC (Allocation Failure)  142668K->2747K(506816K), 0.0047855 secs]
96.883: [GC (Allocation Failure)  142504K->2895K(506816K), 0.0064751 secs]
105.480: [GC (Allocation Failure)  142671K->2877K(506816K), 0.0057154 secs]
114.576: [GC (Allocation Failure)  142653K->2896K(506816K), 0.0078937 secs]
123.229: [GC (Allocation Failure)  142672K->2729K(506816K), 0.0063846 secs]
131.931: [GC (Allocation Failure)  142505K->2726K(506816K), 0.0061473 secs]
140.753: [GC (Allocation Failure)  142434K->2731K(506816K), 0.0070266 secs]
149.546: [GC (Allocation Failure)  142507K->2877K(506816K), 0.0030995 secs]
158.468: [GC (Allocation Failure)  142653K->2732K(506816K), 0.0032580 secs]
167.276: [GC (Allocation Failure)  142480K->2877K(506816K), 0.0021622 secs]
176.321: [GC (Allocation Failure)  142653K->2860K(506816K), 0.0051422 secs]
185.138: [GC (Allocation Failure)  142636K->2878K(506816K), 0.0031216 secs]
193.907: [GC (Allocation Failure)  142654K->2730K(506816K), 0.0027020 secs]
202.844: [GC (Allocation Failure)  142506K->2725K(506816K), 0.0027161 secs]
211.677: [GC (Allocation Failure)  142501K->2741K(506816K), 0.0042062 secs]
220.483: [GC (Allocation Failure)  142517K->2878K(506816K), 0.0039156 secs]
229.199: [GC (Allocation Failure)  142654K->2732K(506816K), 0.0029007 secs]
238.151: [GC (Allocation Failure)  142508K->2888K(506816K), 0.0021185 secs]
246.961: [GC (Allocation Failure)  142664K->2742K(506816K), 0.0039070 secs]
255.863: [GC (Allocation Failure)  142433K->2743K(506816K), 0.0029988 secs]
264.579: [GC (Allocation Failure)  142519K->2720K(506816K), 0.0040559 secs]
273.370: [GC (Allocation Failure)  142496K->2889K(506816K), 0.0042302 secs]
282.081: [GC (Allocation Failure)  142665K->2743K(506816K), 0.0024540 secs]
290.812: [GC (Allocation Failure)  142519K->2891K(506816K), 0.0036322 secs]
299.513: [GC (Allocation Failure)  142667K->2744K(506816K), 0.0027411 secs]
308.074: [GC (Allocation Failure)  142450K->2890K(506816K), 0.0031022 secs]
316.926: [GC (Allocation Failure)  142666K->2890K(506816K), 0.0028989 secs]
325.651: [GC (Allocation Failure)  142666K->2751K(506816K), 0.0031547 secs]
334.442: [GC (Allocation Failure)  142527K->2889K(506816K), 0.0029198 secs]
343.132: [GC (Allocation Failure)  142665K->2744K(506816K), 0.0032019 secs]
351.751: [GC (Allocation Failure)  142520K->2890K(506816K), 0.0027678 secs]
360.550: [GC (Allocation Failure)  142666K->2745K(506816K), 0.0064696 secs]
369.333: [GC (Allocation Failure)  142464K->2890K(506816K), 0.0040789 secs]
378.083: [GC (Allocation Failure)  142666K->2890K(506816K), 0.0027906 secs]
386.772: [GC (Allocation Failure)  142666K->2743K(506816K), 0.0024549 secs]
395.615: [GC (Allocation Failure)  142381K->2890K(506816K), 0.0023501 secs]
404.353: [GC (Allocation Failure)  142666K->2890K(506816K), 0.0033543 secs]
413.175: [GC (Allocation Failure)  142666K->2744K(506816K), 0.0054589 secs]
421.985: [GC (Allocation Failure)  142520K->2890K(506816K), 0.0023209 secs]
430.706: [GC (Allocation Failure)  142666K->2745K(506816K), 0.0028148 secs]
439.249: [GC (Allocation Failure)  142471K->2890K(506816K), 0.0067968 secs]
448.021: [GC (Allocation Failure)  142666K->2890K(506816K), 0.0038102 secs]
456.855: [GC (Allocation Failure)  142666K->2743K(506816K), 0.0026702 secs]
465.612: [GC (Allocation Failure)  142382K->2890K(506816K), 0.0027104 secs]
474.483: [GC (Allocation Failure)  142666K->2890K(506816K), 0.0071411 secs]
483.163: [GC (Allocation Failure)  142666K->2744K(506816K), 0.0027543 secs]
491.806: [GC (Allocation Failure)  142520K->2890K(506816K), 0.0021304 secs]
500.737: [GC (Allocation Failure)  142666K->2745K(506816K), 0.0042399 secs]
509.506: [GC (Allocation Failure)  142471K->2890K(506816K), 0.0021421 secs]
518.228: [GC (Allocation Failure)  142666K->2890K(506816K), 0.0017316 secs]
526.904: [GC (Allocation Failure)  142666K->2743K(506816K), 0.0030447 secs]
535.901: [GC (Allocation Failure)  142382K->2890K(506816K), 0.0030676 secs]
544.475: [GC (Allocation Failure)  142666K->2890K(506816K), 0.0020573 secs]
553.305: [GC (Allocation Failure)  142666K->2744K(506816K), 0.0048142 secs]
562.051: [GC (Allocation Failure)  142520K->2890K(506816K), 0.0020890 secs]
570.780: [GC (Allocation Failure)  142666K->2745K(506816K), 0.0054963 secs]
579.527: [GC (Allocation Failure)  142471K->2890K(506816K), 0.0033636 secs]
588.195: [GC (Allocation Failure)  142666K->2890K(506816K), 0.0027420 secs]
597.001: [GC (Allocation Failure)  142666K->2743K(506816K), 0.0034495 secs]
605.609: [GC (Allocation Failure)  142382K->2890K(506816K), 0.0031542 secs]
614.296: [GC (Allocation Failure)  142666K->2890K(506816K), 0.0023717 secs]
622.961: [GC (Allocation Failure)  142666K->2744K(506816K), 0.0015970 secs]
631.686: [GC (Allocation Failure)  142520K->2890K(506816K), 0.0028348 secs]
640.544: [GC (Allocation Failure)  142666K->2745K(506816K), 0.0040114 secs]
649.194: [GC (Allocation Failure)  142471K->2890K(506816K), 0.0023706 secs]
657.997: [GC (Allocation Failure)  142666K->2890K(506816K), 0.0020849 secs]
666.643: [GC (Allocation Failure)  142666K->2743K(506816K), 0.0037363 secs]
675.285: [GC (Allocation Failure)  142382K->2890K(506816K), 0.0031534 secs]
684.039: [GC (Allocation Failure)  142666K->2890K(506816K), 0.0032793 secs]
692.803: [GC (Allocation Failure)  142666K->2744K(506816K), 0.0044714 secs]
701.554: [GC (Allocation Failure)  142520K->2890K(506816K), 0.0027506 secs]
710.328: [GC (Allocation Failure)  142666K->2745K(506816K), 0.0026065 secs]
719.225: [GC (Allocation Failure)  142471K->2890K(506816K), 0.0053138 secs]
727.912: [GC (Allocation Failure)  142666K->2890K(506816K), 0.0025992 secs]
