OpenJDK 64-Bit Server VM (25.222-b10) for linux-amd64 JRE (1.8.0_222-8u222-b10-1ubuntu1~18.04.1-b10), built on Jul 18 2019 18:52:48 by "buildd" with gcc 7.4.0
Memory: 4k page, physical 16424660k(15504368k free), swap 0k(0k free)
CommandLine flags: -XX:CompressedClassSpaceSize=45297664 -XX:InitialHeapSize=536870912 -XX:MaxHeapSize=536870912 -XX:MaxMetaspaceSize=53686272 -XX:+PrintGC -XX:+PrintGCTimeStamps -XX:+RequireSharedSpaces -XX:ReservedCodeCacheSize=26843136 -XX:-TieredCompilation -XX:+UseCompressedClassPointers -XX:+UseCompressedOops -XX:+UseSerialGC -XX:+UseSharedSpaces 
10.360: [GC (Allocation Failure)  139776K->2934K(506816K), 0.0146791 secs]
18.815: [GC (Allocation Failure)  142710K->2725K(506816K), 0.0083161 secs]
27.919: [GC (Allocation Failure)  142501K->2885K(506816K), 0.0126636 secs]
36.877: [GC (Allocation Failure)  142661K->2869K(506816K), 0.0079703 secs]
45.924: [GC (Allocation Failure)  142645K->2886K(506816K), 0.0116874 secs]
54.835: [GC (Allocation Failure)  142662K->2740K(506816K), 0.0052333 secs]
63.724: [GC (Allocation Failure)  142391K->2744K(506816K), 0.0052164 secs]
72.689: [GC (Allocation Failure)  142520K->2744K(506816K), 0.0074849 secs]
81.510: [GC (Allocation Failure)  142520K->2892K(506816K), 0.0069615 secs]
90.457: [GC (Allocation Failure)  142668K->2747K(506816K), 0.0077160 secs]
99.385: [GC (Allocation Failure)  142504K->2895K(506816K), 0.0097642 secs]
108.154: [GC (Allocation Failure)  142671K->2877K(506816K), 0.0061474 secs]
117.117: [GC (Allocation Failure)  142653K->2896K(506816K), 0.0071253 secs]
126.023: [GC (Allocation Failure)  142672K->2729K(506816K), 0.0051607 secs]
134.855: [GC (Allocation Failure)  142505K->2726K(506816K), 0.0057265 secs]
143.888: [GC (Allocation Failure)  142434K->2731K(506816K), 0.0133547 secs]
152.886: [GC (Allocation Failure)  142507K->2877K(506816K), 0.0076551 secs]
161.835: [GC (Allocation Failure)  142653K->2732K(506816K), 0.0074324 secs]
170.680: [GC (Allocation Failure)  142480K->2877K(506816K), 0.0026265 secs]
179.736: [GC (Allocation Failure)  142653K->2860K(506816K), 0.0036835 secs]
188.660: [GC (Allocation Failure)  142636K->2878K(506816K), 0.0024011 secs]
197.460: [GC (Allocation Failure)  142654K->2730K(506816K), 0.0025075 secs]
206.438: [GC (Allocation Failure)  142506K->2725K(506816K), 0.0036142 secs]
215.382: [GC (Allocation Failure)  142501K->2741K(506816K), 0.0031121 secs]
224.297: [GC (Allocation Failure)  142517K->2878K(506816K), 0.0037880 secs]
233.245: [GC (Allocation Failure)  142654K->2732K(506816K), 0.0020066 secs]
242.403: [GC (Allocation Failure)  142508K->2888K(506816K), 0.0021426 secs]
251.434: [GC (Allocation Failure)  142664K->2742K(506816K), 0.0026955 secs]
260.291: [GC (Allocation Failure)  142433K->2743K(506816K), 0.0048116 secs]
269.172: [GC (Allocation Failure)  142519K->2720K(506816K), 0.0029597 secs]
278.305: [GC (Allocation Failure)  142496K->2889K(506816K), 0.0022595 secs]
286.917: [GC (Allocation Failure)  142665K->2743K(506816K), 0.0024138 secs]
296.090: [GC (Allocation Failure)  142519K->2891K(506816K), 0.0029940 secs]
305.071: [GC (Allocation Failure)  142667K->2744K(506816K), 0.0020260 secs]
314.047: [GC (Allocation Failure)  142450K->2890K(506816K), 0.0023987 secs]
323.129: [GC (Allocation Failure)  142666K->2890K(506816K), 0.0035355 secs]
332.301: [GC (Allocation Failure)  142666K->2751K(506816K), 0.0054171 secs]
341.380: [GC (Allocation Failure)  142527K->2889K(506816K), 0.0020123 secs]
350.296: [GC (Allocation Failure)  142665K->2744K(506816K), 0.0045768 secs]
359.180: [GC (Allocation Failure)  142520K->2890K(506816K), 0.0036935 secs]
367.905: [GC (Allocation Failure)  142666K->2745K(506816K), 0.0034217 secs]
376.689: [GC (Allocation Failure)  142464K->2890K(506816K), 0.0040757 secs]
385.631: [GC (Allocation Failure)  142666K->2890K(506816K), 0.0019708 secs]
394.505: [GC (Allocation Failure)  142666K->2743K(506816K), 0.0035387 secs]
403.308: [GC (Allocation Failure)  142381K->2890K(506816K), 0.0032120 secs]
412.234: [GC (Allocation Failure)  142666K->2890K(506816K), 0.0030064 secs]
421.147: [GC (Allocation Failure)  142666K->2744K(506816K), 0.0019136 secs]
429.990: [GC (Allocation Failure)  142520K->2890K(506816K), 0.0028873 secs]
438.927: [GC (Allocation Failure)  142666K->2745K(506816K), 0.0025021 secs]
447.764: [GC (Allocation Failure)  142471K->2890K(506816K), 0.0028280 secs]
456.659: [GC (Allocation Failure)  142666K->2890K(506816K), 0.0021105 secs]
465.530: [GC (Allocation Failure)  142666K->2743K(506816K), 0.0025295 secs]
474.271: [GC (Allocation Failure)  142382K->2890K(506816K), 0.0019588 secs]
483.016: [GC (Allocation Failure)  142666K->2890K(506816K), 0.0056786 secs]
491.953: [GC (Allocation Failure)  142666K->2744K(506816K), 0.0030981 secs]
500.612: [GC (Allocation Failure)  142520K->2890K(506816K), 0.0019792 secs]
509.644: [GC (Allocation Failure)  142666K->2745K(506816K), 0.0030968 secs]
518.666: [GC (Allocation Failure)  142471K->2890K(506816K), 0.0017323 secs]
527.535: [GC (Allocation Failure)  142666K->2890K(506816K), 0.0025462 secs]
536.409: [GC (Allocation Failure)  142666K->2743K(506816K), 0.0025291 secs]
545.012: [GC (Allocation Failure)  142382K->2890K(506816K), 0.0019075 secs]
553.793: [GC (Allocation Failure)  142666K->2890K(506816K), 0.0041681 secs]
562.604: [GC (Allocation Failure)  142666K->2744K(506816K), 0.0025663 secs]
571.404: [GC (Allocation Failure)  142520K->2890K(506816K), 0.0019436 secs]
580.395: [GC (Allocation Failure)  142666K->2745K(506816K), 0.0035855 secs]
589.200: [GC (Allocation Failure)  142471K->2890K(506816K), 0.0028478 secs]
597.993: [GC (Allocation Failure)  142666K->2890K(506816K), 0.0023337 secs]
606.629: [GC (Allocation Failure)  142666K->2743K(506816K), 0.0061377 secs]
615.360: [GC (Allocation Failure)  142382K->2890K(506816K), 0.0026484 secs]
624.227: [GC (Allocation Failure)  142666K->2890K(506816K), 0.0023780 secs]
633.077: [GC (Allocation Failure)  142666K->2744K(506816K), 0.0052950 secs]
641.917: [GC (Allocation Failure)  142520K->2890K(506816K), 0.0017994 secs]
650.818: [GC (Allocation Failure)  142666K->2745K(506816K), 0.0019383 secs]
659.585: [GC (Allocation Failure)  142472K->2890K(506816K), 0.0038689 secs]
668.281: [GC (Allocation Failure)  142666K->2890K(506816K), 0.0027358 secs]
677.157: [GC (Allocation Failure)  142666K->2743K(506816K), 0.0028000 secs]
685.957: [GC (Allocation Failure)  142386K->2890K(506816K), 0.0019379 secs]
694.773: [GC (Allocation Failure)  142666K->2890K(506816K), 0.0030471 secs]
703.737: [GC (Allocation Failure)  142666K->2744K(506816K), 0.0030756 secs]
712.544: [GC (Allocation Failure)  142520K->2890K(506816K), 0.0019999 secs]
721.571: [GC (Allocation Failure)  142666K->2745K(506816K), 0.0040126 secs]
730.419: [GC (Allocation Failure)  142478K->2890K(506816K), 0.0020491 secs]
739.256: [GC (Allocation Failure)  142666K->2890K(506816K), 0.0017453 secs]
