[0.008s][info][gc] Using G1
[0.978s][info][gc] GC(0) Pause Young (Normal) (G1 Evacuation Pause) 8M->3M(128M) 5.681ms
[1.068s][info][gc] GC(1) Pause Young (Normal) (G1 Evacuation Pause) 8M->3M(128M) 5.916ms
[8.479s][info][gc] GC(2) Pause Young (Normal) (G1 Evacuation Pause) 79M->3M(128M) 4.762ms
[15.912s][info][gc] GC(3) Pause Young (Normal) (G1 Evacuation Pause) 78M->4M(128M) 4.289ms
[22.164s][info][gc] GC(4) Pause Young (Normal) (G1 Evacuation Pause) 79M->4M(128M) 2.778ms
[31.569s][info][gc] GC(5) Pause Young (Normal) (G1 Evacuation Pause) 79M->3M(128M) 3.528ms
[37.992s][info][gc] GC(6) Pause Young (Normal) (G1 Evacuation Pause) 78M->4M(128M) 2.671ms
[47.270s][info][gc] GC(7) Pause Young (Normal) (G1 Evacuation Pause) 79M->4M(128M) 2.673ms
[53.648s][info][gc] GC(8) Pause Young (Normal) (G1 Evacuation Pause) 79M->4M(128M) 3.649ms
[62.003s][info][gc] GC(9) Pause Young (Normal) (G1 Evacuation Pause) 79M->4M(128M) 3.089ms
[69.489s][info][gc] GC(10) Pause Young (Normal) (G1 Evacuation Pause) 79M->4M(128M) 3.514ms
[79.377s][info][gc] GC(11) Pause Young (Normal) (G1 Evacuation Pause) 79M->4M(128M) 7.230ms
[85.912s][info][gc] GC(12) Pause Young (Normal) (G1 Evacuation Pause) 79M->4M(128M) 3.281ms
[94.563s][info][gc] GC(13) Pause Young (Normal) (G1 Evacuation Pause) 79M->4M(128M) 2.994ms
[102.812s][info][gc] GC(14) Pause Young (Normal) (G1 Evacuation Pause) 79M->4M(128M) 4.317ms
[110.803s][info][gc] GC(15) Pause Young (Normal) (G1 Evacuation Pause) 79M->4M(128M) 3.163ms
[118.499s][info][gc] GC(16) Pause Young (Normal) (G1 Evacuation Pause) 79M->4M(128M) 3.441ms
