[0.007s][info][gc] Using G1
[16.933s][info][gc] GC(0) Pause Full (JvmtiEnv ForceGarbageCollection) 51M->4M(128M) 43.601ms
[39.642s][info][gc] GC(1) Pause Full (JvmtiEnv ForceGarbageCollection) 55M->4M(128M) 22.962ms
[50.905s][info][gc] GC(2) Pause Full (JvmtiEnv ForceGarbageCollection) 30M->4M(128M) 26.449ms
[73.408s][info][gc] GC(3) Pause Full (JvmtiEnv ForceGarbageCollection) 54M->4M(128M) 24.852ms
[84.509s][info][gc] GC(4) Pause Full (JvmtiEnv ForceGarbageCollection) 30M->4M(128M) 23.566ms
[95.629s][info][gc] GC(5) Pause Full (JvmtiEnv ForceGarbageCollection) 30M->4M(128M) 23.191ms
[106.934s][info][gc] GC(6) Pause Full (JvmtiEnv ForceGarbageCollection) 30M->4M(128M) 26.326ms
[118.166s][info][gc] GC(7) Pause Full (JvmtiEnv ForceGarbageCollection) 30M->4M(128M) 30.125ms
[129.556s][info][gc] GC(8) Pause Full (JvmtiEnv ForceGarbageCollection) 30M->4M(128M) 28.830ms
[140.803s][info][gc] GC(9) Pause Full (JvmtiEnv ForceGarbageCollection) 30M->4M(128M) 28.699ms
[152.040s][info][gc] GC(10) Pause Full (JvmtiEnv ForceGarbageCollection) 29M->4M(128M) 28.891ms
[163.335s][info][gc] GC(11) Pause Full (JvmtiEnv ForceGarbageCollection) 30M->4M(128M) 32.837ms
[174.399s][info][gc] GC(12) Pause Full (JvmtiEnv ForceGarbageCollection) 30M->4M(128M) 27.150ms
[185.658s][info][gc] GC(13) Pause Full (JvmtiEnv ForceGarbageCollection) 30M->4M(128M) 23.221ms
[208.046s][info][gc] GC(14) Pause Full (JvmtiEnv ForceGarbageCollection) 56M->4M(128M) 25.811ms
[219.184s][info][gc] GC(15) Pause Full (JvmtiEnv ForceGarbageCollection) 30M->4M(128M) 28.883ms
[230.271s][info][gc] GC(16) Pause Full (JvmtiEnv ForceGarbageCollection) 30M->4M(128M) 19.561ms
[241.492s][info][gc] GC(17) Pause Full (JvmtiEnv ForceGarbageCollection) 29M->4M(128M) 22.183ms
[252.710s][info][gc] GC(18) Pause Full (JvmtiEnv ForceGarbageCollection) 30M->4M(128M) 24.317ms
[263.814s][info][gc] GC(19) Pause Full (JvmtiEnv ForceGarbageCollection) 29M->4M(128M) 23.860ms
[274.994s][info][gc] GC(20) Pause Full (JvmtiEnv ForceGarbageCollection) 29M->4M(128M) 32.808ms
[286.360s][info][gc] GC(21) Pause Full (JvmtiEnv ForceGarbageCollection) 29M->4M(128M) 27.174ms
[297.509s][info][gc] GC(22) Pause Full (JvmtiEnv ForceGarbageCollection) 30M->4M(128M) 33.547ms
[319.840s][info][gc] GC(23) Pause Full (JvmtiEnv ForceGarbageCollection) 55M->4M(128M) 22.397ms
[331.105s][info][gc] GC(24) Pause Full (JvmtiEnv ForceGarbageCollection) 30M->4M(128M) 27.474ms
[342.134s][info][gc] GC(25) Pause Full (JvmtiEnv ForceGarbageCollection) 30M->4M(128M) 24.895ms
[364.594s][info][gc] GC(26) Pause Full (JvmtiEnv ForceGarbageCollection) 55M->4M(128M) 21.064ms
[375.781s][info][gc] GC(27) Pause Full (JvmtiEnv ForceGarbageCollection) 30M->4M(128M) 22.603ms
[386.903s][info][gc] GC(28) Pause Full (JvmtiEnv ForceGarbageCollection) 30M->4M(128M) 22.860ms
[398.150s][info][gc] GC(29) Pause Full (JvmtiEnv ForceGarbageCollection) 30M->4M(128M) 24.730ms
[409.270s][info][gc] GC(30) Pause Full (JvmtiEnv ForceGarbageCollection) 30M->4M(128M) 24.097ms
[420.364s][info][gc] GC(31) Pause Full (JvmtiEnv ForceGarbageCollection) 30M->4M(128M) 25.668ms
[431.344s][info][gc] GC(32) Pause Full (JvmtiEnv ForceGarbageCollection) 30M->4M(128M) 21.115ms
[442.422s][info][gc] GC(33) Pause Full (JvmtiEnv ForceGarbageCollection) 30M->4M(128M) 25.809ms
[453.531s][info][gc] GC(34) Pause Full (JvmtiEnv ForceGarbageCollection) 30M->4M(128M) 25.929ms
[476.041s][info][gc] GC(35) Pause Full (JvmtiEnv ForceGarbageCollection) 55M->4M(128M) 27.483ms
[498.490s][info][gc] GC(36) Pause Full (JvmtiEnv ForceGarbageCollection) 55M->4M(128M) 27.499ms
[509.627s][info][gc] GC(37) Pause Full (JvmtiEnv ForceGarbageCollection) 30M->4M(128M) 20.795ms
[520.765s][info][gc] GC(38) Pause Full (JvmtiEnv ForceGarbageCollection) 29M->4M(128M) 24.549ms
[543.145s][info][gc] GC(39) Pause Full (JvmtiEnv ForceGarbageCollection) 55M->4M(128M) 35.208ms
[554.460s][info][gc] GC(40) Pause Full (JvmtiEnv ForceGarbageCollection) 30M->4M(128M) 25.977ms
[576.550s][info][gc] GC(41) Pause Full (JvmtiEnv ForceGarbageCollection) 55M->4M(128M) 24.396ms
[587.589s][info][gc] GC(42) Pause Full (JvmtiEnv ForceGarbageCollection) 30M->4M(128M) 24.020ms
[598.719s][info][gc] GC(43) Pause Full (JvmtiEnv ForceGarbageCollection) 30M->4M(128M) 28.706ms
[609.726s][info][gc] GC(44) Pause Full (JvmtiEnv ForceGarbageCollection) 30M->4M(128M) 25.735ms
[620.704s][info][gc] GC(45) Pause Full (JvmtiEnv ForceGarbageCollection) 30M->4M(128M) 25.327ms
[642.769s][info][gc] GC(46) Pause Full (JvmtiEnv ForceGarbageCollection) 55M->4M(128M) 24.328ms
[664.771s][info][gc] GC(47) Pause Full (JvmtiEnv ForceGarbageCollection) 55M->4M(128M) 23.887ms
[675.979s][info][gc] GC(48) Pause Full (JvmtiEnv ForceGarbageCollection) 30M->4M(128M) 20.684ms
[687.219s][info][gc] GC(49) Pause Full (JvmtiEnv ForceGarbageCollection) 30M->4M(128M) 23.121ms
[698.428s][info][gc] GC(50) Pause Full (JvmtiEnv ForceGarbageCollection) 30M->4M(128M) 18.655ms
[709.562s][info][gc] GC(51) Pause Full (JvmtiEnv ForceGarbageCollection) 30M->4M(128M) 26.615ms
[720.556s][info][gc] GC(52) Pause Full (JvmtiEnv ForceGarbageCollection) 30M->4M(128M) 22.786ms
[731.534s][info][gc] GC(53) Pause Full (JvmtiEnv ForceGarbageCollection) 30M->4M(128M) 20.029ms
[753.849s][info][gc] GC(54) Pause Full (JvmtiEnv ForceGarbageCollection) 55M->4M(128M) 31.704ms
[765.065s][info][gc] GC(55) Pause Full (JvmtiEnv ForceGarbageCollection) 30M->4M(128M) 24.062ms
[776.210s][info][gc] GC(56) Pause Full (JvmtiEnv ForceGarbageCollection) 30M->4M(128M) 21.612ms
[787.350s][info][gc] GC(57) Pause Full (JvmtiEnv ForceGarbageCollection) 30M->4M(128M) 22.893ms
[798.657s][info][gc] GC(58) Pause Full (JvmtiEnv ForceGarbageCollection) 30M->4M(128M) 26.445ms
[809.783s][info][gc] GC(59) Pause Full (JvmtiEnv ForceGarbageCollection) 30M->4M(128M) 23.391ms
[821.035s][info][gc] GC(60) Pause Full (JvmtiEnv ForceGarbageCollection) 30M->4M(128M) 21.647ms
[832.285s][info][gc] GC(61) Pause Full (JvmtiEnv ForceGarbageCollection) 30M->4M(128M) 24.671ms
[843.372s][info][gc] GC(62) Pause Full (JvmtiEnv ForceGarbageCollection) 30M->4M(128M) 19.923ms
[854.520s][info][gc] GC(63) Pause Full (JvmtiEnv ForceGarbageCollection) 30M->4M(128M) 30.120ms
