[0.010s][info][gc] Using G1
[17.511s][info][gc] GC(0) Pause Full (JvmtiEnv ForceGarbageCollection) 49M->4M(128M) 36.445ms
[39.007s][info][gc] GC(1) Pause Full (JvmtiEnv ForceGarbageCollection) 56M->4M(128M) 29.262ms
[49.561s][info][gc] GC(2) Pause Full (JvmtiEnv ForceGarbageCollection) 31M->4M(128M) 25.025ms
[60.159s][info][gc] GC(3) Pause Full (JvmtiEnv ForceGarbageCollection) 30M->4M(128M) 24.955ms
[70.802s][info][gc] GC(4) Pause Full (JvmtiEnv ForceGarbageCollection) 30M->4M(128M) 22.213ms
[81.359s][info][gc] GC(5) Pause Full (JvmtiEnv ForceGarbageCollection) 30M->4M(128M) 36.167ms
[91.871s][info][gc] GC(6) Pause Full (JvmtiEnv ForceGarbageCollection) 31M->4M(128M) 25.647ms
[102.288s][info][gc] GC(7) Pause Full (JvmtiEnv ForceGarbageCollection) 30M->4M(128M) 23.047ms
[112.931s][info][gc] GC(8) Pause Full (JvmtiEnv ForceGarbageCollection) 30M->4M(128M) 34.624ms
[123.608s][info][gc] GC(9) Pause Full (JvmtiEnv ForceGarbageCollection) 30M->4M(128M) 23.433ms
[134.071s][info][gc] GC(10) Pause Full (JvmtiEnv ForceGarbageCollection) 30M->4M(128M) 27.208ms
[144.601s][info][gc] GC(11) Pause Full (JvmtiEnv ForceGarbageCollection) 30M->4M(128M) 24.727ms
[155.151s][info][gc] GC(12) Pause Full (JvmtiEnv ForceGarbageCollection) 30M->4M(128M) 30.118ms
[165.633s][info][gc] GC(13) Pause Full (JvmtiEnv ForceGarbageCollection) 30M->4M(128M) 30.987ms
[176.207s][info][gc] GC(14) Pause Full (JvmtiEnv ForceGarbageCollection) 30M->4M(128M) 23.045ms
[197.351s][info][gc] GC(15) Pause Full (JvmtiEnv ForceGarbageCollection) 54M->4M(128M) 27.804ms
[218.415s][info][gc] GC(16) Pause Full (JvmtiEnv ForceGarbageCollection) 54M->4M(128M) 25.058ms
[229.020s][info][gc] GC(17) Pause Full (JvmtiEnv ForceGarbageCollection) 30M->4M(128M) 23.777ms
[239.496s][info][gc] GC(18) Pause Full (JvmtiEnv ForceGarbageCollection) 30M->4M(128M) 21.103ms
[249.994s][info][gc] GC(19) Pause Full (JvmtiEnv ForceGarbageCollection) 30M->4M(128M) 26.512ms
[260.605s][info][gc] GC(20) Pause Full (JvmtiEnv ForceGarbageCollection) 30M->4M(128M) 24.871ms
[271.079s][info][gc] GC(21) Pause Full (JvmtiEnv ForceGarbageCollection) 30M->4M(128M) 29.119ms
[292.321s][info][gc] GC(22) Pause Full (JvmtiEnv ForceGarbageCollection) 54M->4M(128M) 22.498ms
[313.450s][info][gc] GC(23) Pause Full (JvmtiEnv ForceGarbageCollection) 55M->4M(128M) 25.376ms
[323.977s][info][gc] GC(24) Pause Full (JvmtiEnv ForceGarbageCollection) 30M->4M(128M) 26.100ms
[334.429s][info][gc] GC(25) Pause Full (JvmtiEnv ForceGarbageCollection) 30M->4M(128M) 28.150ms
[344.955s][info][gc] GC(26) Pause Full (JvmtiEnv ForceGarbageCollection) 30M->4M(128M) 19.985ms
[355.574s][info][gc] GC(27) Pause Full (JvmtiEnv ForceGarbageCollection) 30M->4M(128M) 23.628ms
[366.171s][info][gc] GC(28) Pause Full (JvmtiEnv ForceGarbageCollection) 30M->4M(128M) 25.874ms
[376.731s][info][gc] GC(29) Pause Full (JvmtiEnv ForceGarbageCollection) 30M->4M(128M) 30.741ms
[387.335s][info][gc] GC(30) Pause Full (JvmtiEnv ForceGarbageCollection) 30M->4M(128M) 30.693ms
[397.822s][info][gc] GC(31) Pause Full (JvmtiEnv ForceGarbageCollection) 30M->4M(128M) 26.440ms
[408.419s][info][gc] GC(32) Pause Full (JvmtiEnv ForceGarbageCollection) 30M->4M(128M) 26.765ms
[418.958s][info][gc] GC(33) Pause Full (JvmtiEnv ForceGarbageCollection) 30M->4M(128M) 24.078ms
[429.484s][info][gc] GC(34) Pause Full (JvmtiEnv ForceGarbageCollection) 30M->4M(128M) 27.879ms
[440.093s][info][gc] GC(35) Pause Full (JvmtiEnv ForceGarbageCollection) 30M->4M(128M) 31.947ms
[451.005s][info][gc] GC(36) Pause Full (JvmtiEnv ForceGarbageCollection) 30M->4M(128M) 24.842ms
[472.087s][info][gc] GC(37) Pause Full (JvmtiEnv ForceGarbageCollection) 55M->4M(128M) 29.324ms
[493.248s][info][gc] GC(38) Pause Full (JvmtiEnv ForceGarbageCollection) 55M->4M(128M) 23.659ms
[503.875s][info][gc] GC(39) Pause Full (JvmtiEnv ForceGarbageCollection) 29M->4M(128M) 26.706ms
[514.444s][info][gc] GC(40) Pause Full (JvmtiEnv ForceGarbageCollection) 29M->4M(128M) 18.641ms
[525.063s][info][gc] GC(41) Pause Full (JvmtiEnv ForceGarbageCollection) 29M->4M(128M) 19.585ms
[535.732s][info][gc] GC(42) Pause Full (JvmtiEnv ForceGarbageCollection) 29M->4M(128M) 27.812ms
[546.367s][info][gc] GC(43) Pause Full (JvmtiEnv ForceGarbageCollection) 29M->4M(128M) 28.250ms
[556.862s][info][gc] GC(44) Pause Full (JvmtiEnv ForceGarbageCollection) 29M->4M(128M) 26.445ms
[567.472s][info][gc] GC(45) Pause Full (JvmtiEnv ForceGarbageCollection) 29M->4M(128M) 26.371ms
[578.094s][info][gc] GC(46) Pause Full (JvmtiEnv ForceGarbageCollection) 30M->4M(128M) 32.565ms
[588.696s][info][gc] GC(47) Pause Full (JvmtiEnv ForceGarbageCollection) 29M->4M(128M) 23.669ms
[599.268s][info][gc] GC(48) Pause Full (JvmtiEnv ForceGarbageCollection) 30M->4M(128M) 22.041ms
[609.903s][info][gc] GC(49) Pause Full (JvmtiEnv ForceGarbageCollection) 30M->4M(128M) 25.151ms
[620.471s][info][gc] GC(50) Pause Full (JvmtiEnv ForceGarbageCollection) 30M->4M(128M) 24.598ms
[630.922s][info][gc] GC(51) Pause Full (JvmtiEnv ForceGarbageCollection) 29M->4M(128M) 22.318ms
[641.420s][info][gc] GC(52) Pause Full (JvmtiEnv ForceGarbageCollection) 30M->4M(128M) 24.575ms
[651.928s][info][gc] GC(53) Pause Full (JvmtiEnv ForceGarbageCollection) 30M->4M(128M) 21.553ms
[662.447s][info][gc] GC(54) Pause Full (JvmtiEnv ForceGarbageCollection) 29M->4M(128M) 32.418ms
[673.143s][info][gc] GC(55) Pause Full (JvmtiEnv ForceGarbageCollection) 29M->4M(128M) 21.957ms
[694.155s][info][gc] GC(56) Pause Full (JvmtiEnv ForceGarbageCollection) 55M->4M(128M) 25.004ms
[704.657s][info][gc] GC(57) Pause Full (JvmtiEnv ForceGarbageCollection) 30M->4M(128M) 24.431ms
[715.155s][info][gc] GC(58) Pause Full (JvmtiEnv ForceGarbageCollection) 30M->4M(128M) 23.910ms
[725.759s][info][gc] GC(59) Pause Full (JvmtiEnv ForceGarbageCollection) 30M->4M(128M) 24.816ms
[736.375s][info][gc] GC(60) Pause Full (JvmtiEnv ForceGarbageCollection) 30M->4M(128M) 26.851ms
[746.847s][info][gc] GC(61) Pause Full (JvmtiEnv ForceGarbageCollection) 30M->4M(128M) 25.009ms
[757.502s][info][gc] GC(62) Pause Full (JvmtiEnv ForceGarbageCollection) 30M->4M(128M) 23.364ms
[768.155s][info][gc] GC(63) Pause Full (JvmtiEnv ForceGarbageCollection) 30M->4M(128M) 22.643ms
[778.849s][info][gc] GC(64) Pause Full (JvmtiEnv ForceGarbageCollection) 30M->4M(128M) 25.010ms
[789.324s][info][gc] GC(65) Pause Full (JvmtiEnv ForceGarbageCollection) 30M->4M(128M) 27.979ms
[799.959s][info][gc] GC(66) Pause Full (JvmtiEnv ForceGarbageCollection) 30M->4M(128M) 26.473ms
