[0.009s][info][gc] Using G1
[17.300s][info][gc] GC(0) Pause Full (JvmtiEnv ForceGarbageCollection) 50M->4M(128M) 40.319ms
[38.576s][info][gc] GC(1) Pause Full (JvmtiEnv ForceGarbageCollection) 55M->4M(128M) 27.596ms
[49.030s][info][gc] GC(2) Pause Full (JvmtiEnv ForceGarbageCollection) 31M->4M(128M) 28.275ms
[59.608s][info][gc] GC(3) Pause Full (JvmtiEnv ForceGarbageCollection) 31M->4M(128M) 27.383ms
[70.216s][info][gc] GC(4) Pause Full (JvmtiEnv ForceGarbageCollection) 31M->4M(128M) 26.556ms
[80.669s][info][gc] GC(5) Pause Full (JvmtiEnv ForceGarbageCollection) 31M->4M(128M) 26.952ms
[91.253s][info][gc] GC(6) Pause Full (JvmtiEnv ForceGarbageCollection) 30M->4M(128M) 29.597ms
[101.757s][info][gc] GC(7) Pause Full (JvmtiEnv ForceGarbageCollection) 31M->4M(128M) 27.147ms
[112.165s][info][gc] GC(8) Pause Full (JvmtiEnv ForceGarbageCollection) 30M->4M(128M) 26.529ms
[122.657s][info][gc] GC(9) Pause Full (JvmtiEnv ForceGarbageCollection) 30M->4M(128M) 26.951ms
[133.079s][info][gc] GC(10) Pause Full (JvmtiEnv ForceGarbageCollection) 30M->4M(128M) 29.929ms
[143.542s][info][gc] GC(11) Pause Full (JvmtiEnv ForceGarbageCollection) 30M->4M(128M) 30.954ms
[154.106s][info][gc] GC(12) Pause Full (JvmtiEnv ForceGarbageCollection) 30M->4M(128M) 26.930ms
[164.579s][info][gc] GC(13) Pause Full (JvmtiEnv ForceGarbageCollection) 30M->4M(128M) 34.862ms
[175.080s][info][gc] GC(14) Pause Full (JvmtiEnv ForceGarbageCollection) 30M->4M(128M) 24.138ms
[185.569s][info][gc] GC(15) Pause Full (JvmtiEnv ForceGarbageCollection) 30M->4M(128M) 24.838ms
[196.057s][info][gc] GC(16) Pause Full (JvmtiEnv ForceGarbageCollection) 30M->4M(128M) 24.754ms
[206.521s][info][gc] GC(17) Pause Full (JvmtiEnv ForceGarbageCollection) 30M->4M(128M) 31.214ms
[217.011s][info][gc] GC(18) Pause Full (JvmtiEnv ForceGarbageCollection) 30M->4M(128M) 23.731ms
[227.604s][info][gc] GC(19) Pause Full (JvmtiEnv ForceGarbageCollection) 30M->4M(128M) 24.951ms
[238.089s][info][gc] GC(20) Pause Full (JvmtiEnv ForceGarbageCollection) 30M->4M(128M) 27.894ms
[248.565s][info][gc] GC(21) Pause Full (JvmtiEnv ForceGarbageCollection) 30M->4M(128M) 22.827ms
[259.026s][info][gc] GC(22) Pause Full (JvmtiEnv ForceGarbageCollection) 30M->4M(128M) 32.380ms
[269.460s][info][gc] GC(23) Pause Full (JvmtiEnv ForceGarbageCollection) 30M->4M(128M) 27.566ms
[290.412s][info][gc] GC(24) Pause Full (JvmtiEnv ForceGarbageCollection) 56M->4M(128M) 27.937ms
[300.882s][info][gc] GC(25) Pause Full (JvmtiEnv ForceGarbageCollection) 29M->4M(128M) 23.535ms
[311.262s][info][gc] GC(26) Pause Full (JvmtiEnv ForceGarbageCollection) 30M->4M(128M) 27.610ms
[321.783s][info][gc] GC(27) Pause Full (JvmtiEnv ForceGarbageCollection) 29M->4M(128M) 22.724ms
[332.208s][info][gc] GC(28) Pause Full (JvmtiEnv ForceGarbageCollection) 30M->4M(128M) 23.167ms
[342.600s][info][gc] GC(29) Pause Full (JvmtiEnv ForceGarbageCollection) 30M->4M(128M) 24.559ms
[353.068s][info][gc] GC(30) Pause Full (JvmtiEnv ForceGarbageCollection) 30M->4M(128M) 23.941ms
[363.616s][info][gc] GC(31) Pause Full (JvmtiEnv ForceGarbageCollection) 30M->4M(128M) 22.821ms
[374.103s][info][gc] GC(32) Pause Full (JvmtiEnv ForceGarbageCollection) 30M->4M(128M) 25.360ms
[395.103s][info][gc] GC(33) Pause Full (JvmtiEnv ForceGarbageCollection) 56M->4M(128M) 23.626ms
[405.532s][info][gc] GC(34) Pause Full (JvmtiEnv ForceGarbageCollection) 30M->4M(128M) 25.195ms
[416.008s][info][gc] GC(35) Pause Full (JvmtiEnv ForceGarbageCollection) 30M->4M(128M) 34.342ms
[426.459s][info][gc] GC(36) Pause Full (JvmtiEnv ForceGarbageCollection) 30M->4M(128M) 21.844ms
[436.864s][info][gc] GC(37) Pause Full (JvmtiEnv ForceGarbageCollection) 30M->4M(128M) 30.065ms
[447.597s][info][gc] GC(38) Pause Full (JvmtiEnv ForceGarbageCollection) 30M->4M(128M) 22.313ms
[458.218s][info][gc] GC(39) Pause Full (JvmtiEnv ForceGarbageCollection) 30M->4M(128M) 24.427ms
[468.647s][info][gc] GC(40) Pause Full (JvmtiEnv ForceGarbageCollection) 30M->4M(128M) 26.678ms
[479.094s][info][gc] GC(41) Pause Full (JvmtiEnv ForceGarbageCollection) 30M->4M(128M) 24.547ms
[489.445s][info][gc] GC(42) Pause Full (JvmtiEnv ForceGarbageCollection) 30M->4M(128M) 25.513ms
[499.884s][info][gc] GC(43) Pause Full (JvmtiEnv ForceGarbageCollection) 30M->4M(128M) 22.282ms
[510.488s][info][gc] GC(44) Pause Full (JvmtiEnv ForceGarbageCollection) 30M->4M(128M) 27.100ms
[521.075s][info][gc] GC(45) Pause Full (JvmtiEnv ForceGarbageCollection) 29M->4M(128M) 25.029ms
[542.037s][info][gc] GC(46) Pause Full (JvmtiEnv ForceGarbageCollection) 54M->4M(128M) 30.132ms
[552.321s][info][gc] GC(47) Pause Full (JvmtiEnv ForceGarbageCollection) 30M->4M(128M) 31.209ms
[562.748s][info][gc] GC(48) Pause Full (JvmtiEnv ForceGarbageCollection) 30M->4M(128M) 23.470ms
[573.242s][info][gc] GC(49) Pause Full (JvmtiEnv ForceGarbageCollection) 30M->4M(128M) 24.083ms
[583.793s][info][gc] GC(50) Pause Full (JvmtiEnv ForceGarbageCollection) 30M->4M(128M) 29.196ms
[594.292s][info][gc] GC(51) Pause Full (JvmtiEnv ForceGarbageCollection) 30M->4M(128M) 18.895ms
[604.745s][info][gc] GC(52) Pause Full (JvmtiEnv ForceGarbageCollection) 30M->4M(128M) 24.808ms
[615.157s][info][gc] GC(53) Pause Full (JvmtiEnv ForceGarbageCollection) 30M->4M(128M) 27.616ms
[625.601s][info][gc] GC(54) Pause Full (JvmtiEnv ForceGarbageCollection) 30M->4M(128M) 27.944ms
[646.232s][info][gc] GC(55) Pause Full (JvmtiEnv ForceGarbageCollection) 55M->4M(128M) 22.626ms
[656.625s][info][gc] GC(56) Pause Full (JvmtiEnv ForceGarbageCollection) 29M->4M(128M) 26.941ms
[667.117s][info][gc] GC(57) Pause Full (JvmtiEnv ForceGarbageCollection) 29M->4M(128M) 20.732ms
[677.632s][info][gc] GC(58) Pause Full (JvmtiEnv ForceGarbageCollection) 29M->4M(128M) 19.837ms
[688.054s][info][gc] GC(59) Pause Full (JvmtiEnv ForceGarbageCollection) 29M->4M(128M) 24.018ms
[698.505s][info][gc] GC(60) Pause Full (JvmtiEnv ForceGarbageCollection) 29M->4M(128M) 23.576ms
[709.091s][info][gc] GC(61) Pause Full (JvmtiEnv ForceGarbageCollection) 29M->4M(128M) 23.767ms
[719.628s][info][gc] GC(62) Pause Full (JvmtiEnv ForceGarbageCollection) 29M->4M(128M) 24.689ms
[730.140s][info][gc] GC(63) Pause Full (JvmtiEnv ForceGarbageCollection) 29M->4M(128M) 20.447ms
[740.648s][info][gc] GC(64) Pause Full (JvmtiEnv ForceGarbageCollection) 30M->4M(128M) 26.013ms
[751.173s][info][gc] GC(65) Pause Full (JvmtiEnv ForceGarbageCollection) 30M->4M(128M) 23.268ms
[761.598s][info][gc] GC(66) Pause Full (JvmtiEnv ForceGarbageCollection) 29M->4M(128M) 21.098ms
[772.060s][info][gc] GC(67) Pause Full (JvmtiEnv ForceGarbageCollection) 30M->4M(128M) 23.454ms
[782.545s][info][gc] GC(68) Pause Full (JvmtiEnv ForceGarbageCollection) 29M->4M(128M) 27.811ms
