[0.012s][info][gc] Using G1
[15.993s][info][gc] GC(0) Pause Full (JvmtiEnv ForceGarbageCollection) 49M->4M(128M) 40.202ms
[36.986s][info][gc] GC(1) Pause Full (JvmtiEnv ForceGarbageCollection) 57M->4M(128M) 29.932ms
[57.926s][info][gc] GC(2) Pause Full (JvmtiEnv ForceGarbageCollection) 56M->4M(128M) 35.832ms
[78.304s][info][gc] GC(3) Pause Full (JvmtiEnv ForceGarbageCollection) 56M->5M(128M) 32.446ms
[99.072s][info][gc] GC(4) Pause Full (JvmtiEnv ForceGarbageCollection) 56M->5M(128M) 34.097ms
[119.849s][info][gc] GC(5) Pause Full (JvmtiEnv ForceGarbageCollection) 54M->5M(128M) 35.791ms
[140.501s][info][gc] GC(6) Pause Full (JvmtiEnv ForceGarbageCollection) 56M->5M(128M) 33.739ms
[160.887s][info][gc] GC(7) Pause Full (JvmtiEnv ForceGarbageCollection) 56M->4M(128M) 47.449ms
[181.489s][info][gc] GC(8) Pause Full (JvmtiEnv ForceGarbageCollection) 55M->4M(128M) 31.451ms
[191.838s][info][gc] GC(9) Pause Full (JvmtiEnv ForceGarbageCollection) 29M->4M(128M) 36.829ms
[201.944s][info][gc] GC(10) Pause Full (JvmtiEnv ForceGarbageCollection) 30M->4M(128M) 25.831ms
[222.794s][info][gc] GC(11) Pause Full (JvmtiEnv ForceGarbageCollection) 54M->4M(128M) 32.735ms
[233.299s][info][gc] GC(12) Pause Full (JvmtiEnv ForceGarbageCollection) 30M->4M(128M) 32.961ms
[243.700s][info][gc] GC(13) Pause Full (JvmtiEnv ForceGarbageCollection) 30M->4M(128M) 42.837ms
[253.909s][info][gc] GC(14) Pause Full (JvmtiEnv ForceGarbageCollection) 30M->4M(128M) 25.935ms
[264.361s][info][gc] GC(15) Pause Full (JvmtiEnv ForceGarbageCollection) 30M->4M(128M) 48.111ms
[274.802s][info][gc] GC(16) Pause Full (JvmtiEnv ForceGarbageCollection) 30M->4M(128M) 26.575ms
[285.312s][info][gc] GC(17) Pause Full (JvmtiEnv ForceGarbageCollection) 30M->4M(128M) 50.454ms
[295.500s][info][gc] GC(18) Pause Full (JvmtiEnv ForceGarbageCollection) 30M->4M(128M) 26.148ms
[316.201s][info][gc] GC(19) Pause Full (JvmtiEnv ForceGarbageCollection) 55M->4M(128M) 37.122ms
[326.526s][info][gc] GC(20) Pause Full (JvmtiEnv ForceGarbageCollection) 30M->4M(128M) 36.246ms
[336.835s][info][gc] GC(21) Pause Full (JvmtiEnv ForceGarbageCollection) 30M->4M(128M) 25.243ms
[347.161s][info][gc] GC(22) Pause Full (JvmtiEnv ForceGarbageCollection) 30M->4M(128M) 31.343ms
[357.344s][info][gc] GC(23) Pause Full (JvmtiEnv ForceGarbageCollection) 30M->4M(128M) 21.229ms
[367.799s][info][gc] GC(24) Pause Full (JvmtiEnv ForceGarbageCollection) 30M->4M(128M) 33.142ms
[377.996s][info][gc] GC(25) Pause Full (JvmtiEnv ForceGarbageCollection) 30M->4M(128M) 25.470ms
[388.263s][info][gc] GC(26) Pause Full (JvmtiEnv ForceGarbageCollection) 30M->4M(128M) 24.454ms
[398.744s][info][gc] GC(27) Pause Full (JvmtiEnv ForceGarbageCollection) 30M->4M(128M) 39.507ms
[408.988s][info][gc] GC(28) Pause Full (JvmtiEnv ForceGarbageCollection) 30M->4M(128M) 22.639ms
[419.679s][info][gc] GC(29) Pause Full (JvmtiEnv ForceGarbageCollection) 30M->4M(128M) 49.444ms
[430.064s][info][gc] GC(30) Pause Full (JvmtiEnv ForceGarbageCollection) 30M->4M(128M) 25.853ms
[440.597s][info][gc] GC(31) Pause Full (JvmtiEnv ForceGarbageCollection) 30M->4M(128M) 46.278ms
[450.818s][info][gc] GC(32) Pause Full (JvmtiEnv ForceGarbageCollection) 30M->4M(128M) 25.688ms
[461.038s][info][gc] GC(33) Pause Full (JvmtiEnv ForceGarbageCollection) 30M->4M(128M) 42.690ms
[482.021s][info][gc] GC(34) Pause Full (JvmtiEnv ForceGarbageCollection) 55M->4M(128M) 37.771ms
[492.522s][info][gc] GC(35) Pause Full (JvmtiEnv ForceGarbageCollection) 30M->4M(128M) 22.733ms
[502.743s][info][gc] GC(36) Pause Full (JvmtiEnv ForceGarbageCollection) 30M->4M(128M) 48.381ms
[513.009s][info][gc] GC(37) Pause Full (JvmtiEnv ForceGarbageCollection) 30M->4M(128M) 43.514ms
[523.453s][info][gc] GC(38) Pause Full (JvmtiEnv ForceGarbageCollection) 30M->4M(128M) 32.729ms
[533.970s][info][gc] GC(39) Pause Full (JvmtiEnv ForceGarbageCollection) 30M->4M(128M) 25.223ms
[544.458s][info][gc] GC(40) Pause Full (JvmtiEnv ForceGarbageCollection) 30M->4M(128M) 29.378ms
[554.765s][info][gc] GC(41) Pause Full (JvmtiEnv ForceGarbageCollection) 30M->4M(128M) 25.913ms
[565.336s][info][gc] GC(42) Pause Full (JvmtiEnv ForceGarbageCollection) 30M->4M(128M) 46.125ms
[575.839s][info][gc] GC(43) Pause Full (JvmtiEnv ForceGarbageCollection) 30M->4M(128M) 21.615ms
[596.819s][info][gc] GC(44) Pause Full (JvmtiEnv ForceGarbageCollection) 55M->4M(128M) 36.908ms
[607.319s][info][gc] GC(45) Pause Full (JvmtiEnv ForceGarbageCollection) 30M->4M(128M) 30.810ms
[617.899s][info][gc] GC(46) Pause Full (JvmtiEnv ForceGarbageCollection) 30M->4M(128M) 31.506ms
[628.550s][info][gc] GC(47) Pause Full (JvmtiEnv ForceGarbageCollection) 30M->4M(128M) 32.553ms
[638.953s][info][gc] GC(48) Pause Full (JvmtiEnv ForceGarbageCollection) 30M->4M(128M) 24.088ms
[649.376s][info][gc] GC(49) Pause Full (JvmtiEnv ForceGarbageCollection) 30M->4M(128M) 39.685ms
[670.623s][info][gc] GC(50) Pause Full (JvmtiEnv ForceGarbageCollection) 55M->4M(128M) 43.835ms
[681.347s][info][gc] GC(51) Pause Full (JvmtiEnv ForceGarbageCollection) 30M->4M(128M) 44.764ms
[691.914s][info][gc] GC(52) Pause Full (JvmtiEnv ForceGarbageCollection) 30M->4M(128M) 29.933ms
[702.496s][info][gc] GC(53) Pause Full (JvmtiEnv ForceGarbageCollection) 30M->4M(128M) 33.990ms
[713.054s][info][gc] GC(54) Pause Full (JvmtiEnv ForceGarbageCollection) 30M->4M(128M) 24.692ms
[723.684s][info][gc] GC(55) Pause Full (JvmtiEnv ForceGarbageCollection) 30M->4M(128M) 29.124ms
[734.160s][info][gc] GC(56) Pause Full (JvmtiEnv ForceGarbageCollection) 30M->4M(128M) 25.445ms
[755.181s][info][gc] GC(57) Pause Full (JvmtiEnv ForceGarbageCollection) 55M->4M(128M) 37.157ms
[765.782s][info][gc] GC(58) Pause Full (JvmtiEnv ForceGarbageCollection) 30M->4M(128M) 30.940ms
[776.046s][info][gc] GC(59) Pause Full (JvmtiEnv ForceGarbageCollection) 30M->4M(128M) 36.608ms
[786.591s][info][gc] GC(60) Pause Full (JvmtiEnv ForceGarbageCollection) 30M->4M(128M) 24.082ms
