[0.011s][info][gc] Using G1
[16.249s][info][gc] GC(0) Pause Full (JvmtiEnv ForceGarbageCollection) 50M->4M(128M) 42.344ms
[37.621s][info][gc] GC(1) Pause Full (JvmtiEnv ForceGarbageCollection) 55M->4M(128M) 30.500ms
[58.645s][info][gc] GC(2) Pause Full (JvmtiEnv ForceGarbageCollection) 56M->4M(128M) 37.531ms
[79.652s][info][gc] GC(3) Pause Full (JvmtiEnv ForceGarbageCollection) 56M->4M(128M) 40.996ms
[90.018s][info][gc] GC(4) Pause Full (JvmtiEnv ForceGarbageCollection) 30M->4M(128M) 24.247ms
[100.597s][info][gc] GC(5) Pause Full (JvmtiEnv ForceGarbageCollection) 29M->4M(128M) 44.164ms
[111.026s][info][gc] GC(6) Pause Full (JvmtiEnv ForceGarbageCollection) 30M->4M(128M) 34.899ms
[121.522s][info][gc] GC(7) Pause Full (JvmtiEnv ForceGarbageCollection) 29M->4M(128M) 44.299ms
[131.872s][info][gc] GC(8) Pause Full (JvmtiEnv ForceGarbageCollection) 30M->4M(128M) 33.202ms
[142.329s][info][gc] GC(9) Pause Full (JvmtiEnv ForceGarbageCollection) 30M->4M(128M) 57.450ms
[152.985s][info][gc] GC(10) Pause Full (JvmtiEnv ForceGarbageCollection) 30M->4M(128M) 29.538ms
[163.513s][info][gc] GC(11) Pause Full (JvmtiEnv ForceGarbageCollection) 30M->4M(128M) 33.884ms
[173.944s][info][gc] GC(12) Pause Full (JvmtiEnv ForceGarbageCollection) 30M->4M(128M) 18.975ms
[184.281s][info][gc] GC(13) Pause Full (JvmtiEnv ForceGarbageCollection) 30M->4M(128M) 25.309ms
[194.603s][info][gc] GC(14) Pause Full (JvmtiEnv ForceGarbageCollection) 30M->4M(128M) 23.602ms
[204.934s][info][gc] GC(15) Pause Full (JvmtiEnv ForceGarbageCollection) 30M->4M(128M) 25.844ms
[215.454s][info][gc] GC(16) Pause Full (JvmtiEnv ForceGarbageCollection) 30M->4M(128M) 31.004ms
[225.886s][info][gc] GC(17) Pause Full (JvmtiEnv ForceGarbageCollection) 30M->4M(128M) 24.097ms
[246.719s][info][gc] GC(18) Pause Full (JvmtiEnv ForceGarbageCollection) 55M->4M(128M) 35.141ms
[257.222s][info][gc] GC(19) Pause Full (JvmtiEnv ForceGarbageCollection) 30M->4M(128M) 30.685ms
[267.892s][info][gc] GC(20) Pause Full (JvmtiEnv ForceGarbageCollection) 30M->4M(128M) 20.709ms
[288.791s][info][gc] GC(21) Pause Full (JvmtiEnv ForceGarbageCollection) 55M->4M(128M) 35.022ms
[309.731s][info][gc] GC(22) Pause Full (JvmtiEnv ForceGarbageCollection) 55M->4M(128M) 34.402ms
[330.870s][info][gc] GC(23) Pause Full (JvmtiEnv ForceGarbageCollection) 55M->4M(128M) 49.154ms
[351.877s][info][gc] GC(24) Pause Full (JvmtiEnv ForceGarbageCollection) 54M->4M(128M) 34.651ms
[362.299s][info][gc] GC(25) Pause Full (JvmtiEnv ForceGarbageCollection) 30M->4M(128M) 35.268ms
[383.358s][info][gc] GC(26) Pause Full (JvmtiEnv ForceGarbageCollection) 55M->4M(128M) 35.193ms
[404.407s][info][gc] GC(27) Pause Full (JvmtiEnv ForceGarbageCollection) 55M->4M(128M) 41.009ms
[425.250s][info][gc] GC(28) Pause Full (JvmtiEnv ForceGarbageCollection) 55M->4M(128M) 35.195ms
[435.698s][info][gc] GC(29) Pause Full (JvmtiEnv ForceGarbageCollection) 30M->4M(128M) 26.853ms
[446.256s][info][gc] GC(30) Pause Full (JvmtiEnv ForceGarbageCollection) 30M->4M(128M) 31.354ms
[456.646s][info][gc] GC(31) Pause Full (JvmtiEnv ForceGarbageCollection) 30M->4M(128M) 22.912ms
[467.002s][info][gc] GC(32) Pause Full (JvmtiEnv ForceGarbageCollection) 30M->4M(128M) 35.975ms
[477.420s][info][gc] GC(33) Pause Full (JvmtiEnv ForceGarbageCollection) 30M->4M(128M) 21.789ms
[487.946s][info][gc] GC(34) Pause Full (JvmtiEnv ForceGarbageCollection) 30M->4M(128M) 37.284ms
[498.480s][info][gc] GC(35) Pause Full (JvmtiEnv ForceGarbageCollection) 30M->4M(128M) 21.581ms
[509.003s][info][gc] GC(36) Pause Full (JvmtiEnv ForceGarbageCollection) 30M->4M(128M) 36.617ms
[519.615s][info][gc] GC(37) Pause Full (JvmtiEnv ForceGarbageCollection) 30M->4M(128M) 22.026ms
[530.156s][info][gc] GC(38) Pause Full (JvmtiEnv ForceGarbageCollection) 30M->4M(128M) 36.373ms
[540.780s][info][gc] GC(39) Pause Full (JvmtiEnv ForceGarbageCollection) 30M->4M(128M) 28.363ms
[551.337s][info][gc] GC(40) Pause Full (JvmtiEnv ForceGarbageCollection) 30M->4M(128M) 53.175ms
[561.873s][info][gc] GC(41) Pause Full (JvmtiEnv ForceGarbageCollection) 30M->4M(128M) 45.619ms
[572.443s][info][gc] GC(42) Pause Full (JvmtiEnv ForceGarbageCollection) 30M->4M(128M) 44.788ms
[583.087s][info][gc] GC(43) Pause Full (JvmtiEnv ForceGarbageCollection) 30M->4M(128M) 29.457ms
[593.370s][info][gc] GC(44) Pause Full (JvmtiEnv ForceGarbageCollection) 30M->4M(128M) 33.912ms
[603.572s][info][gc] GC(45) Pause Full (JvmtiEnv ForceGarbageCollection) 30M->4M(128M) 24.500ms
[613.962s][info][gc] GC(46) Pause Full (JvmtiEnv ForceGarbageCollection) 30M->4M(128M) 30.514ms
[624.453s][info][gc] GC(47) Pause Full (JvmtiEnv ForceGarbageCollection) 30M->4M(128M) 27.074ms
[645.562s][info][gc] GC(48) Pause Full (JvmtiEnv ForceGarbageCollection) 55M->4M(128M) 38.510ms
[666.696s][info][gc] GC(49) Pause Full (JvmtiEnv ForceGarbageCollection) 55M->4M(128M) 36.854ms
[687.522s][info][gc] GC(50) Pause Full (JvmtiEnv ForceGarbageCollection) 55M->4M(128M) 35.791ms
[708.493s][info][gc] GC(51) Pause Full (JvmtiEnv ForceGarbageCollection) 55M->4M(128M) 38.936ms
[729.794s][info][gc] GC(52) Pause Full (JvmtiEnv ForceGarbageCollection) 55M->4M(128M) 49.922ms
[750.427s][info][gc] GC(53) Pause Full (JvmtiEnv ForceGarbageCollection) 55M->4M(128M) 43.738ms
[760.750s][info][gc] GC(54) Pause Full (JvmtiEnv ForceGarbageCollection) 30M->4M(128M) 27.871ms
[771.294s][info][gc] GC(55) Pause Full (JvmtiEnv ForceGarbageCollection) 30M->4M(128M) 52.517ms
[781.729s][info][gc] GC(56) Pause Full (JvmtiEnv ForceGarbageCollection) 30M->4M(128M) 21.653ms
[792.216s][info][gc] GC(57) Pause Full (JvmtiEnv ForceGarbageCollection) 30M->4M(128M) 31.126ms
