[0.009s][info][gc] Using G1
[16.012s][info][gc] GC(0) Pause Full (JvmtiEnv ForceGarbageCollection) 49M->4M(128M) 37.018ms
[37.250s][info][gc] GC(1) Pause Full (JvmtiEnv ForceGarbageCollection) 55M->4M(128M) 38.026ms
[58.500s][info][gc] GC(2) Pause Full (JvmtiEnv ForceGarbageCollection) 56M->4M(128M) 39.422ms
[69.193s][info][gc] GC(3) Pause Full (JvmtiEnv ForceGarbageCollection) 30M->4M(128M) 36.989ms
[79.652s][info][gc] GC(4) Pause Full (JvmtiEnv ForceGarbageCollection) 30M->4M(128M) 31.618ms
[90.199s][info][gc] GC(5) Pause Full (JvmtiEnv ForceGarbageCollection) 30M->4M(128M) 28.379ms
[111.327s][info][gc] GC(6) Pause Full (JvmtiEnv ForceGarbageCollection) 54M->5M(128M) 55.303ms
[121.671s][info][gc] GC(7) Pause Full (JvmtiEnv ForceGarbageCollection) 30M->4M(128M) 38.804ms
[132.151s][info][gc] GC(8) Pause Full (JvmtiEnv ForceGarbageCollection) 30M->4M(128M) 35.512ms
[142.578s][info][gc] GC(9) Pause Full (JvmtiEnv ForceGarbageCollection) 30M->4M(128M) 60.877ms
[153.085s][info][gc] GC(10) Pause Full (JvmtiEnv ForceGarbageCollection) 30M->4M(128M) 36.250ms
[163.466s][info][gc] GC(11) Pause Full (JvmtiEnv ForceGarbageCollection) 30M->4M(128M) 24.910ms
[173.828s][info][gc] GC(12) Pause Full (JvmtiEnv ForceGarbageCollection) 30M->4M(128M) 32.820ms
[184.093s][info][gc] GC(13) Pause Full (JvmtiEnv ForceGarbageCollection) 30M->4M(128M) 30.223ms
[194.725s][info][gc] GC(14) Pause Full (JvmtiEnv ForceGarbageCollection) 30M->4M(128M) 45.047ms
[205.142s][info][gc] GC(15) Pause Full (JvmtiEnv ForceGarbageCollection) 30M->4M(128M) 31.046ms
[215.479s][info][gc] GC(16) Pause Full (JvmtiEnv ForceGarbageCollection) 30M->4M(128M) 39.048ms
[226.023s][info][gc] GC(17) Pause Full (JvmtiEnv ForceGarbageCollection) 30M->4M(128M) 30.243ms
[236.367s][info][gc] GC(18) Pause Full (JvmtiEnv ForceGarbageCollection) 30M->4M(128M) 30.042ms
[246.729s][info][gc] GC(19) Pause Full (JvmtiEnv ForceGarbageCollection) 30M->4M(128M) 19.617ms
[257.135s][info][gc] GC(20) Pause Full (JvmtiEnv ForceGarbageCollection) 30M->4M(128M) 36.994ms
[267.497s][info][gc] GC(21) Pause Full (JvmtiEnv ForceGarbageCollection) 30M->4M(128M) 23.659ms
[277.925s][info][gc] GC(22) Pause Full (JvmtiEnv ForceGarbageCollection) 30M->4M(128M) 39.145ms
[288.160s][info][gc] GC(23) Pause Full (JvmtiEnv ForceGarbageCollection) 30M->4M(128M) 24.455ms
[298.567s][info][gc] GC(24) Pause Full (JvmtiEnv ForceGarbageCollection) 30M->4M(128M) 31.902ms
[308.902s][info][gc] GC(25) Pause Full (JvmtiEnv ForceGarbageCollection) 30M->4M(128M) 32.397ms
[319.472s][info][gc] GC(26) Pause Full (JvmtiEnv ForceGarbageCollection) 30M->4M(128M) 35.711ms
[329.755s][info][gc] GC(27) Pause Full (JvmtiEnv ForceGarbageCollection) 30M->4M(128M) 18.564ms
[340.152s][info][gc] GC(28) Pause Full (JvmtiEnv ForceGarbageCollection) 30M->4M(128M) 34.083ms
[360.591s][info][gc] GC(29) Pause Full (JvmtiEnv ForceGarbageCollection) 56M->4M(128M) 27.906ms
[381.128s][info][gc] GC(30) Pause Full (JvmtiEnv ForceGarbageCollection) 54M->4M(128M) 30.704ms
[391.464s][info][gc] GC(31) Pause Full (JvmtiEnv ForceGarbageCollection) 30M->4M(128M) 24.815ms
[401.779s][info][gc] GC(32) Pause Full (JvmtiEnv ForceGarbageCollection) 30M->4M(128M) 24.913ms
[412.233s][info][gc] GC(33) Pause Full (JvmtiEnv ForceGarbageCollection) 30M->4M(128M) 36.909ms
[422.594s][info][gc] GC(34) Pause Full (JvmtiEnv ForceGarbageCollection) 30M->4M(128M) 29.978ms
[443.510s][info][gc] GC(35) Pause Full (JvmtiEnv ForceGarbageCollection) 55M->4M(128M) 49.226ms
[464.012s][info][gc] GC(36) Pause Full (JvmtiEnv ForceGarbageCollection) 55M->4M(128M) 45.050ms
[484.624s][info][gc] GC(37) Pause Full (JvmtiEnv ForceGarbageCollection) 55M->4M(128M) 50.491ms
[494.748s][info][gc] GC(38) Pause Full (JvmtiEnv ForceGarbageCollection) 30M->4M(128M) 37.280ms
[504.734s][info][gc] GC(39) Pause Full (JvmtiEnv ForceGarbageCollection) 30M->4M(128M) 29.432ms
[515.065s][info][gc] GC(40) Pause Full (JvmtiEnv ForceGarbageCollection) 30M->4M(128M) 37.429ms
[525.452s][info][gc] GC(41) Pause Full (JvmtiEnv ForceGarbageCollection) 30M->4M(128M) 24.975ms
[535.723s][info][gc] GC(42) Pause Full (JvmtiEnv ForceGarbageCollection) 30M->4M(128M) 38.699ms
[545.979s][info][gc] GC(43) Pause Full (JvmtiEnv ForceGarbageCollection) 30M->4M(128M) 24.704ms
[556.239s][info][gc] GC(44) Pause Full (JvmtiEnv ForceGarbageCollection) 30M->4M(128M) 25.496ms
[566.651s][info][gc] GC(45) Pause Full (JvmtiEnv ForceGarbageCollection) 30M->4M(128M) 34.127ms
[576.812s][info][gc] GC(46) Pause Full (JvmtiEnv ForceGarbageCollection) 30M->4M(128M) 20.451ms
[597.236s][info][gc] GC(47) Pause Full (JvmtiEnv ForceGarbageCollection) 55M->4M(128M) 38.616ms
[607.475s][info][gc] GC(48) Pause Full (JvmtiEnv ForceGarbageCollection) 30M->4M(128M) 26.604ms
[617.702s][info][gc] GC(49) Pause Full (JvmtiEnv ForceGarbageCollection) 30M->4M(128M) 29.290ms
[627.956s][info][gc] GC(50) Pause Full (JvmtiEnv ForceGarbageCollection) 30M->4M(128M) 21.530ms
[638.404s][info][gc] GC(51) Pause Full (JvmtiEnv ForceGarbageCollection) 30M->4M(128M) 34.595ms
[648.667s][info][gc] GC(52) Pause Full (JvmtiEnv ForceGarbageCollection) 30M->4M(128M) 23.192ms
[659.043s][info][gc] GC(53) Pause Full (JvmtiEnv ForceGarbageCollection) 30M->4M(128M) 34.297ms
[669.287s][info][gc] GC(54) Pause Full (JvmtiEnv ForceGarbageCollection) 30M->4M(128M) 20.980ms
[679.411s][info][gc] GC(55) Pause Full (JvmtiEnv ForceGarbageCollection) 30M->4M(128M) 40.020ms
[689.432s][info][gc] GC(56) Pause Full (JvmtiEnv ForceGarbageCollection) 30M->4M(128M) 23.091ms
[699.625s][info][gc] GC(57) Pause Full (JvmtiEnv ForceGarbageCollection) 30M->4M(128M) 35.888ms
[720.093s][info][gc] GC(58) Pause Full (JvmtiEnv ForceGarbageCollection) 55M->4M(128M) 36.005ms
[730.379s][info][gc] GC(59) Pause Full (JvmtiEnv ForceGarbageCollection) 30M->4M(128M) 23.747ms
[740.719s][info][gc] GC(60) Pause Full (JvmtiEnv ForceGarbageCollection) 30M->4M(128M) 31.109ms
[751.089s][info][gc] GC(61) Pause Full (JvmtiEnv ForceGarbageCollection) 30M->4M(128M) 32.298ms
[761.392s][info][gc] GC(62) Pause Full (JvmtiEnv ForceGarbageCollection) 30M->4M(128M) 26.871ms
[771.784s][info][gc] GC(63) Pause Full (JvmtiEnv ForceGarbageCollection) 30M->4M(128M) 24.526ms
[782.150s][info][gc] GC(64) Pause Full (JvmtiEnv ForceGarbageCollection) 30M->4M(128M) 29.711ms
