[0.011s][info][gc] Using G1
[16.100s][info][gc] GC(0) Pause Full (JvmtiEnv ForceGarbageCollection) 50M->4M(128M) 29.083ms
[37.186s][info][gc] GC(1) Pause Full (JvmtiEnv ForceGarbageCollection) 56M->4M(128M) 30.746ms
[47.639s][info][gc] GC(2) Pause Full (JvmtiEnv ForceGarbageCollection) 31M->4M(128M) 24.652ms
[57.998s][info][gc] GC(3) Pause Full (JvmtiEnv ForceGarbageCollection) 31M->4M(128M) 23.207ms
[68.423s][info][gc] GC(4) Pause Full (JvmtiEnv ForceGarbageCollection) 30M->4M(128M) 23.215ms
[78.815s][info][gc] GC(5) Pause Full (JvmtiEnv ForceGarbageCollection) 31M->4M(128M) 31.670ms
[89.287s][info][gc] GC(6) Pause Full (JvmtiEnv ForceGarbageCollection) 30M->4M(128M) 29.121ms
[110.096s][info][gc] GC(7) Pause Full (JvmtiEnv ForceGarbageCollection) 57M->4M(128M) 30.055ms
[120.784s][info][gc] GC(8) Pause Full (JvmtiEnv ForceGarbageCollection) 29M->4M(128M) 50.945ms
[131.504s][info][gc] GC(9) Pause Full (JvmtiEnv ForceGarbageCollection) 29M->4M(128M) 23.447ms
[141.956s][info][gc] GC(10) Pause Full (JvmtiEnv ForceGarbageCollection) 30M->4M(128M) 33.791ms
[152.315s][info][gc] GC(11) Pause Full (JvmtiEnv ForceGarbageCollection) 30M->4M(128M) 36.414ms
[162.476s][info][gc] GC(12) Pause Full (JvmtiEnv ForceGarbageCollection) 30M->4M(128M) 18.219ms
[172.634s][info][gc] GC(13) Pause Full (JvmtiEnv ForceGarbageCollection) 30M->4M(128M) 19.808ms
[182.815s][info][gc] GC(14) Pause Full (JvmtiEnv ForceGarbageCollection) 30M->4M(128M) 26.828ms
[192.995s][info][gc] GC(15) Pause Full (JvmtiEnv ForceGarbageCollection) 30M->4M(128M) 22.527ms
[203.297s][info][gc] GC(16) Pause Full (JvmtiEnv ForceGarbageCollection) 30M->4M(128M) 22.871ms
[213.553s][info][gc] GC(17) Pause Full (JvmtiEnv ForceGarbageCollection) 30M->4M(128M) 23.296ms
[233.953s][info][gc] GC(18) Pause Full (JvmtiEnv ForceGarbageCollection) 56M->4M(128M) 25.784ms
[254.377s][info][gc] GC(19) Pause Full (JvmtiEnv ForceGarbageCollection) 56M->4M(128M) 30.456ms
[275.064s][info][gc] GC(20) Pause Full (JvmtiEnv ForceGarbageCollection) 55M->4M(128M) 33.907ms
[295.444s][info][gc] GC(21) Pause Full (JvmtiEnv ForceGarbageCollection) 55M->4M(128M) 18.829ms
[315.908s][info][gc] GC(22) Pause Full (JvmtiEnv ForceGarbageCollection) 55M->4M(128M) 54.304ms
[326.150s][info][gc] GC(23) Pause Full (JvmtiEnv ForceGarbageCollection) 29M->4M(128M) 27.369ms
[336.372s][info][gc] GC(24) Pause Full (JvmtiEnv ForceGarbageCollection) 29M->4M(128M) 25.943ms
[357.053s][info][gc] GC(25) Pause Full (JvmtiEnv ForceGarbageCollection) 55M->4M(128M) 42.227ms
[377.670s][info][gc] GC(26) Pause Full (JvmtiEnv ForceGarbageCollection) 55M->4M(128M) 25.799ms
[398.263s][info][gc] GC(27) Pause Full (JvmtiEnv ForceGarbageCollection) 55M->4M(128M) 41.275ms
[418.999s][info][gc] GC(28) Pause Full (JvmtiEnv ForceGarbageCollection) 55M->4M(128M) 43.291ms
[439.791s][info][gc] GC(29) Pause Full (JvmtiEnv ForceGarbageCollection) 55M->4M(128M) 43.926ms
[460.188s][info][gc] GC(30) Pause Full (JvmtiEnv ForceGarbageCollection) 55M->4M(128M) 23.958ms
[480.782s][info][gc] GC(31) Pause Full (JvmtiEnv ForceGarbageCollection) 55M->4M(128M) 49.354ms
[501.277s][info][gc] GC(32) Pause Full (JvmtiEnv ForceGarbageCollection) 55M->4M(128M) 33.309ms
[521.890s][info][gc] GC(33) Pause Full (JvmtiEnv ForceGarbageCollection) 55M->4M(128M) 23.019ms
[542.271s][info][gc] GC(34) Pause Full (JvmtiEnv ForceGarbageCollection) 55M->4M(128M) 33.165ms
[562.741s][info][gc] GC(35) Pause Full (JvmtiEnv ForceGarbageCollection) 55M->4M(128M) 28.874ms
[583.107s][info][gc] GC(36) Pause Full (JvmtiEnv ForceGarbageCollection) 55M->4M(128M) 25.244ms
[593.452s][info][gc] GC(37) Pause Full (JvmtiEnv ForceGarbageCollection) 30M->4M(128M) 30.787ms
[604.195s][info][gc] GC(38) Pause Full (JvmtiEnv ForceGarbageCollection) 30M->4M(128M) 48.144ms
[614.585s][info][gc] GC(39) Pause Full (JvmtiEnv ForceGarbageCollection) 30M->4M(128M) 23.475ms
[624.906s][info][gc] GC(40) Pause Full (JvmtiEnv ForceGarbageCollection) 30M->4M(128M) 48.644ms
[635.256s][info][gc] GC(41) Pause Full (JvmtiEnv ForceGarbageCollection) 30M->4M(128M) 48.866ms
[645.461s][info][gc] GC(42) Pause Full (JvmtiEnv ForceGarbageCollection) 30M->4M(128M) 25.418ms
[655.755s][info][gc] GC(43) Pause Full (JvmtiEnv ForceGarbageCollection) 30M->4M(128M) 46.243ms
[676.558s][info][gc] GC(44) Pause Full (JvmtiEnv ForceGarbageCollection) 55M->4M(128M) 28.206ms
[686.888s][info][gc] GC(45) Pause Full (JvmtiEnv ForceGarbageCollection) 30M->4M(128M) 37.216ms
[697.277s][info][gc] GC(46) Pause Full (JvmtiEnv ForceGarbageCollection) 30M->4M(128M) 35.187ms
[707.495s][info][gc] GC(47) Pause Full (JvmtiEnv ForceGarbageCollection) 30M->4M(128M) 22.390ms
[717.827s][info][gc] GC(48) Pause Full (JvmtiEnv ForceGarbageCollection) 30M->4M(128M) 38.623ms
[728.195s][info][gc] GC(49) Pause Full (JvmtiEnv ForceGarbageCollection) 30M->4M(128M) 19.284ms
[748.898s][info][gc] GC(50) Pause Full (JvmtiEnv ForceGarbageCollection) 55M->4M(128M) 25.785ms
[759.308s][info][gc] GC(51) Pause Full (JvmtiEnv ForceGarbageCollection) 30M->4M(128M) 35.773ms
[769.639s][info][gc] GC(52) Pause Full (JvmtiEnv ForceGarbageCollection) 30M->4M(128M) 24.137ms
[779.914s][info][gc] GC(53) Pause Full (JvmtiEnv ForceGarbageCollection) 30M->4M(128M) 19.558ms
[790.232s][info][gc] GC(54) Pause Full (JvmtiEnv ForceGarbageCollection) 30M->4M(128M) 21.998ms
