[0.009s][info][gc] Using G1
[15.976s][info][gc] GC(0) Pause Full (JvmtiEnv ForceGarbageCollection) 49M->4M(128M) 38.231ms
[36.893s][info][gc] GC(1) Pause Full (JvmtiEnv ForceGarbageCollection) 55M->4M(128M) 24.007ms
[57.641s][info][gc] GC(2) Pause Full (JvmtiEnv ForceGarbageCollection) 56M->4M(128M) 29.416ms
[78.387s][info][gc] GC(3) Pause Full (JvmtiEnv ForceGarbageCollection) 56M->4M(128M) 33.086ms
[99.348s][info][gc] GC(4) Pause Full (JvmtiEnv ForceGarbageCollection) 56M->5M(128M) 31.339ms
[109.709s][info][gc] GC(5) Pause Full (JvmtiEnv ForceGarbageCollection) 30M->4M(128M) 28.443ms
[120.304s][info][gc] GC(6) Pause Full (JvmtiEnv ForceGarbageCollection) 29M->4M(128M) 37.533ms
[141.257s][info][gc] GC(7) Pause Full (JvmtiEnv ForceGarbageCollection) 56M->5M(128M) 30.657ms
[162.154s][info][gc] GC(8) Pause Full (JvmtiEnv ForceGarbageCollection) 56M->4M(128M) 50.216ms
[172.472s][info][gc] GC(9) Pause Full (JvmtiEnv ForceGarbageCollection) 29M->4M(128M) 24.016ms
[193.055s][info][gc] GC(10) Pause Full (JvmtiEnv ForceGarbageCollection) 55M->4M(128M) 25.883ms
[203.384s][info][gc] GC(11) Pause Full (JvmtiEnv ForceGarbageCollection) 29M->4M(128M) 21.481ms
[213.796s][info][gc] GC(12) Pause Full (JvmtiEnv ForceGarbageCollection) 29M->4M(128M) 31.388ms
[224.238s][info][gc] GC(13) Pause Full (JvmtiEnv ForceGarbageCollection) 29M->4M(128M) 30.570ms
[245.131s][info][gc] GC(14) Pause Full (JvmtiEnv ForceGarbageCollection) 55M->4M(128M) 36.121ms
[255.411s][info][gc] GC(15) Pause Full (JvmtiEnv ForceGarbageCollection) 29M->4M(128M) 19.940ms
[265.800s][info][gc] GC(16) Pause Full (JvmtiEnv ForceGarbageCollection) 29M->4M(128M) 29.345ms
[276.311s][info][gc] GC(17) Pause Full (JvmtiEnv ForceGarbageCollection) 29M->4M(128M) 21.292ms
[296.978s][info][gc] GC(18) Pause Full (JvmtiEnv ForceGarbageCollection) 54M->4M(128M) 29.809ms
[317.724s][info][gc] GC(19) Pause Full (JvmtiEnv ForceGarbageCollection) 55M->4M(128M) 32.765ms
[328.068s][info][gc] GC(20) Pause Full (JvmtiEnv ForceGarbageCollection) 30M->4M(128M) 34.190ms
[338.659s][info][gc] GC(21) Pause Full (JvmtiEnv ForceGarbageCollection) 30M->4M(128M) 25.337ms
[349.186s][info][gc] GC(22) Pause Full (JvmtiEnv ForceGarbageCollection) 30M->4M(128M) 32.377ms
[359.554s][info][gc] GC(23) Pause Full (JvmtiEnv ForceGarbageCollection) 30M->4M(128M) 21.676ms
[369.886s][info][gc] GC(24) Pause Full (JvmtiEnv ForceGarbageCollection) 30M->4M(128M) 30.652ms
[380.312s][info][gc] GC(25) Pause Full (JvmtiEnv ForceGarbageCollection) 30M->4M(128M) 26.623ms
[390.776s][info][gc] GC(26) Pause Full (JvmtiEnv ForceGarbageCollection) 29M->4M(128M) 36.617ms
[401.278s][info][gc] GC(27) Pause Full (JvmtiEnv ForceGarbageCollection) 30M->4M(128M) 22.646ms
[411.788s][info][gc] GC(28) Pause Full (JvmtiEnv ForceGarbageCollection) 29M->4M(128M) 46.427ms
[432.892s][info][gc] GC(29) Pause Full (JvmtiEnv ForceGarbageCollection) 55M->4M(128M) 53.316ms
[443.298s][info][gc] GC(30) Pause Full (JvmtiEnv ForceGarbageCollection) 30M->4M(128M) 41.940ms
[464.243s][info][gc] GC(31) Pause Full (JvmtiEnv ForceGarbageCollection) 55M->4M(128M) 48.389ms
[485.318s][info][gc] GC(32) Pause Full (JvmtiEnv ForceGarbageCollection) 55M->4M(128M) 31.607ms
[495.796s][info][gc] GC(33) Pause Full (JvmtiEnv ForceGarbageCollection) 30M->4M(128M) 32.590ms
[506.200s][info][gc] GC(34) Pause Full (JvmtiEnv ForceGarbageCollection) 30M->4M(128M) 21.637ms
[527.297s][info][gc] GC(35) Pause Full (JvmtiEnv ForceGarbageCollection) 55M->4M(128M) 30.912ms
[537.857s][info][gc] GC(36) Pause Full (JvmtiEnv ForceGarbageCollection) 30M->4M(128M) 38.025ms
[558.935s][info][gc] GC(37) Pause Full (JvmtiEnv ForceGarbageCollection) 55M->4M(128M) 37.858ms
[579.770s][info][gc] GC(38) Pause Full (JvmtiEnv ForceGarbageCollection) 55M->4M(128M) 42.422ms
[600.637s][info][gc] GC(39) Pause Full (JvmtiEnv ForceGarbageCollection) 55M->4M(128M) 37.569ms
[621.404s][info][gc] GC(40) Pause Full (JvmtiEnv ForceGarbageCollection) 55M->4M(128M) 36.280ms
[642.316s][info][gc] GC(41) Pause Full (JvmtiEnv ForceGarbageCollection) 55M->4M(128M) 36.796ms
[663.293s][info][gc] GC(42) Pause Full (JvmtiEnv ForceGarbageCollection) 55M->4M(128M) 39.163ms
[684.172s][info][gc] GC(43) Pause Full (JvmtiEnv ForceGarbageCollection) 55M->4M(128M) 66.249ms
[705.169s][info][gc] GC(44) Pause Full (JvmtiEnv ForceGarbageCollection) 55M->4M(128M) 45.338ms
[715.714s][info][gc] GC(45) Pause Full (JvmtiEnv ForceGarbageCollection) 30M->4M(128M) 24.990ms
[726.173s][info][gc] GC(46) Pause Full (JvmtiEnv ForceGarbageCollection) 30M->4M(128M) 31.499ms
[736.555s][info][gc] GC(47) Pause Full (JvmtiEnv ForceGarbageCollection) 30M->4M(128M) 23.632ms
[747.077s][info][gc] GC(48) Pause Full (JvmtiEnv ForceGarbageCollection) 30M->4M(128M) 39.814ms
[757.527s][info][gc] GC(49) Pause Full (JvmtiEnv ForceGarbageCollection) 30M->4M(128M) 21.405ms
[768.009s][info][gc] GC(50) Pause Full (JvmtiEnv ForceGarbageCollection) 30M->4M(128M) 31.992ms
[788.991s][info][gc] GC(51) Pause Full (JvmtiEnv ForceGarbageCollection) 55M->4M(128M) 37.311ms
[799.473s][info][gc] GC(52) Pause Full (JvmtiEnv ForceGarbageCollection) 30M->4M(128M) 33.081ms
