[0.008s][info][gc] Using G1
[1.121s][info][gc] GC(0) Pause Young (Normal) (G1 Evacuation Pause) 8M->3M(128M) 8.067ms
[1.198s][info][gc] GC(1) Pause Young (Normal) (G1 Evacuation Pause) 8M->3M(128M) 4.309ms
[33.240s][info][gc] GC(2) Pause Young (Normal) (G1 Evacuation Pause) 79M->4M(128M) 11.167ms
[62.855s][info][gc] GC(3) Pause Young (Normal) (G1 Evacuation Pause) 78M->5M(128M) 6.346ms
[92.557s][info][gc] GC(4) Pause Young (Normal) (G1 Evacuation Pause) 78M->5M(128M) 7.073ms
[122.268s][info][gc] GC(5) Pause Young (Normal) (G1 Evacuation Pause) 79M->5M(128M) 8.388ms
[152.212s][info][gc] GC(6) Pause Young (Normal) (G1 Evacuation Pause) 79M->5M(128M) 9.712ms
[181.914s][info][gc] GC(7) Pause Young (Normal) (G1 Evacuation Pause) 79M->4M(128M) 10.398ms
[211.873s][info][gc] GC(8) Pause Young (Normal) (G1 Evacuation Pause) 78M->4M(128M) 18.147ms
[241.575s][info][gc] GC(9) Pause Young (Normal) (G1 Evacuation Pause) 78M->4M(128M) 7.016ms
[271.242s][info][gc] GC(10) Pause Young (Normal) (G1 Evacuation Pause) 78M->4M(128M) 9.628ms
[301.217s][info][gc] GC(11) Pause Young (Normal) (G1 Evacuation Pause) 78M->4M(128M) 7.964ms
[331.064s][info][gc] GC(12) Pause Young (Normal) (G1 Evacuation Pause) 78M->4M(128M) 7.016ms
[360.993s][info][gc] GC(13) Pause Young (Normal) (G1 Evacuation Pause) 78M->4M(128M) 9.244ms
[390.692s][info][gc] GC(14) Pause Young (Normal) (G1 Evacuation Pause) 78M->4M(128M) 8.287ms
[420.469s][info][gc] GC(15) Pause Young (Normal) (G1 Evacuation Pause) 78M->4M(128M) 7.112ms
[450.420s][info][gc] GC(16) Pause Young (Normal) (G1 Evacuation Pause) 78M->4M(128M) 5.420ms
[479.888s][info][gc] GC(17) Pause Young (Normal) (G1 Evacuation Pause) 78M->5M(128M) 9.422ms
[509.385s][info][gc] GC(18) Pause Young (Normal) (G1 Evacuation Pause) 79M->5M(128M) 1.541ms
[539.430s][info][gc] GC(19) Pause Young (Normal) (G1 Evacuation Pause) 80M->5M(128M) 1.881ms
[569.302s][info][gc] GC(20) Pause Young (Normal) (G1 Evacuation Pause) 80M->5M(128M) 1.615ms
[599.367s][info][gc] GC(21) Pause Young (Normal) (G1 Evacuation Pause) 80M->5M(128M) 2.203ms
[629.248s][info][gc] GC(22) Pause Young (Normal) (G1 Evacuation Pause) 80M->5M(128M) 3.410ms
[659.295s][info][gc] GC(23) Pause Young (Normal) (G1 Evacuation Pause) 80M->5M(128M) 3.092ms
[689.334s][info][gc] GC(24) Pause Young (Normal) (G1 Evacuation Pause) 80M->5M(128M) 2.305ms
[719.268s][info][gc] GC(25) Pause Young (Normal) (G1 Evacuation Pause) 80M->5M(128M) 1.162ms
[749.369s][info][gc] GC(26) Pause Young (Normal) (G1 Evacuation Pause) 80M->5M(128M) 1.362ms
[779.323s][info][gc] GC(27) Pause Young (Normal) (G1 Evacuation Pause) 80M->5M(128M) 2.095ms
[809.428s][info][gc] GC(28) Pause Young (Normal) (G1 Evacuation Pause) 80M->5M(128M) 3.195ms
