[0.017s][info][gc] Using G1
[37.590s][info][gc] GC(0) Pause Young (Normal) (G1 Evacuation Pause) 98M->4M(128M) 18.939ms
[74.654s][info][gc] GC(1) Pause Young (Normal) (G1 Evacuation Pause) 97M->4M(128M) 8.848ms
[112.090s][info][gc] GC(2) Pause Young (Normal) (G1 Evacuation Pause) 97M->4M(128M) 23.785ms
[149.523s][info][gc] GC(3) Pause Young (Normal) (G1 Evacuation Pause) 97M->5M(128M) 17.283ms
[186.597s][info][gc] GC(4) Pause Young (Normal) (G1 Evacuation Pause) 97M->5M(128M) 21.352ms
[223.636s][info][gc] GC(5) Pause Young (Normal) (G1 Evacuation Pause) 97M->5M(128M) 19.905ms
[260.788s][info][gc] GC(6) Pause Young (Normal) (G1 Evacuation Pause) 97M->5M(128M) 21.702ms
[298.078s][info][gc] GC(7) Pause Young (Normal) (G1 Evacuation Pause) 97M->5M(128M) 17.912ms
[335.514s][info][gc] GC(8) Pause Young (Normal) (G1 Evacuation Pause) 97M->5M(128M) 19.056ms
[373.006s][info][gc] GC(9) Pause Young (Normal) (G1 Evacuation Pause) 97M->5M(128M) 21.056ms
[410.301s][info][gc] GC(10) Pause Young (Normal) (G1 Evacuation Pause) 97M->5M(128M) 15.183ms
[447.823s][info][gc] GC(11) Pause Young (Normal) (G1 Evacuation Pause) 97M->5M(128M) 18.314ms
[485.985s][info][gc] GC(12) Pause Young (Normal) (G1 Evacuation Pause) 97M->5M(128M) 22.114ms
[524.168s][info][gc] GC(13) Pause Young (Normal) (G1 Evacuation Pause) 97M->5M(128M) 17.303ms
[562.302s][info][gc] GC(14) Pause Young (Normal) (G1 Evacuation Pause) 97M->5M(128M) 23.130ms
[600.443s][info][gc] GC(15) Pause Young (Normal) (G1 Evacuation Pause) 97M->5M(128M) 18.696ms
[638.408s][info][gc] GC(16) Pause Young (Normal) (G1 Evacuation Pause) 100M->5M(128M) 4.710ms
[676.285s][info][gc] GC(17) Pause Young (Normal) (G1 Evacuation Pause) 100M->5M(128M) 2.412ms
[714.051s][info][gc] GC(18) Pause Young (Normal) (G1 Evacuation Pause) 100M->5M(128M) 5.813ms
[752.033s][info][gc] GC(19) Pause Young (Normal) (G1 Evacuation Pause) 100M->5M(128M) 6.483ms
[790.100s][info][gc] GC(20) Pause Young (Normal) (G1 Evacuation Pause) 100M->5M(128M) 7.023ms
