[0.007s][info][gc] Using G1
[1.049s][info][gc] GC(0) Pause Young (Normal) (G1 Evacuation Pause) 8M->3M(128M) 7.407ms
[1.155s][info][gc] GC(1) Pause Young (Normal) (G1 Evacuation Pause) 8M->3M(128M) 5.238ms
[33.970s][info][gc] GC(2) Pause Young (Normal) (G1 Evacuation Pause) 79M->4M(128M) 12.677ms
[64.382s][info][gc] GC(3) Pause Young (Normal) (G1 Evacuation Pause) 78M->5M(128M) 5.466ms
[94.428s][info][gc] GC(4) Pause Young (Normal) (G1 Evacuation Pause) 78M->5M(128M) 7.450ms
[124.588s][info][gc] GC(5) Pause Young (Normal) (G1 Evacuation Pause) 79M->5M(128M) 7.346ms
[155.013s][info][gc] GC(6) Pause Young (Normal) (G1 Evacuation Pause) 79M->4M(128M) 7.343ms
[185.299s][info][gc] GC(7) Pause Young (Normal) (G1 Evacuation Pause) 78M->4M(128M) 6.928ms
[215.678s][info][gc] GC(8) Pause Young (Normal) (G1 Evacuation Pause) 78M->4M(128M) 12.121ms
[246.072s][info][gc] GC(9) Pause Young (Normal) (G1 Evacuation Pause) 78M->4M(128M) 8.195ms
[276.546s][info][gc] GC(10) Pause Young (Normal) (G1 Evacuation Pause) 78M->4M(128M) 6.924ms
[306.882s][info][gc] GC(11) Pause Young (Normal) (G1 Evacuation Pause) 78M->4M(128M) 12.641ms
[337.241s][info][gc] GC(12) Pause Young (Normal) (G1 Evacuation Pause) 78M->4M(128M) 6.269ms
[367.526s][info][gc] GC(13) Pause Young (Normal) (G1 Evacuation Pause) 78M->4M(128M) 9.162ms
[397.867s][info][gc] GC(14) Pause Young (Normal) (G1 Evacuation Pause) 78M->4M(128M) 8.690ms
[428.208s][info][gc] GC(15) Pause Young (Normal) (G1 Evacuation Pause) 78M->4M(128M) 7.840ms
[458.619s][info][gc] GC(16) Pause Young (Normal) (G1 Evacuation Pause) 78M->4M(128M) 8.354ms
[488.783s][info][gc] GC(17) Pause Young (Normal) (G1 Evacuation Pause) 78M->5M(128M) 11.162ms
[519.413s][info][gc] GC(18) Pause Young (Normal) (G1 Evacuation Pause) 79M->5M(128M) 1.661ms
[550.144s][info][gc] GC(19) Pause Young (Normal) (G1 Evacuation Pause) 80M->5M(128M) 2.402ms
[580.685s][info][gc] GC(20) Pause Young (Normal) (G1 Evacuation Pause) 80M->5M(128M) 2.338ms
[611.511s][info][gc] GC(21) Pause Young (Normal) (G1 Evacuation Pause) 80M->5M(128M) 1.907ms
[642.079s][info][gc] GC(22) Pause Young (Normal) (G1 Evacuation Pause) 80M->5M(128M) 1.649ms
[672.746s][info][gc] GC(23) Pause Young (Normal) (G1 Evacuation Pause) 80M->5M(128M) 1.294ms
[703.311s][info][gc] GC(24) Pause Young (Normal) (G1 Evacuation Pause) 80M->5M(128M) 1.784ms
[733.743s][info][gc] GC(25) Pause Young (Normal) (G1 Evacuation Pause) 80M->5M(128M) 1.860ms
[764.128s][info][gc] GC(26) Pause Young (Normal) (G1 Evacuation Pause) 80M->5M(128M) 2.394ms
[794.715s][info][gc] GC(27) Pause Young (Normal) (G1 Evacuation Pause) 80M->5M(128M) 2.047ms
[825.438s][info][gc] GC(28) Pause Young (Normal) (G1 Evacuation Pause) 80M->5M(128M) 1.243ms
