[0.008s][info][gc] Using G1
[1.021s][info][gc] GC(0) Pause Young (Normal) (G1 Evacuation Pause) 8M->3M(128M) 6.644ms
[1.120s][info][gc] GC(1) Pause Young (Normal) (G1 Evacuation Pause) 8M->3M(128M) 4.711ms
[33.577s][info][gc] GC(2) Pause Young (Normal) (G1 Evacuation Pause) 79M->4M(128M) 10.793ms
[63.625s][info][gc] GC(3) Pause Young (Normal) (G1 Evacuation Pause) 78M->5M(128M) 9.004ms
[93.284s][info][gc] GC(4) Pause Young (Normal) (G1 Evacuation Pause) 78M->5M(128M) 8.533ms
[123.296s][info][gc] GC(5) Pause Young (Normal) (G1 Evacuation Pause) 79M->5M(128M) 8.552ms
[153.060s][info][gc] GC(6) Pause Young (Normal) (G1 Evacuation Pause) 79M->4M(128M) 5.954ms
[182.709s][info][gc] GC(7) Pause Young (Normal) (G1 Evacuation Pause) 78M->4M(128M) 7.066ms
[212.563s][info][gc] GC(8) Pause Young (Normal) (G1 Evacuation Pause) 78M->4M(128M) 6.230ms
[242.322s][info][gc] GC(9) Pause Young (Normal) (G1 Evacuation Pause) 78M->4M(128M) 5.638ms
[272.236s][info][gc] GC(10) Pause Young (Normal) (G1 Evacuation Pause) 78M->4M(128M) 4.717ms
[302.368s][info][gc] GC(11) Pause Young (Normal) (G1 Evacuation Pause) 78M->4M(128M) 8.183ms
[332.246s][info][gc] GC(12) Pause Young (Normal) (G1 Evacuation Pause) 78M->4M(128M) 5.721ms
[362.056s][info][gc] GC(13) Pause Young (Normal) (G1 Evacuation Pause) 78M->4M(128M) 6.397ms
[391.972s][info][gc] GC(14) Pause Young (Normal) (G1 Evacuation Pause) 78M->4M(128M) 8.138ms
[421.869s][info][gc] GC(15) Pause Young (Normal) (G1 Evacuation Pause) 78M->4M(128M) 8.319ms
[452.056s][info][gc] GC(16) Pause Young (Normal) (G1 Evacuation Pause) 78M->4M(128M) 6.334ms
[481.859s][info][gc] GC(17) Pause Young (Normal) (G1 Evacuation Pause) 78M->5M(128M) 8.019ms
[512.257s][info][gc] GC(18) Pause Young (Normal) (G1 Evacuation Pause) 79M->5M(128M) 2.265ms
[542.638s][info][gc] GC(19) Pause Young (Normal) (G1 Evacuation Pause) 80M->5M(128M) 1.759ms
[572.854s][info][gc] GC(20) Pause Young (Normal) (G1 Evacuation Pause) 80M->5M(128M) 1.600ms
[603.387s][info][gc] GC(21) Pause Young (Normal) (G1 Evacuation Pause) 80M->5M(128M) 1.379ms
[633.912s][info][gc] GC(22) Pause Young (Normal) (G1 Evacuation Pause) 80M->5M(128M) 1.486ms
[664.373s][info][gc] GC(23) Pause Young (Normal) (G1 Evacuation Pause) 80M->5M(128M) 2.921ms
[694.845s][info][gc] GC(24) Pause Young (Normal) (G1 Evacuation Pause) 80M->5M(128M) 2.141ms
[725.227s][info][gc] GC(25) Pause Young (Normal) (G1 Evacuation Pause) 80M->5M(128M) 11.646ms
[755.364s][info][gc] GC(26) Pause Young (Normal) (G1 Evacuation Pause) 80M->5M(128M) 1.444ms
[785.603s][info][gc] GC(27) Pause Young (Normal) (G1 Evacuation Pause) 80M->5M(128M) 1.430ms
[815.998s][info][gc] GC(28) Pause Young (Normal) (G1 Evacuation Pause) 80M->5M(128M) 0.961ms
