[0.010s][info][gc] Using G1
[1.040s][info][gc] GC(0) Pause Young (Normal) (G1 Evacuation Pause) 8M->3M(128M) 8.761ms
[1.128s][info][gc] GC(1) Pause Young (Normal) (G1 Evacuation Pause) 8M->3M(128M) 5.059ms
[33.712s][info][gc] GC(2) Pause Young (Normal) (G1 Evacuation Pause) 79M->4M(128M) 8.541ms
[63.874s][info][gc] GC(3) Pause Young (Normal) (G1 Evacuation Pause) 78M->5M(128M) 5.620ms
[93.720s][info][gc] GC(4) Pause Young (Normal) (G1 Evacuation Pause) 78M->5M(128M) 5.647ms
[123.843s][info][gc] GC(5) Pause Young (Normal) (G1 Evacuation Pause) 79M->5M(128M) 7.557ms
[153.760s][info][gc] GC(6) Pause Young (Normal) (G1 Evacuation Pause) 79M->4M(128M) 8.643ms
[183.877s][info][gc] GC(7) Pause Young (Normal) (G1 Evacuation Pause) 78M->4M(128M) 8.081ms
[213.821s][info][gc] GC(8) Pause Young (Normal) (G1 Evacuation Pause) 78M->4M(128M) 7.820ms
[243.794s][info][gc] GC(9) Pause Young (Normal) (G1 Evacuation Pause) 78M->4M(128M) 6.612ms
[273.924s][info][gc] GC(10) Pause Young (Normal) (G1 Evacuation Pause) 78M->4M(128M) 5.044ms
[303.701s][info][gc] GC(11) Pause Young (Normal) (G1 Evacuation Pause) 78M->4M(128M) 5.689ms
[333.621s][info][gc] GC(12) Pause Young (Normal) (G1 Evacuation Pause) 78M->4M(128M) 8.433ms
[363.705s][info][gc] GC(13) Pause Young (Normal) (G1 Evacuation Pause) 78M->4M(128M) 8.736ms
[393.877s][info][gc] GC(14) Pause Young (Normal) (G1 Evacuation Pause) 78M->4M(128M) 6.667ms
[423.853s][info][gc] GC(15) Pause Young (Normal) (G1 Evacuation Pause) 78M->4M(128M) 7.697ms
[454.108s][info][gc] GC(16) Pause Young (Normal) (G1 Evacuation Pause) 78M->4M(128M) 7.027ms
[483.857s][info][gc] GC(17) Pause Young (Normal) (G1 Evacuation Pause) 78M->5M(128M) 10.284ms
[514.709s][info][gc] GC(18) Pause Young (Normal) (G1 Evacuation Pause) 79M->5M(128M) 4.158ms
[545.093s][info][gc] GC(19) Pause Young (Normal) (G1 Evacuation Pause) 80M->5M(128M) 1.564ms
[575.418s][info][gc] GC(20) Pause Young (Normal) (G1 Evacuation Pause) 80M->5M(128M) 1.913ms
[605.590s][info][gc] GC(21) Pause Young (Normal) (G1 Evacuation Pause) 80M->5M(128M) 2.087ms
[636.065s][info][gc] GC(22) Pause Young (Normal) (G1 Evacuation Pause) 80M->5M(128M) 1.261ms
[666.367s][info][gc] GC(23) Pause Young (Normal) (G1 Evacuation Pause) 80M->5M(128M) 2.885ms
[696.775s][info][gc] GC(24) Pause Young (Normal) (G1 Evacuation Pause) 80M->5M(128M) 1.938ms
[727.139s][info][gc] GC(25) Pause Young (Normal) (G1 Evacuation Pause) 80M->5M(128M) 1.350ms
[757.681s][info][gc] GC(26) Pause Young (Normal) (G1 Evacuation Pause) 80M->5M(128M) 1.931ms
[788.350s][info][gc] GC(27) Pause Young (Normal) (G1 Evacuation Pause) 80M->5M(128M) 2.103ms
[818.789s][info][gc] GC(28) Pause Young (Normal) (G1 Evacuation Pause) 80M->5M(128M) 1.549ms
