[0.011s][info][gc] Using G1
[37.631s][info][gc] GC(0) Pause Young (Normal) (G1 Evacuation Pause) 97M->4M(128M) 27.786ms
[75.259s][info][gc] GC(1) Pause Young (Normal) (G1 Evacuation Pause) 97M->4M(128M) 20.487ms
[113.025s][info][gc] GC(2) Pause Young (Normal) (G1 Evacuation Pause) 97M->4M(128M) 31.315ms
[150.657s][info][gc] GC(3) Pause Young (Normal) (G1 Evacuation Pause) 97M->4M(128M) 19.303ms
[188.221s][info][gc] GC(4) Pause Young (Normal) (G1 Evacuation Pause) 97M->5M(128M) 17.430ms
[225.999s][info][gc] GC(5) Pause Young (Normal) (G1 Evacuation Pause) 97M->5M(128M) 17.544ms
[264.257s][info][gc] GC(6) Pause Young (Normal) (G1 Evacuation Pause) 97M->5M(128M) 19.014ms
[302.836s][info][gc] GC(7) Pause Young (Normal) (G1 Evacuation Pause) 97M->5M(128M) 31.100ms
[342.339s][info][gc] GC(8) Pause Young (Normal) (G1 Evacuation Pause) 97M->5M(128M) 21.890ms
[379.575s][info][gc] GC(9) Pause Young (Normal) (G1 Evacuation Pause) 97M->5M(128M) 22.491ms
[417.118s][info][gc] GC(10) Pause Young (Normal) (G1 Evacuation Pause) 97M->5M(128M) 24.137ms
[455.038s][info][gc] GC(11) Pause Young (Normal) (G1 Evacuation Pause) 97M->5M(128M) 26.787ms
[494.401s][info][gc] GC(12) Pause Young (Normal) (G1 Evacuation Pause) 97M->5M(128M) 24.886ms
[534.355s][info][gc] GC(13) Pause Young (Normal) (G1 Evacuation Pause) 97M->5M(128M) 25.531ms
[573.988s][info][gc] GC(14) Pause Young (Normal) (G1 Evacuation Pause) 97M->5M(128M) 24.636ms
[613.314s][info][gc] GC(15) Pause Young (Normal) (G1 Evacuation Pause) 97M->5M(128M) 26.441ms
[653.044s][info][gc] GC(16) Pause Young (Normal) (G1 Evacuation Pause) 100M->5M(128M) 5.966ms
[692.321s][info][gc] GC(17) Pause Young (Normal) (G1 Evacuation Pause) 100M->5M(128M) 7.546ms
[731.350s][info][gc] GC(18) Pause Young (Normal) (G1 Evacuation Pause) 100M->5M(128M) 6.696ms
[770.267s][info][gc] GC(19) Pause Young (Normal) (G1 Evacuation Pause) 100M->5M(128M) 7.433ms
[809.249s][info][gc] GC(20) Pause Young (Normal) (G1 Evacuation Pause) 100M->5M(128M) 4.947ms
