[0.010s][info][gc] Using G1
[16.089s][info][gc] GC(0) Pause Full (JvmtiEnv ForceGarbageCollection) 50M->4M(128M) 41.534ms
[26.755s][info][gc] GC(1) Pause Full (JvmtiEnv ForceGarbageCollection) 31M->4M(128M) 26.148ms
[47.436s][info][gc] GC(2) Pause Full (JvmtiEnv ForceGarbageCollection) 56M->4M(128M) 29.706ms
[68.041s][info][gc] GC(3) Pause Full (JvmtiEnv ForceGarbageCollection) 54M->4M(128M) 39.862ms
[88.935s][info][gc] GC(4) Pause Full (JvmtiEnv ForceGarbageCollection) 56M->4M(128M) 42.828ms
[109.578s][info][gc] GC(5) Pause Full (JvmtiEnv ForceGarbageCollection) 54M->5M(128M) 37.231ms
[130.211s][info][gc] GC(6) Pause Full (JvmtiEnv ForceGarbageCollection) 56M->5M(128M) 39.023ms
[150.724s][info][gc] GC(7) Pause Full (JvmtiEnv ForceGarbageCollection) 56M->4M(128M) 45.514ms
[161.005s][info][gc] GC(8) Pause Full (JvmtiEnv ForceGarbageCollection) 30M->4M(128M) 46.589ms
[171.444s][info][gc] GC(9) Pause Full (JvmtiEnv ForceGarbageCollection) 29M->4M(128M) 32.110ms
[181.752s][info][gc] GC(10) Pause Full (JvmtiEnv ForceGarbageCollection) 29M->4M(128M) 28.569ms
[192.212s][info][gc] GC(11) Pause Full (JvmtiEnv ForceGarbageCollection) 29M->4M(128M) 35.356ms
[202.378s][info][gc] GC(12) Pause Full (JvmtiEnv ForceGarbageCollection) 30M->4M(128M) 23.681ms
[223.056s][info][gc] GC(13) Pause Full (JvmtiEnv ForceGarbageCollection) 55M->4M(128M) 29.054ms
[243.739s][info][gc] GC(14) Pause Full (JvmtiEnv ForceGarbageCollection) 55M->4M(128M) 34.623ms
[253.804s][info][gc] GC(15) Pause Full (JvmtiEnv ForceGarbageCollection) 30M->4M(128M) 21.321ms
[264.174s][info][gc] GC(16) Pause Full (JvmtiEnv ForceGarbageCollection) 30M->4M(128M) 31.944ms
[274.440s][info][gc] GC(17) Pause Full (JvmtiEnv ForceGarbageCollection) 30M->4M(128M) 34.726ms
[284.674s][info][gc] GC(18) Pause Full (JvmtiEnv ForceGarbageCollection) 30M->4M(128M) 27.856ms
[294.968s][info][gc] GC(19) Pause Full (JvmtiEnv ForceGarbageCollection) 30M->4M(128M) 24.734ms
[305.378s][info][gc] GC(20) Pause Full (JvmtiEnv ForceGarbageCollection) 30M->4M(128M) 41.313ms
[315.734s][info][gc] GC(21) Pause Full (JvmtiEnv ForceGarbageCollection) 30M->4M(128M) 18.570ms
[325.886s][info][gc] GC(22) Pause Full (JvmtiEnv ForceGarbageCollection) 30M->4M(128M) 31.708ms
[346.345s][info][gc] GC(23) Pause Full (JvmtiEnv ForceGarbageCollection) 55M->4M(128M) 49.978ms
[356.542s][info][gc] GC(24) Pause Full (JvmtiEnv ForceGarbageCollection) 30M->4M(128M) 37.532ms
[366.947s][info][gc] GC(25) Pause Full (JvmtiEnv ForceGarbageCollection) 30M->4M(128M) 49.421ms
[377.108s][info][gc] GC(26) Pause Full (JvmtiEnv ForceGarbageCollection) 30M->4M(128M) 27.750ms
[387.379s][info][gc] GC(27) Pause Full (JvmtiEnv ForceGarbageCollection) 30M->4M(128M) 49.805ms
[407.550s][info][gc] GC(28) Pause Full (JvmtiEnv ForceGarbageCollection) 55M->4M(128M) 43.653ms
[427.691s][info][gc] GC(29) Pause Full (JvmtiEnv ForceGarbageCollection) 55M->4M(128M) 27.800ms
[438.140s][info][gc] GC(30) Pause Full (JvmtiEnv ForceGarbageCollection) 30M->4M(128M) 37.288ms
[448.490s][info][gc] GC(31) Pause Full (JvmtiEnv ForceGarbageCollection) 30M->4M(128M) 22.724ms
[458.831s][info][gc] GC(32) Pause Full (JvmtiEnv ForceGarbageCollection) 30M->4M(128M) 37.134ms
[468.676s][info][gc] GC(33) Pause Full (JvmtiEnv ForceGarbageCollection) 30M->4M(128M) 19.846ms
[479.118s][info][gc] GC(34) Pause Full (JvmtiEnv ForceGarbageCollection) 30M->4M(128M) 39.467ms
[489.346s][info][gc] GC(35) Pause Full (JvmtiEnv ForceGarbageCollection) 30M->4M(128M) 17.693ms
[499.512s][info][gc] GC(36) Pause Full (JvmtiEnv ForceGarbageCollection) 30M->4M(128M) 48.898ms
[509.964s][info][gc] GC(37) Pause Full (JvmtiEnv ForceGarbageCollection) 30M->4M(128M) 33.180ms
[520.279s][info][gc] GC(38) Pause Full (JvmtiEnv ForceGarbageCollection) 30M->4M(128M) 32.096ms
[530.557s][info][gc] GC(39) Pause Full (JvmtiEnv ForceGarbageCollection) 30M->4M(128M) 26.607ms
[551.129s][info][gc] GC(40) Pause Full (JvmtiEnv ForceGarbageCollection) 55M->4M(128M) 31.889ms
[561.374s][info][gc] GC(41) Pause Full (JvmtiEnv ForceGarbageCollection) 30M->4M(128M) 28.092ms
[581.999s][info][gc] GC(42) Pause Full (JvmtiEnv ForceGarbageCollection) 55M->4M(128M) 38.484ms
[592.360s][info][gc] GC(43) Pause Full (JvmtiEnv ForceGarbageCollection) 30M->4M(128M) 31.673ms
[613.164s][info][gc] GC(44) Pause Full (JvmtiEnv ForceGarbageCollection) 55M->4M(128M) 38.380ms
[634.278s][info][gc] GC(45) Pause Full (JvmtiEnv ForceGarbageCollection) 55M->4M(128M) 34.573ms
[644.806s][info][gc] GC(46) Pause Full (JvmtiEnv ForceGarbageCollection) 30M->4M(128M) 23.903ms
[665.854s][info][gc] GC(47) Pause Full (JvmtiEnv ForceGarbageCollection) 55M->4M(128M) 33.453ms
[686.950s][info][gc] GC(48) Pause Full (JvmtiEnv ForceGarbageCollection) 55M->4M(128M) 33.183ms
[697.285s][info][gc] GC(49) Pause Full (JvmtiEnv ForceGarbageCollection) 30M->4M(128M) 32.691ms
[707.698s][info][gc] GC(50) Pause Full (JvmtiEnv ForceGarbageCollection) 30M->4M(128M) 27.884ms
[718.235s][info][gc] GC(51) Pause Full (JvmtiEnv ForceGarbageCollection) 30M->4M(128M) 33.458ms
[728.542s][info][gc] GC(52) Pause Full (JvmtiEnv ForceGarbageCollection) 30M->4M(128M) 21.929ms
[738.887s][info][gc] GC(53) Pause Full (JvmtiEnv ForceGarbageCollection) 30M->4M(128M) 31.282ms
[749.140s][info][gc] GC(54) Pause Full (JvmtiEnv ForceGarbageCollection) 30M->4M(128M) 27.614ms
[759.713s][info][gc] GC(55) Pause Full (JvmtiEnv ForceGarbageCollection) 30M->4M(128M) 35.702ms
[780.521s][info][gc] GC(56) Pause Full (JvmtiEnv ForceGarbageCollection) 55M->4M(128M) 36.425ms
