[0.010s][info][gc] Using G1
[15.878s][info][gc] GC(0) Pause Full (JvmtiEnv ForceGarbageCollection) 49M->4M(128M) 30.440ms
[26.450s][info][gc] GC(1) Pause Full (JvmtiEnv ForceGarbageCollection) 30M->4M(128M) 28.905ms
[36.992s][info][gc] GC(2) Pause Full (JvmtiEnv ForceGarbageCollection) 31M->4M(128M) 26.287ms
[47.632s][info][gc] GC(3) Pause Full (JvmtiEnv ForceGarbageCollection) 30M->4M(128M) 28.885ms
[58.155s][info][gc] GC(4) Pause Full (JvmtiEnv ForceGarbageCollection) 30M->4M(128M) 25.478ms
[68.521s][info][gc] GC(5) Pause Full (JvmtiEnv ForceGarbageCollection) 30M->4M(128M) 33.733ms
[78.747s][info][gc] GC(6) Pause Full (JvmtiEnv ForceGarbageCollection) 30M->4M(128M) 27.469ms
[89.227s][info][gc] GC(7) Pause Full (JvmtiEnv ForceGarbageCollection) 31M->4M(128M) 27.589ms
[99.613s][info][gc] GC(8) Pause Full (JvmtiEnv ForceGarbageCollection) 30M->4M(128M) 34.240ms
[110.018s][info][gc] GC(9) Pause Full (JvmtiEnv ForceGarbageCollection) 31M->4M(128M) 29.361ms
[120.510s][info][gc] GC(10) Pause Full (JvmtiEnv ForceGarbageCollection) 31M->4M(128M) 38.185ms
[141.293s][info][gc] GC(11) Pause Full (JvmtiEnv ForceGarbageCollection) 55M->4M(128M) 33.902ms
[151.877s][info][gc] GC(12) Pause Full (JvmtiEnv ForceGarbageCollection) 30M->4M(128M) 34.017ms
[162.119s][info][gc] GC(13) Pause Full (JvmtiEnv ForceGarbageCollection) 30M->4M(128M) 26.123ms
[172.391s][info][gc] GC(14) Pause Full (JvmtiEnv ForceGarbageCollection) 30M->4M(128M) 34.099ms
[182.666s][info][gc] GC(15) Pause Full (JvmtiEnv ForceGarbageCollection) 30M->4M(128M) 22.474ms
[193.166s][info][gc] GC(16) Pause Full (JvmtiEnv ForceGarbageCollection) 30M->4M(128M) 32.143ms
[203.319s][info][gc] GC(17) Pause Full (JvmtiEnv ForceGarbageCollection) 30M->4M(128M) 22.186ms
[213.825s][info][gc] GC(18) Pause Full (JvmtiEnv ForceGarbageCollection) 30M->4M(128M) 32.685ms
[224.094s][info][gc] GC(19) Pause Full (JvmtiEnv ForceGarbageCollection) 29M->4M(128M) 22.166ms
[234.506s][info][gc] GC(20) Pause Full (JvmtiEnv ForceGarbageCollection) 30M->4M(128M) 33.364ms
[244.771s][info][gc] GC(21) Pause Full (JvmtiEnv ForceGarbageCollection) 30M->4M(128M) 23.241ms
[255.074s][info][gc] GC(22) Pause Full (JvmtiEnv ForceGarbageCollection) 30M->4M(128M) 34.696ms
[265.302s][info][gc] GC(23) Pause Full (JvmtiEnv ForceGarbageCollection) 30M->4M(128M) 21.557ms
[275.826s][info][gc] GC(24) Pause Full (JvmtiEnv ForceGarbageCollection) 29M->4M(128M) 55.415ms
[286.212s][info][gc] GC(25) Pause Full (JvmtiEnv ForceGarbageCollection) 29M->4M(128M) 21.701ms
[296.508s][info][gc] GC(26) Pause Full (JvmtiEnv ForceGarbageCollection) 30M->4M(128M) 31.291ms
[306.902s][info][gc] GC(27) Pause Full (JvmtiEnv ForceGarbageCollection) 30M->4M(128M) 27.598ms
[317.302s][info][gc] GC(28) Pause Full (JvmtiEnv ForceGarbageCollection) 30M->4M(128M) 29.437ms
[337.820s][info][gc] GC(29) Pause Full (JvmtiEnv ForceGarbageCollection) 56M->4M(128M) 29.110ms
[348.339s][info][gc] GC(30) Pause Full (JvmtiEnv ForceGarbageCollection) 30M->4M(128M) 24.685ms
[358.814s][info][gc] GC(31) Pause Full (JvmtiEnv ForceGarbageCollection) 30M->4M(128M) 34.592ms
[369.240s][info][gc] GC(32) Pause Full (JvmtiEnv ForceGarbageCollection) 30M->4M(128M) 24.556ms
[379.577s][info][gc] GC(33) Pause Full (JvmtiEnv ForceGarbageCollection) 30M->4M(128M) 37.288ms
[389.759s][info][gc] GC(34) Pause Full (JvmtiEnv ForceGarbageCollection) 30M->4M(128M) 22.893ms
[399.996s][info][gc] GC(35) Pause Full (JvmtiEnv ForceGarbageCollection) 30M->4M(128M) 33.718ms
[410.245s][info][gc] GC(36) Pause Full (JvmtiEnv ForceGarbageCollection) 30M->4M(128M) 22.216ms
[430.712s][info][gc] GC(37) Pause Full (JvmtiEnv ForceGarbageCollection) 54M->4M(128M) 31.112ms
[451.260s][info][gc] GC(38) Pause Full (JvmtiEnv ForceGarbageCollection) 55M->4M(128M) 49.693ms
[461.445s][info][gc] GC(39) Pause Full (JvmtiEnv ForceGarbageCollection) 30M->4M(128M) 27.714ms
[471.758s][info][gc] GC(40) Pause Full (JvmtiEnv ForceGarbageCollection) 29M->4M(128M) 45.798ms
[492.459s][info][gc] GC(41) Pause Full (JvmtiEnv ForceGarbageCollection) 54M->4M(128M) 52.434ms
[502.637s][info][gc] GC(42) Pause Full (JvmtiEnv ForceGarbageCollection) 29M->4M(128M) 34.251ms
[512.812s][info][gc] GC(43) Pause Full (JvmtiEnv ForceGarbageCollection) 29M->4M(128M) 33.285ms
[533.676s][info][gc] GC(44) Pause Full (JvmtiEnv ForceGarbageCollection) 55M->4M(128M) 36.744ms
[543.858s][info][gc] GC(45) Pause Full (JvmtiEnv ForceGarbageCollection) 30M->4M(128M) 18.104ms
[554.255s][info][gc] GC(46) Pause Full (JvmtiEnv ForceGarbageCollection) 30M->4M(128M) 40.026ms
[564.439s][info][gc] GC(47) Pause Full (JvmtiEnv ForceGarbageCollection) 30M->4M(128M) 22.533ms
[574.913s][info][gc] GC(48) Pause Full (JvmtiEnv ForceGarbageCollection) 30M->4M(128M) 36.022ms
[585.101s][info][gc] GC(49) Pause Full (JvmtiEnv ForceGarbageCollection) 30M->4M(128M) 25.425ms
[595.533s][info][gc] GC(50) Pause Full (JvmtiEnv ForceGarbageCollection) 30M->4M(128M) 42.046ms
[605.952s][info][gc] GC(51) Pause Full (JvmtiEnv ForceGarbageCollection) 30M->4M(128M) 31.905ms
[626.362s][info][gc] GC(52) Pause Full (JvmtiEnv ForceGarbageCollection) 55M->4M(128M) 36.958ms
[647.137s][info][gc] GC(53) Pause Full (JvmtiEnv ForceGarbageCollection) 55M->4M(128M) 35.584ms
[657.466s][info][gc] GC(54) Pause Full (JvmtiEnv ForceGarbageCollection) 30M->4M(128M) 23.049ms
[667.889s][info][gc] GC(55) Pause Full (JvmtiEnv ForceGarbageCollection) 30M->4M(128M) 31.093ms
[688.896s][info][gc] GC(56) Pause Full (JvmtiEnv ForceGarbageCollection) 55M->4M(128M) 37.759ms
[699.452s][info][gc] GC(57) Pause Full (JvmtiEnv ForceGarbageCollection) 30M->4M(128M) 56.787ms
[709.980s][info][gc] GC(58) Pause Full (JvmtiEnv ForceGarbageCollection) 30M->4M(128M) 22.664ms
[720.401s][info][gc] GC(59) Pause Full (JvmtiEnv ForceGarbageCollection) 30M->4M(128M) 36.307ms
[731.088s][info][gc] GC(60) Pause Full (JvmtiEnv ForceGarbageCollection) 30M->4M(128M) 27.443ms
[741.450s][info][gc] GC(61) Pause Full (JvmtiEnv ForceGarbageCollection) 30M->4M(128M) 38.188ms
[751.683s][info][gc] GC(62) Pause Full (JvmtiEnv ForceGarbageCollection) 30M->4M(128M) 28.084ms
[762.189s][info][gc] GC(63) Pause Full (JvmtiEnv ForceGarbageCollection) 30M->4M(128M) 48.747ms
[772.510s][info][gc] GC(64) Pause Full (JvmtiEnv ForceGarbageCollection) 30M->4M(128M) 27.347ms
[782.972s][info][gc] GC(65) Pause Full (JvmtiEnv ForceGarbageCollection) 30M->4M(128M) 51.525ms
