[0.018s][info][gc] Using G1
[16.243s][info][gc] GC(0) Pause Full (JvmtiEnv ForceGarbageCollection) 49M->4M(128M) 31.908ms
[37.797s][info][gc] GC(1) Pause Full (JvmtiEnv ForceGarbageCollection) 55M->4M(128M) 30.831ms
[59.256s][info][gc] GC(2) Pause Full (JvmtiEnv ForceGarbageCollection) 56M->4M(128M) 52.475ms
[80.460s][info][gc] GC(3) Pause Full (JvmtiEnv ForceGarbageCollection) 56M->4M(128M) 40.131ms
[101.962s][info][gc] GC(4) Pause Full (JvmtiEnv ForceGarbageCollection) 56M->5M(128M) 34.069ms
[112.629s][info][gc] GC(5) Pause Full (JvmtiEnv ForceGarbageCollection) 30M->4M(128M) 31.934ms
[123.228s][info][gc] GC(6) Pause Full (JvmtiEnv ForceGarbageCollection) 29M->4M(128M) 24.543ms
[144.301s][info][gc] GC(7) Pause Full (JvmtiEnv ForceGarbageCollection) 54M->4M(128M) 51.184ms
[155.167s][info][gc] GC(8) Pause Full (JvmtiEnv ForceGarbageCollection) 30M->4M(128M) 40.585ms
[165.843s][info][gc] GC(9) Pause Full (JvmtiEnv ForceGarbageCollection) 30M->4M(128M) 50.540ms
[187.213s][info][gc] GC(10) Pause Full (JvmtiEnv ForceGarbageCollection) 55M->4M(128M) 36.011ms
[208.172s][info][gc] GC(11) Pause Full (JvmtiEnv ForceGarbageCollection) 55M->4M(128M) 32.215ms
[229.580s][info][gc] GC(12) Pause Full (JvmtiEnv ForceGarbageCollection) 55M->4M(128M) 29.200ms
[250.740s][info][gc] GC(13) Pause Full (JvmtiEnv ForceGarbageCollection) 55M->4M(128M) 42.236ms
[271.916s][info][gc] GC(14) Pause Full (JvmtiEnv ForceGarbageCollection) 55M->4M(128M) 39.159ms
[293.144s][info][gc] GC(15) Pause Full (JvmtiEnv ForceGarbageCollection) 55M->4M(128M) 37.185ms
[315.046s][info][gc] GC(16) Pause Full (JvmtiEnv ForceGarbageCollection) 55M->4M(128M) 39.154ms
[337.280s][info][gc] GC(17) Pause Full (JvmtiEnv ForceGarbageCollection) 55M->4M(128M) 33.362ms
[347.871s][info][gc] GC(18) Pause Full (JvmtiEnv ForceGarbageCollection) 30M->4M(128M) 27.884ms
[358.337s][info][gc] GC(19) Pause Full (JvmtiEnv ForceGarbageCollection) 30M->4M(128M) 21.006ms
[368.951s][info][gc] GC(20) Pause Full (JvmtiEnv ForceGarbageCollection) 30M->4M(128M) 35.383ms
[379.391s][info][gc] GC(21) Pause Full (JvmtiEnv ForceGarbageCollection) 30M->4M(128M) 23.626ms
[390.033s][info][gc] GC(22) Pause Full (JvmtiEnv ForceGarbageCollection) 30M->4M(128M) 57.751ms
[400.479s][info][gc] GC(23) Pause Full (JvmtiEnv ForceGarbageCollection) 30M->4M(128M) 28.344ms
[410.923s][info][gc] GC(24) Pause Full (JvmtiEnv ForceGarbageCollection) 30M->4M(128M) 49.035ms
[421.394s][info][gc] GC(25) Pause Full (JvmtiEnv ForceGarbageCollection) 30M->4M(128M) 26.611ms
[442.542s][info][gc] GC(26) Pause Full (JvmtiEnv ForceGarbageCollection) 55M->4M(128M) 38.658ms
[453.076s][info][gc] GC(27) Pause Full (JvmtiEnv ForceGarbageCollection) 30M->4M(128M) 41.957ms
[463.478s][info][gc] GC(28) Pause Full (JvmtiEnv ForceGarbageCollection) 30M->4M(128M) 22.491ms
[473.871s][info][gc] GC(29) Pause Full (JvmtiEnv ForceGarbageCollection) 30M->4M(128M) 37.712ms
[484.374s][info][gc] GC(30) Pause Full (JvmtiEnv ForceGarbageCollection) 30M->4M(128M) 35.172ms
[494.877s][info][gc] GC(31) Pause Full (JvmtiEnv ForceGarbageCollection) 30M->4M(128M) 38.535ms
[505.247s][info][gc] GC(32) Pause Full (JvmtiEnv ForceGarbageCollection) 30M->4M(128M) 25.666ms
[515.574s][info][gc] GC(33) Pause Full (JvmtiEnv ForceGarbageCollection) 30M->4M(128M) 43.146ms
[525.925s][info][gc] GC(34) Pause Full (JvmtiEnv ForceGarbageCollection) 30M->4M(128M) 23.188ms
[536.445s][info][gc] GC(35) Pause Full (JvmtiEnv ForceGarbageCollection) 30M->4M(128M) 33.391ms
[546.765s][info][gc] GC(36) Pause Full (JvmtiEnv ForceGarbageCollection) 30M->4M(128M) 24.719ms
[557.342s][info][gc] GC(37) Pause Full (JvmtiEnv ForceGarbageCollection) 30M->4M(128M) 35.023ms
[578.170s][info][gc] GC(38) Pause Full (JvmtiEnv ForceGarbageCollection) 55M->4M(128M) 33.519ms
[599.000s][info][gc] GC(39) Pause Full (JvmtiEnv ForceGarbageCollection) 55M->4M(128M) 38.651ms
[619.791s][info][gc] GC(40) Pause Full (JvmtiEnv ForceGarbageCollection) 55M->4M(128M) 33.361ms
[630.200s][info][gc] GC(41) Pause Full (JvmtiEnv ForceGarbageCollection) 30M->4M(128M) 35.346ms
[640.686s][info][gc] GC(42) Pause Full (JvmtiEnv ForceGarbageCollection) 30M->4M(128M) 28.450ms
[661.577s][info][gc] GC(43) Pause Full (JvmtiEnv ForceGarbageCollection) 55M->4M(128M) 34.278ms
[671.975s][info][gc] GC(44) Pause Full (JvmtiEnv ForceGarbageCollection) 30M->4M(128M) 32.053ms
[682.403s][info][gc] GC(45) Pause Full (JvmtiEnv ForceGarbageCollection) 30M->4M(128M) 20.688ms
[692.915s][info][gc] GC(46) Pause Full (JvmtiEnv ForceGarbageCollection) 30M->4M(128M) 36.712ms
[703.069s][info][gc] GC(47) Pause Full (JvmtiEnv ForceGarbageCollection) 30M->4M(128M) 26.469ms
[713.552s][info][gc] GC(48) Pause Full (JvmtiEnv ForceGarbageCollection) 30M->4M(128M) 25.160ms
[724.006s][info][gc] GC(49) Pause Full (JvmtiEnv ForceGarbageCollection) 30M->4M(128M) 28.645ms
[734.351s][info][gc] GC(50) Pause Full (JvmtiEnv ForceGarbageCollection) 30M->4M(128M) 22.404ms
[744.776s][info][gc] GC(51) Pause Full (JvmtiEnv ForceGarbageCollection) 30M->4M(128M) 36.020ms
[755.172s][info][gc] GC(52) Pause Full (JvmtiEnv ForceGarbageCollection) 30M->4M(128M) 23.331ms
[765.572s][info][gc] GC(53) Pause Full (JvmtiEnv ForceGarbageCollection) 30M->4M(128M) 38.620ms
[775.881s][info][gc] GC(54) Pause Full (JvmtiEnv ForceGarbageCollection) 30M->4M(128M) 24.481ms
[786.298s][info][gc] GC(55) Pause Full (JvmtiEnv ForceGarbageCollection) 30M->4M(128M) 40.752ms
[796.528s][info][gc] GC(56) Pause Full (JvmtiEnv ForceGarbageCollection) 30M->4M(128M) 19.934ms
