[0.013s][info][gc] Using G1
[16.193s][info][gc] GC(0) Pause Full (JvmtiEnv ForceGarbageCollection) 51M->4M(128M) 40.366ms
[37.875s][info][gc] GC(1) Pause Full (JvmtiEnv ForceGarbageCollection) 57M->4M(128M) 31.962ms
[58.897s][info][gc] GC(2) Pause Full (JvmtiEnv ForceGarbageCollection) 54M->4M(128M) 39.618ms
[79.654s][info][gc] GC(3) Pause Full (JvmtiEnv ForceGarbageCollection) 56M->4M(128M) 34.457ms
[100.314s][info][gc] GC(4) Pause Full (JvmtiEnv ForceGarbageCollection) 56M->4M(128M) 34.440ms
[120.593s][info][gc] GC(5) Pause Full (JvmtiEnv ForceGarbageCollection) 56M->4M(128M) 39.237ms
[141.255s][info][gc] GC(6) Pause Full (JvmtiEnv ForceGarbageCollection) 54M->4M(128M) 36.928ms
[161.896s][info][gc] GC(7) Pause Full (JvmtiEnv ForceGarbageCollection) 56M->4M(128M) 39.608ms
[182.538s][info][gc] GC(8) Pause Full (JvmtiEnv ForceGarbageCollection) 54M->4M(128M) 41.756ms
[202.932s][info][gc] GC(9) Pause Full (JvmtiEnv ForceGarbageCollection) 55M->4M(128M) 28.913ms
[223.562s][info][gc] GC(10) Pause Full (JvmtiEnv ForceGarbageCollection) 54M->4M(128M) 31.976ms
[244.351s][info][gc] GC(11) Pause Full (JvmtiEnv ForceGarbageCollection) 55M->4M(128M) 31.046ms
[264.983s][info][gc] GC(12) Pause Full (JvmtiEnv ForceGarbageCollection) 55M->4M(128M) 34.639ms
[285.818s][info][gc] GC(13) Pause Full (JvmtiEnv ForceGarbageCollection) 55M->4M(128M) 40.077ms
[306.318s][info][gc] GC(14) Pause Full (JvmtiEnv ForceGarbageCollection) 55M->4M(128M) 29.849ms
[326.860s][info][gc] GC(15) Pause Full (JvmtiEnv ForceGarbageCollection) 55M->4M(128M) 40.932ms
[337.300s][info][gc] GC(16) Pause Full (JvmtiEnv ForceGarbageCollection) 30M->4M(128M) 28.892ms
[347.681s][info][gc] GC(17) Pause Full (JvmtiEnv ForceGarbageCollection) 30M->4M(128M) 30.088ms
[358.098s][info][gc] GC(18) Pause Full (JvmtiEnv ForceGarbageCollection) 30M->4M(128M) 23.375ms
[368.415s][info][gc] GC(19) Pause Full (JvmtiEnv ForceGarbageCollection) 30M->4M(128M) 28.523ms
[378.802s][info][gc] GC(20) Pause Full (JvmtiEnv ForceGarbageCollection) 30M->4M(128M) 26.472ms
[389.197s][info][gc] GC(21) Pause Full (JvmtiEnv ForceGarbageCollection) 30M->4M(128M) 40.997ms
[399.730s][info][gc] GC(22) Pause Full (JvmtiEnv ForceGarbageCollection) 30M->4M(128M) 28.254ms
[410.195s][info][gc] GC(23) Pause Full (JvmtiEnv ForceGarbageCollection) 30M->4M(128M) 51.726ms
[430.658s][info][gc] GC(24) Pause Full (JvmtiEnv ForceGarbageCollection) 55M->4M(128M) 37.681ms
[441.428s][info][gc] GC(25) Pause Full (JvmtiEnv ForceGarbageCollection) 30M->4M(128M) 23.698ms
[451.892s][info][gc] GC(26) Pause Full (JvmtiEnv ForceGarbageCollection) 30M->4M(128M) 28.214ms
[472.903s][info][gc] GC(27) Pause Full (JvmtiEnv ForceGarbageCollection) 55M->4M(128M) 35.375ms
[493.723s][info][gc] GC(28) Pause Full (JvmtiEnv ForceGarbageCollection) 55M->4M(128M) 39.280ms
[504.135s][info][gc] GC(29) Pause Full (JvmtiEnv ForceGarbageCollection) 30M->4M(128M) 21.639ms
[514.555s][info][gc] GC(30) Pause Full (JvmtiEnv ForceGarbageCollection) 30M->4M(128M) 29.108ms
[524.881s][info][gc] GC(31) Pause Full (JvmtiEnv ForceGarbageCollection) 30M->4M(128M) 23.937ms
[535.417s][info][gc] GC(32) Pause Full (JvmtiEnv ForceGarbageCollection) 30M->4M(128M) 35.788ms
[545.811s][info][gc] GC(33) Pause Full (JvmtiEnv ForceGarbageCollection) 30M->4M(128M) 25.008ms
[566.395s][info][gc] GC(34) Pause Full (JvmtiEnv ForceGarbageCollection) 55M->4M(128M) 41.386ms
[587.224s][info][gc] GC(35) Pause Full (JvmtiEnv ForceGarbageCollection) 55M->4M(128M) 41.163ms
[597.751s][info][gc] GC(36) Pause Full (JvmtiEnv ForceGarbageCollection) 30M->4M(128M) 26.074ms
[608.250s][info][gc] GC(37) Pause Full (JvmtiEnv ForceGarbageCollection) 30M->4M(128M) 31.394ms
[628.821s][info][gc] GC(38) Pause Full (JvmtiEnv ForceGarbageCollection) 55M->4M(128M) 42.154ms
[639.224s][info][gc] GC(39) Pause Full (JvmtiEnv ForceGarbageCollection) 30M->4M(128M) 23.142ms
[649.575s][info][gc] GC(40) Pause Full (JvmtiEnv ForceGarbageCollection) 30M->4M(128M) 23.560ms
[659.918s][info][gc] GC(41) Pause Full (JvmtiEnv ForceGarbageCollection) 30M->4M(128M) 34.178ms
[670.320s][info][gc] GC(42) Pause Full (JvmtiEnv ForceGarbageCollection) 30M->4M(128M) 22.801ms
[680.814s][info][gc] GC(43) Pause Full (JvmtiEnv ForceGarbageCollection) 30M->4M(128M) 36.183ms
[701.190s][info][gc] GC(44) Pause Full (JvmtiEnv ForceGarbageCollection) 55M->4M(128M) 37.694ms
[711.588s][info][gc] GC(45) Pause Full (JvmtiEnv ForceGarbageCollection) 30M->4M(128M) 23.975ms
[722.026s][info][gc] GC(46) Pause Full (JvmtiEnv ForceGarbageCollection) 30M->4M(128M) 34.695ms
[742.770s][info][gc] GC(47) Pause Full (JvmtiEnv ForceGarbageCollection) 55M->4M(128M) 34.281ms
[753.288s][info][gc] GC(48) Pause Full (JvmtiEnv ForceGarbageCollection) 30M->4M(128M) 43.973ms
[763.736s][info][gc] GC(49) Pause Full (JvmtiEnv ForceGarbageCollection) 30M->4M(128M) 28.057ms
[774.076s][info][gc] GC(50) Pause Full (JvmtiEnv ForceGarbageCollection) 30M->4M(128M) 38.475ms
[784.341s][info][gc] GC(51) Pause Full (JvmtiEnv ForceGarbageCollection) 30M->4M(128M) 23.141ms
[794.754s][info][gc] GC(52) Pause Full (JvmtiEnv ForceGarbageCollection) 30M->4M(128M) 38.284ms
