[0.007s][info][gc] Using Serial
[22.507s][info][gc] GC(0) Pause Young (Allocation Failure) 67M->4M(243M) 20.119ms
[50.440s][info][gc] GC(1) Pause Young (Allocation Failure) 71M->4M(243M) 30.935ms
[78.733s][info][gc] GC(2) Pause Young (Allocation Failure) 71M->4M(243M) 16.881ms
[107.085s][info][gc] GC(3) Pause Young (Allocation Failure) 71M->4M(243M) 21.660ms
[135.304s][info][gc] GC(4) Pause Young (Allocation Failure) 71M->4M(243M) 16.852ms
[163.644s][info][gc] GC(5) Pause Young (Allocation Failure) 71M->4M(243M) 18.546ms
[192.363s][info][gc] GC(6) Pause Young (Allocation Failure) 71M->4M(243M) 17.606ms
[220.674s][info][gc] GC(7) Pause Young (Allocation Failure) 71M->4M(243M) 15.970ms
[248.867s][info][gc] GC(8) Pause Young (Allocation Failure) 71M->4M(243M) 14.695ms
[276.770s][info][gc] GC(9) Pause Young (Allocation Failure) 71M->4M(243M) 15.057ms
[305.183s][info][gc] GC(10) Pause Young (Allocation Failure) 71M->4M(243M) 14.778ms
[333.343s][info][gc] GC(11) Pause Young (Allocation Failure) 71M->4M(243M) 24.581ms
[361.469s][info][gc] GC(12) Pause Young (Allocation Failure) 71M->4M(243M) 19.865ms
[389.602s][info][gc] GC(13) Pause Young (Allocation Failure) 71M->4M(243M) 17.639ms
[417.847s][info][gc] GC(14) Pause Young (Allocation Failure) 71M->4M(243M) 21.866ms
[446.484s][info][gc] GC(15) Pause Young (Allocation Failure) 71M->4M(243M) 17.863ms
[474.064s][info][gc] GC(16) Pause Young (Allocation Failure) 71M->4M(243M) 4.101ms
[502.486s][info][gc] GC(17) Pause Young (Allocation Failure) 71M->4M(243M) 2.915ms
[530.910s][info][gc] GC(18) Pause Young (Allocation Failure) 71M->4M(243M) 4.718ms
[559.307s][info][gc] GC(19) Pause Young (Allocation Failure) 71M->4M(243M) 6.359ms
[587.955s][info][gc] GC(20) Pause Young (Allocation Failure) 71M->4M(243M) 6.875ms
[616.835s][info][gc] GC(21) Pause Young (Allocation Failure) 71M->4M(243M) 3.890ms
[645.540s][info][gc] GC(22) Pause Young (Allocation Failure) 71M->4M(243M) 3.865ms
[674.347s][info][gc] GC(23) Pause Young (Allocation Failure) 71M->4M(243M) 3.077ms
[703.120s][info][gc] GC(24) Pause Young (Allocation Failure) 71M->4M(243M) 2.364ms
[731.820s][info][gc] GC(25) Pause Young (Allocation Failure) 71M->4M(243M) 3.488ms
[760.041s][info][gc] GC(26) Pause Young (Allocation Failure) 71M->4M(243M) 4.068ms
[788.279s][info][gc] GC(27) Pause Young (Allocation Failure) 71M->4M(243M) 5.186ms
[816.886s][info][gc] GC(28) Pause Young (Allocation Failure) 71M->4M(243M) 3.361ms
