[0.007s][info][gc] Using Serial
[22.915s][info][gc] GC(0) Pause Young (Allocation Failure) 67M->4M(243M) 18.049ms
[50.730s][info][gc] GC(1) Pause Young (Allocation Failure) 71M->4M(243M) 19.208ms
[78.619s][info][gc] GC(2) Pause Young (Allocation Failure) 71M->4M(243M) 16.026ms
[106.803s][info][gc] GC(3) Pause Young (Allocation Failure) 71M->4M(243M) 18.816ms
[135.062s][info][gc] GC(4) Pause Young (Allocation Failure) 71M->4M(243M) 16.840ms
[163.244s][info][gc] GC(5) Pause Young (Allocation Failure) 71M->4M(243M) 18.806ms
[191.527s][info][gc] GC(6) Pause Young (Allocation Failure) 71M->4M(243M) 14.821ms
[219.511s][info][gc] GC(7) Pause Young (Allocation Failure) 71M->4M(243M) 14.975ms
[247.240s][info][gc] GC(8) Pause Young (Allocation Failure) 71M->4M(243M) 15.484ms
[275.483s][info][gc] GC(9) Pause Young (Allocation Failure) 71M->4M(243M) 14.354ms
[304.692s][info][gc] GC(10) Pause Young (Allocation Failure) 71M->4M(243M) 19.012ms
[333.736s][info][gc] GC(11) Pause Young (Allocation Failure) 71M->4M(243M) 20.064ms
[362.358s][info][gc] GC(12) Pause Young (Allocation Failure) 71M->4M(243M) 16.587ms
[391.632s][info][gc] GC(13) Pause Young (Allocation Failure) 71M->4M(243M) 14.412ms
[420.429s][info][gc] GC(14) Pause Young (Allocation Failure) 71M->4M(243M) 14.121ms
[448.784s][info][gc] GC(15) Pause Young (Allocation Failure) 71M->4M(243M) 16.864ms
[476.894s][info][gc] GC(16) Pause Young (Allocation Failure) 71M->4M(243M) 3.290ms
[505.538s][info][gc] GC(17) Pause Young (Allocation Failure) 71M->4M(243M) 3.142ms
[534.151s][info][gc] GC(18) Pause Young (Allocation Failure) 71M->4M(243M) 4.213ms
[562.391s][info][gc] GC(19) Pause Young (Allocation Failure) 71M->4M(243M) 3.821ms
[591.233s][info][gc] GC(20) Pause Young (Allocation Failure) 71M->4M(243M) 4.172ms
[619.594s][info][gc] GC(21) Pause Young (Allocation Failure) 71M->4M(243M) 3.295ms
[648.473s][info][gc] GC(22) Pause Young (Allocation Failure) 71M->4M(243M) 3.777ms
[676.731s][info][gc] GC(23) Pause Young (Allocation Failure) 71M->4M(243M) 4.151ms
[705.421s][info][gc] GC(24) Pause Young (Allocation Failure) 71M->4M(243M) 6.050ms
[733.894s][info][gc] GC(25) Pause Young (Allocation Failure) 71M->4M(243M) 4.560ms
[762.156s][info][gc] GC(26) Pause Young (Allocation Failure) 71M->4M(243M) 3.089ms
[790.446s][info][gc] GC(27) Pause Young (Allocation Failure) 71M->4M(243M) 4.010ms
[818.651s][info][gc] GC(28) Pause Young (Allocation Failure) 71M->4M(243M) 7.318ms
