OpenJDK 64-Bit Server VM (25.222-b10) for linux-amd64 JRE (1.8.0_222-8u222-b10-1ubuntu1~18.04.1-b10), built on Jul 18 2019 18:52:48 by "buildd" with gcc 7.4.0
Memory: 4k page, physical 16424660k(15605440k free), swap 0k(0k free)
CommandLine flags: -XX:CompressedClassSpaceSize=45297664 -XX:InitialHeapSize=456340480 -XX:MaxHeapSize=456340480 -XX:MaxMetaspaceSize=53686272 -XX:MaxNewSize=411041792 -XX:NewSize=411041792 -XX:+PrintGC -XX:+PrintGCTimeStamps -XX:+RequireSharedSpaces -XX:ReservedCodeCacheSize=26843136 -XX:-TieredCompilation -XX:+UseCompressedClassPointers -XX:+UseCompressedOops -XX:+UseSerialGC -XX:+UseSharedSpaces 
3.944: [GC (Allocation Failure)  321152K->2897K(406336K), 0.0086367 secs]
6.072: [GC (Allocation Failure)  324049K->2939K(406336K), 0.0095404 secs]
8.240: [GC (Allocation Failure)  324091K->2975K(406336K), 0.0032733 secs]
10.407: [GC (Allocation Failure)  324127K->2850K(406336K), 0.0028872 secs]
12.598: [GC (Allocation Failure)  324002K->2872K(406336K), 0.0046062 secs]
14.521: [Full GC (JvmtiEnv ForceGarbageCollection)  279430K->1480K(406336K), 0.0194318 secs]
17.032: [GC (Allocation Failure)  322632K->3012K(406336K), 0.0019674 secs]
19.302: [GC (Allocation Failure)  324164K->2966K(406336K), 0.0016954 secs]
21.577: [GC (Allocation Failure)  324118K->2951K(406336K), 0.0020343 secs]
23.823: [GC (Allocation Failure)  324103K->1561K(406336K), 0.0010495 secs]
26.094: [GC (Allocation Failure)  322713K->3015K(406336K), 0.0022390 secs]
27.634: [Full GC (JvmtiEnv ForceGarbageCollection)  225243K->1525K(406336K), 0.0219437 secs]
29.892: [GC (Allocation Failure)  322677K->3063K(406336K), 0.0016670 secs]
32.122: [GC (Allocation Failure)  324215K->3033K(406336K), 0.0014436 secs]
34.311: [GC (Allocation Failure)  324185K->3009K(406336K), 0.0012568 secs]
36.498: [GC (Allocation Failure)  323210K->1754K(406336K), 0.0018319 secs]
38.692: [GC (Allocation Failure)  322906K->3065K(406336K), 0.0014624 secs]
40.152: [Full GC (JvmtiEnv ForceGarbageCollection)  220008K->1568K(406336K), 0.0136636 secs]
42.355: [GC (Allocation Failure)  322720K->3106K(406336K), 0.0011636 secs]
44.565: [GC (Allocation Failure)  324258K->3075K(406336K), 0.0017115 secs]
46.901: [GC (Allocation Failure)  324227K->3052K(406336K), 0.0021264 secs]
49.176: [GC (Allocation Failure)  323284K->1797K(406336K), 0.0010035 secs]
51.336: [GC (Allocation Failure)  322949K->3107K(406336K), 0.0018359 secs]
52.726: [Full GC (JvmtiEnv ForceGarbageCollection)  205454K->1481K(406336K), 0.0139567 secs]
54.991: [GC (Allocation Failure)  322633K->3019K(406336K), 0.0011924 secs]
57.214: [GC (Allocation Failure)  324171K->2990K(406336K), 0.0018970 secs]
59.449: [GC (Allocation Failure)  324142K->2966K(406336K), 0.0018548 secs]
61.730: [GC (Allocation Failure)  323179K->1711K(406336K), 0.0010661 secs]
63.964: [GC (Allocation Failure)  322863K->3021K(406336K), 0.0018189 secs]
65.482: [Full GC (JvmtiEnv ForceGarbageCollection)  219046K->1523K(406336K), 0.0219980 secs]
67.704: [GC (Allocation Failure)  322675K->3062K(406336K), 0.0012422 secs]
69.953: [GC (Allocation Failure)  324214K->3031K(406336K), 0.0021474 secs]
72.225: [GC (Allocation Failure)  324183K->3007K(406336K), 0.0028494 secs]
74.498: [GC (Allocation Failure)  323342K->1753K(406336K), 0.0010386 secs]
76.722: [GC (Allocation Failure)  322905K->3063K(406336K), 0.0026855 secs]
78.276: [Full GC (JvmtiEnv ForceGarbageCollection)  206142K->1564K(406336K), 0.0201555 secs]
80.526: [GC (Allocation Failure)  322716K->3103K(406336K), 0.0023818 secs]
82.684: [GC (Allocation Failure)  324255K->3072K(406336K), 0.0034757 secs]
84.953: [GC (Allocation Failure)  324224K->3048K(406336K), 0.0024818 secs]
87.160: [GC (Allocation Failure)  323380K->1793K(406336K), 0.0009917 secs]
89.429: [GC (Allocation Failure)  322945K->3103K(406336K), 0.0018718 secs]
90.952: [Full GC (JvmtiEnv ForceGarbageCollection)  218818K->1606K(406336K), 0.0152067 secs]
93.216: [GC (Allocation Failure)  322758K->3144K(406336K), 0.0018717 secs]
95.421: [GC (Allocation Failure)  324296K->3113K(406336K), 0.0018517 secs]
97.651: [GC (Allocation Failure)  324265K->3089K(406336K), 0.0017280 secs]
99.861: [GC (Allocation Failure)  323456K->1834K(406336K), 0.0010358 secs]
102.019: [GC (Allocation Failure)  322986K->3145K(406336K), 0.0011926 secs]
103.494: [Full GC (JvmtiEnv ForceGarbageCollection)  218786K->1484K(406336K), 0.0171148 secs]
105.741: [GC (Allocation Failure)  322636K->3022K(406336K), 0.0020673 secs]
108.075: [GC (Allocation Failure)  324174K->3000K(406336K), 0.0011631 secs]
110.309: [GC (Allocation Failure)  324152K->2968K(406336K), 0.0021730 secs]
112.497: [GC (Allocation Failure)  323341K->1713K(406336K), 0.0010288 secs]
114.709: [GC (Allocation Failure)  322865K->3023K(406336K), 0.0016171 secs]
116.223: [Full GC (JvmtiEnv ForceGarbageCollection)  218611K->1525K(406336K), 0.0229714 secs]
118.498: [GC (Allocation Failure)  322677K->3063K(406336K), 0.0018913 secs]
120.760: [GC (Allocation Failure)  324215K->3041K(406336K), 0.0016527 secs]
123.008: [GC (Allocation Failure)  324193K->3009K(406336K), 0.0026910 secs]
125.116: [GC (Allocation Failure)  323439K->1754K(406336K), 0.0013593 secs]
127.256: [GC (Allocation Failure)  322906K->3059K(406336K), 0.0017226 secs]
128.761: [Full GC (JvmtiEnv ForceGarbageCollection)  219840K->1566K(406336K), 0.0142313 secs]
130.981: [GC (Allocation Failure)  322718K->3105K(406336K), 0.0021824 secs]
133.226: [GC (Allocation Failure)  324257K->3082K(406336K), 0.0017974 secs]
135.486: [GC (Allocation Failure)  324234K->3051K(406336K), 0.0024602 secs]
137.778: [GC (Allocation Failure)  323640K->1796K(406336K), 0.0021494 secs]
140.157: [GC (Allocation Failure)  322948K->3106K(406336K), 0.0020255 secs]
141.650: [Full GC (JvmtiEnv ForceGarbageCollection)  218699K->1608K(406336K), 0.0133655 secs]
143.842: [GC (Allocation Failure)  322760K->3147K(406336K), 0.0018565 secs]
146.053: [GC (Allocation Failure)  324299K->3124K(406336K), 0.0011357 secs]
148.186: [GC (Allocation Failure)  324276K->3092K(406336K), 0.0017893 secs]
150.415: [GC (Allocation Failure)  323533K->1837K(406336K), 0.0009600 secs]
152.592: [GC (Allocation Failure)  322989K->3147K(406336K), 0.0012036 secs]
154.153: [Full GC (JvmtiEnv ForceGarbageCollection)  232660K->1485K(406336K), 0.0139452 secs]
156.379: [GC (Allocation Failure)  322637K->3024K(406336K), 0.0018729 secs]
158.591: [GC (Allocation Failure)  324176K->3001K(406336K), 0.0018147 secs]
160.808: [GC (Allocation Failure)  324153K->2969K(406336K), 0.0017954 secs]
163.055: [GC (Allocation Failure)  323425K->1714K(406336K), 0.0010321 secs]
165.262: [GC (Allocation Failure)  322866K->3024K(406336K), 0.0018537 secs]
166.815: [Full GC (JvmtiEnv ForceGarbageCollection)  218546K->1527K(406336K), 0.0241122 secs]
169.038: [GC (Allocation Failure)  322679K->3065K(406336K), 0.0011905 secs]
171.185: [GC (Allocation Failure)  324217K->3042K(406336K), 0.0029465 secs]
173.452: [GC (Allocation Failure)  324194K->3010K(406336K), 0.0018662 secs]
175.660: [GC (Allocation Failure)  323440K->1755K(406336K), 0.0014065 secs]
177.881: [GC (Allocation Failure)  322907K->3066K(406336K), 0.0028360 secs]
179.452: [Full GC (JvmtiEnv ForceGarbageCollection)  232562K->1569K(406336K), 0.0157302 secs]
181.753: [GC (Allocation Failure)  322721K->3107K(406336K), 0.0019627 secs]
184.086: [GC (Allocation Failure)  324259K->3084K(406336K), 0.0031888 secs]
186.309: [GC (Allocation Failure)  324236K->3052K(406336K), 0.0024261 secs]
188.556: [GC (Allocation Failure)  323511K->1797K(406336K), 0.0009722 secs]
190.700: [GC (Allocation Failure)  322949K->3108K(406336K), 0.0018366 secs]
192.304: [Full GC (JvmtiEnv ForceGarbageCollection)  232614K->1611K(406336K), 0.0154672 secs]
194.473: [GC (Allocation Failure)  322763K->3150K(406336K), 0.0013898 secs]
196.704: [GC (Allocation Failure)  324302K->3127K(406336K), 0.0028920 secs]
198.978: [GC (Allocation Failure)  324279K->3095K(406336K), 0.0014062 secs]
201.277: [GC (Allocation Failure)  323543K->1840K(406336K), 0.0010746 secs]
203.489: [GC (Allocation Failure)  322992K->3150K(406336K), 0.0021460 secs]
205.086: [Full GC (JvmtiEnv ForceGarbageCollection)  232660K->1486K(406336K), 0.0235463 secs]
207.319: [GC (Allocation Failure)  322638K->3025K(406336K), 0.0019470 secs]
209.521: [GC (Allocation Failure)  324177K->3002K(406336K), 0.0011030 secs]
211.797: [GC (Allocation Failure)  324154K->2970K(406336K), 0.0017393 secs]
214.017: [GC (Allocation Failure)  323422K->1715K(406336K), 0.0010317 secs]
216.288: [GC (Allocation Failure)  322867K->3025K(406336K), 0.0018534 secs]
217.912: [Full GC (JvmtiEnv ForceGarbageCollection)  232524K->1528K(406336K), 0.0218113 secs]
220.107: [GC (Allocation Failure)  322680K->3067K(406336K), 0.0011693 secs]
222.276: [GC (Allocation Failure)  324219K->3044K(406336K), 0.0028308 secs]
224.476: [GC (Allocation Failure)  324196K->3012K(406336K), 0.0012212 secs]
226.768: [GC (Allocation Failure)  323460K->1757K(406336K), 0.0010954 secs]
228.994: [GC (Allocation Failure)  322909K->3067K(406336K), 0.0017902 secs]
230.606: [Full GC (JvmtiEnv ForceGarbageCollection)  232575K->1570K(406336K), 0.0141950 secs]
232.825: [GC (Allocation Failure)  322722K->3109K(406336K), 0.0018352 secs]
235.032: [GC (Allocation Failure)  324261K->3086K(406336K), 0.0018233 secs]
237.275: [GC (Allocation Failure)  324238K->3054K(406336K), 0.0016304 secs]
239.520: [GC (Allocation Failure)  323506K->1799K(406336K), 0.0010534 secs]
241.788: [GC (Allocation Failure)  322951K->3109K(406336K), 0.0017372 secs]
243.450: [Full GC (JvmtiEnv ForceGarbageCollection)  246603K->1613K(406336K), 0.0158965 secs]
245.647: [GC (Allocation Failure)  322765K->3152K(406336K), 0.0012657 secs]
247.795: [GC (Allocation Failure)  324304K->3121K(406336K), 0.0028158 secs]
250.043: [GC (Allocation Failure)  324273K->3097K(406336K), 0.0020812 secs]
252.311: [GC (Allocation Failure)  323593K->1842K(406336K), 0.0010574 secs]
254.531: [GC (Allocation Failure)  322994K->3152K(406336K), 0.0018475 secs]
256.170: [Full GC (JvmtiEnv ForceGarbageCollection)  232667K->1487K(406336K), 0.0263739 secs]
258.515: [GC (Allocation Failure)  322639K->3025K(406336K), 0.0018284 secs]
260.756: [GC (Allocation Failure)  324177K->3002K(406336K), 0.0017855 secs]
263.124: [GC (Allocation Failure)  324154K->2970K(406336K), 0.0018159 secs]
265.372: [GC (Allocation Failure)  323424K->1715K(406336K), 0.0010087 secs]
267.508: [GC (Allocation Failure)  322867K->3026K(406336K), 0.0015620 secs]
269.167: [Full GC (JvmtiEnv ForceGarbageCollection)  246519K->1529K(406336K), 0.0161133 secs]
271.380: [GC (Allocation Failure)  322681K->3068K(406336K), 0.0024816 secs]
273.591: [GC (Allocation Failure)  324220K->3037K(406336K), 0.0018839 secs]
275.792: [GC (Allocation Failure)  324189K->3013K(406336K), 0.0025406 secs]
278.024: [GC (Allocation Failure)  323509K->1758K(406336K), 0.0010289 secs]
280.256: [GC (Allocation Failure)  322910K->3068K(406336K), 0.0017473 secs]
281.903: [Full GC (JvmtiEnv ForceGarbageCollection)  232583K->1571K(406336K), 0.0228916 secs]
284.241: [GC (Allocation Failure)  322723K->3054K(406336K), 0.0017430 secs]
286.532: [GC (Allocation Failure)  323152K->1802K(406336K), 0.0010501 secs]
288.717: [GC (Allocation Failure)  322954K->3112K(406336K), 0.0016788 secs]
290.910: [GC (Allocation Failure)  324264K->3089K(406336K), 0.0026013 secs]
293.064: [GC (Allocation Failure)  324241K->3057K(406336K), 0.0011637 secs]
294.747: [Full GC (JvmtiEnv ForceGarbageCollection)  251883K->1616K(406336K), 0.0174064 secs]
296.952: [GC (Allocation Failure)  322768K->3154K(406336K), 0.0021168 secs]
299.197: [GC (Allocation Failure)  324306K->3132K(406336K), 0.0018374 secs]
301.491: [GC (Allocation Failure)  324284K->3100K(406336K), 0.0015001 secs]
303.684: [GC (Allocation Failure)  324252K->3075K(406336K), 0.0016975 secs]
305.861: [GC (Allocation Failure)  324227K->3155K(406336K), 0.0018213 secs]
307.532: [Full GC (JvmtiEnv ForceGarbageCollection)  247309K->1489K(406336K), 0.0237453 secs]
309.793: [GC (Allocation Failure)  322641K->3029K(406336K), 0.0021947 secs]
312.023: [GC (Allocation Failure)  324181K->3006K(406336K), 0.0015194 secs]
314.270: [GC (Allocation Failure)  324158K->2974K(406336K), 0.0018083 secs]
316.466: [GC (Allocation Failure)  324126K->2950K(406336K), 0.0017986 secs]
318.683: [GC (Allocation Failure)  324102K->3029K(406336K), 0.0018752 secs]
320.414: [Full GC (JvmtiEnv ForceGarbageCollection)  247182K->1533K(406336K), 0.0151117 secs]
322.623: [GC (Allocation Failure)  322685K->3071K(406336K), 0.0013670 secs]
324.934: [GC (Allocation Failure)  324223K->3049K(406336K), 0.0018065 secs]
327.084: [GC (Allocation Failure)  324201K->3017K(406336K), 0.0017266 secs]
329.344: [GC (Allocation Failure)  324169K->2993K(406336K), 0.0016824 secs]
331.604: [GC (Allocation Failure)  324145K->3072K(406336K), 0.0014920 secs]
333.326: [Full GC (JvmtiEnv ForceGarbageCollection)  247225K->1576K(406336K), 0.0153640 secs]
335.580: [GC (Allocation Failure)  322728K->3114K(406336K), 0.0018070 secs]
337.838: [GC (Allocation Failure)  324266K->3092K(406336K), 0.0020881 secs]
340.034: [GC (Allocation Failure)  324244K->3059K(406336K), 0.0017564 secs]
342.277: [GC (Allocation Failure)  324211K->3035K(406336K), 0.0017569 secs]
344.502: [GC (Allocation Failure)  324187K->3115K(406336K), 0.0024267 secs]
346.213: [Full GC (JvmtiEnv ForceGarbageCollection)  247266K->1619K(406336K), 0.0236503 secs]
348.484: [GC (Allocation Failure)  322771K->3157K(406336K), 0.0018708 secs]
350.676: [GC (Allocation Failure)  324309K->3134K(406336K), 0.0018255 secs]
352.887: [GC (Allocation Failure)  324286K->3102K(406336K), 0.0012423 secs]
355.069: [GC (Allocation Failure)  324254K->3078K(406336K), 0.0016972 secs]
357.244: [GC (GCLocker Initiated GC)  324230K->3149K(406336K), 0.0020270 secs]
359.021: [Full GC (JvmtiEnv ForceGarbageCollection)  261689K->1491K(406336K), 0.0172236 secs]
361.306: [GC (Allocation Failure)  322643K->3029K(406336K), 0.0027169 secs]
363.605: [GC (Allocation Failure)  324181K->3007K(406336K), 0.0016637 secs]
365.790: [GC (Allocation Failure)  324159K->2975K(406336K), 0.0024031 secs]
367.989: [GC (Allocation Failure)  324127K->2951K(406336K), 0.0020888 secs]
370.085: [GC (Allocation Failure)  324103K->3030K(406336K), 0.0010923 secs]
371.871: [Full GC (JvmtiEnv ForceGarbageCollection)  262827K->1535K(406336K), 0.0178304 secs]
374.098: [GC (Allocation Failure)  322687K->3073K(406336K), 0.0012286 secs]
376.353: [GC (Allocation Failure)  324225K->3051K(406336K), 0.0025358 secs]
378.538: [GC (Allocation Failure)  324203K->3019K(406336K), 0.0017884 secs]
380.833: [GC (Allocation Failure)  324171K->2995K(406336K), 0.0015133 secs]
383.067: [GC (Allocation Failure)  324147K->3074K(406336K), 0.0018674 secs]
384.916: [Full GC (JvmtiEnv ForceGarbageCollection)  260034K->1579K(406336K), 0.0198967 secs]
387.208: [GC (Allocation Failure)  322731K->3117K(406336K), 0.0017233 secs]
389.380: [GC (Allocation Failure)  324269K->3094K(406336K), 0.0012161 secs]
391.584: [GC (Allocation Failure)  324246K->3062K(406336K), 0.0017396 secs]
393.829: [GC (Allocation Failure)  324214K->3038K(406336K), 0.0035074 secs]
396.000: [GC (Allocation Failure)  324190K->3118K(406336K), 0.0018052 secs]
397.792: [Full GC (JvmtiEnv ForceGarbageCollection)  264138K->1622K(406336K), 0.0165432 secs]
399.992: [GC (Allocation Failure)  322774K->3161K(406336K), 0.0024474 secs]
402.226: [GC (Allocation Failure)  324313K->3138K(406336K), 0.0018293 secs]
404.460: [GC (Allocation Failure)  324290K->3106K(406336K), 0.0018122 secs]
406.720: [GC (Allocation Failure)  324258K->3082K(406336K), 0.0017167 secs]
408.924: [GC (Allocation Failure)  324234K->3161K(406336K), 0.0021244 secs]
410.760: [Full GC (JvmtiEnv ForceGarbageCollection)  264180K->1491K(406336K), 0.0245101 secs]
413.005: [GC (Allocation Failure)  322643K->3030K(406336K), 0.0021501 secs]
415.249: [GC (Allocation Failure)  324182K->3007K(406336K), 0.0018869 secs]
417.473: [GC (Allocation Failure)  324159K->2975K(406336K), 0.0018287 secs]
419.673: [GC (Allocation Failure)  324127K->2951K(406336K), 0.0024150 secs]
421.878: [GC (Allocation Failure)  324103K->3030K(406336K), 0.0011889 secs]
423.735: [Full GC (JvmtiEnv ForceGarbageCollection)  276852K->1536K(406336K), 0.0161999 secs]
425.968: [GC (Allocation Failure)  322688K->3074K(406336K), 0.0011661 secs]
428.150: [GC (Allocation Failure)  324226K->3052K(406336K), 0.0018275 secs]
430.380: [GC (Allocation Failure)  324204K->3019K(406336K), 0.0020635 secs]
432.579: [GC (Allocation Failure)  324171K->2995K(406336K), 0.0013086 secs]
434.764: [GC (GCLocker Initiated GC)  324147K->3067K(406336K), 0.0017173 secs]
436.680: [Full GC (JvmtiEnv ForceGarbageCollection)  275616K->1580K(406336K), 0.0201070 secs]
438.969: [GC (Allocation Failure)  322732K->3119K(406336K), 0.0019784 secs]
441.193: [GC (Allocation Failure)  324271K->3096K(406336K), 0.0015304 secs]
443.412: [GC (Allocation Failure)  324248K->3064K(406336K), 0.0020459 secs]
445.631: [GC (Allocation Failure)  324216K->3040K(406336K), 0.0017341 secs]
447.872: [GC (Allocation Failure)  324192K->3119K(406336K), 0.0011452 secs]
449.711: [Full GC (JvmtiEnv ForceGarbageCollection)  274457K->1625K(406336K), 0.0174265 secs]
452.017: [GC (Allocation Failure)  322777K->3164K(406336K), 0.0018877 secs]
454.246: [GC (Allocation Failure)  324316K->3141K(406336K), 0.0027709 secs]
456.509: [GC (Allocation Failure)  324293K->3109K(406336K), 0.0023106 secs]
458.703: [GC (Allocation Failure)  324261K->3085K(406336K), 0.0017253 secs]
460.908: [GC (Allocation Failure)  324237K->3164K(406336K), 0.0018045 secs]
462.735: [Full GC (JvmtiEnv ForceGarbageCollection)  262593K->1375K(406336K), 0.0156885 secs]
465.010: [GC (Allocation Failure)  322527K->2914K(406336K), 0.0018949 secs]
467.289: [GC (Allocation Failure)  324066K->2891K(406336K), 0.0017982 secs]
469.537: [GC (Allocation Failure)  324043K->2859K(406336K), 0.0017530 secs]
471.795: [GC (Allocation Failure)  324011K->2835K(406336K), 0.0017613 secs]
473.987: [GC (Allocation Failure)  323987K->2914K(406336K), 0.0015901 secs]
475.874: [Full GC (JvmtiEnv ForceGarbageCollection)  276747K->1420K(406336K), 0.0255128 secs]
478.088: [GC (Allocation Failure)  322572K->2958K(406336K), 0.0023971 secs]
480.304: [GC (Allocation Failure)  324110K->2935K(406336K), 0.0023814 secs]
482.549: [GC (Allocation Failure)  324087K->2880K(406336K), 0.0023679 secs]
484.737: [GC (Allocation Failure)  324032K->2959K(406336K), 0.0023548 secs]
486.892: [GC (Allocation Failure)  324111K->2927K(406336K), 0.0019553 secs]
488.792: [Full GC (JvmtiEnv ForceGarbageCollection)  275745K->1464K(406336K), 0.0162558 secs]
490.988: [GC (Allocation Failure)  322616K->2978K(406336K), 0.0018699 secs]
493.233: [GC (Allocation Failure)  324130K->2956K(406336K), 0.0020308 secs]
495.404: [GC (Allocation Failure)  324108K->2924K(406336K), 0.0017288 secs]
497.657: [GC (Allocation Failure)  324076K->2900K(406336K), 0.0022890 secs]
499.816: [GC (Allocation Failure)  324052K->2979K(406336K), 0.0021372 secs]
501.693: [Full GC (JvmtiEnv ForceGarbageCollection)  275578K->1509K(406336K), 0.0157348 secs]
503.905: [GC (Allocation Failure)  322661K->3023K(406336K), 0.0019053 secs]
506.204: [GC (Allocation Failure)  324175K->3000K(406336K), 0.0017478 secs]
508.491: [GC (Allocation Failure)  324152K->2968K(406336K), 0.0011677 secs]
510.615: [GC (Allocation Failure)  324120K->2944K(406336K), 0.0011944 secs]
512.797: [GC (Allocation Failure)  324096K->3023K(406336K), 0.0030494 secs]
514.643: [Full GC (JvmtiEnv ForceGarbageCollection)  279316K->1376K(406336K), 0.0164998 secs]
516.870: [GC (Allocation Failure)  322528K->2890K(406336K), 0.0018677 secs]
519.094: [GC (Allocation Failure)  324042K->2868K(406336K), 0.0018531 secs]
521.336: [GC (Allocation Failure)  324020K->2836K(406336K), 0.0017675 secs]
523.587: [GC (Allocation Failure)  323988K->2812K(406336K), 0.0017218 secs]
525.815: [GC (Allocation Failure)  323964K->2891K(406336K), 0.0018405 secs]
527.747: [Full GC (JvmtiEnv ForceGarbageCollection)  273167K->1421K(406336K), 0.0239101 secs]
530.006: [GC (Allocation Failure)  322573K->2935K(406336K), 0.0021818 secs]
532.243: [GC (Allocation Failure)  324087K->2912K(406336K), 0.0017938 secs]
534.411: [GC (Allocation Failure)  324064K->2880K(406336K), 0.0012087 secs]
536.589: [GC (Allocation Failure)  324032K->2856K(406336K), 0.0020759 secs]
538.766: [GC (Allocation Failure)  324008K->2935K(406336K), 0.0018687 secs]
540.733: [Full GC (JvmtiEnv ForceGarbageCollection)  288339K->1466K(406336K), 0.0176960 secs]
543.022: [GC (Allocation Failure)  322618K->2980K(406336K), 0.0017501 secs]
545.238: [GC (Allocation Failure)  324132K->2957K(406336K), 0.0017867 secs]
547.454: [GC (Allocation Failure)  324109K->2925K(406336K), 0.0016399 secs]
549.702: [GC (Allocation Failure)  324077K->2901K(406336K), 0.0017486 secs]
551.940: [GC (Allocation Failure)  324053K->2980K(406336K), 0.0016663 secs]
553.946: [Full GC (JvmtiEnv ForceGarbageCollection)  288388K->1511K(406336K), 0.0250574 secs]
556.194: [GC (Allocation Failure)  322663K->3025K(406336K), 0.0011663 secs]
558.460: [GC (Allocation Failure)  324177K->3002K(406336K), 0.0022687 secs]
560.687: [GC (Allocation Failure)  324154K->2970K(406336K), 0.0018152 secs]
562.842: [GC (Allocation Failure)  324122K->2946K(406336K), 0.0024949 secs]
565.023: [GC (Allocation Failure)  324098K->3026K(406336K), 0.0020420 secs]
567.058: [Full GC (JvmtiEnv ForceGarbageCollection)  291841K->1377K(406336K), 0.0182653 secs]
569.319: [GC (Allocation Failure)  322529K->2891K(406336K), 0.0015030 secs]
571.556: [GC (Allocation Failure)  324043K->2868K(406336K), 0.0017101 secs]
573.860: [GC (Allocation Failure)  324020K->2836K(406336K), 0.0027105 secs]
576.077: [GC (Allocation Failure)  323988K->2812K(406336K), 0.0020690 secs]
578.296: [GC (Allocation Failure)  323964K->2892K(406336K), 0.0016982 secs]
580.187: [Full GC (JvmtiEnv ForceGarbageCollection)  274226K->1422K(406336K), 0.0234792 secs]
582.459: [GC (Allocation Failure)  322574K->2936K(406336K), 0.0018796 secs]
584.699: [GC (Allocation Failure)  324088K->2913K(406336K), 0.0016371 secs]
586.931: [GC (Allocation Failure)  324065K->2881K(406336K), 0.0013241 secs]
589.085: [GC (Allocation Failure)  324033K->2857K(406336K), 0.0036385 secs]
591.236: [GC (Allocation Failure)  324009K->2936K(406336K), 0.0017594 secs]
593.179: [Full GC (JvmtiEnv ForceGarbageCollection)  287975K->1467K(406336K), 0.0234260 secs]
595.450: [GC (Allocation Failure)  322619K->2981K(406336K), 0.0023737 secs]
597.669: [GC (Allocation Failure)  324133K->2950K(406336K), 0.0011064 secs]
599.860: [GC (Allocation Failure)  324102K->2926K(406336K), 0.0015696 secs]
602.119: [GC (Allocation Failure)  324078K->2902K(406336K), 0.0017187 secs]
604.340: [GC (Allocation Failure)  324054K->2981K(406336K), 0.0012181 secs]
606.332: [Full GC (JvmtiEnv ForceGarbageCollection)  287746K->1512K(406336K), 0.0267981 secs]
608.605: [GC (Allocation Failure)  322664K->3026K(406336K), 0.0018691 secs]
610.789: [GC (Allocation Failure)  324178K->3003K(406336K), 0.0014325 secs]
612.973: [GC (Allocation Failure)  324155K->2971K(406336K), 0.0014736 secs]
615.148: [GC (Allocation Failure)  324123K->2947K(406336K), 0.0024162 secs]
617.354: [GC (Allocation Failure)  324099K->3026K(406336K), 0.0020415 secs]
619.290: [Full GC (JvmtiEnv ForceGarbageCollection)  288442K->1377K(406336K), 0.0169822 secs]
621.548: [GC (Allocation Failure)  322529K->2891K(406336K), 0.0024458 secs]
623.762: [GC (Allocation Failure)  324043K->2868K(406336K), 0.0020743 secs]
625.961: [GC (Allocation Failure)  324020K->2836K(406336K), 0.0016928 secs]
628.340: [GC (Allocation Failure)  323988K->2812K(406336K), 0.0016290 secs]
630.559: [GC (Allocation Failure)  323964K->2892K(406336K), 0.0017797 secs]
632.585: [Full GC (JvmtiEnv ForceGarbageCollection)  288302K->1422K(406336K), 0.0288345 secs]
634.796: [GC (Allocation Failure)  322574K->2936K(406336K), 0.0017150 secs]
637.044: [GC (Allocation Failure)  324088K->2914K(406336K), 0.0014344 secs]
639.168: [GC (Allocation Failure)  324066K->2882K(406336K), 0.0014258 secs]
641.340: [GC (Allocation Failure)  324034K->2858K(406336K), 0.0027483 secs]
643.475: [GC (Allocation Failure)  324010K->2937K(406336K), 0.0021661 secs]
645.507: [Full GC (JvmtiEnv ForceGarbageCollection)  291753K->1468K(406336K), 0.0174876 secs]
647.834: [GC (Allocation Failure)  322620K->2982K(406336K), 0.0030872 secs]
650.051: [GC (Allocation Failure)  324134K->2959K(406336K), 0.0016686 secs]
652.278: [GC (Allocation Failure)  324111K->2927K(406336K), 0.0017740 secs]
654.519: [GC (Allocation Failure)  324079K->2903K(406336K), 0.0016379 secs]
656.724: [GC (Allocation Failure)  324055K->2982K(406336K), 0.0018415 secs]
658.730: [Full GC (JvmtiEnv ForceGarbageCollection)  302652K->1514K(406336K), 0.0168726 secs]
660.888: [GC (Allocation Failure)  322666K->3028K(406336K), 0.0012928 secs]
663.133: [GC (Allocation Failure)  324180K->3005K(406336K), 0.0030055 secs]
665.347: [GC (Allocation Failure)  324157K->2973K(406336K), 0.0011567 secs]
667.557: [GC (Allocation Failure)  324125K->2949K(406336K), 0.0020540 secs]
669.742: [GC (Allocation Failure)  324101K->3028K(406336K), 0.0016927 secs]
671.847: [Full GC (JvmtiEnv ForceGarbageCollection)  307757K->1378K(406336K), 0.0169328 secs]
674.084: [GC (Allocation Failure)  322530K->2892K(406336K), 0.0023850 secs]
676.365: [GC (Allocation Failure)  324044K->2869K(406336K), 0.0014642 secs]
678.618: [GC (Allocation Failure)  324021K->2837K(406336K), 0.0017919 secs]
680.772: [GC (Allocation Failure)  323989K->2813K(406336K), 0.0014379 secs]
682.971: [GC (Allocation Failure)  323965K->2894K(406336K), 0.0022834 secs]
685.011: [Full GC (JvmtiEnv ForceGarbageCollection)  307628K->1425K(406336K), 0.0187396 secs]
687.187: [GC (Allocation Failure)  322577K->2939K(406336K), 0.0015955 secs]
689.506: [GC (Allocation Failure)  324091K->2916K(406336K), 0.0018095 secs]
691.807: [GC (Allocation Failure)  324068K->2884K(406336K), 0.0016199 secs]
694.033: [GC (Allocation Failure)  324036K->2860K(406336K), 0.0017586 secs]
696.220: [GC (Allocation Failure)  324012K->2940K(406336K), 0.0025448 secs]
698.289: [Full GC (JvmtiEnv ForceGarbageCollection)  307677K->1471K(406336K), 0.0286815 secs]
700.545: [GC (Allocation Failure)  322623K->2985K(406336K), 0.0026421 secs]
702.784: [GC (Allocation Failure)  324137K->2963K(406336K), 0.0020106 secs]
704.983: [GC (Allocation Failure)  324115K->2931K(406336K), 0.0011469 secs]
707.207: [GC (Allocation Failure)  324083K->2907K(406336K), 0.0010981 secs]
709.409: [GC (Allocation Failure)  324059K->2986K(406336K), 0.0017549 secs]
711.424: [Full GC (JvmtiEnv ForceGarbageCollection)  307723K->1518K(406336K), 0.0216133 secs]
713.643: [GC (Allocation Failure)  322670K->3032K(406336K), 0.0018600 secs]
715.916: [GC (Allocation Failure)  324184K->3009K(406336K), 0.0017940 secs]
718.161: [GC (Allocation Failure)  324161K->2977K(406336K), 0.0020684 secs]
720.416: [GC (Allocation Failure)  324129K->2953K(406336K), 0.0020130 secs]
722.711: [GC (Allocation Failure)  324105K->3032K(406336K), 0.0011719 secs]
724.817: [Full GC (JvmtiEnv ForceGarbageCollection)  307769K->1380K(406336K), 0.0300248 secs]
727.139: [GC (Allocation Failure)  322532K->2894K(406336K), 0.0011504 secs]
729.356: [GC (Allocation Failure)  324046K->2871K(406336K), 0.0021540 secs]
731.577: [GC (Allocation Failure)  324023K->2839K(406336K), 0.0018534 secs]
733.836: [GC (Allocation Failure)  323991K->2815K(406336K), 0.0020401 secs]
736.056: [GC (Allocation Failure)  323967K->2894K(406336K), 0.0014918 secs]
738.180: [Full GC (JvmtiEnv ForceGarbageCollection)  320435K->1426K(406336K), 0.0182704 secs]
740.360: [GC (Allocation Failure)  322578K->2943K(406336K), 0.0032514 secs]
742.637: [GC (Allocation Failure)  324095K->2918K(406336K), 0.0019052 secs]
744.883: [GC (Allocation Failure)  324070K->2886K(406336K), 0.0017416 secs]
747.109: [GC (Allocation Failure)  324038K->2862K(406336K), 0.0017646 secs]
749.416: [GC (Allocation Failure)  324014K->2941K(406336K), 0.0033793 secs]
751.757: [Full GC (JvmtiEnv ForceGarbageCollection)  316257K->1474K(406336K), 0.0320026 secs]
753.987: [GC (Allocation Failure)  322626K->2988K(406336K), 0.0018770 secs]
756.232: [GC (Allocation Failure)  324140K->2965K(406336K), 0.0028746 secs]
758.476: [GC (Allocation Failure)  324117K->2933K(406336K), 0.0022954 secs]
760.715: [GC (Allocation Failure)  324085K->2909K(406336K), 0.0017508 secs]
762.994: [GC (Allocation Failure)  324061K->2988K(406336K), 0.0018044 secs]
765.211: [Full GC (JvmtiEnv ForceGarbageCollection)  316582K->1521K(406336K), 0.0270376 secs]
767.541: [GC (Allocation Failure)  322673K->3035K(406336K), 0.0019054 secs]
769.776: [GC (Allocation Failure)  324187K->3012K(406336K), 0.0014842 secs]
771.938: [GC (Allocation Failure)  324164K->2980K(406336K), 0.0025021 secs]
774.082: [GC (Allocation Failure)  324132K->2956K(406336K), 0.0018156 secs]
776.291: [GC (Allocation Failure)  324108K->3035K(406336K), 0.0017462 secs]
778.517: [Full GC (JvmtiEnv ForceGarbageCollection)  320573K->1381K(406336K), 0.0195645 secs]
780.740: [GC (Allocation Failure)  322533K->2895K(406336K), 0.0018163 secs]
783.029: [GC (Allocation Failure)  324047K->2872K(406336K), 0.0011247 secs]
785.269: [GC (Allocation Failure)  324024K->2840K(406336K), 0.0017734 secs]
787.491: [GC (Allocation Failure)  323992K->2816K(406336K), 0.0014216 secs]
789.647: [GC (Allocation Failure)  323968K->2895K(406336K), 0.0011550 secs]
791.777: [Full GC (JvmtiEnv ForceGarbageCollection)  320231K->1428K(406336K), 0.0236980 secs]
794.032: [GC (Allocation Failure)  322580K->2942K(406336K), 0.0015280 secs]
796.242: [GC (Allocation Failure)  324094K->2919K(406336K), 0.0021514 secs]
798.517: [GC (Allocation Failure)  324071K->2887K(406336K), 0.0017657 secs]
800.732: [GC (Allocation Failure)  324039K->2863K(406336K), 0.0027684 secs]
802.937: [GC (Allocation Failure)  324015K->2942K(406336K), 0.0021759 secs]
805.238: [GC (Allocation Failure)  324094K->2954K(406336K), 0.0011124 secs]
805.286: [Full GC (JvmtiEnv ForceGarbageCollection)  9377K->1456K(406336K), 0.0070964 secs]
807.495: [GC (Allocation Failure)  322608K->2970K(406336K), 0.0018636 secs]
809.721: [GC (Allocation Failure)  324122K->2947K(406336K), 0.0017823 secs]
812.101: [GC (Allocation Failure)  324099K->2915K(406336K), 0.0017627 secs]
814.276: [GC (Allocation Failure)  324067K->2891K(406336K), 0.0023601 secs]
816.492: [GC (Allocation Failure)  324043K->2987K(406336K), 0.0018682 secs]
818.689: [GC (Allocation Failure)  324139K->2991K(406336K), 0.0014113 secs]
818.729: [Full GC (JvmtiEnv ForceGarbageCollection)  9424K->1484K(406336K), 0.0053157 secs]
820.974: [GC (Allocation Failure)  322636K->2998K(406336K), 0.0017133 secs]
823.153: [GC (Allocation Failure)  324150K->2976K(406336K), 0.0018318 secs]
825.408: [GC (Allocation Failure)  324128K->2944K(406336K), 0.0020020 secs]
827.712: [GC (Allocation Failure)  324096K->2920K(406336K), 0.0023433 secs]
829.904: [GC (Allocation Failure)  324072K->3023K(406336K), 0.0017319 secs]
832.127: [GC (Allocation Failure)  324175K->3019K(406336K), 0.0011193 secs]
832.167: [Full GC (JvmtiEnv ForceGarbageCollection)  9454K->1362K(406336K), 0.0082618 secs]
834.387: [GC (Allocation Failure)  322514K->2876K(406336K), 0.0017571 secs]
836.636: [GC (Allocation Failure)  324028K->2854K(406336K), 0.0016885 secs]
838.830: [GC (Allocation Failure)  324006K->2822K(406336K), 0.0020418 secs]
841.015: [GC (Allocation Failure)  322872K->1566K(406336K), 0.0010547 secs]
843.341: [GC (Allocation Failure)  322718K->2877K(406336K), 0.0015578 secs]
845.615: [GC (Allocation Failure)  324029K->2881K(406336K), 0.0011157 secs]
845.664: [Full GC (JvmtiEnv ForceGarbageCollection)  9297K->1391K(406336K), 0.0050556 secs]
847.909: [GC (Allocation Failure)  322543K->2905K(406336K), 0.0014693 secs]
850.134: [GC (Allocation Failure)  324057K->2874K(406336K), 0.0018311 secs]
852.416: [GC (Allocation Failure)  324026K->2834K(406336K), 0.0022361 secs]
854.679: [GC (Allocation Failure)  323986K->1444K(406336K), 0.0009929 secs]
856.891: [GC (Allocation Failure)  322596K->2906K(406336K), 0.0017420 secs]
859.150: [GC (Allocation Failure)  324058K->2909K(406336K), 0.0017500 secs]
859.212: [Full GC (JvmtiEnv ForceGarbageCollection)  9339K->1419K(406336K), 0.0090773 secs]
861.365: [GC (Allocation Failure)  322571K->2933K(406336K), 0.0011795 secs]
863.530: [GC (Allocation Failure)  324085K->2910K(406336K), 0.0018106 secs]
865.720: [GC (Allocation Failure)  324062K->2878K(406336K), 0.0032412 secs]
868.025: [GC (Allocation Failure)  324030K->2854K(406336K), 0.0018241 secs]
870.213: [GC (Allocation Failure)  324006K->2958K(406336K), 0.0025689 secs]
872.490: [GC (Allocation Failure)  324110K->2934K(406336K), 0.0011273 secs]
874.717: [GC (Allocation Failure)  324086K->2915K(406336K), 0.0017215 secs]
876.960: [GC (Allocation Failure)  324067K->2899K(406336K), 0.0017869 secs]
879.158: [GC (Allocation Failure)  322930K->1644K(406336K), 0.0010353 secs]
881.390: [GC (Allocation Failure)  322796K->2955K(406336K), 0.0019546 secs]
883.616: [GC (Allocation Failure)  324107K->2910K(406336K), 0.0023244 secs]
885.855: [GC (Allocation Failure)  324062K->2878K(406336K), 0.0012996 secs]
888.022: [GC (Allocation Failure)  323000K->1644K(406336K), 0.0011813 secs]
890.228: [GC (Allocation Failure)  322796K->2946K(406336K), 0.0017023 secs]
892.437: [GC (Allocation Failure)  324098K->2899K(406336K), 0.0018002 secs]
894.651: [GC (Allocation Failure)  324051K->2883K(406336K), 0.0015951 secs]
896.832: [GC (Allocation Failure)  324035K->2933K(406336K), 0.0020615 secs]
899.046: [GC (Allocation Failure)  324085K->2926K(406336K), 0.0016069 secs]
901.245: [GC (Allocation Failure)  324078K->2899K(406336K), 0.0017831 secs]
903.511: [GC (Allocation Failure)  322955K->1644K(406336K), 0.0010100 secs]
905.713: [GC (Allocation Failure)  322796K->2955K(406336K), 0.0024582 secs]
907.923: [GC (Allocation Failure)  324107K->2923K(406336K), 0.0016355 secs]
910.081: [GC (Allocation Failure)  324075K->2862K(406336K), 0.0017485 secs]
912.286: [GC (Allocation Failure)  324014K->2958K(406336K), 0.0016655 secs]
914.454: [GC (Allocation Failure)  324110K->2947K(406336K), 0.0018067 secs]
916.672: [GC (Allocation Failure)  324099K->2899K(406336K), 0.0027181 secs]
918.892: [GC (Allocation Failure)  324051K->2891K(406336K), 0.0022291 secs]
921.047: [GC (Allocation Failure)  323789K->1644K(406336K), 0.0008321 secs]
923.184: [GC (Allocation Failure)  322796K->2933K(406336K), 0.0013962 secs]
925.380: [GC (Allocation Failure)  324085K->2910K(406336K), 0.0014121 secs]
927.534: [GC (Allocation Failure)  324062K->2899K(406336K), 0.0017670 secs]
929.736: [GC (Allocation Failure)  323377K->1644K(406336K), 0.0010310 secs]
931.956: [GC (Allocation Failure)  322796K->2946K(406336K), 0.0011718 secs]
934.162: [GC (Allocation Failure)  324098K->2899K(406336K), 0.0015966 secs]
936.427: [GC (Allocation Failure)  324051K->2870K(406336K), 0.0012016 secs]
938.552: [GC (Allocation Failure)  323660K->1623K(406336K), 0.0011926 secs]
940.656: [GC (Allocation Failure)  322775K->2946K(406336K), 0.0023784 secs]
942.811: [GC (Allocation Failure)  324098K->2899K(406336K), 0.0011781 secs]
945.049: [GC (Allocation Failure)  324051K->2875K(406336K), 0.0014635 secs]
947.234: [GC (Allocation Failure)  324027K->2955K(406336K), 0.0019800 secs]
949.484: [GC (Allocation Failure)  324107K->2926K(406336K), 0.0017087 secs]
951.665: [GC (Allocation Failure)  324078K->2878K(406336K), 0.0022098 secs]
953.871: [GC (Allocation Failure)  324030K->1644K(406336K), 0.0010909 secs]
956.044: [GC (Allocation Failure)  322796K->2955K(406336K), 0.0021186 secs]
958.260: [GC (Allocation Failure)  324107K->2931K(406336K), 0.0019484 secs]
960.487: [GC (Allocation Failure)  324083K->2899K(406336K), 0.0017440 secs]
962.734: [GC (Allocation Failure)  324051K->1623K(406336K), 0.0010629 secs]
