OpenJDK 64-Bit Server VM (25.222-b10) for linux-amd64 JRE (1.8.0_222-8u222-b10-1ubuntu1~18.04.1-b10), built on Jul 18 2019 18:52:48 by "buildd" with gcc 7.4.0
Memory: 4k page, physical 16424660k(15605072k free), swap 0k(0k free)
CommandLine flags: -XX:CompressedClassSpaceSize=45297664 -XX:InitialHeapSize=456340480 -XX:MaxHeapSize=456340480 -XX:MaxMetaspaceSize=53686272 -XX:+PrintGC -XX:+PrintGCTimeStamps -XX:+RequireSharedSpaces -XX:ReservedCodeCacheSize=26843136 -XX:-TieredCompilation -XX:+UseCompressedClassPointers -XX:+UseCompressedOops -XX:+UseSerialGC -XX:+UseSharedSpaces 
2.424: [GC (Allocation Failure)  119104K->2765K(431616K), 0.0077297 secs]
3.238: [GC (Allocation Failure)  121869K->2743K(431616K), 0.0072696 secs]
4.142: [GC (Allocation Failure)  121847K->2799K(431616K), 0.0045967 secs]
5.020: [GC (Allocation Failure)  121903K->2728K(431616K), 0.0035003 secs]
5.835: [GC (Allocation Failure)  121832K->2791K(431616K), 0.0036112 secs]
6.650: [GC (Allocation Failure)  121895K->2783K(431616K), 0.0036331 secs]
7.507: [GC (Allocation Failure)  121887K->2711K(431616K), 0.0038637 secs]
8.341: [GC (Allocation Failure)  121815K->2766K(431616K), 0.0038869 secs]
9.190: [GC (Allocation Failure)  121870K->2703K(431616K), 0.0038804 secs]
10.041: [GC (Allocation Failure)  121807K->2758K(431616K), 0.0035340 secs]
10.912: [GC (Allocation Failure)  121862K->2687K(431616K), 0.0036385 secs]
11.730: [GC (Allocation Failure)  121791K->2701K(431616K), 0.0048338 secs]
12.546: [GC (Allocation Failure)  121805K->2773K(431616K), 0.0045330 secs]
13.389: [GC (Allocation Failure)  121877K->2679K(431616K), 0.0026337 secs]
14.218: [GC (Allocation Failure)  121783K->2735K(431616K), 0.0035700 secs]
15.080: [GC (Allocation Failure)  121839K->2680K(431616K), 0.0073461 secs]
15.922: [GC (Allocation Failure)  121784K->2735K(431616K), 0.0011055 secs]
16.750: [GC (Allocation Failure)  121839K->2664K(431616K), 0.0015444 secs]
17.545: [GC (Allocation Failure)  121768K->2727K(431616K), 0.0012347 secs]
18.383: [GC (Allocation Failure)  121831K->2656K(431616K), 0.0018278 secs]
19.187: [GC (Allocation Failure)  121760K->2711K(431616K), 0.0015688 secs]
20.037: [GC (Allocation Failure)  121815K->1274K(431616K), 0.0008295 secs]
20.859: [GC (Allocation Failure)  120378K->2679K(431616K), 0.0015757 secs]
21.703: [GC (Allocation Failure)  121783K->2744K(431616K), 0.0020709 secs]
22.626: [GC (Allocation Failure)  121848K->2681K(431616K), 0.0023955 secs]
23.483: [GC (Allocation Failure)  121785K->2736K(431616K), 0.0016636 secs]
24.312: [GC (Allocation Failure)  121840K->2673K(431616K), 0.0015028 secs]
25.144: [GC (Allocation Failure)  121777K->2728K(431616K), 0.0015728 secs]
26.007: [GC (Allocation Failure)  121832K->2657K(431616K), 0.0017802 secs]
26.813: [GC (Allocation Failure)  121761K->2721K(431616K), 0.0015768 secs]
27.672: [GC (Allocation Failure)  121825K->1426K(431616K), 0.0011377 secs]
28.517: [GC (Allocation Failure)  120530K->2680K(431616K), 0.0015693 secs]
29.356: [GC (Allocation Failure)  121784K->2745K(431616K), 0.0009920 secs]
30.190: [GC (Allocation Failure)  121849K->2681K(431616K), 0.0013093 secs]
31.024: [GC (Allocation Failure)  121785K->2737K(431616K), 0.0016265 secs]
31.891: [GC (Allocation Failure)  121841K->2674K(431616K), 0.0031473 secs]
32.719: [GC (Allocation Failure)  121778K->2729K(431616K), 0.0021776 secs]
33.571: [GC (Allocation Failure)  121833K->2658K(431616K), 0.0020383 secs]
34.418: [GC (Allocation Failure)  121762K->2721K(431616K), 0.0013893 secs]
35.298: [GC (Allocation Failure)  121825K->1427K(431616K), 0.0008753 secs]
36.129: [GC (Allocation Failure)  120531K->2681K(431616K), 0.0012463 secs]
36.944: [GC (Allocation Failure)  121785K->2745K(431616K), 0.0016393 secs]
37.774: [GC (Allocation Failure)  121849K->2683K(431616K), 0.0015600 secs]
38.589: [GC (Allocation Failure)  121787K->2738K(431616K), 0.0014665 secs]
39.394: [GC (Allocation Failure)  121842K->2675K(431616K), 0.0016426 secs]
40.223: [GC (Allocation Failure)  121779K->2730K(431616K), 0.0078935 secs]
41.065: [GC (Allocation Failure)  121834K->2659K(431616K), 0.0015334 secs]
41.886: [GC (Allocation Failure)  121763K->2722K(431616K), 0.0021382 secs]
42.681: [GC (Allocation Failure)  121826K->1428K(431616K), 0.0009081 secs]
43.495: [GC (Allocation Failure)  120532K->2682K(431616K), 0.0014720 secs]
44.300: [GC (Allocation Failure)  121786K->2746K(431616K), 0.0016006 secs]
45.149: [GC (Allocation Failure)  121850K->2684K(431616K), 0.0016919 secs]
45.993: [GC (Allocation Failure)  121788K->2739K(431616K), 0.0016473 secs]
46.807: [GC (Allocation Failure)  121843K->2676K(431616K), 0.0023947 secs]
47.637: [GC (Allocation Failure)  121780K->2731K(431616K), 0.0016100 secs]
48.471: [GC (Allocation Failure)  121835K->2660K(431616K), 0.0018593 secs]
49.298: [GC (Allocation Failure)  121764K->2723K(431616K), 0.0015982 secs]
50.188: [GC (Allocation Failure)  121827K->1429K(431616K), 0.0011012 secs]
50.978: [GC (Allocation Failure)  120533K->2691K(431616K), 0.0021607 secs]
51.821: [GC (Allocation Failure)  121795K->2747K(431616K), 0.0016368 secs]
52.660: [GC (Allocation Failure)  121851K->2684K(431616K), 0.0015704 secs]
53.481: [GC (Allocation Failure)  121788K->2739K(431616K), 0.0016674 secs]
54.358: [GC (Allocation Failure)  121843K->2676K(431616K), 0.0018704 secs]
55.205: [GC (Allocation Failure)  121780K->2731K(431616K), 0.0019871 secs]
56.061: [GC (Allocation Failure)  121835K->2660K(431616K), 0.0015762 secs]
56.892: [GC (Allocation Failure)  121764K->2723K(431616K), 0.0013827 secs]
57.733: [GC (Allocation Failure)  121827K->1429K(431616K), 0.0016220 secs]
58.543: [GC (Allocation Failure)  120533K->2683K(431616K), 0.0028764 secs]
59.354: [GC (Allocation Failure)  121787K->2747K(431616K), 0.0016667 secs]
60.211: [GC (Allocation Failure)  121851K->2684K(431616K), 0.0016027 secs]
61.034: [GC (Allocation Failure)  121788K->2739K(431616K), 0.0017914 secs]
61.838: [GC (Allocation Failure)  121843K->2676K(431616K), 0.0016233 secs]
62.663: [GC (Allocation Failure)  121780K->2731K(431616K), 0.0019105 secs]
63.517: [GC (Allocation Failure)  121835K->2660K(431616K), 0.0010131 secs]
64.350: [GC (Allocation Failure)  121764K->2723K(431616K), 0.0010151 secs]
65.235: [GC (Allocation Failure)  121827K->1429K(431616K), 0.0009474 secs]
66.073: [GC (Allocation Failure)  120531K->2683K(431616K), 0.0016220 secs]
66.905: [GC (Allocation Failure)  121787K->2747K(431616K), 0.0016052 secs]
67.759: [GC (Allocation Failure)  121851K->2684K(431616K), 0.0020910 secs]
68.597: [GC (Allocation Failure)  121788K->2739K(431616K), 0.0016480 secs]
69.427: [GC (Allocation Failure)  121843K->2676K(431616K), 0.0025287 secs]
70.268: [GC (Allocation Failure)  121780K->2731K(431616K), 0.0009820 secs]
71.126: [GC (Allocation Failure)  121835K->2660K(431616K), 0.0013508 secs]
71.958: [GC (Allocation Failure)  121764K->2723K(431616K), 0.0022817 secs]
72.811: [GC (Allocation Failure)  121827K->1429K(431616K), 0.0012013 secs]
73.621: [GC (Allocation Failure)  120533K->2683K(431616K), 0.0016050 secs]
74.461: [GC (Allocation Failure)  121787K->2747K(431616K), 0.0015402 secs]
75.323: [GC (Allocation Failure)  121851K->2684K(431616K), 0.0015114 secs]
76.128: [GC (Allocation Failure)  121788K->2739K(431616K), 0.0015339 secs]
76.922: [GC (Allocation Failure)  121843K->2676K(431616K), 0.0019297 secs]
77.712: [GC (Allocation Failure)  121780K->2731K(431616K), 0.0015400 secs]
78.549: [GC (Allocation Failure)  121835K->2660K(431616K), 0.0016214 secs]
79.413: [GC (Allocation Failure)  121764K->2723K(431616K), 0.0014825 secs]
80.292: [GC (Allocation Failure)  121827K->1429K(431616K), 0.0014346 secs]
81.098: [GC (Allocation Failure)  120533K->2692K(431616K), 0.0009521 secs]
81.914: [GC (Allocation Failure)  121796K->2750K(431616K), 0.0016420 secs]
82.782: [GC (Allocation Failure)  121854K->2686K(431616K), 0.0024420 secs]
83.619: [GC (Allocation Failure)  121790K->2742K(431616K), 0.0018713 secs]
84.558: [GC (Allocation Failure)  121846K->2678K(431616K), 0.0016988 secs]
85.425: [GC (Allocation Failure)  121782K->2733K(431616K), 0.0016089 secs]
86.287: [GC (Allocation Failure)  121837K->2662K(431616K), 0.0032810 secs]
87.113: [GC (Allocation Failure)  121766K->2725K(431616K), 0.0016358 secs]
87.971: [GC (Allocation Failure)  121829K->1431K(431616K), 0.0011838 secs]
88.813: [GC (Allocation Failure)  120535K->2685K(431616K), 0.0016221 secs]
89.652: [GC (Allocation Failure)  121789K->2750K(431616K), 0.0016252 secs]
90.510: [GC (Allocation Failure)  121854K->2686K(431616K), 0.0018921 secs]
91.334: [GC (Allocation Failure)  121790K->2742K(431616K), 0.0016258 secs]
92.172: [GC (Allocation Failure)  121846K->2678K(431616K), 0.0015951 secs]
93.005: [GC (Allocation Failure)  121782K->2733K(431616K), 0.0016081 secs]
93.852: [GC (Allocation Failure)  121837K->2662K(431616K), 0.0018966 secs]
94.699: [GC (Allocation Failure)  121766K->2725K(431616K), 0.0026918 secs]
95.558: [GC (Allocation Failure)  121829K->1431K(431616K), 0.0008116 secs]
96.370: [GC (Allocation Failure)  120533K->2685K(431616K), 0.0013727 secs]
97.196: [GC (Allocation Failure)  121789K->2750K(431616K), 0.0015973 secs]
98.015: [GC (Allocation Failure)  121854K->2686K(431616K), 0.0017269 secs]
98.827: [GC (Allocation Failure)  121790K->2742K(431616K), 0.0016465 secs]
99.684: [GC (Allocation Failure)  121846K->2678K(431616K), 0.0028289 secs]
100.462: [GC (Allocation Failure)  121782K->2733K(431616K), 0.0010474 secs]
101.319: [GC (Allocation Failure)  121837K->2662K(431616K), 0.0009910 secs]
102.142: [GC (Allocation Failure)  121766K->2725K(431616K), 0.0009694 secs]
102.975: [GC (Allocation Failure)  121829K->1431K(431616K), 0.0008174 secs]
103.797: [GC (Allocation Failure)  120535K->2685K(431616K), 0.0015876 secs]
104.589: [GC (Allocation Failure)  121789K->2750K(431616K), 0.0016142 secs]
105.429: [GC (Allocation Failure)  121854K->2686K(431616K), 0.0016168 secs]
106.259: [GC (Allocation Failure)  121790K->2742K(431616K), 0.0022163 secs]
107.097: [GC (Allocation Failure)  121846K->2678K(431616K), 0.0016337 secs]
107.939: [GC (Allocation Failure)  121782K->2733K(431616K), 0.0015817 secs]
108.816: [GC (Allocation Failure)  121837K->2662K(431616K), 0.0020657 secs]
109.667: [GC (Allocation Failure)  121766K->2725K(431616K), 0.0009598 secs]
110.578: [GC (Allocation Failure)  121829K->1431K(431616K), 0.0009455 secs]
111.414: [GC (Allocation Failure)  120535K->2693K(431616K), 0.0022325 secs]
112.253: [GC (Allocation Failure)  121797K->2750K(431616K), 0.0016603 secs]
113.089: [GC (Allocation Failure)  121854K->2686K(431616K), 0.0015579 secs]
113.905: [GC (Allocation Failure)  121790K->2742K(431616K), 0.0015926 secs]
114.754: [GC (Allocation Failure)  121846K->2678K(431616K), 0.0009828 secs]
115.606: [GC (Allocation Failure)  121782K->2733K(431616K), 0.0016085 secs]
116.462: [GC (Allocation Failure)  121837K->2662K(431616K), 0.0020168 secs]
117.319: [GC (Allocation Failure)  121766K->2725K(431616K), 0.0015874 secs]
118.209: [GC (Allocation Failure)  121829K->1431K(431616K), 0.0009805 secs]
119.015: [GC (Allocation Failure)  120535K->2685K(431616K), 0.0022172 secs]
119.882: [GC (Allocation Failure)  121789K->2750K(431616K), 0.0026721 secs]
120.751: [GC (Allocation Failure)  121854K->2686K(431616K), 0.0023986 secs]
121.597: [GC (Allocation Failure)  121790K->2742K(431616K), 0.0015876 secs]
122.440: [GC (Allocation Failure)  121846K->2678K(431616K), 0.0015440 secs]
123.282: [GC (Allocation Failure)  121782K->2733K(431616K), 0.0010031 secs]
124.122: [GC (Allocation Failure)  121837K->2662K(431616K), 0.0016110 secs]
124.952: [GC (Allocation Failure)  121766K->2725K(431616K), 0.0013262 secs]
125.773: [GC (Allocation Failure)  121829K->1431K(431616K), 0.0018816 secs]
126.597: [GC (Allocation Failure)  120533K->2685K(431616K), 0.0015375 secs]
127.426: [GC (Allocation Failure)  121789K->2750K(431616K), 0.0016011 secs]
128.269: [GC (Allocation Failure)  121854K->2686K(431616K), 0.0016702 secs]
129.110: [GC (Allocation Failure)  121790K->2742K(431616K), 0.0017085 secs]
129.977: [GC (Allocation Failure)  121846K->2678K(431616K), 0.0015929 secs]
130.810: [GC (Allocation Failure)  121782K->2733K(431616K), 0.0019237 secs]
131.656: [GC (Allocation Failure)  121837K->2662K(431616K), 0.0013266 secs]
132.482: [GC (Allocation Failure)  121766K->2725K(431616K), 0.0010310 secs]
133.329: [GC (Allocation Failure)  121829K->1431K(431616K), 0.0008317 secs]
134.103: [GC (Allocation Failure)  120535K->2685K(431616K), 0.0018364 secs]
134.928: [GC (Allocation Failure)  121789K->2750K(431616K), 0.0015617 secs]
135.779: [GC (Allocation Failure)  121854K->2686K(431616K), 0.0016622 secs]
136.591: [GC (Allocation Failure)  121790K->2742K(431616K), 0.0015866 secs]
137.347: [GC (Allocation Failure)  121846K->2678K(431616K), 0.0031549 secs]
138.188: [GC (Allocation Failure)  121782K->2733K(431616K), 0.0009795 secs]
139.002: [GC (Allocation Failure)  121837K->2662K(431616K), 0.0026056 secs]
139.876: [GC (Allocation Failure)  121766K->2725K(431616K), 0.0013322 secs]
140.696: [GC (Allocation Failure)  121829K->1431K(431616K), 0.0008296 secs]
141.494: [GC (Allocation Failure)  120535K->2693K(431616K), 0.0015214 secs]
142.315: [GC (Allocation Failure)  121797K->2750K(431616K), 0.0032308 secs]
143.182: [GC (Allocation Failure)  121854K->2686K(431616K), 0.0015359 secs]
144.115: [GC (Allocation Failure)  121790K->2742K(431616K), 0.0047703 secs]
145.058: [GC (Allocation Failure)  121846K->2678K(431616K), 0.0018461 secs]
145.898: [GC (Allocation Failure)  121782K->2733K(431616K), 0.0019110 secs]
146.747: [GC (Allocation Failure)  121837K->2662K(431616K), 0.0015483 secs]
147.555: [GC (Allocation Failure)  121766K->2725K(431616K), 0.0015538 secs]
148.418: [GC (Allocation Failure)  121829K->1431K(431616K), 0.0009077 secs]
149.249: [GC (Allocation Failure)  120535K->2685K(431616K), 0.0015428 secs]
150.065: [GC (Allocation Failure)  121789K->2750K(431616K), 0.0016213 secs]
150.899: [GC (Allocation Failure)  121854K->2686K(431616K), 0.0015906 secs]
151.713: [GC (Allocation Failure)  121790K->2742K(431616K), 0.0016859 secs]
152.573: [GC (Allocation Failure)  121846K->2678K(431616K), 0.0015954 secs]
153.417: [GC (Allocation Failure)  121782K->2733K(431616K), 0.0016540 secs]
154.266: [GC (Allocation Failure)  121837K->2662K(431616K), 0.0012876 secs]
155.133: [GC (Allocation Failure)  121766K->2725K(431616K), 0.0016368 secs]
156.000: [GC (Allocation Failure)  121829K->1431K(431616K), 0.0008127 secs]
156.804: [GC (Allocation Failure)  120533K->2685K(431616K), 0.0015125 secs]
157.647: [GC (Allocation Failure)  121789K->2750K(431616K), 0.0020885 secs]
158.430: [GC (Allocation Failure)  121854K->2686K(431616K), 0.0028727 secs]
159.245: [GC (Allocation Failure)  121790K->2742K(431616K), 0.0012584 secs]
160.087: [GC (Allocation Failure)  121846K->2678K(431616K), 0.0026622 secs]
160.905: [GC (Allocation Failure)  121782K->2733K(431616K), 0.0016031 secs]
161.749: [GC (Allocation Failure)  121837K->2662K(431616K), 0.0015339 secs]
162.611: [GC (Allocation Failure)  121766K->2725K(431616K), 0.0013166 secs]
163.429: [GC (Allocation Failure)  121829K->1431K(431616K), 0.0008182 secs]
164.233: [GC (Allocation Failure)  120535K->2685K(431616K), 0.0013474 secs]
165.014: [GC (Allocation Failure)  121789K->2750K(431616K), 0.0015881 secs]
165.806: [GC (Allocation Failure)  121854K->2686K(431616K), 0.0013207 secs]
166.661: [GC (Allocation Failure)  121790K->2742K(431616K), 0.0016086 secs]
167.453: [GC (Allocation Failure)  121846K->2678K(431616K), 0.0013281 secs]
168.244: [GC (Allocation Failure)  121782K->2733K(431616K), 0.0013522 secs]
169.079: [GC (Allocation Failure)  121837K->2662K(431616K), 0.0020479 secs]
169.941: [GC (Allocation Failure)  121766K->2725K(431616K), 0.0016618 secs]
170.740: [GC (Allocation Failure)  121829K->1431K(431616K), 0.0009391 secs]
171.515: [GC (Allocation Failure)  120535K->2693K(431616K), 0.0016048 secs]
172.289: [GC (Allocation Failure)  121797K->2750K(431616K), 0.0009519 secs]
173.083: [GC (Allocation Failure)  121854K->2686K(431616K), 0.0017356 secs]
173.870: [GC (Allocation Failure)  121790K->2742K(431616K), 0.0019161 secs]
174.698: [GC (Allocation Failure)  121846K->2678K(431616K), 0.0021662 secs]
175.492: [GC (Allocation Failure)  121782K->2733K(431616K), 0.0015838 secs]
176.314: [GC (Allocation Failure)  121837K->2662K(431616K), 0.0015398 secs]
177.118: [GC (Allocation Failure)  121766K->2725K(431616K), 0.0011441 secs]
177.996: [GC (Allocation Failure)  121829K->1431K(431616K), 0.0010003 secs]
178.812: [GC (Allocation Failure)  120535K->2685K(431616K), 0.0015757 secs]
179.646: [GC (Allocation Failure)  121789K->2750K(431616K), 0.0015490 secs]
180.536: [GC (Allocation Failure)  121854K->2686K(431616K), 0.0015224 secs]
181.391: [GC (Allocation Failure)  121790K->2742K(431616K), 0.0018837 secs]
182.250: [GC (Allocation Failure)  121846K->2678K(431616K), 0.0021892 secs]
183.097: [GC (Allocation Failure)  121782K->2733K(431616K), 0.0016381 secs]
183.962: [GC (Allocation Failure)  121837K->2662K(431616K), 0.0015646 secs]
184.837: [GC (Allocation Failure)  121766K->2725K(431616K), 0.0013343 secs]
185.681: [GC (Allocation Failure)  121829K->1431K(431616K), 0.0008185 secs]
186.543: [GC (Allocation Failure)  120533K->2685K(431616K), 0.0018537 secs]
187.386: [GC (Allocation Failure)  121789K->2750K(431616K), 0.0019149 secs]
188.218: [GC (Allocation Failure)  121854K->2686K(431616K), 0.0024240 secs]
189.054: [GC (Allocation Failure)  121790K->2742K(431616K), 0.0017054 secs]
189.897: [GC (Allocation Failure)  121846K->2678K(431616K), 0.0015173 secs]
190.689: [GC (Allocation Failure)  121782K->2733K(431616K), 0.0009989 secs]
191.536: [GC (Allocation Failure)  121837K->2662K(431616K), 0.0010241 secs]
192.368: [GC (Allocation Failure)  121766K->2725K(431616K), 0.0010647 secs]
193.184: [GC (Allocation Failure)  121829K->1431K(431616K), 0.0005870 secs]
194.002: [GC (Allocation Failure)  120535K->2685K(431616K), 0.0017124 secs]
194.803: [GC (Allocation Failure)  121789K->2750K(431616K), 0.0019025 secs]
195.641: [GC (Allocation Failure)  121854K->2686K(431616K), 0.0014507 secs]
196.474: [GC (Allocation Failure)  121790K->2742K(431616K), 0.0015558 secs]
197.311: [GC (Allocation Failure)  121846K->2678K(431616K), 0.0026938 secs]
198.150: [GC (Allocation Failure)  121782K->2733K(431616K), 0.0015158 secs]
199.008: [GC (Allocation Failure)  121837K->2662K(431616K), 0.0013579 secs]
199.863: [GC (Allocation Failure)  121766K->2725K(431616K), 0.0018187 secs]
200.710: [GC (Allocation Failure)  121829K->1431K(431616K), 0.0009218 secs]
201.556: [GC (Allocation Failure)  120535K->2693K(431616K), 0.0014371 secs]
202.389: [GC (Allocation Failure)  121797K->2750K(431616K), 0.0015701 secs]
203.254: [GC (Allocation Failure)  121854K->2686K(431616K), 0.0014170 secs]
204.068: [GC (Allocation Failure)  121790K->2742K(431616K), 0.0015472 secs]
204.976: [GC (Allocation Failure)  121846K->2679K(431616K), 0.0009986 secs]
205.973: [GC (Allocation Failure)  121783K->2734K(431616K), 0.0010070 secs]
206.819: [GC (Allocation Failure)  121838K->2663K(431616K), 0.0013913 secs]
207.641: [GC (Allocation Failure)  121767K->2726K(431616K), 0.0016440 secs]
208.465: [GC (Allocation Failure)  121830K->1432K(431616K), 0.0006110 secs]
209.246: [GC (Allocation Failure)  120536K->2686K(431616K), 0.0019176 secs]
210.070: [GC (Allocation Failure)  121790K->2750K(431616K), 0.0014498 secs]
210.892: [GC (Allocation Failure)  121854K->2687K(431616K), 0.0010422 secs]
211.713: [GC (Allocation Failure)  121791K->2742K(431616K), 0.0011160 secs]
212.556: [GC (Allocation Failure)  121846K->2679K(431616K), 0.0015280 secs]
213.396: [GC (Allocation Failure)  121783K->2734K(431616K), 0.0014800 secs]
214.272: [GC (Allocation Failure)  121838K->2663K(431616K), 0.0016257 secs]
215.113: [GC (Allocation Failure)  121767K->2726K(431616K), 0.0018166 secs]
215.953: [GC (Allocation Failure)  121830K->1432K(431616K), 0.0008590 secs]
216.802: [GC (Allocation Failure)  120536K->2686K(431616K), 0.0014790 secs]
217.630: [GC (Allocation Failure)  121790K->2750K(431616K), 0.0021882 secs]
218.488: [GC (Allocation Failure)  121854K->2687K(431616K), 0.0014073 secs]
219.303: [GC (Allocation Failure)  121791K->2742K(431616K), 0.0015746 secs]
220.168: [GC (Allocation Failure)  121846K->2679K(431616K), 0.0014748 secs]
221.029: [GC (Allocation Failure)  121783K->2734K(431616K), 0.0016835 secs]
221.878: [GC (Allocation Failure)  121838K->2663K(431616K), 0.0023355 secs]
222.723: [GC (Allocation Failure)  121767K->2726K(431616K), 0.0022160 secs]
223.562: [GC (Allocation Failure)  121830K->1432K(431616K), 0.0009080 secs]
224.372: [GC (Allocation Failure)  120534K->2686K(431616K), 0.0015548 secs]
225.221: [GC (Allocation Failure)  121790K->2750K(431616K), 0.0015514 secs]
226.083: [GC (Allocation Failure)  121854K->2687K(431616K), 0.0018562 secs]
226.918: [GC (Allocation Failure)  121791K->2742K(431616K), 0.0010577 secs]
227.765: [GC (Allocation Failure)  121846K->2679K(431616K), 0.0015840 secs]
228.595: [GC (Allocation Failure)  121783K->2734K(431616K), 0.0015277 secs]
229.469: [GC (Allocation Failure)  121838K->2663K(431616K), 0.0016266 secs]
230.329: [GC (Allocation Failure)  121767K->2726K(431616K), 0.0011016 secs]
231.166: [GC (Allocation Failure)  121830K->1432K(431616K), 0.0009886 secs]
232.003: [GC (Allocation Failure)  120536K->2686K(431616K), 0.0019404 secs]
232.823: [GC (Allocation Failure)  121790K->2750K(431616K), 0.0021528 secs]
233.658: [GC (Allocation Failure)  121854K->2687K(431616K), 0.0018575 secs]
234.497: [GC (Allocation Failure)  121791K->2742K(431616K), 0.0015468 secs]
235.357: [GC (Allocation Failure)  121846K->2679K(431616K), 0.0015592 secs]
236.174: [GC (Allocation Failure)  121783K->2734K(431616K), 0.0016569 secs]
237.017: [GC (Allocation Failure)  121838K->2663K(431616K), 0.0014997 secs]
237.863: [GC (Allocation Failure)  121767K->2726K(431616K), 0.0027149 secs]
238.753: [GC (Allocation Failure)  121830K->1432K(431616K), 0.0009055 secs]
239.559: [GC (Allocation Failure)  120534K->2686K(431616K), 0.0020871 secs]
240.378: [GC (Allocation Failure)  121790K->2750K(431616K), 0.0020502 secs]
241.227: [GC (Allocation Failure)  121854K->2687K(431616K), 0.0016477 secs]
242.059: [GC (Allocation Failure)  121791K->2742K(431616K), 0.0026933 secs]
242.892: [GC (Allocation Failure)  121846K->2679K(431616K), 0.0015534 secs]
243.723: [GC (Allocation Failure)  121783K->2734K(431616K), 0.0019206 secs]
244.562: [GC (Allocation Failure)  121838K->2663K(431616K), 0.0015566 secs]
245.415: [GC (Allocation Failure)  121767K->2726K(431616K), 0.0016242 secs]
246.237: [GC (Allocation Failure)  121830K->1432K(431616K), 0.0008381 secs]
247.049: [GC (Allocation Failure)  120536K->2686K(431616K), 0.0010205 secs]
247.873: [GC (Allocation Failure)  121790K->2750K(431616K), 0.0016605 secs]
248.685: [GC (Allocation Failure)  121854K->2687K(431616K), 0.0016032 secs]
249.508: [GC (Allocation Failure)  121791K->2742K(431616K), 0.0011768 secs]
250.336: [GC (Allocation Failure)  121846K->2679K(431616K), 0.0010790 secs]
251.139: [GC (Allocation Failure)  121783K->2734K(431616K), 0.0016216 secs]
251.958: [GC (Allocation Failure)  121838K->2663K(431616K), 0.0022974 secs]
252.780: [GC (Allocation Failure)  121767K->2726K(431616K), 0.0011611 secs]
253.650: [GC (Allocation Failure)  121830K->1432K(431616K), 0.0008284 secs]
254.485: [GC (Allocation Failure)  120534K->2686K(431616K), 0.0015888 secs]
255.305: [GC (Allocation Failure)  121790K->2750K(431616K), 0.0016063 secs]
256.163: [GC (Allocation Failure)  121854K->2687K(431616K), 0.0015508 secs]
256.984: [GC (Allocation Failure)  121791K->2742K(431616K), 0.0015208 secs]
257.841: [GC (Allocation Failure)  121846K->2679K(431616K), 0.0014872 secs]
258.678: [GC (Allocation Failure)  121783K->2734K(431616K), 0.0016418 secs]
259.534: [GC (Allocation Failure)  121838K->2663K(431616K), 0.0009690 secs]
260.374: [GC (Allocation Failure)  121767K->2726K(431616K), 0.0009581 secs]
261.189: [GC (Allocation Failure)  121830K->1432K(431616K), 0.0009042 secs]
261.999: [GC (Allocation Failure)  120536K->2686K(431616K), 0.0018852 secs]
262.812: [GC (Allocation Failure)  121790K->2750K(431616K), 0.0015855 secs]
263.646: [GC (Allocation Failure)  121854K->2687K(431616K), 0.0015798 secs]
264.467: [GC (Allocation Failure)  121791K->2742K(431616K), 0.0015985 secs]
265.357: [GC (Allocation Failure)  121846K->2679K(431616K), 0.0009979 secs]
266.185: [GC (Allocation Failure)  121783K->2734K(431616K), 0.0015928 secs]
266.987: [GC (Allocation Failure)  121838K->2663K(431616K), 0.0018196 secs]
267.810: [GC (Allocation Failure)  121767K->2726K(431616K), 0.0010457 secs]
268.651: [GC (Allocation Failure)  121830K->1432K(431616K), 0.0015613 secs]
269.437: [GC (Allocation Failure)  120534K->2686K(431616K), 0.0009869 secs]
270.263: [GC (Allocation Failure)  121790K->2750K(431616K), 0.0015418 secs]
271.100: [GC (Allocation Failure)  121854K->2687K(431616K), 0.0014806 secs]
271.942: [GC (Allocation Failure)  121791K->2742K(431616K), 0.0016116 secs]
272.793: [GC (Allocation Failure)  121846K->2679K(431616K), 0.0016001 secs]
273.607: [GC (Allocation Failure)  121783K->2734K(431616K), 0.0019059 secs]
274.461: [GC (Allocation Failure)  121838K->2663K(431616K), 0.0015590 secs]
275.330: [GC (Allocation Failure)  121767K->2726K(431616K), 0.0015796 secs]
276.177: [GC (Allocation Failure)  121830K->1432K(431616K), 0.0008400 secs]
276.993: [GC (Allocation Failure)  120536K->2686K(431616K), 0.0012780 secs]
277.814: [GC (Allocation Failure)  121790K->2750K(431616K), 0.0015843 secs]
278.672: [GC (Allocation Failure)  121854K->2687K(431616K), 0.0015777 secs]
279.524: [GC (Allocation Failure)  121791K->2742K(431616K), 0.0015560 secs]
280.363: [GC (Allocation Failure)  121846K->2679K(431616K), 0.0021327 secs]
281.181: [GC (Allocation Failure)  121783K->2734K(431616K), 0.0016319 secs]
282.029: [GC (Allocation Failure)  121838K->2663K(431616K), 0.0015100 secs]
282.849: [GC (Allocation Failure)  121767K->2726K(431616K), 0.0015911 secs]
283.701: [GC (Allocation Failure)  121830K->1432K(431616K), 0.0008159 secs]
284.519: [GC (Allocation Failure)  120534K->2686K(431616K), 0.0018758 secs]
285.356: [GC (Allocation Failure)  121790K->2750K(431616K), 0.0015843 secs]
286.215: [GC (Allocation Failure)  121854K->2687K(431616K), 0.0015910 secs]
287.041: [GC (Allocation Failure)  121791K->2742K(431616K), 0.0016529 secs]
287.901: [GC (Allocation Failure)  121846K->2679K(431616K), 0.0015434 secs]
288.743: [GC (Allocation Failure)  121783K->2734K(431616K), 0.0015556 secs]
289.576: [GC (Allocation Failure)  121838K->2663K(431616K), 0.0014858 secs]
290.455: [GC (Allocation Failure)  121767K->2726K(431616K), 0.0015236 secs]
291.274: [GC (Allocation Failure)  121830K->1432K(431616K), 0.0012409 secs]
292.066: [GC (Allocation Failure)  120536K->2686K(431616K), 0.0016062 secs]
292.900: [GC (Allocation Failure)  121790K->2750K(431616K), 0.0010540 secs]
293.659: [GC (Allocation Failure)  121854K->2687K(431616K), 0.0015886 secs]
294.500: [GC (Allocation Failure)  121791K->2743K(431616K), 0.0014639 secs]
295.370: [GC (Allocation Failure)  121847K->2679K(431616K), 0.0017591 secs]
296.181: [GC (Allocation Failure)  121783K->2735K(431616K), 0.0016497 secs]
297.027: [GC (Allocation Failure)  121839K->2663K(431616K), 0.0019260 secs]
297.851: [GC (Allocation Failure)  121767K->2727K(431616K), 0.0016466 secs]
298.685: [GC (Allocation Failure)  121831K->1432K(431616K), 0.0008447 secs]
299.496: [GC (Allocation Failure)  120536K->2694K(431616K), 0.0016121 secs]
300.337: [GC (Allocation Failure)  121798K->2751K(431616K), 0.0016844 secs]
301.176: [GC (Allocation Failure)  121855K->2687K(431616K), 0.0015857 secs]
302.007: [GC (Allocation Failure)  121791K->2743K(431616K), 0.0016374 secs]
302.898: [GC (Allocation Failure)  121847K->1432K(431616K), 0.0009598 secs]
303.702: [GC (Allocation Failure)  120536K->2687K(431616K), 0.0021470 secs]
304.549: [GC (Allocation Failure)  121791K->2751K(431616K), 0.0016605 secs]
305.420: [GC (Allocation Failure)  121855K->2687K(431616K), 0.0016195 secs]
306.247: [GC (Allocation Failure)  121791K->2743K(431616K), 0.0015967 secs]
307.074: [GC (Allocation Failure)  121847K->2679K(431616K), 0.0024993 secs]
307.915: [GC (Allocation Failure)  121783K->2735K(431616K), 0.0023312 secs]
308.758: [GC (Allocation Failure)  121839K->2663K(431616K), 0.0029842 secs]
309.575: [GC (Allocation Failure)  121767K->2727K(431616K), 0.0016061 secs]
310.394: [GC (Allocation Failure)  121831K->1432K(431616K), 0.0006510 secs]
311.232: [GC (Allocation Failure)  120536K->2688K(431616K), 0.0016236 secs]
312.052: [GC (Allocation Failure)  121792K->2752K(431616K), 0.0014002 secs]
312.889: [GC (Allocation Failure)  121856K->2689K(431616K), 0.0017172 secs]
313.714: [GC (Allocation Failure)  121793K->2744K(431616K), 0.0021066 secs]
314.531: [GC (Allocation Failure)  121848K->2681K(431616K), 0.0010488 secs]
315.395: [GC (Allocation Failure)  121785K->2736K(431616K), 0.0022232 secs]
316.238: [GC (Allocation Failure)  121840K->2665K(431616K), 0.0020178 secs]
317.060: [GC (Allocation Failure)  121769K->2728K(431616K), 0.0012005 secs]
317.899: [GC (Allocation Failure)  121832K->1434K(431616K), 0.0027011 secs]
318.721: [GC (Allocation Failure)  120538K->2688K(431616K), 0.0015915 secs]
319.590: [GC (Allocation Failure)  121792K->2752K(431616K), 0.0026348 secs]
320.476: [GC (Allocation Failure)  121856K->2689K(431616K), 0.0009590 secs]
321.266: [GC (Allocation Failure)  121793K->2744K(431616K), 0.0029718 secs]
322.123: [GC (Allocation Failure)  121848K->2681K(431616K), 0.0023953 secs]
322.926: [GC (Allocation Failure)  121785K->2736K(431616K), 0.0019124 secs]
323.803: [GC (Allocation Failure)  121840K->2666K(431616K), 0.0023190 secs]
324.648: [GC (Allocation Failure)  121770K->2729K(431616K), 0.0016129 secs]
325.489: [GC (Allocation Failure)  121833K->1435K(431616K), 0.0008497 secs]
326.322: [GC (Allocation Failure)  120539K->2689K(431616K), 0.0034593 secs]
327.253: [GC (Allocation Failure)  121793K->2753K(431616K), 0.0016218 secs]
328.201: [GC (Allocation Failure)  121857K->2690K(431616K), 0.0015668 secs]
329.026: [GC (Allocation Failure)  121794K->2745K(431616K), 0.0021366 secs]
329.872: [GC (Allocation Failure)  121849K->2682K(431616K), 0.0009507 secs]
330.664: [GC (Allocation Failure)  121786K->2737K(431616K), 0.0010082 secs]
331.509: [GC (Allocation Failure)  121841K->2666K(431616K), 0.0015805 secs]
332.328: [GC (Allocation Failure)  121770K->2729K(431616K), 0.0009988 secs]
333.157: [GC (Allocation Failure)  121833K->1435K(431616K), 0.0006723 secs]
333.946: [GC (Allocation Failure)  120537K->2689K(431616K), 0.0019007 secs]
334.800: [GC (Allocation Failure)  121793K->2753K(431616K), 0.0010274 secs]
335.668: [GC (Allocation Failure)  121857K->2690K(431616K), 0.0015246 secs]
336.501: [GC (Allocation Failure)  121794K->2745K(431616K), 0.0012219 secs]
337.335: [GC (Allocation Failure)  121849K->2682K(431616K), 0.0015378 secs]
338.171: [GC (Allocation Failure)  121786K->2737K(431616K), 0.0019352 secs]
338.994: [GC (Allocation Failure)  121841K->2666K(431616K), 0.0025995 secs]
339.844: [GC (Allocation Failure)  121770K->2729K(431616K), 0.0015159 secs]
340.690: [GC (Allocation Failure)  121833K->1435K(431616K), 0.0008961 secs]
341.505: [GC (Allocation Failure)  120539K->2689K(431616K), 0.0015279 secs]
342.351: [GC (Allocation Failure)  121793K->2753K(431616K), 0.0018843 secs]
343.187: [GC (Allocation Failure)  121857K->2690K(431616K), 0.0021189 secs]
344.010: [GC (Allocation Failure)  121794K->2745K(431616K), 0.0018870 secs]
344.860: [GC (Allocation Failure)  121849K->2682K(431616K), 0.0014864 secs]
345.674: [GC (Allocation Failure)  121786K->2737K(431616K), 0.0016013 secs]
346.525: [GC (Allocation Failure)  121841K->2666K(431616K), 0.0015579 secs]
347.365: [GC (Allocation Failure)  121770K->2729K(431616K), 0.0022147 secs]
348.237: [GC (Allocation Failure)  121833K->1435K(431616K), 0.0008442 secs]
349.074: [GC (Allocation Failure)  120537K->2689K(431616K), 0.0025938 secs]
349.929: [GC (Allocation Failure)  121793K->2753K(431616K), 0.0015832 secs]
350.785: [GC (Allocation Failure)  121857K->2690K(431616K), 0.0016481 secs]
351.606: [GC (Allocation Failure)  121794K->2745K(431616K), 0.0018217 secs]
352.457: [GC (Allocation Failure)  121849K->2682K(431616K), 0.0013283 secs]
353.269: [GC (Allocation Failure)  121786K->2737K(431616K), 0.0009882 secs]
354.093: [GC (Allocation Failure)  121841K->2666K(431616K), 0.0015716 secs]
354.902: [GC (Allocation Failure)  121770K->2729K(431616K), 0.0018130 secs]
355.744: [GC (Allocation Failure)  121833K->1435K(431616K), 0.0005998 secs]
356.542: [GC (Allocation Failure)  120539K->2689K(431616K), 0.0011142 secs]
357.307: [GC (Allocation Failure)  121793K->2753K(431616K), 0.0016009 secs]
358.161: [GC (Allocation Failure)  121857K->2690K(431616K), 0.0019284 secs]
358.956: [GC (Allocation Failure)  121794K->2745K(431616K), 0.0016154 secs]
359.830: [GC (Allocation Failure)  121849K->2682K(431616K), 0.0016260 secs]
360.649: [GC (Allocation Failure)  121786K->2737K(431616K), 0.0022405 secs]
361.471: [GC (Allocation Failure)  121841K->2666K(431616K), 0.0023169 secs]
362.305: [GC (Allocation Failure)  121770K->2729K(431616K), 0.0016766 secs]
363.169: [GC (Allocation Failure)  121833K->1435K(431616K), 0.0009394 secs]
364.003: [GC (Allocation Failure)  120537K->2689K(431616K), 0.0021795 secs]
364.869: [GC (Allocation Failure)  121793K->2753K(431616K), 0.0022820 secs]
365.727: [GC (Allocation Failure)  121857K->2690K(431616K), 0.0015891 secs]
366.541: [GC (Allocation Failure)  121794K->2745K(431616K), 0.0010235 secs]
367.386: [GC (Allocation Failure)  121849K->2682K(431616K), 0.0023670 secs]
368.236: [GC (Allocation Failure)  121786K->2737K(431616K), 0.0015880 secs]
369.075: [GC (Allocation Failure)  121841K->2666K(431616K), 0.0018300 secs]
369.914: [GC (Allocation Failure)  121770K->2729K(431616K), 0.0019171 secs]
370.752: [GC (Allocation Failure)  121833K->1435K(431616K), 0.0008747 secs]
371.591: [GC (Allocation Failure)  120539K->2689K(431616K), 0.0015391 secs]
372.442: [GC (Allocation Failure)  121793K->2753K(431616K), 0.0016309 secs]
373.306: [GC (Allocation Failure)  121857K->2690K(431616K), 0.0018666 secs]
374.190: [GC (Allocation Failure)  121794K->2745K(431616K), 0.0024202 secs]
375.037: [GC (Allocation Failure)  121849K->2682K(431616K), 0.0015999 secs]
375.864: [GC (Allocation Failure)  121786K->2737K(431616K), 0.0009588 secs]
376.714: [GC (Allocation Failure)  121841K->2666K(431616K), 0.0020515 secs]
377.550: [GC (Allocation Failure)  121770K->2729K(431616K), 0.0034607 secs]
378.421: [GC (Allocation Failure)  121833K->1435K(431616K), 0.0007408 secs]
379.230: [GC (Allocation Failure)  120537K->2689K(431616K), 0.0021221 secs]
380.069: [GC (Allocation Failure)  121793K->2753K(431616K), 0.0016094 secs]
380.914: [GC (Allocation Failure)  121857K->2690K(431616K), 0.0015664 secs]
381.740: [GC (Allocation Failure)  121794K->2745K(431616K), 0.0016380 secs]
382.588: [GC (Allocation Failure)  121849K->2682K(431616K), 0.0015253 secs]
383.410: [GC (Allocation Failure)  121786K->2737K(431616K), 0.0010462 secs]
384.248: [GC (Allocation Failure)  121841K->2666K(431616K), 0.0012128 secs]
385.103: [GC (Allocation Failure)  121770K->2729K(431616K), 0.0016342 secs]
385.931: [GC (Allocation Failure)  121833K->1435K(431616K), 0.0005966 secs]
386.728: [GC (Allocation Failure)  120539K->2689K(431616K), 0.0010529 secs]
387.504: [GC (Allocation Failure)  121793K->2753K(431616K), 0.0015611 secs]
388.336: [GC (Allocation Failure)  121857K->2690K(431616K), 0.0014519 secs]
389.212: [GC (Allocation Failure)  121794K->2745K(431616K), 0.0013310 secs]
390.053: [GC (Allocation Failure)  121849K->2682K(431616K), 0.0010592 secs]
390.853: [GC (Allocation Failure)  121786K->2737K(431616K), 0.0015842 secs]
391.757: [GC (Allocation Failure)  121841K->2666K(431616K), 0.0026271 secs]
392.580: [GC (Allocation Failure)  121770K->2729K(431616K), 0.0015630 secs]
393.441: [GC (Allocation Failure)  121833K->1435K(431616K), 0.0008596 secs]
394.249: [GC (Allocation Failure)  120537K->2689K(431616K), 0.0016443 secs]
395.109: [GC (Allocation Failure)  121793K->2753K(431616K), 0.0016943 secs]
395.969: [GC (Allocation Failure)  121857K->2690K(431616K), 0.0015939 secs]
396.808: [GC (Allocation Failure)  121794K->2745K(431616K), 0.0016154 secs]
397.675: [GC (Allocation Failure)  121849K->2682K(431616K), 0.0027933 secs]
398.533: [GC (Allocation Failure)  121786K->2737K(431616K), 0.0016573 secs]
399.389: [GC (Allocation Failure)  121841K->2666K(431616K), 0.0015442 secs]
400.223: [GC (Allocation Failure)  121770K->2729K(431616K), 0.0015340 secs]
401.072: [GC (Allocation Failure)  121833K->1435K(431616K), 0.0008813 secs]
401.921: [GC (Allocation Failure)  120539K->2689K(431616K), 0.0015690 secs]
402.769: [GC (Allocation Failure)  121793K->2753K(431616K), 0.0028818 secs]
403.600: [GC (Allocation Failure)  121857K->2690K(431616K), 0.0024961 secs]
404.433: [GC (Allocation Failure)  121794K->2745K(431616K), 0.0016257 secs]
405.314: [GC (Allocation Failure)  121849K->2682K(431616K), 0.0029483 secs]
406.129: [GC (Allocation Failure)  121786K->2737K(431616K), 0.0016401 secs]
406.982: [GC (Allocation Failure)  121841K->2666K(431616K), 0.0015619 secs]
407.838: [GC (Allocation Failure)  121770K->2729K(431616K), 0.0029491 secs]
408.674: [GC (Allocation Failure)  121833K->1435K(431616K), 0.0014378 secs]
409.489: [GC (Allocation Failure)  120537K->2689K(431616K), 0.0012391 secs]
410.331: [GC (Allocation Failure)  121793K->2753K(431616K), 0.0016785 secs]
411.135: [GC (Allocation Failure)  121857K->2690K(431616K), 0.0012705 secs]
411.934: [GC (Allocation Failure)  121794K->2745K(431616K), 0.0018956 secs]
412.809: [GC (Allocation Failure)  121849K->2682K(431616K), 0.0017342 secs]
413.640: [GC (Allocation Failure)  121786K->2737K(431616K), 0.0015540 secs]
414.462: [GC (Allocation Failure)  121841K->2666K(431616K), 0.0023273 secs]
415.284: [GC (Allocation Failure)  121770K->2729K(431616K), 0.0009521 secs]
416.101: [GC (Allocation Failure)  121833K->1435K(431616K), 0.0009345 secs]
416.934: [GC (Allocation Failure)  120539K->2689K(431616K), 0.0016000 secs]
417.708: [GC (Allocation Failure)  121793K->2753K(431616K), 0.0010346 secs]
418.526: [GC (Allocation Failure)  121857K->2690K(431616K), 0.0023700 secs]
419.382: [GC (Allocation Failure)  121794K->2745K(431616K), 0.0021336 secs]
420.224: [GC (Allocation Failure)  121849K->2682K(431616K), 0.0016452 secs]
421.059: [GC (Allocation Failure)  121786K->2737K(431616K), 0.0015243 secs]
421.908: [GC (Allocation Failure)  121841K->2666K(431616K), 0.0015010 secs]
422.721: [GC (Allocation Failure)  121770K->2729K(431616K), 0.0024177 secs]
423.586: [GC (Allocation Failure)  121833K->1435K(431616K), 0.0008973 secs]
424.416: [GC (Allocation Failure)  120537K->2689K(431616K), 0.0015193 secs]
425.261: [GC (Allocation Failure)  121793K->2753K(431616K), 0.0015237 secs]
426.111: [GC (Allocation Failure)  121857K->2690K(431616K), 0.0015666 secs]
426.930: [GC (Allocation Failure)  121794K->2745K(431616K), 0.0019357 secs]
427.777: [GC (Allocation Failure)  121849K->2682K(431616K), 0.0015897 secs]
428.605: [GC (Allocation Failure)  121786K->2737K(431616K), 0.0016408 secs]
429.461: [GC (Allocation Failure)  121841K->2666K(431616K), 0.0014951 secs]
430.294: [GC (Allocation Failure)  121770K->2729K(431616K), 0.0010243 secs]
431.139: [GC (Allocation Failure)  121833K->1435K(431616K), 0.0008005 secs]
431.958: [GC (Allocation Failure)  120539K->2689K(431616K), 0.0018721 secs]
432.794: [GC (Allocation Failure)  121793K->2753K(431616K), 0.0029308 secs]
433.661: [GC (Allocation Failure)  121857K->2690K(431616K), 0.0015573 secs]
434.497: [GC (Allocation Failure)  121794K->2745K(431616K), 0.0015616 secs]
435.342: [GC (Allocation Failure)  121849K->2682K(431616K), 0.0029073 secs]
436.176: [GC (Allocation Failure)  121786K->2737K(431616K), 0.0013120 secs]
437.030: [GC (Allocation Failure)  121841K->2666K(431616K), 0.0015571 secs]
437.849: [GC (Allocation Failure)  121770K->2729K(431616K), 0.0015332 secs]
438.694: [GC (Allocation Failure)  121833K->1435K(431616K), 0.0008800 secs]
439.542: [GC (Allocation Failure)  120537K->2689K(431616K), 0.0009861 secs]
440.403: [GC (Allocation Failure)  121793K->2753K(431616K), 0.0013576 secs]
441.240: [GC (Allocation Failure)  121857K->2690K(431616K), 0.0015601 secs]
442.034: [GC (Allocation Failure)  121794K->2745K(431616K), 0.0010345 secs]
442.798: [GC (Allocation Failure)  121849K->2682K(431616K), 0.0012421 secs]
443.625: [GC (Allocation Failure)  121786K->2737K(431616K), 0.0015661 secs]
444.443: [GC (Allocation Failure)  121841K->2666K(431616K), 0.0018254 secs]
445.238: [GC (Allocation Failure)  121770K->2729K(431616K), 0.0016019 secs]
446.082: [GC (Allocation Failure)  121833K->1435K(431616K), 0.0009115 secs]
446.908: [GC (Allocation Failure)  120539K->2689K(431616K), 0.0014864 secs]
447.726: [GC (Allocation Failure)  121793K->2753K(431616K), 0.0018986 secs]
448.515: [GC (Allocation Failure)  121857K->2690K(431616K), 0.0009343 secs]
449.429: [GC (Allocation Failure)  121794K->2745K(431616K), 0.0017428 secs]
450.317: [GC (Allocation Failure)  121849K->2682K(431616K), 0.0011696 secs]
451.126: [GC (Allocation Failure)  121786K->2737K(431616K), 0.0019746 secs]
451.982: [GC (Allocation Failure)  121841K->2666K(431616K), 0.0015632 secs]
452.862: [GC (Allocation Failure)  121770K->2729K(431616K), 0.0021629 secs]
453.718: [GC (Allocation Failure)  121833K->1435K(431616K), 0.0008826 secs]
454.543: [GC (Allocation Failure)  120537K->2689K(431616K), 0.0030458 secs]
455.389: [GC (Allocation Failure)  121793K->2753K(431616K), 0.0016391 secs]
456.372: [GC (Allocation Failure)  121857K->2690K(431616K), 0.0015827 secs]
457.221: [GC (Allocation Failure)  121794K->2746K(431616K), 0.0010174 secs]
458.078: [GC (Allocation Failure)  121850K->2682K(431616K), 0.0016922 secs]
458.909: [GC (Allocation Failure)  121786K->2738K(431616K), 0.0016539 secs]
459.755: [GC (Allocation Failure)  121842K->2666K(431616K), 0.0014838 secs]
460.590: [GC (Allocation Failure)  121770K->2730K(431616K), 0.0030244 secs]
461.462: [GC (Allocation Failure)  121834K->1435K(431616K), 0.0009223 secs]
462.284: [GC (Allocation Failure)  120539K->2689K(431616K), 0.0016461 secs]
463.115: [GC (Allocation Failure)  121793K->2754K(431616K), 0.0024672 secs]
463.992: [GC (Allocation Failure)  121858K->2690K(431616K), 0.0018931 secs]
464.825: [GC (Allocation Failure)  121794K->2746K(431616K), 0.0013480 secs]
465.656: [GC (Allocation Failure)  121850K->2682K(431616K), 0.0011281 secs]
466.467: [GC (Allocation Failure)  121786K->2738K(431616K), 0.0016841 secs]
467.289: [GC (Allocation Failure)  121842K->2666K(431616K), 0.0016568 secs]
468.117: [GC (Allocation Failure)  121770K->2730K(431616K), 0.0009984 secs]
468.929: [GC (Allocation Failure)  121834K->1435K(431616K), 0.0011196 secs]
469.733: [GC (Allocation Failure)  120537K->2689K(431616K), 0.0009597 secs]
470.604: [GC (Allocation Failure)  121793K->2754K(431616K), 0.0016613 secs]
471.434: [GC (Allocation Failure)  121858K->2690K(431616K), 0.0018757 secs]
472.258: [GC (Allocation Failure)  121794K->2746K(431616K), 0.0010037 secs]
473.109: [GC (Allocation Failure)  121850K->2682K(431616K), 0.0018946 secs]
473.938: [GC (Allocation Failure)  121786K->2738K(431616K), 0.0016261 secs]
474.793: [GC (Allocation Failure)  121842K->2666K(431616K), 0.0015149 secs]
475.625: [GC (Allocation Failure)  121770K->2730K(431616K), 0.0015527 secs]
476.473: [GC (Allocation Failure)  121834K->1435K(431616K), 0.0008912 secs]
477.314: [GC (Allocation Failure)  120539K->2689K(431616K), 0.0018930 secs]
478.146: [GC (Allocation Failure)  121793K->2754K(431616K), 0.0019325 secs]
478.982: [GC (Allocation Failure)  121858K->2690K(431616K), 0.0019185 secs]
479.817: [GC (Allocation Failure)  121794K->2746K(431616K), 0.0018607 secs]
480.668: [GC (Allocation Failure)  121850K->2682K(431616K), 0.0015983 secs]
481.531: [GC (Allocation Failure)  121786K->2738K(431616K), 0.0037191 secs]
482.445: [GC (Allocation Failure)  121842K->2666K(431616K), 0.0015536 secs]
483.288: [GC (Allocation Failure)  121770K->2730K(431616K), 0.0018954 secs]
484.165: [GC (Allocation Failure)  121834K->1435K(431616K), 0.0008147 secs]
485.008: [GC (Allocation Failure)  120539K->2690K(431616K), 0.0015904 secs]
485.831: [GC (Allocation Failure)  121794K->2746K(431616K), 0.0016516 secs]
486.674: [GC (Allocation Failure)  121850K->2691K(431616K), 0.0019635 secs]
487.490: [GC (Allocation Failure)  121795K->2738K(431616K), 0.0016843 secs]
488.315: [GC (Allocation Failure)  121842K->2667K(431616K), 0.0015717 secs]
489.127: [GC (Allocation Failure)  121771K->2738K(431616K), 0.0015623 secs]
489.954: [GC (Allocation Failure)  121842K->1411K(431616K), 0.0009364 secs]
490.730: [GC (Allocation Failure)  120515K->2665K(431616K), 0.0016199 secs]
491.532: [GC (Allocation Failure)  121769K->2730K(431616K), 0.0010576 secs]
492.368: [GC (Allocation Failure)  121834K->2666K(431616K), 0.0018584 secs]
493.228: [GC (Allocation Failure)  121770K->2722K(431616K), 0.0018024 secs]
494.056: [GC (Allocation Failure)  121826K->2658K(431616K), 0.0009903 secs]
494.859: [GC (Allocation Failure)  121762K->2714K(431616K), 0.0015791 secs]
495.721: [GC (Allocation Failure)  121818K->2642K(431616K), 0.0024907 secs]
496.565: [GC (Allocation Failure)  121746K->2706K(431616K), 0.0016586 secs]
497.438: [GC (Allocation Failure)  121810K->1411K(431616K), 0.0018177 secs]
498.264: [GC (Allocation Failure)  120515K->2665K(431616K), 0.0015910 secs]
499.112: [GC (Allocation Failure)  121769K->2730K(431616K), 0.0013543 secs]
500.000: [GC (Allocation Failure)  121834K->2666K(431616K), 0.0015113 secs]
500.833: [GC (Allocation Failure)  121770K->2722K(431616K), 0.0019386 secs]
501.669: [GC (Allocation Failure)  121826K->2658K(431616K), 0.0016093 secs]
502.514: [GC (Allocation Failure)  121762K->2714K(431616K), 0.0017281 secs]
503.378: [GC (Allocation Failure)  121818K->2642K(431616K), 0.0016042 secs]
504.231: [GC (Allocation Failure)  121746K->2706K(431616K), 0.0016307 secs]
505.094: [GC (Allocation Failure)  121810K->1411K(431616K), 0.0008335 secs]
505.910: [GC (Allocation Failure)  120513K->2665K(431616K), 0.0015846 secs]
506.761: [GC (Allocation Failure)  121769K->2730K(431616K), 0.0016430 secs]
507.662: [GC (Allocation Failure)  121834K->2666K(431616K), 0.0016812 secs]
508.489: [GC (Allocation Failure)  121770K->2722K(431616K), 0.0019103 secs]
509.438: [GC (Allocation Failure)  121826K->2658K(431616K), 0.0018519 secs]
510.321: [GC (Allocation Failure)  121762K->2714K(431616K), 0.0015670 secs]
511.177: [GC (Allocation Failure)  121818K->2642K(431616K), 0.0016170 secs]
511.981: [GC (Allocation Failure)  121746K->2706K(431616K), 0.0016419 secs]
512.811: [GC (Allocation Failure)  121810K->1411K(431616K), 0.0006666 secs]
513.650: [GC (Allocation Failure)  120515K->2665K(431616K), 0.0016210 secs]
514.427: [GC (Allocation Failure)  121769K->2730K(431616K), 0.0022234 secs]
515.271: [GC (Allocation Failure)  121834K->2666K(431616K), 0.0010115 secs]
516.049: [GC (Allocation Failure)  121770K->2722K(431616K), 0.0017025 secs]
516.892: [GC (Allocation Failure)  121826K->2658K(431616K), 0.0010652 secs]
517.723: [GC (Allocation Failure)  121762K->2714K(431616K), 0.0020281 secs]
518.522: [GC (Allocation Failure)  121818K->2642K(431616K), 0.0020737 secs]
519.334: [GC (Allocation Failure)  121746K->2706K(431616K), 0.0016344 secs]
520.194: [GC (Allocation Failure)  121810K->1411K(431616K), 0.0020757 secs]
520.996: [GC (Allocation Failure)  120513K->2665K(431616K), 0.0009407 secs]
521.811: [GC (Allocation Failure)  121769K->2730K(431616K), 0.0016040 secs]
522.651: [GC (Allocation Failure)  121834K->2666K(431616K), 0.0016377 secs]
523.513: [GC (Allocation Failure)  121770K->2722K(431616K), 0.0019763 secs]
524.368: [GC (Allocation Failure)  121826K->2658K(431616K), 0.0017207 secs]
525.193: [GC (Allocation Failure)  121762K->2714K(431616K), 0.0015888 secs]
526.037: [GC (Allocation Failure)  121818K->2642K(431616K), 0.0029919 secs]
526.895: [GC (Allocation Failure)  121746K->2706K(431616K), 0.0016492 secs]
527.745: [GC (Allocation Failure)  121810K->1411K(431616K), 0.0009211 secs]
528.574: [GC (Allocation Failure)  120515K->2665K(431616K), 0.0015252 secs]
529.418: [GC (Allocation Failure)  121769K->2730K(431616K), 0.0022065 secs]
530.318: [GC (Allocation Failure)  121834K->2666K(431616K), 0.0009553 secs]
531.157: [GC (Allocation Failure)  121770K->2722K(431616K), 0.0019722 secs]
532.005: [GC (Allocation Failure)  121826K->2658K(431616K), 0.0014727 secs]
532.850: [GC (Allocation Failure)  121762K->2714K(431616K), 0.0016242 secs]
533.732: [GC (Allocation Failure)  121818K->2642K(431616K), 0.0012823 secs]
534.553: [GC (Allocation Failure)  121746K->2706K(431616K), 0.0016370 secs]
535.392: [GC (Allocation Failure)  121810K->1411K(431616K), 0.0008828 secs]
536.245: [GC (Allocation Failure)  120513K->2665K(431616K), 0.0016412 secs]
537.060: [GC (Allocation Failure)  121769K->2730K(431616K), 0.0016292 secs]
537.918: [GC (Allocation Failure)  121834K->2666K(431616K), 0.0029655 secs]
538.753: [GC (Allocation Failure)  121770K->2722K(431616K), 0.0016724 secs]
539.653: [GC (Allocation Failure)  121826K->2658K(431616K), 0.0016878 secs]
540.489: [GC (Allocation Failure)  121762K->2714K(431616K), 0.0010617 secs]
541.305: [GC (Allocation Failure)  121818K->2642K(431616K), 0.0019101 secs]
542.114: [GC (Allocation Failure)  121746K->2706K(431616K), 0.0016857 secs]
542.956: [GC (Allocation Failure)  121810K->1411K(431616K), 0.0006222 secs]
543.767: [GC (Allocation Failure)  120515K->2665K(431616K), 0.0016475 secs]
544.610: [GC (Allocation Failure)  121769K->2730K(431616K), 0.0014432 secs]
545.489: [GC (Allocation Failure)  121834K->2666K(431616K), 0.0016269 secs]
546.316: [GC (Allocation Failure)  121770K->2722K(431616K), 0.0016244 secs]
547.162: [GC (Allocation Failure)  121826K->2658K(431616K), 0.0020077 secs]
548.077: [GC (Allocation Failure)  121762K->2714K(431616K), 0.0016634 secs]
548.926: [GC (Allocation Failure)  121818K->2642K(431616K), 0.0018403 secs]
549.784: [GC (Allocation Failure)  121746K->2706K(431616K), 0.0016232 secs]
550.617: [GC (Allocation Failure)  121810K->1411K(431616K), 0.0008514 secs]
551.446: [GC (Allocation Failure)  120513K->2665K(431616K), 0.0018791 secs]
552.336: [GC (Allocation Failure)  121769K->2730K(431616K), 0.0015835 secs]
553.185: [GC (Allocation Failure)  121834K->2666K(431616K), 0.0016279 secs]
554.041: [GC (Allocation Failure)  121770K->2722K(431616K), 0.0016671 secs]
554.889: [GC (Allocation Failure)  121826K->2658K(431616K), 0.0014343 secs]
555.709: [GC (Allocation Failure)  121762K->2714K(431616K), 0.0016338 secs]
556.550: [GC (Allocation Failure)  121818K->2642K(431616K), 0.0018033 secs]
557.355: [GC (Allocation Failure)  121746K->2706K(431616K), 0.0015743 secs]
558.208: [GC (Allocation Failure)  121810K->1411K(431616K), 0.0008692 secs]
559.006: [GC (Allocation Failure)  120515K->2665K(431616K), 0.0015315 secs]
559.868: [GC (Allocation Failure)  121769K->2730K(431616K), 0.0017823 secs]
560.752: [GC (Allocation Failure)  121834K->2666K(431616K), 0.0020179 secs]
561.610: [GC (Allocation Failure)  121770K->2722K(431616K), 0.0017116 secs]
562.475: [GC (Allocation Failure)  121826K->2658K(431616K), 0.0019040 secs]
563.304: [GC (Allocation Failure)  121762K->2714K(431616K), 0.0016423 secs]
564.136: [GC (Allocation Failure)  121818K->2642K(431616K), 0.0015569 secs]
564.965: [GC (Allocation Failure)  121746K->2706K(431616K), 0.0010798 secs]
565.793: [GC (Allocation Failure)  121810K->1411K(431616K), 0.0008593 secs]
566.562: [GC (Allocation Failure)  120513K->2665K(431616K), 0.0012548 secs]
567.372: [GC (Allocation Failure)  121769K->2730K(431616K), 0.0010835 secs]
568.209: [GC (Allocation Failure)  121834K->2666K(431616K), 0.0015856 secs]
569.051: [GC (Allocation Failure)  121770K->2722K(431616K), 0.0010873 secs]
569.893: [GC (Allocation Failure)  121826K->2658K(431616K), 0.0019057 secs]
570.749: [GC (Allocation Failure)  121762K->2714K(431616K), 0.0033223 secs]
571.665: [GC (Allocation Failure)  121818K->2642K(431616K), 0.0015191 secs]
572.525: [GC (Allocation Failure)  121746K->2706K(431616K), 0.0026723 secs]
573.381: [GC (Allocation Failure)  121810K->1411K(431616K), 0.0009143 secs]
574.209: [GC (Allocation Failure)  120515K->2665K(431616K), 0.0018522 secs]
575.088: [GC (Allocation Failure)  121769K->2730K(431616K), 0.0010178 secs]
575.961: [GC (Allocation Failure)  121834K->2666K(431616K), 0.0015900 secs]
576.819: [GC (Allocation Failure)  121770K->2722K(431616K), 0.0016830 secs]
577.691: [GC (Allocation Failure)  121826K->2658K(431616K), 0.0014986 secs]
578.534: [GC (Allocation Failure)  121762K->2714K(431616K), 0.0021317 secs]
579.382: [GC (Allocation Failure)  121818K->2642K(431616K), 0.0015212 secs]
580.216: [GC (Allocation Failure)  121746K->2706K(431616K), 0.0016201 secs]
581.087: [GC (Allocation Failure)  121810K->1411K(431616K), 0.0008542 secs]
581.916: [GC (Allocation Failure)  120513K->2665K(431616K), 0.0016166 secs]
582.747: [GC (Allocation Failure)  121769K->2730K(431616K), 0.0015743 secs]
583.598: [GC (Allocation Failure)  121834K->2666K(431616K), 0.0016108 secs]
584.426: [GC (Allocation Failure)  121770K->2722K(431616K), 0.0016544 secs]
585.269: [GC (Allocation Failure)  121826K->2658K(431616K), 0.0015842 secs]
586.088: [GC (Allocation Failure)  121762K->2714K(431616K), 0.0015755 secs]
586.902: [GC (Allocation Failure)  121818K->2642K(431616K), 0.0027087 secs]
587.731: [GC (Allocation Failure)  121746K->2706K(431616K), 0.0016003 secs]
588.574: [GC (Allocation Failure)  121810K->1411K(431616K), 0.0012517 secs]
589.429: [GC (Allocation Failure)  120515K->2665K(431616K), 0.0015340 secs]
590.257: [GC (Allocation Failure)  121769K->2730K(431616K), 0.0010293 secs]
591.089: [GC (Allocation Failure)  121834K->2666K(431616K), 0.0015419 secs]
591.930: [GC (Allocation Failure)  121770K->2722K(431616K), 0.0032952 secs]
592.827: [GC (Allocation Failure)  121826K->2658K(431616K), 0.0015477 secs]
593.698: [GC (Allocation Failure)  121762K->2714K(431616K), 0.0016497 secs]
594.556: [GC (Allocation Failure)  121818K->2642K(431616K), 0.0015350 secs]
595.374: [GC (Allocation Failure)  121746K->2706K(431616K), 0.0015806 secs]
596.240: [GC (Allocation Failure)  121810K->1411K(431616K), 0.0008603 secs]
597.036: [GC (Allocation Failure)  120513K->2665K(431616K), 0.0009849 secs]
597.822: [GC (Allocation Failure)  121769K->2730K(431616K), 0.0021664 secs]
598.679: [GC (Allocation Failure)  121834K->2666K(431616K), 0.0016154 secs]
599.516: [GC (Allocation Failure)  121770K->2722K(431616K), 0.0010487 secs]
600.367: [GC (Allocation Failure)  121826K->2658K(431616K), 0.0010622 secs]
601.197: [GC (Allocation Failure)  121762K->2714K(431616K), 0.0017113 secs]
601.990: [GC (Allocation Failure)  121818K->2642K(431616K), 0.0015570 secs]
602.818: [GC (Allocation Failure)  121746K->2706K(431616K), 0.0021819 secs]
603.671: [GC (Allocation Failure)  121810K->1411K(431616K), 0.0007630 secs]
604.504: [GC (Allocation Failure)  120515K->2665K(431616K), 0.0015228 secs]
605.389: [GC (Allocation Failure)  121769K->2730K(431616K), 0.0019376 secs]
606.225: [GC (Allocation Failure)  121834K->2666K(431616K), 0.0015562 secs]
607.065: [GC (Allocation Failure)  121770K->2722K(431616K), 0.0013420 secs]
607.917: [GC (Allocation Failure)  121826K->2658K(431616K), 0.0012673 secs]
608.761: [GC (Allocation Failure)  121762K->2714K(431616K), 0.0019368 secs]
609.589: [GC (Allocation Failure)  121818K->2642K(431616K), 0.0015853 secs]
610.457: [GC (Allocation Failure)  121746K->2706K(431616K), 0.0016145 secs]
611.294: [GC (Allocation Failure)  121810K->1411K(431616K), 0.0014240 secs]
612.122: [GC (Allocation Failure)  120513K->2665K(431616K), 0.0015985 secs]
612.937: [GC (Allocation Failure)  121769K->2730K(431616K), 0.0016341 secs]
613.771: [GC (Allocation Failure)  121834K->2666K(431616K), 0.0016386 secs]
614.613: [GC (Allocation Failure)  121770K->2722K(431616K), 0.0016056 secs]
615.458: [GC (Allocation Failure)  121826K->2658K(431616K), 0.0015834 secs]
616.285: [GC (Allocation Failure)  121762K->2714K(431616K), 0.0021347 secs]
617.125: [GC (Allocation Failure)  121818K->2642K(431616K), 0.0015820 secs]
617.936: [GC (Allocation Failure)  121746K->2706K(431616K), 0.0015478 secs]
618.816: [GC (Allocation Failure)  121810K->1411K(431616K), 0.0008636 secs]
619.638: [GC (Allocation Failure)  120515K->2665K(431616K), 0.0023652 secs]
620.513: [GC (Allocation Failure)  121769K->2730K(431616K), 0.0010556 secs]
621.362: [GC (Allocation Failure)  121834K->2666K(431616K), 0.0015793 secs]
622.157: [GC (Allocation Failure)  121770K->2722K(431616K), 0.0016730 secs]
622.978: [GC (Allocation Failure)  121826K->2658K(431616K), 0.0013907 secs]
623.755: [GC (Allocation Failure)  121762K->2714K(431616K), 0.0009554 secs]
624.602: [GC (Allocation Failure)  121818K->2642K(431616K), 0.0022527 secs]
625.406: [GC (Allocation Failure)  121746K->2706K(431616K), 0.0010836 secs]
626.253: [GC (Allocation Failure)  121810K->1411K(431616K), 0.0008857 secs]
627.055: [GC (Allocation Failure)  120513K->2665K(431616K), 0.0015959 secs]
627.958: [GC (Allocation Failure)  121769K->2730K(431616K), 0.0016243 secs]
628.806: [GC (Allocation Failure)  121834K->2666K(431616K), 0.0015881 secs]
629.626: [GC (Allocation Failure)  121770K->2722K(431616K), 0.0022355 secs]
630.498: [GC (Allocation Failure)  121826K->2658K(431616K), 0.0023760 secs]
631.397: [GC (Allocation Failure)  121762K->2714K(431616K), 0.0017043 secs]
632.249: [GC (Allocation Failure)  121818K->2642K(431616K), 0.0024030 secs]
633.091: [GC (Allocation Failure)  121746K->2706K(431616K), 0.0014665 secs]
633.932: [GC (Allocation Failure)  121810K->1411K(431616K), 0.0008857 secs]
634.793: [GC (Allocation Failure)  120515K->2665K(431616K), 0.0016192 secs]
635.661: [GC (Allocation Failure)  121769K->2730K(431616K), 0.0016472 secs]
636.504: [GC (Allocation Failure)  121834K->2666K(431616K), 0.0015785 secs]
637.337: [GC (Allocation Failure)  121770K->2722K(431616K), 0.0016907 secs]
638.187: [GC (Allocation Failure)  121826K->2658K(431616K), 0.0015748 secs]
638.991: [GC (Allocation Failure)  121762K->2714K(431616K), 0.0016105 secs]
639.866: [GC (Allocation Failure)  121818K->2642K(431616K), 0.0015834 secs]
640.690: [GC (Allocation Failure)  121746K->2706K(431616K), 0.0022250 secs]
641.533: [GC (Allocation Failure)  121810K->1411K(431616K), 0.0006043 secs]
642.344: [GC (Allocation Failure)  120513K->2665K(431616K), 0.0015132 secs]
643.164: [GC (Allocation Failure)  121769K->2730K(431616K), 0.0016958 secs]
644.008: [GC (Allocation Failure)  121834K->2666K(431616K), 0.0018309 secs]
644.784: [GC (Allocation Failure)  121770K->2722K(431616K), 0.0015683 secs]
645.565: [GC (Allocation Failure)  121826K->2658K(431616K), 0.0017503 secs]
646.376: [GC (Allocation Failure)  121762K->2714K(431616K), 0.0018146 secs]
647.166: [GC (Allocation Failure)  121818K->2642K(431616K), 0.0026795 secs]
648.042: [GC (Allocation Failure)  121746K->2706K(431616K), 0.0043411 secs]
648.879: [GC (Allocation Failure)  121810K->1411K(431616K), 0.0008616 secs]
649.720: [GC (Allocation Failure)  120515K->2665K(431616K), 0.0016276 secs]
650.593: [GC (Allocation Failure)  121769K->2730K(431616K), 0.0016866 secs]
651.424: [GC (Allocation Failure)  121834K->2666K(431616K), 0.0015816 secs]
652.257: [GC (Allocation Failure)  121770K->2722K(431616K), 0.0019817 secs]
653.098: [GC (Allocation Failure)  121826K->2658K(431616K), 0.0021760 secs]
653.911: [GC (Allocation Failure)  121762K->2714K(431616K), 0.0016828 secs]
654.773: [GC (Allocation Failure)  121818K->2642K(431616K), 0.0015734 secs]
655.568: [GC (Allocation Failure)  121746K->2706K(431616K), 0.0015877 secs]
656.401: [GC (Allocation Failure)  121810K->1411K(431616K), 0.0008860 secs]
657.237: [GC (Allocation Failure)  120513K->2665K(431616K), 0.0016494 secs]
658.083: [GC (Allocation Failure)  121769K->2730K(431616K), 0.0015966 secs]
658.909: [GC (Allocation Failure)  121834K->2666K(431616K), 0.0015859 secs]
659.750: [GC (Allocation Failure)  121770K->2722K(431616K), 0.0019360 secs]
660.592: [GC (Allocation Failure)  121826K->2658K(431616K), 0.0016490 secs]
661.437: [GC (Allocation Failure)  121762K->2714K(431616K), 0.0019924 secs]
662.283: [GC (Allocation Failure)  121818K->2642K(431616K), 0.0015259 secs]
663.104: [GC (Allocation Failure)  121746K->2706K(431616K), 0.0016385 secs]
663.961: [GC (Allocation Failure)  121810K->1411K(431616K), 0.0008602 secs]
664.804: [GC (Allocation Failure)  120515K->2665K(431616K), 0.0014965 secs]
665.660: [GC (Allocation Failure)  121769K->2730K(431616K), 0.0016099 secs]
666.488: [GC (Allocation Failure)  121834K->2666K(431616K), 0.0012511 secs]
667.305: [GC (Allocation Failure)  121770K->2722K(431616K), 0.0010914 secs]
668.156: [GC (Allocation Failure)  121826K->2658K(431616K), 0.0019789 secs]
669.003: [GC (Allocation Failure)  121762K->2714K(431616K), 0.0010915 secs]
669.816: [GC (Allocation Failure)  121818K->2642K(431616K), 0.0015104 secs]
670.656: [GC (Allocation Failure)  121746K->2706K(431616K), 0.0010740 secs]
671.508: [GC (Allocation Failure)  121810K->1411K(431616K), 0.0007685 secs]
672.329: [GC (Allocation Failure)  120513K->2665K(431616K), 0.0022622 secs]
673.194: [GC (Allocation Failure)  121769K->2730K(431616K), 0.0023016 secs]
674.022: [GC (Allocation Failure)  121834K->2666K(431616K), 0.0025298 secs]
674.862: [GC (Allocation Failure)  121770K->2722K(431616K), 0.0035826 secs]
675.720: [GC (Allocation Failure)  121826K->2658K(431616K), 0.0012638 secs]
676.538: [GC (Allocation Failure)  121762K->2714K(431616K), 0.0016157 secs]
677.390: [GC (Allocation Failure)  121818K->2642K(431616K), 0.0019582 secs]
678.244: [GC (Allocation Failure)  121746K->2706K(431616K), 0.0016275 secs]
679.100: [GC (Allocation Failure)  121810K->1411K(431616K), 0.0008468 secs]
679.973: [GC (Allocation Failure)  120515K->2665K(431616K), 0.0023927 secs]
680.834: [GC (Allocation Failure)  121769K->2730K(431616K), 0.0019733 secs]
681.687: [GC (Allocation Failure)  121834K->2666K(431616K), 0.0016148 secs]
682.512: [GC (Allocation Failure)  121770K->2722K(431616K), 0.0015681 secs]
683.352: [GC (Allocation Failure)  121826K->2658K(431616K), 0.0016135 secs]
684.208: [GC (Allocation Failure)  121762K->2714K(431616K), 0.0013260 secs]
685.056: [GC (Allocation Failure)  121818K->2642K(431616K), 0.0014396 secs]
685.871: [GC (Allocation Failure)  121746K->2706K(431616K), 0.0012717 secs]
686.703: [GC (Allocation Failure)  121810K->1411K(431616K), 0.0008859 secs]
687.511: [GC (Allocation Failure)  120513K->2665K(431616K), 0.0015410 secs]
688.344: [GC (Allocation Failure)  121769K->2730K(431616K), 0.0030481 secs]
689.169: [GC (Allocation Failure)  121834K->2666K(431616K), 0.0015906 secs]
689.989: [GC (Allocation Failure)  121770K->2722K(431616K), 0.0011200 secs]
690.845: [GC (Allocation Failure)  121826K->2658K(431616K), 0.0011026 secs]
691.682: [GC (Allocation Failure)  121762K->2714K(431616K), 0.0018221 secs]
692.582: [GC (Allocation Failure)  121818K->2642K(431616K), 0.0015894 secs]
693.431: [GC (Allocation Failure)  121746K->2706K(431616K), 0.0012098 secs]
694.237: [GC (Allocation Failure)  121810K->1411K(431616K), 0.0009605 secs]
695.079: [GC (Allocation Failure)  120515K->2665K(431616K), 0.0015411 secs]
695.951: [GC (Allocation Failure)  121769K->2730K(431616K), 0.0015873 secs]
696.786: [GC (Allocation Failure)  121834K->2666K(431616K), 0.0025716 secs]
697.614: [GC (Allocation Failure)  121770K->2722K(431616K), 0.0015663 secs]
698.445: [GC (Allocation Failure)  121826K->2658K(431616K), 0.0015797 secs]
699.269: [GC (Allocation Failure)  121762K->2714K(431616K), 0.0009811 secs]
700.107: [GC (Allocation Failure)  121818K->2642K(431616K), 0.0013979 secs]
700.967: [GC (Allocation Failure)  121746K->2706K(431616K), 0.0016701 secs]
701.855: [GC (Allocation Failure)  121810K->1411K(431616K), 0.0008620 secs]
702.707: [GC (Allocation Failure)  120513K->2665K(431616K), 0.0015984 secs]
703.535: [GC (Allocation Failure)  121769K->2730K(431616K), 0.0015091 secs]
704.392: [GC (Allocation Failure)  121834K->2666K(431616K), 0.0013497 secs]
705.226: [GC (Allocation Failure)  121770K->2722K(431616K), 0.0019125 secs]
706.067: [GC (Allocation Failure)  121826K->2658K(431616K), 0.0016424 secs]
706.906: [GC (Allocation Failure)  121762K->2714K(431616K), 0.0021995 secs]
707.741: [GC (Allocation Failure)  121818K->2642K(431616K), 0.0031012 secs]
708.588: [GC (Allocation Failure)  121746K->2706K(431616K), 0.0015507 secs]
709.447: [GC (Allocation Failure)  121810K->1411K(431616K), 0.0008594 secs]
710.313: [GC (Allocation Failure)  120515K->2665K(431616K), 0.0021065 secs]
711.122: [GC (Allocation Failure)  121769K->2730K(431616K), 0.0010189 secs]
711.941: [GC (Allocation Failure)  121834K->2666K(431616K), 0.0019388 secs]
712.716: [GC (Allocation Failure)  121770K->2722K(431616K), 0.0016227 secs]
713.557: [GC (Allocation Failure)  121826K->2658K(431616K), 0.0015484 secs]
714.364: [GC (Allocation Failure)  121762K->2714K(431616K), 0.0010636 secs]
715.182: [GC (Allocation Failure)  121818K->2642K(431616K), 0.0023340 secs]
716.003: [GC (Allocation Failure)  121746K->2706K(431616K), 0.0016681 secs]
716.842: [GC (Allocation Failure)  121810K->1411K(431616K), 0.0013805 secs]
717.660: [GC (Allocation Failure)  120513K->2665K(431616K), 0.0015755 secs]
718.499: [GC (Allocation Failure)  121769K->2730K(431616K), 0.0010252 secs]
719.349: [GC (Allocation Failure)  121834K->2666K(431616K), 0.0015938 secs]
720.178: [GC (Allocation Failure)  121770K->2722K(431616K), 0.0025329 secs]
721.043: [GC (Allocation Failure)  121826K->2658K(431616K), 0.0009477 secs]
721.874: [GC (Allocation Failure)  121762K->2714K(431616K), 0.0016460 secs]
722.733: [GC (Allocation Failure)  121818K->2642K(431616K), 0.0020853 secs]
723.595: [GC (Allocation Failure)  121746K->2706K(431616K), 0.0015817 secs]
724.442: [GC (Allocation Failure)  121810K->1411K(431616K), 0.0012768 secs]
725.308: [GC (Allocation Failure)  120515K->2665K(431616K), 0.0015628 secs]
726.132: [GC (Allocation Failure)  121769K->2730K(431616K), 0.0016299 secs]
726.976: [GC (Allocation Failure)  121834K->2666K(431616K), 0.0015755 secs]
727.820: [GC (Allocation Failure)  121770K->2722K(431616K), 0.0016257 secs]
728.691: [GC (Allocation Failure)  121826K->2658K(431616K), 0.0015761 secs]
729.534: [GC (Allocation Failure)  121762K->2714K(431616K), 0.0025036 secs]
730.379: [GC (Allocation Failure)  121818K->2642K(431616K), 0.0014930 secs]
731.183: [GC (Allocation Failure)  121746K->2706K(431616K), 0.0010183 secs]
732.028: [GC (Allocation Failure)  121810K->1411K(431616K), 0.0008698 secs]
732.785: [GC (Allocation Failure)  120513K->2665K(431616K), 0.0023621 secs]
733.601: [GC (Allocation Failure)  121769K->2730K(431616K), 0.0026729 secs]
734.430: [GC (Allocation Failure)  121834K->2666K(431616K), 0.0034339 secs]
735.188: [GC (Allocation Failure)  121770K->2722K(431616K), 0.0015941 secs]
735.971: [GC (Allocation Failure)  121826K->2658K(431616K), 0.0015308 secs]
736.805: [GC (Allocation Failure)  121762K->2714K(431616K), 0.0028446 secs]
737.665: [GC (Allocation Failure)  121818K->2642K(431616K), 0.0026765 secs]
738.496: [GC (Allocation Failure)  121746K->2706K(431616K), 0.0019994 secs]
739.345: [GC (Allocation Failure)  121810K->1411K(431616K), 0.0007578 secs]
740.210: [GC (Allocation Failure)  120515K->2665K(431616K), 0.0019394 secs]
741.056: [GC (Allocation Failure)  121769K->2730K(431616K), 0.0016406 secs]
741.892: [GC (Allocation Failure)  121834K->2666K(431616K), 0.0015189 secs]
742.751: [GC (Allocation Failure)  121770K->2722K(431616K), 0.0016298 secs]
743.598: [GC (Allocation Failure)  121826K->2658K(431616K), 0.0024405 secs]
744.434: [GC (Allocation Failure)  121762K->2714K(431616K), 0.0016303 secs]
745.286: [GC (Allocation Failure)  121818K->2642K(431616K), 0.0018700 secs]
746.108: [GC (Allocation Failure)  121746K->2706K(431616K), 0.0015929 secs]
746.937: [GC (Allocation Failure)  121810K->1411K(431616K), 0.0008423 secs]
747.766: [GC (Allocation Failure)  120513K->2665K(431616K), 0.0019371 secs]
748.597: [GC (Allocation Failure)  121769K->2730K(431616K), 0.0017129 secs]
749.462: [GC (Allocation Failure)  121834K->2666K(431616K), 0.0016012 secs]
750.295: [GC (Allocation Failure)  121770K->2722K(431616K), 0.0016210 secs]
751.146: [GC (Allocation Failure)  121826K->2658K(431616K), 0.0024687 secs]
752.014: [GC (Allocation Failure)  121762K->2714K(431616K), 0.0014883 secs]
752.925: [GC (Allocation Failure)  121818K->2642K(431616K), 0.0015123 secs]
753.751: [GC (Allocation Failure)  121746K->2706K(431616K), 0.0016373 secs]
754.563: [GC (Allocation Failure)  121810K->1411K(431616K), 0.0008584 secs]
755.349: [GC (Allocation Failure)  120515K->2665K(431616K), 0.0019295 secs]
756.180: [GC (Allocation Failure)  121769K->2730K(431616K), 0.0016128 secs]
757.001: [GC (Allocation Failure)  121834K->2666K(431616K), 0.0009749 secs]
757.804: [GC (Allocation Failure)  121770K->2722K(431616K), 0.0016454 secs]
758.664: [GC (Allocation Failure)  121826K->2658K(431616K), 0.0015847 secs]
759.463: [GC (Allocation Failure)  121762K->2714K(431616K), 0.0013106 secs]
760.319: [GC (Allocation Failure)  121818K->2642K(431616K), 0.0017670 secs]
761.137: [GC (Allocation Failure)  121746K->2706K(431616K), 0.0016387 secs]
761.950: [GC (Allocation Failure)  121810K->1411K(431616K), 0.0012704 secs]
762.807: [GC (Allocation Failure)  120513K->2665K(431616K), 0.0015893 secs]
763.644: [GC (Allocation Failure)  121769K->2730K(431616K), 0.0016116 secs]
764.490: [GC (Allocation Failure)  121834K->2666K(431616K), 0.0018199 secs]
765.335: [GC (Allocation Failure)  121770K->2722K(431616K), 0.0018860 secs]
766.170: [GC (Allocation Failure)  121826K->2658K(431616K), 0.0031635 secs]
766.996: [GC (Allocation Failure)  121762K->2714K(431616K), 0.0019295 secs]
767.841: [GC (Allocation Failure)  121818K->2642K(431616K), 0.0027585 secs]
768.666: [GC (Allocation Failure)  121746K->2706K(431616K), 0.0017062 secs]
769.504: [GC (Allocation Failure)  121810K->1411K(431616K), 0.0008487 secs]
770.355: [GC (Allocation Failure)  120515K->2665K(431616K), 0.0016181 secs]
771.223: [GC (Allocation Failure)  121769K->2730K(431616K), 0.0016545 secs]
772.085: [GC (Allocation Failure)  121834K->2666K(431616K), 0.0021681 secs]
772.923: [GC (Allocation Failure)  121770K->2722K(431616K), 0.0017414 secs]
773.765: [GC (Allocation Failure)  121826K->2658K(431616K), 0.0024229 secs]
774.611: [GC (Allocation Failure)  121762K->2714K(431616K), 0.0015591 secs]
775.454: [GC (Allocation Failure)  121818K->2642K(431616K), 0.0015182 secs]
776.287: [GC (Allocation Failure)  121746K->2706K(431616K), 0.0022711 secs]
777.149: [GC (Allocation Failure)  121810K->1411K(431616K), 0.0008603 secs]
777.957: [GC (Allocation Failure)  120513K->2665K(431616K), 0.0015920 secs]
778.779: [GC (Allocation Failure)  121769K->2730K(431616K), 0.0016004 secs]
779.628: [GC (Allocation Failure)  121834K->2666K(431616K), 0.0013145 secs]
780.469: [GC (Allocation Failure)  121770K->2722K(431616K), 0.0019100 secs]
781.334: [GC (Allocation Failure)  121826K->2658K(431616K), 0.0021901 secs]
782.179: [GC (Allocation Failure)  121762K->2714K(431616K), 0.0016541 secs]
783.029: [GC (Allocation Failure)  121818K->2642K(431616K), 0.0037871 secs]
783.873: [GC (Allocation Failure)  121746K->2706K(431616K), 0.0016735 secs]
784.698: [GC (Allocation Failure)  121810K->1411K(431616K), 0.0024096 secs]
785.548: [GC (Allocation Failure)  120515K->2665K(431616K), 0.0010172 secs]
786.351: [GC (Allocation Failure)  121769K->2730K(431616K), 0.0016415 secs]
787.188: [GC (Allocation Failure)  121834K->2666K(431616K), 0.0015630 secs]
788.021: [GC (Allocation Failure)  121770K->2722K(431616K), 0.0033736 secs]
788.858: [GC (Allocation Failure)  121826K->2658K(431616K), 0.0013572 secs]
789.690: [GC (Allocation Failure)  121762K->2714K(431616K), 0.0022235 secs]
790.541: [GC (Allocation Failure)  121818K->2642K(431616K), 0.0022757 secs]
791.373: [GC (Allocation Failure)  121746K->2706K(431616K), 0.0021234 secs]
792.240: [GC (Allocation Failure)  121810K->1411K(431616K), 0.0008976 secs]
793.054: [GC (Allocation Failure)  120514K->2666K(431616K), 0.0016241 secs]
793.865: [GC (Allocation Failure)  121770K->2730K(431616K), 0.0019707 secs]
794.709: [GC (Allocation Failure)  121834K->2667K(431616K), 0.0015532 secs]
795.552: [GC (Allocation Failure)  121771K->2722K(431616K), 0.0013558 secs]
796.429: [GC (Allocation Failure)  121826K->2659K(431616K), 0.0015471 secs]
797.262: [GC (Allocation Failure)  121763K->2714K(431616K), 0.0019555 secs]
798.113: [GC (Allocation Failure)  121818K->2642K(431616K), 0.0031040 secs]
798.956: [GC (Allocation Failure)  121746K->2706K(431616K), 0.0016475 secs]
799.803: [GC (Allocation Failure)  121810K->1411K(431616K), 0.0008909 secs]
800.653: [GC (Allocation Failure)  120515K->2666K(431616K), 0.0015871 secs]
801.509: [GC (Allocation Failure)  121770K->2730K(431616K), 0.0019174 secs]
802.353: [GC (Allocation Failure)  121834K->2667K(431616K), 0.0018656 secs]
803.172: [GC (Allocation Failure)  121771K->2722K(431616K), 0.0016397 secs]
804.048: [GC (Allocation Failure)  121826K->2659K(431616K), 0.0010552 secs]
804.868: [GC (Allocation Failure)  121763K->2714K(431616K), 0.0016085 secs]
805.725: [GC (Allocation Failure)  121818K->2642K(431616K), 0.0028749 secs]
806.557: [GC (Allocation Failure)  121746K->2706K(431616K), 0.0021310 secs]
807.383: [GC (Allocation Failure)  121810K->1411K(431616K), 0.0006841 secs]
808.209: [GC (Allocation Failure)  120514K->2666K(431616K), 0.0021885 secs]
809.028: [GC (Allocation Failure)  121770K->2730K(431616K), 0.0017359 secs]
809.859: [GC (Allocation Failure)  121834K->2667K(431616K), 0.0016018 secs]
810.727: [GC (Allocation Failure)  121771K->2722K(431616K), 0.0012364 secs]
811.571: [GC (Allocation Failure)  121826K->2659K(431616K), 0.0014700 secs]
812.400: [GC (Allocation Failure)  121763K->2714K(431616K), 0.0015583 secs]
813.240: [GC (Allocation Failure)  121818K->2642K(431616K), 0.0014448 secs]
814.142: [GC (Allocation Failure)  121746K->2706K(431616K), 0.0017850 secs]
815.064: [GC (Allocation Failure)  121810K->1411K(431616K), 0.0007946 secs]
815.905: [GC (Allocation Failure)  120515K->2666K(431616K), 0.0019235 secs]
816.727: [GC (Allocation Failure)  121770K->2730K(431616K), 0.0013307 secs]
817.555: [GC (Allocation Failure)  121834K->2667K(431616K), 0.0012703 secs]
818.371: [GC (Allocation Failure)  121771K->2722K(431616K), 0.0016478 secs]
819.229: [GC (Allocation Failure)  121826K->2659K(431616K), 0.0016991 secs]
820.087: [GC (Allocation Failure)  121763K->2714K(431616K), 0.0015692 secs]
820.931: [GC (Allocation Failure)  121818K->2642K(431616K), 0.0012995 secs]
821.759: [GC (Allocation Failure)  121746K->2706K(431616K), 0.0017070 secs]
822.608: [GC (Allocation Failure)  121810K->1411K(431616K), 0.0008697 secs]
823.428: [GC (Allocation Failure)  120514K->2666K(431616K), 0.0015421 secs]
824.247: [GC (Allocation Failure)  121770K->2730K(431616K), 0.0019154 secs]
825.118: [GC (Allocation Failure)  121834K->2667K(431616K), 0.0019369 secs]
825.969: [GC (Allocation Failure)  121771K->2722K(431616K), 0.0016612 secs]
826.807: [GC (Allocation Failure)  121826K->2659K(431616K), 0.0010671 secs]
827.616: [GC (Allocation Failure)  121763K->2714K(431616K), 0.0015805 secs]
828.443: [GC (Allocation Failure)  121818K->2642K(431616K), 0.0014865 secs]
829.252: [GC (Allocation Failure)  121746K->2706K(431616K), 0.0016862 secs]
830.100: [GC (Allocation Failure)  121810K->1411K(431616K), 0.0006755 secs]
830.884: [GC (Allocation Failure)  120515K->2666K(431616K), 0.0014953 secs]
831.722: [GC (Allocation Failure)  121770K->2730K(431616K), 0.0015929 secs]
832.588: [GC (Allocation Failure)  121834K->2667K(431616K), 0.0009857 secs]
833.408: [GC (Allocation Failure)  121771K->2722K(431616K), 0.0013073 secs]
834.240: [GC (Allocation Failure)  121826K->2659K(431616K), 0.0015221 secs]
835.091: [GC (Allocation Failure)  121763K->2714K(431616K), 0.0018054 secs]
835.929: [GC (Allocation Failure)  121818K->2642K(431616K), 0.0018554 secs]
836.765: [GC (Allocation Failure)  121746K->2706K(431616K), 0.0019142 secs]
837.625: [GC (Allocation Failure)  121810K->1411K(431616K), 0.0020632 secs]
838.452: [GC (Allocation Failure)  120514K->2666K(431616K), 0.0012417 secs]
839.246: [GC (Allocation Failure)  121770K->2730K(431616K), 0.0013686 secs]
840.134: [GC (Allocation Failure)  121834K->2667K(431616K), 0.0015395 secs]
840.958: [GC (Allocation Failure)  121771K->2722K(431616K), 0.0010350 secs]
841.809: [GC (Allocation Failure)  121826K->2659K(431616K), 0.0019442 secs]
842.623: [GC (Allocation Failure)  121763K->2714K(431616K), 0.0018198 secs]
843.453: [GC (Allocation Failure)  121818K->2642K(431616K), 0.0014733 secs]
844.279: [GC (Allocation Failure)  121746K->2706K(431616K), 0.0015387 secs]
845.152: [GC (Allocation Failure)  121810K->1411K(431616K), 0.0008988 secs]
845.997: [GC (Allocation Failure)  120515K->2666K(431616K), 0.0009978 secs]
846.809: [GC (Allocation Failure)  121770K->2730K(431616K), 0.0015871 secs]
847.601: [GC (Allocation Failure)  121834K->2667K(431616K), 0.0018786 secs]
848.451: [GC (Allocation Failure)  121771K->2722K(431616K), 0.0010743 secs]
849.272: [GC (Allocation Failure)  121826K->2659K(431616K), 0.0015160 secs]
850.064: [GC (Allocation Failure)  121763K->2714K(431616K), 0.0010462 secs]
850.900: [GC (Allocation Failure)  121818K->2642K(431616K), 0.0026113 secs]
851.704: [GC (Allocation Failure)  121746K->2706K(431616K), 0.0009835 secs]
852.541: [GC (Allocation Failure)  121810K->1411K(431616K), 0.0008068 secs]
853.360: [GC (Allocation Failure)  120514K->2666K(431616K), 0.0015553 secs]
854.183: [GC (Allocation Failure)  121770K->2730K(431616K), 0.0015617 secs]
855.011: [GC (Allocation Failure)  121834K->2667K(431616K), 0.0015619 secs]
855.858: [GC (Allocation Failure)  121771K->2722K(431616K), 0.0023411 secs]
856.707: [GC (Allocation Failure)  121826K->2659K(431616K), 0.0015871 secs]
857.529: [GC (Allocation Failure)  121763K->2714K(431616K), 0.0015278 secs]
858.357: [GC (Allocation Failure)  121818K->2642K(431616K), 0.0014954 secs]
859.200: [GC (Allocation Failure)  121746K->2706K(431616K), 0.0015612 secs]
860.072: [GC (Allocation Failure)  121810K->1411K(431616K), 0.0008466 secs]
860.887: [GC (Allocation Failure)  120515K->2666K(431616K), 0.0015781 secs]
861.703: [GC (Allocation Failure)  121770K->2730K(431616K), 0.0016310 secs]
862.552: [GC (Allocation Failure)  121834K->2667K(431616K), 0.0015540 secs]
863.405: [GC (Allocation Failure)  121771K->2722K(431616K), 0.0019100 secs]
864.241: [GC (Allocation Failure)  121826K->2659K(431616K), 0.0016446 secs]
865.060: [GC (Allocation Failure)  121763K->2714K(431616K), 0.0015457 secs]
865.898: [GC (Allocation Failure)  121818K->2642K(431616K), 0.0015621 secs]
866.707: [GC (Allocation Failure)  121746K->2706K(431616K), 0.0009673 secs]
867.608: [GC (Allocation Failure)  121810K->1411K(431616K), 0.0009396 secs]
868.421: [GC (Allocation Failure)  120514K->2666K(431616K), 0.0034284 secs]
869.287: [GC (Allocation Failure)  121770K->2730K(431616K), 0.0015283 secs]
870.106: [GC (Allocation Failure)  121834K->2667K(431616K), 0.0010899 secs]
870.928: [GC (Allocation Failure)  121771K->2722K(431616K), 0.0010328 secs]
871.763: [GC (Allocation Failure)  121826K->2659K(431616K), 0.0012516 secs]
872.558: [GC (Allocation Failure)  121763K->2714K(431616K), 0.0018903 secs]
873.452: [GC (Allocation Failure)  121818K->2642K(431616K), 0.0015563 secs]
874.390: [GC (Allocation Failure)  121746K->2706K(431616K), 0.0016229 secs]
875.325: [GC (Allocation Failure)  121810K->1411K(431616K), 0.0018589 secs]
876.123: [GC (Allocation Failure)  120515K->2666K(431616K), 0.0018432 secs]
876.961: [GC (Allocation Failure)  121770K->2730K(431616K), 0.0016074 secs]
877.816: [GC (Allocation Failure)  121834K->2667K(431616K), 0.0015348 secs]
878.636: [GC (Allocation Failure)  121771K->2722K(431616K), 0.0016393 secs]
879.474: [GC (Allocation Failure)  121826K->2659K(431616K), 0.0044283 secs]
880.294: [GC (Allocation Failure)  121763K->2714K(431616K), 0.0016372 secs]
881.103: [GC (Allocation Failure)  121818K->2642K(431616K), 0.0014931 secs]
881.946: [GC (Allocation Failure)  121746K->2706K(431616K), 0.0019950 secs]
882.776: [GC (Allocation Failure)  121810K->1411K(431616K), 0.0008602 secs]
883.576: [GC (Allocation Failure)  120514K->2666K(431616K), 0.0016250 secs]
884.429: [GC (Allocation Failure)  121770K->2730K(431616K), 0.0011597 secs]
885.257: [GC (Allocation Failure)  121834K->2667K(431616K), 0.0018553 secs]
886.067: [GC (Allocation Failure)  121771K->2722K(431616K), 0.0010956 secs]
886.899: [GC (Allocation Failure)  121826K->2659K(431616K), 0.0012676 secs]
887.711: [GC (Allocation Failure)  121763K->2714K(431616K), 0.0019126 secs]
888.556: [GC (Allocation Failure)  121818K->2642K(431616K), 0.0015423 secs]
889.384: [GC (Allocation Failure)  121746K->2706K(431616K), 0.0015598 secs]
890.257: [GC (Allocation Failure)  121810K->1411K(431616K), 0.0009290 secs]
891.063: [GC (Allocation Failure)  120515K->2666K(431616K), 0.0017472 secs]
891.901: [GC (Allocation Failure)  121770K->2730K(431616K), 0.0017371 secs]
892.760: [GC (Allocation Failure)  121834K->2667K(431616K), 0.0015899 secs]
893.593: [GC (Allocation Failure)  121771K->2722K(431616K), 0.0015782 secs]
894.431: [GC (Allocation Failure)  121826K->2659K(431616K), 0.0015926 secs]
895.246: [GC (Allocation Failure)  121763K->2714K(431616K), 0.0019492 secs]
896.123: [GC (Allocation Failure)  121818K->2642K(431616K), 0.0014556 secs]
896.937: [GC (Allocation Failure)  121746K->2706K(431616K), 0.0019056 secs]
897.783: [GC (Allocation Failure)  121810K->1411K(431616K), 0.0008169 secs]
898.626: [GC (Allocation Failure)  120514K->2666K(431616K), 0.0024781 secs]
899.452: [GC (Allocation Failure)  121770K->2730K(431616K), 0.0015966 secs]
900.336: [GC (Allocation Failure)  121834K->2667K(431616K), 0.0011908 secs]
901.147: [GC (Allocation Failure)  121771K->2722K(431616K), 0.0010677 secs]
902.015: [GC (Allocation Failure)  121826K->2659K(431616K), 0.0014449 secs]
902.842: [GC (Allocation Failure)  121763K->2714K(431616K), 0.0022193 secs]
903.670: [GC (Allocation Failure)  121818K->2643K(431616K), 0.0018718 secs]
904.489: [GC (Allocation Failure)  121747K->2706K(431616K), 0.0010304 secs]
905.392: [GC (Allocation Failure)  121810K->1412K(431616K), 0.0008862 secs]
906.208: [GC (Allocation Failure)  120516K->2666K(431616K), 0.0027069 secs]
907.024: [GC (Allocation Failure)  121770K->2730K(431616K), 0.0016231 secs]
907.862: [GC (Allocation Failure)  121834K->2667K(431616K), 0.0010780 secs]
908.673: [GC (Allocation Failure)  121771K->2722K(431616K), 0.0019745 secs]
909.544: [GC (Allocation Failure)  121826K->2659K(431616K), 0.0010359 secs]
910.353: [GC (Allocation Failure)  121763K->2714K(431616K), 0.0014125 secs]
911.174: [GC (Allocation Failure)  121818K->2643K(431616K), 0.0016099 secs]
911.979: [GC (Allocation Failure)  121747K->2706K(431616K), 0.0017195 secs]
912.834: [GC (Allocation Failure)  121810K->1412K(431616K), 0.0025214 secs]
913.661: [GC (Allocation Failure)  120514K->2666K(431616K), 0.0029445 secs]
914.485: [GC (Allocation Failure)  121770K->2730K(431616K), 0.0016351 secs]
915.340: [GC (Allocation Failure)  121834K->2667K(431616K), 0.0019271 secs]
916.205: [GC (Allocation Failure)  121771K->2722K(431616K), 0.0024667 secs]
917.072: [GC (Allocation Failure)  121826K->2659K(431616K), 0.0015517 secs]
917.899: [GC (Allocation Failure)  121763K->2714K(431616K), 0.0015525 secs]
918.744: [GC (Allocation Failure)  121818K->2643K(431616K), 0.0014513 secs]
919.627: [GC (Allocation Failure)  121747K->2706K(431616K), 0.0016462 secs]
920.513: [GC (Allocation Failure)  121810K->1412K(431616K), 0.0008786 secs]
921.329: [GC (Allocation Failure)  120516K->2666K(431616K), 0.0016271 secs]
922.164: [GC (Allocation Failure)  121770K->2730K(431616K), 0.0016814 secs]
923.012: [GC (Allocation Failure)  121834K->2667K(431616K), 0.0015466 secs]
923.836: [GC (Allocation Failure)  121771K->2722K(431616K), 0.0016108 secs]
924.716: [GC (Allocation Failure)  121826K->2659K(431616K), 0.0010300 secs]
925.550: [GC (Allocation Failure)  121763K->2714K(431616K), 0.0011559 secs]
926.384: [GC (Allocation Failure)  121818K->2643K(431616K), 0.0015231 secs]
927.220: [GC (Allocation Failure)  121747K->2706K(431616K), 0.0010614 secs]
928.056: [GC (Allocation Failure)  121810K->1412K(431616K), 0.0006792 secs]
928.864: [GC (Allocation Failure)  120514K->2666K(431616K), 0.0015522 secs]
929.708: [GC (Allocation Failure)  121770K->2730K(431616K), 0.0010020 secs]
930.552: [GC (Allocation Failure)  121834K->2667K(431616K), 0.0011730 secs]
931.395: [GC (Allocation Failure)  121771K->2722K(431616K), 0.0016027 secs]
932.243: [GC (Allocation Failure)  121826K->2659K(431616K), 0.0015681 secs]
933.084: [GC (Allocation Failure)  121763K->2714K(431616K), 0.0016140 secs]
933.971: [GC (Allocation Failure)  121818K->2643K(431616K), 0.0017030 secs]
934.831: [GC (Allocation Failure)  121747K->2706K(431616K), 0.0015573 secs]
935.702: [GC (Allocation Failure)  121810K->1412K(431616K), 0.0009447 secs]
936.647: [GC (Allocation Failure)  120516K->2666K(431616K), 0.0015803 secs]
937.489: [GC (Allocation Failure)  121770K->2730K(431616K), 0.0016463 secs]
938.328: [GC (Allocation Failure)  121834K->2667K(431616K), 0.0015820 secs]
939.173: [GC (Allocation Failure)  121771K->2722K(431616K), 0.0016916 secs]
940.044: [GC (Allocation Failure)  121826K->2659K(431616K), 0.0016240 secs]
940.871: [GC (Allocation Failure)  121763K->2714K(431616K), 0.0015849 secs]
941.728: [GC (Allocation Failure)  121818K->2643K(431616K), 0.0017258 secs]
942.569: [GC (Allocation Failure)  121747K->2706K(431616K), 0.0027488 secs]
943.432: [GC (Allocation Failure)  121810K->1412K(431616K), 0.0008670 secs]
944.241: [GC (Allocation Failure)  120514K->2666K(431616K), 0.0015561 secs]
945.056: [GC (Allocation Failure)  121770K->2730K(431616K), 0.0010279 secs]
945.883: [GC (Allocation Failure)  121834K->2667K(431616K), 0.0010202 secs]
946.669: [GC (Allocation Failure)  121771K->2722K(431616K), 0.0021599 secs]
947.509: [GC (Allocation Failure)  121826K->2659K(431616K), 0.0010529 secs]
948.319: [GC (Allocation Failure)  121763K->2714K(431616K), 0.0011079 secs]
949.160: [GC (Allocation Failure)  121818K->2643K(431616K), 0.0012694 secs]
950.030: [GC (Allocation Failure)  121747K->2708K(431616K), 0.0010651 secs]
950.885: [GC (Allocation Failure)  121812K->1413K(431616K), 0.0009094 secs]
951.697: [GC (Allocation Failure)  120517K->2667K(431616K), 0.0025676 secs]
952.532: [GC (Allocation Failure)  121771K->2732K(431616K), 0.0016162 secs]
953.371: [GC (Allocation Failure)  121836K->2668K(431616K), 0.0015860 secs]
954.194: [GC (Allocation Failure)  121772K->2724K(431616K), 0.0017172 secs]
955.034: [GC (Allocation Failure)  121828K->2660K(431616K), 0.0019289 secs]
955.869: [GC (Allocation Failure)  121764K->2716K(431616K), 0.0017162 secs]
956.731: [GC (Allocation Failure)  121820K->2644K(431616K), 0.0014597 secs]
957.564: [GC (Allocation Failure)  121748K->2708K(431616K), 0.0015901 secs]
958.397: [GC (Allocation Failure)  121812K->1413K(431616K), 0.0015232 secs]
959.211: [GC (Allocation Failure)  120517K->2667K(431616K), 0.0015856 secs]
960.046: [GC (Allocation Failure)  121771K->2732K(431616K), 0.0016733 secs]
960.904: [GC (Allocation Failure)  121836K->2668K(431616K), 0.0016166 secs]
961.729: [GC (Allocation Failure)  121772K->2724K(431616K), 0.0016619 secs]
962.565: [GC (Allocation Failure)  121828K->2660K(431616K), 0.0015899 secs]
963.423: [GC (Allocation Failure)  121764K->2716K(431616K), 0.0016645 secs]
964.285: [GC (Allocation Failure)  121820K->2644K(431616K), 0.0015756 secs]
965.150: [GC (Allocation Failure)  121748K->2708K(431616K), 0.0020781 secs]
966.008: [GC (Allocation Failure)  121812K->1413K(431616K), 0.0008812 secs]
966.820: [GC (Allocation Failure)  120517K->2675K(431616K), 0.0015694 secs]
967.652: [GC (Allocation Failure)  121779K->2732K(431616K), 0.0010270 secs]
968.510: [GC (Allocation Failure)  121836K->2668K(431616K), 0.0015784 secs]
969.257: [GC (Allocation Failure)  121772K->2724K(431616K), 0.0010136 secs]
970.094: [GC (Allocation Failure)  121828K->2660K(431616K), 0.0020941 secs]
970.918: [GC (Allocation Failure)  121764K->2716K(431616K), 0.0016215 secs]
971.744: [GC (Allocation Failure)  121820K->2644K(431616K), 0.0014536 secs]
972.585: [GC (Allocation Failure)  121748K->2708K(431616K), 0.0021740 secs]
973.421: [GC (Allocation Failure)  121812K->1413K(431616K), 0.0012959 secs]
974.239: [GC (Allocation Failure)  120517K->2667K(431616K), 0.0016386 secs]
975.105: [GC (Allocation Failure)  121771K->2732K(431616K), 0.0016877 secs]
975.973: [GC (Allocation Failure)  121836K->2668K(431616K), 0.0017434 secs]
976.815: [GC (Allocation Failure)  121772K->2724K(431616K), 0.0016155 secs]
977.675: [GC (Allocation Failure)  121828K->2660K(431616K), 0.0015622 secs]
978.499: [GC (Allocation Failure)  121764K->2716K(431616K), 0.0018799 secs]
979.355: [GC (Allocation Failure)  121820K->2644K(431616K), 0.0015362 secs]
980.200: [GC (Allocation Failure)  121748K->2708K(431616K), 0.0018561 secs]
981.107: [GC (Allocation Failure)  121812K->1413K(431616K), 0.0010115 secs]
981.931: [GC (Allocation Failure)  120517K->2667K(431616K), 0.0014850 secs]
982.764: [GC (Allocation Failure)  121771K->2732K(431616K), 0.0016527 secs]
983.603: [GC (Allocation Failure)  121836K->2668K(431616K), 0.0015393 secs]
984.443: [GC (Allocation Failure)  121772K->2724K(431616K), 0.0016875 secs]
985.322: [GC (Allocation Failure)  121828K->2660K(431616K), 0.0019198 secs]
986.210: [GC (Allocation Failure)  121764K->2716K(431616K), 0.0013229 secs]
987.033: [GC (Allocation Failure)  121820K->2644K(431616K), 0.0014841 secs]
987.856: [GC (Allocation Failure)  121748K->2708K(431616K), 0.0010278 secs]
988.664: [GC (Allocation Failure)  121812K->1413K(431616K), 0.0008939 secs]
989.476: [GC (Allocation Failure)  120517K->2667K(431616K), 0.0015890 secs]
990.304: [GC (Allocation Failure)  121771K->2732K(431616K), 0.0016993 secs]
991.165: [GC (Allocation Failure)  121836K->2668K(431616K), 0.0016053 secs]
991.996: [GC (Allocation Failure)  121772K->2724K(431616K), 0.0010330 secs]
992.817: [GC (Allocation Failure)  121828K->2660K(431616K), 0.0015849 secs]
993.643: [GC (Allocation Failure)  121764K->2716K(431616K), 0.0015429 secs]
994.473: [GC (Allocation Failure)  121820K->2644K(431616K), 0.0015661 secs]
