OpenJDK 64-Bit Server VM (25.222-b10) for linux-amd64 JRE (1.8.0_222-8u222-b10-1ubuntu1~18.04.1-b10), built on Jul 18 2019 18:52:48 by "buildd" with gcc 7.4.0
Memory: 4k page, physical 16424660k(15727316k free), swap 0k(0k free)
CommandLine flags: -XX:CompressedClassSpaceSize=45297664 -XX:InitialHeapSize=456340480 -XX:MaxHeapSize=456340480 -XX:MaxMetaspaceSize=53686272 -XX:MaxNewSize=411041792 -XX:NewRatio=1 -XX:NewSize=411041792 -XX:+PrintGC -XX:+PrintGCTimeStamps -XX:+RequireSharedSpaces -XX:ReservedCodeCacheSize=26843136 -XX:-TieredCompilation -XX:+UseCompressedClassPointers -XX:+UseCompressedOops -XX:+UseSerialGC -XX:+UseSharedSpaces 
4.896: [Full GC (JvmtiEnv ForceGarbageCollection)  224987K->2819K(406336K), 0.0170773 secs]
8.455: [Full GC (JvmtiEnv ForceGarbageCollection)  209595K->2909K(406336K), 0.0102267 secs]
11.979: [Full GC (JvmtiEnv ForceGarbageCollection)  202653K->2999K(406336K), 0.0071236 secs]
15.469: [Full GC (JvmtiEnv ForceGarbageCollection)  195387K->2743K(406336K), 0.0070391 secs]
18.964: [Full GC (JvmtiEnv ForceGarbageCollection)  195167K->2833K(406336K), 0.0080792 secs]
22.461: [Full GC (JvmtiEnv ForceGarbageCollection)  196066K->2925K(406336K), 0.0083151 secs]
25.964: [Full GC (JvmtiEnv ForceGarbageCollection)  197225K->3017K(406336K), 0.0085425 secs]
29.506: [Full GC (JvmtiEnv ForceGarbageCollection)  194998K->2749K(406336K), 0.0083527 secs]
32.991: [Full GC (JvmtiEnv ForceGarbageCollection)  194634K->2840K(406336K), 0.0084895 secs]
36.569: [Full GC (JvmtiEnv ForceGarbageCollection)  195599K->2929K(406336K), 0.0064386 secs]
40.052: [Full GC (JvmtiEnv ForceGarbageCollection)  196078K->3019K(406336K), 0.0085096 secs]
43.519: [Full GC (JvmtiEnv ForceGarbageCollection)  195973K->2750K(406336K), 0.0085564 secs]
47.021: [Full GC (JvmtiEnv ForceGarbageCollection)  195649K->2840K(406336K), 0.0082366 secs]
50.510: [Full GC (JvmtiEnv ForceGarbageCollection)  195626K->2929K(406336K), 0.0089117 secs]
54.053: [Full GC (JvmtiEnv ForceGarbageCollection)  195811K->3019K(406336K), 0.0113130 secs]
57.578: [Full GC (JvmtiEnv ForceGarbageCollection)  195805K->2750K(406336K), 0.0058307 secs]
61.069: [Full GC (JvmtiEnv ForceGarbageCollection)  195626K->2842K(406336K), 0.0081040 secs]
64.635: [Full GC (JvmtiEnv ForceGarbageCollection)  195633K->2931K(406336K), 0.0109274 secs]
68.167: [Full GC (JvmtiEnv ForceGarbageCollection)  195804K->3021K(406336K), 0.0083171 secs]
71.682: [Full GC (JvmtiEnv ForceGarbageCollection)  195932K->2755K(406336K), 0.0058133 secs]
75.129: [Full GC (JvmtiEnv ForceGarbageCollection)  195678K->2845K(406336K), 0.0085558 secs]
78.594: [Full GC (JvmtiEnv ForceGarbageCollection)  195717K->2938K(406336K), 0.0082197 secs]
82.109: [Full GC (JvmtiEnv ForceGarbageCollection)  195727K->3027K(406336K), 0.0081834 secs]
85.594: [Full GC (JvmtiEnv ForceGarbageCollection)  195900K->2759K(406336K), 0.0088416 secs]
89.046: [Full GC (JvmtiEnv ForceGarbageCollection)  195548K->2848K(406336K), 0.0089609 secs]
92.567: [Full GC (JvmtiEnv ForceGarbageCollection)  195722K->2939K(406336K), 0.0061845 secs]
96.091: [Full GC (JvmtiEnv ForceGarbageCollection)  195848K->3028K(406336K), 0.0079115 secs]
99.538: [Full GC (JvmtiEnv ForceGarbageCollection)  196153K->2759K(406336K), 0.0104389 secs]
103.001: [Full GC (JvmtiEnv ForceGarbageCollection)  195861K->2849K(406336K), 0.0117814 secs]
106.494: [Full GC (JvmtiEnv ForceGarbageCollection)  195862K->2939K(406336K), 0.0085467 secs]
110.073: [Full GC (JvmtiEnv ForceGarbageCollection)  196048K->3029K(406336K), 0.0086298 secs]
113.593: [Full GC (JvmtiEnv ForceGarbageCollection)  196045K->2760K(406336K), 0.0084293 secs]
117.113: [Full GC (JvmtiEnv ForceGarbageCollection)  194346K->2850K(406336K), 0.0103539 secs]
120.655: [Full GC (JvmtiEnv ForceGarbageCollection)  194310K->2941K(406336K), 0.0144392 secs]
124.173: [Full GC (JvmtiEnv ForceGarbageCollection)  195626K->3031K(406336K), 0.0088198 secs]
128.021: [Full GC (JvmtiEnv ForceGarbageCollection)  194523K->2760K(406336K), 0.0085936 secs]
131.469: [Full GC (JvmtiEnv ForceGarbageCollection)  195461K->2851K(406336K), 0.0077976 secs]
