[0.007s][info][gc] Using G1
[0.867s][info][gc] GC(0) Pause Young (Normal) (G1 Evacuation Pause) 7M->3M(128M) 6.148ms
[0.938s][info][gc] GC(1) Pause Young (Normal) (G1 Evacuation Pause) 8M->3M(128M) 5.323ms
[14.277s][info][gc] GC(2) Pause Young (Normal) (G1 Evacuation Pause) 79M->3M(128M) 3.429ms
[20.807s][info][gc] GC(3) Pause Young (Normal) (G1 Evacuation Pause) 78M->4M(128M) 3.697ms
[27.010s][info][gc] GC(4) Pause Young (Normal) (G1 Evacuation Pause) 79M->4M(128M) 3.652ms
[33.113s][info][gc] GC(5) Pause Young (Normal) (G1 Evacuation Pause) 79M->4M(128M) 2.884ms
[39.257s][info][gc] GC(6) Pause Young (Normal) (G1 Evacuation Pause) 79M->4M(128M) 2.804ms
[45.582s][info][gc] GC(7) Pause Young (Normal) (G1 Evacuation Pause) 79M->4M(128M) 2.713ms
[51.895s][info][gc] GC(8) Pause Young (Normal) (G1 Evacuation Pause) 79M->4M(128M) 2.741ms
[58.096s][info][gc] GC(9) Pause Young (Normal) (G1 Evacuation Pause) 79M->4M(128M) 2.945ms
[64.323s][info][gc] GC(10) Pause Young (Normal) (G1 Evacuation Pause) 79M->4M(128M) 3.190ms
